=== options_live_micro LIVE 2026-09-28T09:01:25.441314-04:00 share=25% ===
Live account equity $223.89 cash $156.73 #225458845 options_level=3
Live micro: outside 9:28-16:05 ET
Live micro done. open_options=0 lots=0
=== options_live_micro LIVE 2026-09-28T09:06:19.589600-04:00 share=25% ===
Live account equity $224.16 cash $156.73 #225458845 options_level=3
Live micro: outside 9:28-16:05 ET
Live micro done. open_options=0 lots=0
=== options_live_micro LIVE 2026-09-28T09:11:20.043324-04:00 share=25% ===
Live account equity $224.20 cash $156.73 #225458845 options_level=3
Live micro: outside 9:28-16:05 ET
Live micro done. open_options=0 lots=0
=== options_live_micro LIVE 2026-09-28T09:16:28.245843-04:00 share=25% ===
Live account equity $224.20 cash $156.73 #225458845 options_level=3
Live micro: outside 9:28-16:05 ET
Live micro done. open_options=0 lots=0
=== options_live_micro LIVE 2026-09-28T09:21:26.094727-04:00 share=25% ===
Live account equity $224.01 cash $156.73 #225458845 options_level=3
Live micro: outside 9:28-16:05 ET
Live micro done. open_options=0 lots=0
=== options_live_micro LIVE 2026-09-28T09:26:31.006751-04:00 share=25% ===
Live account equity $224.01 cash $156.73 #225458845 options_level=3
Live micro: outside 9:28-16:05 ET
Live micro done. open_options=0 lots=0
=== options_live_micro LIVE 2026-09-28T09:48:12.352751-04:00 share=25% ===
Live account equity $223.62 cash $122.96 #225458845 options_level=3
Live micro: new entries paused (LIVE_OPTIONS_ENTRIES=0); manage/orphans only
Live micro done. open_options=0 lots=0
=== options_live_micro LIVE 2026-09-28T09:57:03.110003-04:00 share=25% ===
Live account equity $223.66 cash $223.66 #225458845 options_level=3
Live micro: new entries paused (LIVE_OPTIONS_ENTRIES=0); manage/orphans only
Live micro done. open_options=0 lots=0
=== options_live_micro LIVE 2026-09-28T10:04:06.965057-04:00 share=25% ===
Live account equity $223.66 cash $223.66 #225458845 options_level=3
Live micro: new entries paused (LIVE_OPTIONS_ENTRIES=0); manage/orphans only
Live micro done. open_options=0 lots=0
=== options_live_micro LIVE 2026-09-28T10:12:19.897908-04:00 share=25% ===
Live account equity $223.66 cash $223.66 #225458845 options_level=3
Live micro: new entries paused (LIVE_OPTIONS_ENTRIES=0); manage/orphans only
Live micro done. open_options=0 lots=0
=== options_live_micro LIVE 2026-09-28T10:22:23.033405-04:00 share=25% ===
Live account equity $223.66 cash $223.66 #225458845 options_level=3
Live micro: new entries paused (LIVE_OPTIONS_ENTRIES=0); manage/orphans only
Live micro done. open_options=0 lots=0
