=== options_live_micro LIVE 2026-09-03T09:01:05.666150-04:00 share=25% ===
Live account equity $230.37 cash $195.68 #225458845 options_level=3
Live micro: outside 9:28-16:05 ET
Live micro done. open_options=0 lots=0
=== options_live_micro LIVE 2026-09-03T09:06:03.380917-04:00 share=25% ===
Live account equity $230.39 cash $195.68 #225458845 options_level=3
Live micro: outside 9:28-16:05 ET
Live micro done. open_options=0 lots=0
=== options_live_micro LIVE 2026-09-03T09:11:05.918315-04:00 share=25% ===
Live account equity $230.34 cash $195.68 #225458845 options_level=3
Live micro: outside 9:28-16:05 ET
Live micro done. open_options=0 lots=0
=== options_live_micro LIVE 2026-09-03T09:16:03.811317-04:00 share=25% ===
Live account equity $230.35 cash $195.68 #225458845 options_level=3
Live micro: outside 9:28-16:05 ET
Live micro done. open_options=0 lots=0
=== options_live_micro LIVE 2026-09-03T09:21:00.229051-04:00 share=25% ===
Live account equity $230.33 cash $195.68 #225458845 options_level=3
Live micro: outside 9:28-16:05 ET
Live micro done. open_options=0 lots=0
=== options_live_micro LIVE 2026-09-03T09:26:08.354830-04:00 share=25% ===
Live account equity $230.35 cash $195.68 #225458845 options_level=3
Live micro: outside 9:28-16:05 ET
Live micro done. open_options=0 lots=0
=== options_live_micro LIVE 2026-09-03T09:34:41.305670-04:00 share=25% ===
Live account equity $230.84 cash $126.65 #225458845 options_level=3
Live micro: new entries paused (LIVE_OPTIONS_ENTRIES=0); manage/orphans only
Live micro done. open_options=0 lots=0
=== options_live_micro LIVE 2026-09-03T09:45:49.725200-04:00 share=25% ===
Live account equity $230.78 cash $126.65 #225458845 options_level=3
Live micro: new entries paused (LIVE_OPTIONS_ENTRIES=0); manage/orphans only
Live micro done. open_options=0 lots=0
=== options_live_micro LIVE 2026-09-03T10:02:15.029614-04:00 share=25% ===
Live account equity $230.32 cash $161.14 #225458845 options_level=3
Live micro: new entries paused (LIVE_OPTIONS_ENTRIES=0); manage/orphans only
Live micro done. open_options=0 lots=0
=== options_live_micro LIVE 2026-09-03T10:06:06.090173-04:00 share=25% ===
Live account equity $230.33 cash $195.40 #225458845 options_level=3
Live micro: new entries paused (LIVE_OPTIONS_ENTRIES=0); manage/orphans only
Live micro done. open_options=0 lots=0
=== options_live_micro LIVE 2026-09-03T10:10:59.919263-04:00 share=25% ===
Live account equity $230.23 cash $195.40 #225458845 options_level=3
Live micro: new entries paused (LIVE_OPTIONS_ENTRIES=0); manage/orphans only
Live micro done. open_options=0 lots=0
=== options_live_micro LIVE 2026-09-03T10:16:01.323198-04:00 share=25% ===
Live account equity $230.28 cash $195.40 #225458845 options_level=3
Live micro: new entries paused (LIVE_OPTIONS_ENTRIES=0); manage/orphans only
Live micro done. open_options=0 lots=0
