=== options_live_micro LIVE 2026-09-09T09:01:13.512852-04:00 share=25% ===
Live account equity $229.18 cash $160.77 #225458845 options_level=3
Live micro: outside 9:28-16:05 ET
Live micro done. open_options=0 lots=0
=== options_live_micro LIVE 2026-09-09T09:06:13.083539-04:00 share=25% ===
Live account equity $229.27 cash $160.77 #225458845 options_level=3
Live micro: outside 9:28-16:05 ET
Live micro done. open_options=0 lots=0
=== options_live_micro LIVE 2026-09-09T09:11:11.713622-04:00 share=25% ===
Live account equity $229.27 cash $160.77 #225458845 options_level=3
Live micro: outside 9:28-16:05 ET
Live micro done. open_options=0 lots=0
=== options_live_micro LIVE 2026-09-09T09:16:10.076989-04:00 share=25% ===
Live account equity $229.27 cash $160.77 #225458845 options_level=3
Live micro: outside 9:28-16:05 ET
Live micro done. open_options=0 lots=0
=== options_live_micro LIVE 2026-09-09T09:21:08.084336-04:00 share=25% ===
Live account equity $229.27 cash $160.77 #225458845 options_level=3
Live micro: outside 9:28-16:05 ET
Live micro done. open_options=0 lots=0
=== options_live_micro LIVE 2026-09-09T09:26:11.446155-04:00 share=25% ===
Live account equity $229.27 cash $160.77 #225458845 options_level=3
Live micro: outside 9:28-16:05 ET
Live micro done. open_options=0 lots=0
=== options_live_micro LIVE 2026-09-09T09:40:11.043825-04:00 share=25% ===
Live account equity $229.27 cash $160.77 #225458845 options_level=3
Live micro: new entries paused (LIVE_OPTIONS_ENTRIES=0); manage/orphans only
Live micro done. open_options=0 lots=0
