=== options_live_micro LIVE 2026-08-18T09:12:07.979976-04:00 share=50% ===
Live account equity $467.77 cash $397.55 #225458845 options_level=3
Live micro: outside 9:28-16:05 ET
Live micro done. open_options=0 lots=0
=== options_live_micro LIVE 2026-08-18T09:26:46.440445-04:00 share=50% ===
Live account equity $467.77 cash $397.55 #225458845 options_level=3
Live micro: outside 9:28-16:05 ET
Live micro done. open_options=0 lots=0
=== options_live_micro LIVE 2026-08-18T10:00:26.145562-04:00 share=50% ===
Live account equity $467.24 cash $256.98 #225458845 options_level=3
Live micro sleeve $234 (50% of $467) deployed $0 max_prem $75 (paper baseline $75 / tp=+50% sl=-50%)
Live micro entry order (CLEAN win): S404 100%win, S406 56%win, S218 56%win, S210 55%win
Live micro signals: 24
  try S404 100%win/+80%med AFRM
  skip S404 AFRM: no contract under $75
  try S404 100%win/+80%med AMD
  skip S404 AMD: no contract under $75
  try S404 100%win/+80%med ARM
  skip S404 ARM: no contract under $75
  try S404 100%win/+80%med AVGO
LIVE BUY S404 100%win AVGO AVGO260821C00412500 limit=0.32 ask=0.33 cost=$33 id=7cb280cf-0448-4fed-8ba5-f1f7b1500d48
LIVE PROT STOP AVGO260821C00412500 x1 stop=0.16 id=908c8211-a3df-42c5-aaca-255145878623
Live micro done. open_options=1 lots=1
=== options_live_micro LIVE 2026-08-18T10:07:17.938118-04:00 share=50% ===
Live account equity $462.32 cash $225.93 #225458845 options_level=3
Live micro: already at max 1 option position
Live micro done. open_options=1 lots=1
=== options_live_micro LIVE 2026-08-18T10:16:34.420460-04:00 share=50% ===
Live account equity $458.21 cash $225.93 #225458845 options_level=3
Live micro: already at max 1 option position
Live micro done. open_options=1 lots=1
=== options_live_micro LIVE 2026-08-18T10:21:11.133939-04:00 share=50% ===
Live account equity $457.98 cash $225.93 #225458845 options_level=3
Live micro: already at max 1 option position
Live micro done. open_options=1 lots=1
=== options_live_micro LIVE 2026-08-18T10:26:03.737814-04:00 share=50% ===
Live account equity $455.91 cash $225.93 #225458845 options_level=3
Live micro: already at max 1 option position
Live micro done. open_options=1 lots=1
=== options_live_micro LIVE 2026-08-18T10:41:08.829326-04:00 share=50% ===
Live account equity $457.75 cash $225.93 #225458845 options_level=3
Live micro: already at max 1 option position
Live micro done. open_options=1 lots=1
=== options_live_micro LIVE 2026-08-18T10:45:55.396003-04:00 share=50% ===
Live account equity $458.04 cash $225.93 #225458845 options_level=3
Live micro hold S404 AVGO260821C00412500 -29.0% (tp +50% / sl -50%)
Live micro: already at max 1 option position
Live micro done. open_options=1 lots=1
=== options_live_micro LIVE 2026-08-18T10:51:03.886402-04:00 share=50% ===
Live account equity $457.89 cash $225.93 #225458845 options_level=3
Live micro hold S404 AVGO260821C00412500 -29.0% (tp +50% / sl -50%)
Live micro: at max 1 option — manage/exits only (no new buys)
Live micro done. open_options=1 lots=1
=== options_live_micro LIVE 2026-08-18T10:55:52.552675-04:00 share=50% ===
Live account equity $458.04 cash $225.93 #225458845 options_level=3
Live micro hold S404 AVGO260821C00412500 -29.0% (tp +50% / sl -50%)
Live micro sleeve $229 (50% of $458) deployed $22 open_strategies=1/4 (paper baseline $75 / tp=+50% sl=-50% / 1 contract per strategy)
Live micro entry order (CLEAN win): S404 100%win, S406 56%win, S218 56%win, S210 55%win
Live micro signals: 22
  skip S404 AFRM: strategy already open (paper bucket rule)
  skip S404 AMD: strategy already open (paper bucket rule)
  skip S404 ARM: strategy already open (paper bucket rule)
  skip S404 AVGO: strategy already open (paper bucket rule)
  skip S404 CAT: strategy already open (paper bucket rule)
  skip S404 CVNA: strategy already open (paper bucket rule)
  skip S404 DOCN: strategy already open (paper bucket rule)
  skip S404 HOOD: strategy already open (paper bucket rule)
  skip S404 MARA: strategy already open (paper bucket rule)
  skip S404 META: strategy already open (paper bucket rule)
  skip S404 NVDA: strategy already open (paper bucket rule)
  skip S404 PATH: strategy already open (paper bucket rule)
  skip S404 SMCI: strategy already open (paper bucket rule)
  skip S404 UPST: strategy already open (paper bucket rule)
  try S406 56%win/+58%med AFRM
  skip S406 AFRM: no contract under $75
  try S406 56%win/+58%med TSLA
LIVE BUY S406 56%win TSLA TSLA260821C00357500 limit=0.62 ask=0.63 cost=$63 id=334c6131-c884-4578-a9bb-9d8db19169f5
  try S218 56%win/+49%med NKE
LIVE BUY S218 56%win NKE NKE260821C00040000 limit=0.54 ask=0.55 cost=$55 id=6fe24f90-9d69-4165-858a-275b5e90e561
  skip S218 PG: strategy already open (paper bucket rule)
  try S210 55%win/+47%med AXP
  skip S210 AXP: no contract under $75
  try S210 55%win/+47%med CELH
LIVE BUY S210 55%win CELH CELH260821C00030000 limit=0.71 ask=0.72 cost=$72 id=accf9428-a2cf-4585-9e23-cd6ea4481ce5
  skip S210 HOOD: strategy already open (paper bucket rule)
  skip S210 UNP: strategy already open (paper bucket rule)
Live micro done. open_options=2 lots=4
