=== options_live_micro LIVE 2026-09-04T09:01:12.871029-04:00 share=25% ===
Live account equity $230.52 cash $160.84 #225458845 options_level=3
Live micro: outside 9:28-16:05 ET
Live micro done. open_options=0 lots=0
=== options_live_micro LIVE 2026-09-04T09:06:05.010610-04:00 share=25% ===
Live account equity $230.51 cash $160.84 #225458845 options_level=3
Live micro: outside 9:28-16:05 ET
Live micro done. open_options=0 lots=0
=== options_live_micro LIVE 2026-09-04T09:11:12.753051-04:00 share=25% ===
Live account equity $230.51 cash $160.84 #225458845 options_level=3
Live micro: outside 9:28-16:05 ET
Live micro done. open_options=0 lots=0
=== options_live_micro LIVE 2026-09-04T09:16:13.018260-04:00 share=25% ===
Live account equity $230.53 cash $160.84 #225458845 options_level=3
Live micro: outside 9:28-16:05 ET
Live micro done. open_options=0 lots=0
=== options_live_micro LIVE 2026-09-04T09:21:01.933448-04:00 share=25% ===
Live account equity $230.51 cash $160.84 #225458845 options_level=3
Live micro: outside 9:28-16:05 ET
Live micro done. open_options=0 lots=0
=== options_live_micro LIVE 2026-09-04T09:26:06.412626-04:00 share=25% ===
Live account equity $230.50 cash $160.84 #225458845 options_level=3
Live micro: outside 9:28-16:05 ET
Live micro done. open_options=0 lots=0
=== options_live_micro LIVE 2026-09-04T09:40:11.314197-04:00 share=25% ===
Live account equity $230.61 cash $160.84 #225458845 options_level=3
Live micro: new entries paused (LIVE_OPTIONS_ENTRIES=0); manage/orphans only
Live micro done. open_options=0 lots=0
=== options_live_micro LIVE 2026-09-04T09:56:36.176291-04:00 share=25% ===
Live account equity $230.49 cash $126.25 #225458845 options_level=3
Live micro: new entries paused (LIVE_OPTIONS_ENTRIES=0); manage/orphans only
Live micro done. open_options=0 lots=0
=== options_live_micro LIVE 2026-09-04T10:01:15.748390-04:00 share=25% ===
Live account equity $230.31 cash $126.25 #225458845 options_level=3
Live micro: new entries paused (LIVE_OPTIONS_ENTRIES=0); manage/orphans only
Live micro done. open_options=0 lots=0
=== options_live_micro LIVE 2026-09-04T10:06:02.115883-04:00 share=25% ===
Live account equity $230.47 cash $126.25 #225458845 options_level=3
Live micro: new entries paused (LIVE_OPTIONS_ENTRIES=0); manage/orphans only
Live micro done. open_options=0 lots=0
=== options_live_micro LIVE 2026-09-04T10:11:00.211100-04:00 share=25% ===
Live account equity $230.42 cash $126.25 #225458845 options_level=3
Live micro: new entries paused (LIVE_OPTIONS_ENTRIES=0); manage/orphans only
Live micro done. open_options=0 lots=0
=== options_live_micro LIVE 2026-09-04T10:16:01.070793-04:00 share=25% ===
Live account equity $230.49 cash $126.25 #225458845 options_level=3
Live micro: new entries paused (LIVE_OPTIONS_ENTRIES=0); manage/orphans only
Live micro done. open_options=0 lots=0
=== options_live_micro LIVE 2026-09-04T10:21:08.445536-04:00 share=25% ===
Live account equity $230.52 cash $126.25 #225458845 options_level=3
Live micro: new entries paused (LIVE_OPTIONS_ENTRIES=0); manage/orphans only
Live micro done. open_options=0 lots=0
=== options_live_micro LIVE 2026-09-04T10:26:15.807144-04:00 share=25% ===
Live account equity $230.59 cash $126.25 #225458845 options_level=3
Live micro: new entries paused (LIVE_OPTIONS_ENTRIES=0); manage/orphans only
Live micro done. open_options=0 lots=0
=== options_live_micro LIVE 2026-09-04T10:31:04.248415-04:00 share=25% ===
Live account equity $230.67 cash $126.25 #225458845 options_level=3
Live micro: new entries paused (LIVE_OPTIONS_ENTRIES=0); manage/orphans only
Live micro done. open_options=0 lots=0
=== options_live_micro LIVE 2026-09-04T10:36:02.867222-04:00 share=25% ===
Live account equity $230.63 cash $126.25 #225458845 options_level=3
Live micro: new entries paused (LIVE_OPTIONS_ENTRIES=0); manage/orphans only
Live micro done. open_options=0 lots=0
=== options_live_micro LIVE 2026-09-04T10:41:03.641834-04:00 share=25% ===
Live account equity $230.59 cash $126.25 #225458845 options_level=3
Live micro: new entries paused (LIVE_OPTIONS_ENTRIES=0); manage/orphans only
Live micro done. open_options=0 lots=0
=== options_live_micro LIVE 2026-09-04T10:46:02.564043-04:00 share=25% ===
Live account equity $230.59 cash $126.25 #225458845 options_level=3
Live micro: new entries paused (LIVE_OPTIONS_ENTRIES=0); manage/orphans only
Live micro done. open_options=0 lots=0
=== options_live_micro LIVE 2026-09-04T10:51:00.960030-04:00 share=25% ===
Live account equity $230.40 cash $126.25 #225458845 options_level=3
Live micro: new entries paused (LIVE_OPTIONS_ENTRIES=0); manage/orphans only
Live micro done. open_options=0 lots=0
