=== options_live_micro LIVE 2026-09-17T09:01:16.832173-04:00 share=25% ===
Live account equity $224.26 cash $156.74 #225458845 options_level=3
Live micro: outside 9:28-16:05 ET
Live micro done. open_options=0 lots=0
=== options_live_micro LIVE 2026-09-17T09:06:16.835539-04:00 share=25% ===
Live account equity $224.26 cash $156.74 #225458845 options_level=3
Live micro: outside 9:28-16:05 ET
Live micro done. open_options=0 lots=0
=== options_live_micro LIVE 2026-09-17T09:11:13.568219-04:00 share=25% ===
Live account equity $224.26 cash $156.74 #225458845 options_level=3
Live micro: outside 9:28-16:05 ET
Live micro done. open_options=0 lots=0
=== options_live_micro LIVE 2026-09-17T09:16:10.396851-04:00 share=25% ===
Live account equity $224.26 cash $156.74 #225458845 options_level=3
Live micro: outside 9:28-16:05 ET
Live micro done. open_options=0 lots=0
=== options_live_micro LIVE 2026-09-17T09:21:03.775147-04:00 share=25% ===
Live account equity $224.26 cash $156.74 #225458845 options_level=3
Live micro: outside 9:28-16:05 ET
Live micro done. open_options=0 lots=0
=== options_live_micro LIVE 2026-09-17T09:26:13.866162-04:00 share=25% ===
Live account equity $224.26 cash $156.74 #225458845 options_level=3
Live micro: outside 9:28-16:05 ET
Live micro done. open_options=0 lots=0
=== options_live_micro LIVE 2026-09-17T09:34:49.688741-04:00 share=25% ===
Live account equity $225.79 cash $123.12 #225458845 options_level=3
Live micro: new entries paused (LIVE_OPTIONS_ENTRIES=0); manage/orphans only
Live micro done. open_options=0 lots=0
=== options_live_micro LIVE 2026-09-17T09:55:58.792131-04:00 share=25% ===
Live account equity $226.99 cash $125.54 #225458845 options_level=3
Live micro: new entries paused (LIVE_OPTIONS_ENTRIES=0); manage/orphans only
Live micro done. open_options=0 lots=0
=== options_live_micro LIVE 2026-09-17T10:02:05.106393-04:00 share=25% ===
Live account equity $226.70 cash $226.70 #225458845 options_level=3
Live micro: new entries paused (LIVE_OPTIONS_ENTRIES=0); manage/orphans only
Live micro done. open_options=0 lots=0
=== options_live_micro LIVE 2026-09-17T10:06:18.171188-04:00 share=25% ===
Live account equity $226.70 cash $226.70 #225458845 options_level=3
Live micro: new entries paused (LIVE_OPTIONS_ENTRIES=0); manage/orphans only
Live micro done. open_options=0 lots=0
=== options_live_micro LIVE 2026-09-17T10:11:36.439905-04:00 share=25% ===
Live account equity $226.70 cash $226.70 #225458845 options_level=3
Live micro: new entries paused (LIVE_OPTIONS_ENTRIES=0); manage/orphans only
Live micro done. open_options=0 lots=0
=== options_live_micro LIVE 2026-09-17T10:16:17.290972-04:00 share=25% ===
Live account equity $226.70 cash $226.70 #225458845 options_level=3
Live micro: new entries paused (LIVE_OPTIONS_ENTRIES=0); manage/orphans only
Live micro done. open_options=0 lots=0
=== options_live_micro LIVE 2026-09-17T10:21:18.464367-04:00 share=25% ===
Live account equity $226.70 cash $226.70 #225458845 options_level=3
Live micro: new entries paused (LIVE_OPTIONS_ENTRIES=0); manage/orphans only
Live micro done. open_options=0 lots=0
=== options_live_micro LIVE 2026-09-17T10:26:20.425014-04:00 share=25% ===
Live account equity $226.70 cash $226.70 #225458845 options_level=3
Live micro: new entries paused (LIVE_OPTIONS_ENTRIES=0); manage/orphans only
Live micro done. open_options=0 lots=0
=== options_live_micro LIVE 2026-09-17T10:31:14.278395-04:00 share=25% ===
Live account equity $226.70 cash $226.70 #225458845 options_level=3
Live micro: new entries paused (LIVE_OPTIONS_ENTRIES=0); manage/orphans only
Live micro done. open_options=0 lots=0
=== options_live_micro LIVE 2026-09-17T10:36:30.654262-04:00 share=25% ===
Live account equity $226.70 cash $226.70 #225458845 options_level=3
Live micro: new entries paused (LIVE_OPTIONS_ENTRIES=0); manage/orphans only
Live micro done. open_options=0 lots=0
=== options_live_micro LIVE 2026-09-17T10:41:13.170701-04:00 share=25% ===
Live account equity $226.70 cash $226.70 #225458845 options_level=3
Live micro: new entries paused (LIVE_OPTIONS_ENTRIES=0); manage/orphans only
Live micro done. open_options=0 lots=0
=== options_live_micro LIVE 2026-09-17T10:47:19.328509-04:00 share=25% ===
Live account equity $226.70 cash $226.70 #225458845 options_level=3
Live micro: new entries paused (LIVE_OPTIONS_ENTRIES=0); manage/orphans only
Live micro done. open_options=0 lots=0
=== options_live_micro LIVE 2026-09-17T10:51:17.191586-04:00 share=25% ===
Live account equity $226.70 cash $226.70 #225458845 options_level=3
Live micro: new entries paused (LIVE_OPTIONS_ENTRIES=0); manage/orphans only
Live micro done. open_options=0 lots=0
=== options_live_micro LIVE 2026-09-17T10:56:16.195020-04:00 share=25% ===
Live account equity $226.70 cash $226.70 #225458845 options_level=3
Live micro: new entries paused (LIVE_OPTIONS_ENTRIES=0); manage/orphans only
Live micro done. open_options=0 lots=0
