=== options_live_micro LIVE 2026-10-07T09:01:30.371793-04:00 share=25% ===
Live account equity $223.61 cash $189.62 #225458845 options_level=3
Live micro: outside 9:28-16:05 ET
Live micro done. open_options=0 lots=0
=== options_live_micro LIVE 2026-10-07T09:06:31.488963-04:00 share=25% ===
Live account equity $223.61 cash $189.62 #225458845 options_level=3
Live micro: outside 9:28-16:05 ET
Live micro done. open_options=0 lots=0
=== options_live_micro LIVE 2026-10-07T09:11:26.032453-04:00 share=25% ===
Live account equity $223.61 cash $189.62 #225458845 options_level=3
Live micro: outside 9:28-16:05 ET
Live micro done. open_options=0 lots=0
=== options_live_micro LIVE 2026-10-07T09:16:31.077051-04:00 share=25% ===
Live account equity $223.61 cash $189.62 #225458845 options_level=3
Live micro: outside 9:28-16:05 ET
Live micro done. open_options=0 lots=0
=== options_live_micro LIVE 2026-10-07T09:21:29.596343-04:00 share=25% ===
Live account equity $223.57 cash $189.62 #225458845 options_level=3
Live micro: outside 9:28-16:05 ET
Live micro done. open_options=0 lots=0
=== options_live_micro LIVE 2026-10-07T09:26:26.158554-04:00 share=25% ===
Live account equity $223.57 cash $189.62 #225458845 options_level=3
Live micro: outside 9:28-16:05 ET
Live micro done. open_options=0 lots=0
=== options_live_micro LIVE 2026-10-07T09:40:47.679158-04:00 share=25% ===
Live account equity $223.56 cash $189.62 #225458845 options_level=3
Live micro: new entries paused (LIVE_OPTIONS_ENTRIES=0); manage/orphans only
Live micro done. open_options=0 lots=0
=== options_live_micro LIVE 2026-10-07T10:06:42.588423-04:00 share=25% ===
Live account equity $223.46 cash $122.95 #225458845 options_level=3
Live micro: new entries paused (LIVE_OPTIONS_ENTRIES=0); manage/orphans only
Live micro done. open_options=0 lots=0
=== options_live_micro LIVE 2026-10-07T10:11:32.525758-04:00 share=25% ===
Live account equity $223.36 cash $122.95 #225458845 options_level=3
Live micro: new entries paused (LIVE_OPTIONS_ENTRIES=0); manage/orphans only
Live micro done. open_options=0 lots=0
=== options_live_micro LIVE 2026-10-07T10:16:38.364646-04:00 share=25% ===
Live account equity $223.27 cash $122.95 #225458845 options_level=3
Live micro: new entries paused (LIVE_OPTIONS_ENTRIES=0); manage/orphans only
Live micro done. open_options=0 lots=0
=== options_live_micro LIVE 2026-10-07T10:21:56.249542-04:00 share=25% ===
Live account equity $223.36 cash $122.95 #225458845 options_level=3
Live micro: new entries paused (LIVE_OPTIONS_ENTRIES=0); manage/orphans only
Live micro done. open_options=0 lots=0
=== options_live_micro LIVE 2026-10-07T10:26:39.969244-04:00 share=25% ===
Live account equity $223.24 cash $122.95 #225458845 options_level=3
Live micro: new entries paused (LIVE_OPTIONS_ENTRIES=0); manage/orphans only
Live micro done. open_options=0 lots=0
=== options_live_micro LIVE 2026-10-07T10:31:39.401164-04:00 share=25% ===
Live account equity $223.30 cash $122.95 #225458845 options_level=3
Live micro: new entries paused (LIVE_OPTIONS_ENTRIES=0); manage/orphans only
Live micro done. open_options=0 lots=0
=== options_live_micro LIVE 2026-10-07T10:36:25.825506-04:00 share=25% ===
Live account equity $223.29 cash $122.95 #225458845 options_level=3
Live micro: new entries paused (LIVE_OPTIONS_ENTRIES=0); manage/orphans only
Live micro done. open_options=0 lots=0
=== options_live_micro LIVE 2026-10-07T10:42:50.363739-04:00 share=25% ===
Live account equity $223.31 cash $122.95 #225458845 options_level=3
Live micro: new entries paused (LIVE_OPTIONS_ENTRIES=0); manage/orphans only
Live micro done. open_options=0 lots=0
=== options_live_micro LIVE 2026-10-07T10:46:27.220276-04:00 share=25% ===
Live account equity $223.39 cash $122.95 #225458845 options_level=3
Live micro: new entries paused (LIVE_OPTIONS_ENTRIES=0); manage/orphans only
Live micro done. open_options=0 lots=0
=== options_live_micro LIVE 2026-10-07T10:53:28.235517-04:00 share=25% ===
Live account equity $223.32 cash $122.95 #225458845 options_level=3
Live micro: new entries paused (LIVE_OPTIONS_ENTRIES=0); manage/orphans only
Live micro done. open_options=0 lots=0
=== options_live_micro LIVE 2026-10-07T10:56:45.226733-04:00 share=25% ===
Live account equity $223.37 cash $122.95 #225458845 options_level=3
Live micro: new entries paused (LIVE_OPTIONS_ENTRIES=0); manage/orphans only
Live micro done. open_options=0 lots=0
=== options_live_micro LIVE 2026-10-07T11:01:41.391902-04:00 share=25% ===
Live account equity $223.37 cash $122.95 #225458845 options_level=3
Live micro: new entries paused (LIVE_OPTIONS_ENTRIES=0); manage/orphans only
Live micro done. open_options=0 lots=0
