=== options_live_micro LIVE 2026-08-24T09:01:02.668031-04:00 share=25% ===
Live account equity $307.24 cash $236.24 #225458845 options_level=3
Live micro: outside 9:28-16:05 ET
Live micro done. open_options=0 lots=0
=== options_live_micro LIVE 2026-08-24T09:07:58.290137-04:00 share=25% ===
Live account equity $307.24 cash $236.24 #225458845 options_level=3
Live micro: outside 9:28-16:05 ET
Live micro done. open_options=0 lots=0
=== options_live_micro LIVE 2026-08-24T09:10:56.442425-04:00 share=25% ===
Live account equity $307.24 cash $236.24 #225458845 options_level=3
Live micro: outside 9:28-16:05 ET
Live micro done. open_options=0 lots=0
=== options_live_micro LIVE 2026-08-24T09:15:59.551707-04:00 share=25% ===
Live account equity $307.24 cash $236.24 #225458845 options_level=3
Live micro: outside 9:28-16:05 ET
Live micro done. open_options=0 lots=0
=== options_live_micro LIVE 2026-08-24T09:21:00.595059-04:00 share=25% ===
Live account equity $307.24 cash $236.24 #225458845 options_level=3
Live micro: outside 9:28-16:05 ET
Live micro done. open_options=0 lots=0
=== options_live_micro LIVE 2026-08-24T09:28:08.040180-04:00 share=25% ===
Live account equity $307.24 cash $236.24 #225458845 options_level=3
Live micro: new entries paused (LIVE_OPTIONS_ENTRIES=0); manage/orphans only
Live micro done. open_options=0 lots=0
