=== options_live_micro LIVE 2026-09-29T09:01:29.641837-04:00 share=25% ===
Live account equity $223.70 cash $156.57 #225458845 options_level=3
Live micro: outside 9:28-16:05 ET
Live micro done. open_options=0 lots=0
=== options_live_micro LIVE 2026-09-29T09:06:31.139604-04:00 share=25% ===
Live account equity $223.86 cash $156.57 #225458845 options_level=3
Live micro: outside 9:28-16:05 ET
Live micro done. open_options=0 lots=0
=== options_live_micro LIVE 2026-09-29T09:11:27.972572-04:00 share=25% ===
Live account equity $223.86 cash $156.57 #225458845 options_level=3
Live micro: outside 9:28-16:05 ET
Live micro done. open_options=0 lots=0
=== options_live_micro LIVE 2026-09-29T09:16:18.466794-04:00 share=25% ===
Live account equity $223.94 cash $156.57 #225458845 options_level=3
Live micro: outside 9:28-16:05 ET
Live micro done. open_options=0 lots=0
=== options_live_micro LIVE 2026-09-29T09:21:21.933052-04:00 share=25% ===
Live account equity $223.94 cash $156.57 #225458845 options_level=3
Live micro: outside 9:28-16:05 ET
Live micro done. open_options=0 lots=0
=== options_live_micro LIVE 2026-09-29T09:26:29.669999-04:00 share=25% ===
Live account equity $223.94 cash $156.57 #225458845 options_level=3
Live micro: outside 9:28-16:05 ET
Live micro done. open_options=0 lots=0
=== options_live_micro LIVE 2026-09-29T09:40:49.331314-04:00 share=25% ===
Live account equity $223.70 cash $156.57 #225458845 options_level=3
Live micro: new entries paused (LIVE_OPTIONS_ENTRIES=0); manage/orphans only
Live micro done. open_options=0 lots=0
=== options_live_micro LIVE 2026-09-29T09:56:56.335602-04:00 share=25% ===
Live account equity $223.78 cash $156.53 #225458845 options_level=3
Live micro: new entries paused (LIVE_OPTIONS_ENTRIES=0); manage/orphans only
Live micro done. open_options=0 lots=0
=== options_live_micro LIVE 2026-09-29T10:01:18.058259-04:00 share=25% ===
Live account equity $223.51 cash $156.53 #225458845 options_level=3
Live micro: new entries paused (LIVE_OPTIONS_ENTRIES=0); manage/orphans only
Live micro done. open_options=0 lots=0
=== options_live_micro LIVE 2026-09-29T10:06:24.007048-04:00 share=25% ===
Live account equity $223.39 cash $189.85 #225458845 options_level=3
Live micro: new entries paused (LIVE_OPTIONS_ENTRIES=0); manage/orphans only
Live micro done. open_options=0 lots=0
=== options_live_micro LIVE 2026-09-29T10:11:25.602239-04:00 share=25% ===
Live account equity $223.40 cash $189.85 #225458845 options_level=3
Live micro: new entries paused (LIVE_OPTIONS_ENTRIES=0); manage/orphans only
Live micro done. open_options=0 lots=0
=== options_live_micro LIVE 2026-09-29T10:16:13.209510-04:00 share=25% ===
Live account equity $223.43 cash $189.85 #225458845 options_level=3
Live micro: new entries paused (LIVE_OPTIONS_ENTRIES=0); manage/orphans only
Live micro done. open_options=0 lots=0
=== options_live_micro LIVE 2026-09-29T10:21:21.815847-04:00 share=25% ===
Live account equity $223.42 cash $189.85 #225458845 options_level=3
Live micro: new entries paused (LIVE_OPTIONS_ENTRIES=0); manage/orphans only
Live micro done. open_options=0 lots=0
=== options_live_micro LIVE 2026-09-29T10:26:53.825957-04:00 share=25% ===
Live account equity $223.33 cash $189.85 #225458845 options_level=3
Live micro: new entries paused (LIVE_OPTIONS_ENTRIES=0); manage/orphans only
Live micro done. open_options=0 lots=0
=== options_live_micro LIVE 2026-09-29T10:31:24.604451-04:00 share=25% ===
Live account equity $223.31 cash $189.85 #225458845 options_level=3
Live micro: new entries paused (LIVE_OPTIONS_ENTRIES=0); manage/orphans only
Live micro done. open_options=0 lots=0
=== options_live_micro LIVE 2026-09-29T10:36:41.039239-04:00 share=25% ===
Live account equity $223.29 cash $189.85 #225458845 options_level=3
Live micro: new entries paused (LIVE_OPTIONS_ENTRIES=0); manage/orphans only
Live micro done. open_options=0 lots=0
=== options_live_micro LIVE 2026-09-29T10:41:27.909164-04:00 share=25% ===
Live account equity $223.29 cash $189.85 #225458845 options_level=3
Live micro: new entries paused (LIVE_OPTIONS_ENTRIES=0); manage/orphans only
Live micro done. open_options=0 lots=0
=== options_live_micro LIVE 2026-09-29T10:46:15.398448-04:00 share=25% ===
Live account equity $223.30 cash $189.85 #225458845 options_level=3
Live micro: new entries paused (LIVE_OPTIONS_ENTRIES=0); manage/orphans only
Live micro done. open_options=0 lots=0
=== options_live_micro LIVE 2026-09-29T10:51:47.539046-04:00 share=25% ===
Live account equity $223.30 cash $189.85 #225458845 options_level=3
Live micro: new entries paused (LIVE_OPTIONS_ENTRIES=0); manage/orphans only
Live micro done. open_options=0 lots=0
=== options_live_micro LIVE 2026-09-29T10:56:35.865135-04:00 share=25% ===
Live account equity $223.33 cash $189.85 #225458845 options_level=3
Live micro: new entries paused (LIVE_OPTIONS_ENTRIES=0); manage/orphans only
Live micro done. open_options=0 lots=0
=== options_live_micro LIVE 2026-09-29T11:01:39.446642-04:00 share=25% ===
Live account equity $223.29 cash $189.85 #225458845 options_level=3
Live micro: new entries paused (LIVE_OPTIONS_ENTRIES=0); manage/orphans only
Live micro done. open_options=0 lots=0
=== options_live_micro LIVE 2026-09-29T11:06:33.472505-04:00 share=25% ===
Live account equity $223.25 cash $189.85 #225458845 options_level=3
Live micro: new entries paused (LIVE_OPTIONS_ENTRIES=0); manage/orphans only
Live micro done. open_options=0 lots=0
=== options_live_micro LIVE 2026-09-29T11:11:48.432253-04:00 share=25% ===
Live account equity $223.27 cash $189.85 #225458845 options_level=3
Live micro: new entries paused (LIVE_OPTIONS_ENTRIES=0); manage/orphans only
Live micro done. open_options=0 lots=0
=== options_live_micro LIVE 2026-09-29T11:16:28.470145-04:00 share=25% ===
Live account equity $223.25 cash $189.85 #225458845 options_level=3
Live micro: new entries paused (LIVE_OPTIONS_ENTRIES=0); manage/orphans only
Live micro done. open_options=0 lots=0
=== options_live_micro LIVE 2026-09-29T11:21:34.585384-04:00 share=25% ===
Live account equity $223.24 cash $189.85 #225458845 options_level=3
Live micro: new entries paused (LIVE_OPTIONS_ENTRIES=0); manage/orphans only
Live micro done. open_options=0 lots=0
=== options_live_micro LIVE 2026-09-29T11:26:40.752654-04:00 share=25% ===
Live account equity $223.19 cash $223.19 #225458845 options_level=3
Live micro: new entries paused (LIVE_OPTIONS_ENTRIES=0); manage/orphans only
Live micro done. open_options=0 lots=0
=== options_live_micro LIVE 2026-09-29T11:31:23.898847-04:00 share=25% ===
Live account equity $223.19 cash $223.19 #225458845 options_level=3
Live micro: new entries paused (LIVE_OPTIONS_ENTRIES=0); manage/orphans only
Live micro done. open_options=0 lots=0
=== options_live_micro LIVE 2026-09-29T11:36:46.092619-04:00 share=25% ===
Live account equity $223.19 cash $223.19 #225458845 options_level=3
Live micro: manage/exits only
Live micro done. open_options=0 lots=0
=== options_live_micro LIVE 2026-09-29T11:41:36.844072-04:00 share=25% ===
Live account equity $223.19 cash $223.19 #225458845 options_level=3
Live micro: manage/exits only
Live micro done. open_options=0 lots=0
=== options_live_micro LIVE 2026-09-29T11:46:26.632821-04:00 share=25% ===
Live account equity $223.19 cash $223.19 #225458845 options_level=3
Live micro: manage/exits only
Live micro done. open_options=0 lots=0
=== options_live_micro LIVE 2026-09-29T11:51:27.059532-04:00 share=25% ===
Live account equity $223.19 cash $223.19 #225458845 options_level=3
Live micro: manage/exits only
Live micro done. open_options=0 lots=0
=== options_live_micro LIVE 2026-09-29T11:56:40.253196-04:00 share=25% ===
Live account equity $223.19 cash $223.19 #225458845 options_level=3
Live micro: manage/exits only
Live micro done. open_options=0 lots=0
=== options_live_micro LIVE 2026-09-29T12:01:29.168724-04:00 share=25% ===
Live account equity $223.19 cash $223.19 #225458845 options_level=3
Live micro: manage/exits only
Live micro done. open_options=0 lots=0
=== options_live_micro LIVE 2026-09-29T12:06:16.205554-04:00 share=25% ===
Live account equity $223.19 cash $223.19 #225458845 options_level=3
Live micro: manage/exits only
Live micro done. open_options=0 lots=0
=== options_live_micro LIVE 2026-09-29T12:11:35.078217-04:00 share=25% ===
Live account equity $223.19 cash $223.19 #225458845 options_level=3
Live micro: manage/exits only
Live micro done. open_options=0 lots=0
=== options_live_micro LIVE 2026-09-29T12:16:46.394108-04:00 share=25% ===
Live account equity $223.19 cash $223.19 #225458845 options_level=3
Live micro: manage/exits only
Live micro done. open_options=0 lots=0
