=== options_live_micro LIVE 2026-09-21T09:01:17.357787-04:00 share=25% ===
Live account equity $225.92 cash $158.20 #225458845 options_level=3
Live micro: outside 9:28-16:05 ET
Live micro done. open_options=0 lots=0
=== options_live_micro LIVE 2026-09-21T09:06:08.594417-04:00 share=25% ===
Live account equity $225.92 cash $158.20 #225458845 options_level=3
Live micro: outside 9:28-16:05 ET
Live micro done. open_options=0 lots=0
=== options_live_micro LIVE 2026-09-21T09:11:07.168534-04:00 share=25% ===
Live account equity $225.92 cash $158.20 #225458845 options_level=3
Live micro: outside 9:28-16:05 ET
Live micro done. open_options=0 lots=0
=== options_live_micro LIVE 2026-09-21T09:16:10.779946-04:00 share=25% ===
Live account equity $225.92 cash $158.20 #225458845 options_level=3
Live micro: outside 9:28-16:05 ET
Live micro done. open_options=0 lots=0
=== options_live_micro LIVE 2026-09-21T09:21:15.848378-04:00 share=25% ===
Live account equity $225.92 cash $158.20 #225458845 options_level=3
Live micro: outside 9:28-16:05 ET
Live micro done. open_options=0 lots=0
=== options_live_micro LIVE 2026-09-21T09:26:04.917208-04:00 share=25% ===
Live account equity $225.92 cash $158.20 #225458845 options_level=3
Live micro: outside 9:28-16:05 ET
Live micro done. open_options=0 lots=0
=== options_live_micro LIVE 2026-09-21T10:00:41.186131-04:00 share=25% ===
Live account equity $226.16 cash $124.40 #225458845 options_level=3
Live micro: new entries paused (LIVE_OPTIONS_ENTRIES=0); manage/orphans only
Live micro done. open_options=0 lots=0
=== options_live_micro LIVE 2026-09-21T10:06:33.570368-04:00 share=25% ===
Live account equity $226.16 cash $124.40 #225458845 options_level=3
Live micro: new entries paused (LIVE_OPTIONS_ENTRIES=0); manage/orphans only
Live micro done. open_options=0 lots=0
=== options_live_micro LIVE 2026-09-21T10:11:13.821069-04:00 share=25% ===
Live account equity $226.24 cash $124.40 #225458845 options_level=3
Live micro: new entries paused (LIVE_OPTIONS_ENTRIES=0); manage/orphans only
Live micro done. open_options=0 lots=0
=== options_live_micro LIVE 2026-09-21T10:16:15.972081-04:00 share=25% ===
Live account equity $226.40 cash $124.40 #225458845 options_level=3
Live micro: new entries paused (LIVE_OPTIONS_ENTRIES=0); manage/orphans only
Live micro done. open_options=0 lots=0
=== options_live_micro LIVE 2026-09-21T10:21:21.008666-04:00 share=25% ===
Live account equity $226.55 cash $124.40 #225458845 options_level=3
Live micro: new entries paused (LIVE_OPTIONS_ENTRIES=0); manage/orphans only
Live micro done. open_options=0 lots=0
=== options_live_micro LIVE 2026-09-21T10:31:36.400469-04:00 share=25% ===
Live account equity $226.52 cash $124.40 #225458845 options_level=3
Live micro: new entries paused (LIVE_OPTIONS_ENTRIES=0); manage/orphans only
Live micro done. open_options=0 lots=0
=== options_live_micro LIVE 2026-09-21T10:36:15.690008-04:00 share=25% ===
Live account equity $226.42 cash $124.40 #225458845 options_level=3
Live micro: new entries paused (LIVE_OPTIONS_ENTRIES=0); manage/orphans only
Live micro done. open_options=0 lots=0
=== options_live_micro LIVE 2026-09-21T10:41:06.782613-04:00 share=25% ===
Live account equity $226.50 cash $124.40 #225458845 options_level=3
Live micro: new entries paused (LIVE_OPTIONS_ENTRIES=0); manage/orphans only
Live micro done. open_options=0 lots=0
=== options_live_micro LIVE 2026-09-21T10:46:17.709242-04:00 share=25% ===
Live account equity $226.41 cash $124.40 #225458845 options_level=3
Live micro: new entries paused (LIVE_OPTIONS_ENTRIES=0); manage/orphans only
Live micro done. open_options=0 lots=0
=== options_live_micro LIVE 2026-09-21T10:51:18.126542-04:00 share=25% ===
Live account equity $226.39 cash $124.40 #225458845 options_level=3
Live micro: new entries paused (LIVE_OPTIONS_ENTRIES=0); manage/orphans only
Live micro done. open_options=0 lots=0
=== options_live_micro LIVE 2026-09-21T10:56:14.450144-04:00 share=25% ===
Live account equity $226.41 cash $124.40 #225458845 options_level=3
Live micro: new entries paused (LIVE_OPTIONS_ENTRIES=0); manage/orphans only
Live micro done. open_options=0 lots=0
=== options_live_micro LIVE 2026-09-21T11:01:12.842587-04:00 share=25% ===
Live account equity $226.33 cash $124.40 #225458845 options_level=3
Live micro: new entries paused (LIVE_OPTIONS_ENTRIES=0); manage/orphans only
Live micro done. open_options=0 lots=0
=== options_live_micro LIVE 2026-09-21T11:06:12.097038-04:00 share=25% ===
Live account equity $226.46 cash $124.40 #225458845 options_level=3
Live micro: new entries paused (LIVE_OPTIONS_ENTRIES=0); manage/orphans only
Live micro done. open_options=0 lots=0
=== options_live_micro LIVE 2026-09-21T11:11:18.486698-04:00 share=25% ===
Live account equity $226.46 cash $124.40 #225458845 options_level=3
Live micro: new entries paused (LIVE_OPTIONS_ENTRIES=0); manage/orphans only
Live micro done. open_options=0 lots=0
=== options_live_micro LIVE 2026-09-21T11:16:38.437969-04:00 share=25% ===
Live account equity $226.59 cash $124.40 #225458845 options_level=3
Live micro: new entries paused (LIVE_OPTIONS_ENTRIES=0); manage/orphans only
Live micro done. open_options=0 lots=0
=== options_live_micro LIVE 2026-09-21T11:21:32.320290-04:00 share=25% ===
Live account equity $226.58 cash $124.40 #225458845 options_level=3
Live micro: new entries paused (LIVE_OPTIONS_ENTRIES=0); manage/orphans only
Live micro done. open_options=0 lots=0
=== options_live_micro LIVE 2026-09-21T11:26:21.164665-04:00 share=25% ===
Live account equity $226.61 cash $124.40 #225458845 options_level=3
Live micro: new entries paused (LIVE_OPTIONS_ENTRIES=0); manage/orphans only
Live micro done. open_options=0 lots=0
=== options_live_micro LIVE 2026-09-21T11:36:47.069604-04:00 share=25% ===
Live account equity $226.61 cash $124.40 #225458845 options_level=3
Live micro: manage/exits only
Live micro done. open_options=0 lots=0
=== options_live_micro LIVE 2026-09-21T11:41:24.910596-04:00 share=25% ===
Live account equity $226.59 cash $124.40 #225458845 options_level=3
Live micro: manage/exits only
Live micro done. open_options=0 lots=0
=== options_live_micro LIVE 2026-09-21T11:46:49.800309-04:00 share=25% ===
Live account equity $226.63 cash $124.40 #225458845 options_level=3
Live micro: manage/exits only
Live micro done. open_options=0 lots=0
