=== options_live_micro LIVE 2026-09-07T09:01:10.216104-04:00 share=25% ===
Live account equity $230.56 cash $126.02 #225458845 options_level=3
Live micro: outside 9:28-16:05 ET
Live micro done. open_options=0 lots=0
=== options_live_micro LIVE 2026-09-07T09:05:57.637849-04:00 share=25% ===
Live account equity $230.56 cash $126.02 #225458845 options_level=3
Live micro: outside 9:28-16:05 ET
Live micro done. open_options=0 lots=0
=== options_live_micro LIVE 2026-09-07T09:11:06.317618-04:00 share=25% ===
Live account equity $230.56 cash $126.02 #225458845 options_level=3
Live micro: outside 9:28-16:05 ET
Live micro done. open_options=0 lots=0
=== options_live_micro LIVE 2026-09-07T09:16:11.055228-04:00 share=25% ===
Live account equity $230.56 cash $126.02 #225458845 options_level=3
Live micro: outside 9:28-16:05 ET
Live micro done. open_options=0 lots=0
=== options_live_micro LIVE 2026-09-07T09:21:03.089122-04:00 share=25% ===
Live account equity $230.56 cash $126.02 #225458845 options_level=3
Live micro: outside 9:28-16:05 ET
Live micro done. open_options=0 lots=0
=== options_live_micro LIVE 2026-09-07T09:26:06.358694-04:00 share=25% ===
Live account equity $230.56 cash $126.02 #225458845 options_level=3
Live micro: outside 9:28-16:05 ET
Live micro done. open_options=0 lots=0
=== options_live_micro LIVE 2026-09-07T09:34:36.297951-04:00 share=25% ===
Live account equity $230.56 cash $126.02 #225458845 options_level=3
Live micro: new entries paused (LIVE_OPTIONS_ENTRIES=0); manage/orphans only
Live micro done. open_options=0 lots=0
