[DEVELOPMENT ONLY - NOT FOR TRADING DECISIONS] historical backtest
Historical backtest_shard1: 209 pending + 0 done of 209 symbols x 105 strategies
  [10/209] symbols, 990 result rows …
  [20/209] symbols, 1980 result rows …
  [30/209] symbols, 2970 result rows …
  [40/209] symbols, 3960 result rows …
  [50/209] symbols, 4928 result rows …
  [60/209] symbols, 5918 result rows …
  [70/209] symbols, 6908 result rows …
  [80/209] symbols, 7897 result rows …
  [90/209] symbols, 8885 result rows …
  [100/209] symbols, 9875 result rows …
  [110/209] symbols, 10865 result rows …
  [120/209] symbols, 11855 result rows …
  [130/209] symbols, 12794 result rows …
  [140/209] symbols, 13784 result rows …
  [150/209] symbols, 14774 result rows …
  [160/209] symbols, 15764 result rows …
  [170/209] symbols, 16754 result rows …
  [180/209] symbols, 17742 result rows …
  [190/209] symbols, 18732 result rows …
  [200/209] symbols, 19722 result rows …
Saved 20613 rows -> C:\Users\28twa\Desktop\TradingBot-git\simulations\results\historical_backtest\catalog_historical_2026-07-03_shard1.csv
Results: 20613 rows -> C:\Users\28twa\Desktop\TradingBot-git\simulations\results\historical_backtest
      strategy_id            strategy_name symbol  exp_pnl_per_signal  filled
4110         S192      Power hour fade put   FDXF         1853.134771       2
12264        S168       GapUp long put EOD   HONA         1333.861893       7
12276        S189  VWAP rejection long put   HONA         1333.861893       7
12279        S192      Power hour fade put   HONA         1333.861893       7
12265        S173    MomReversal long call   HONA         1294.329335       1
4683         S173    MomReversal long call   FICO         1223.844504      87
12273        S186    ORB breakdown put 15m   HONA         1167.129157       7
4092         S168       GapUp long put EOD   FDXF         1154.989847       3
7947         S173    MomReversal long call    GEV         1124.656129      38
12284        S202   PCR contrarian bearish   HONA         1123.883161       8
