[DEVELOPMENT ONLY - NOT FOR TRADING DECISIONS] historical backtest
Historical backtest_shard2: 209 pending + 0 done of 209 symbols x 105 strategies
  [10/209] symbols, 990 result rows …
  [20/209] symbols, 1980 result rows …
  [30/209] symbols, 2970 result rows …
  [40/209] symbols, 3959 result rows …
  [50/209] symbols, 4949 result rows …
  [60/209] symbols, 5939 result rows …
  [70/209] symbols, 6929 result rows …
  [80/209] symbols, 7919 result rows …
  [90/209] symbols, 8909 result rows …
  [100/209] symbols, 9897 result rows …
  [110/209] symbols, 10886 result rows …
  [120/209] symbols, 11876 result rows …
  [130/209] symbols, 12866 result rows …
  [140/209] symbols, 13855 result rows …
  [150/209] symbols, 14845 result rows …
  [160/209] symbols, 15835 result rows …
  [170/209] symbols, 16825 result rows …
  [180/209] symbols, 17815 result rows …
  [190/209] symbols, 18801 result rows …
  [200/209] symbols, 19791 result rows …
Saved 20682 rows -> C:\Users\28twa\Desktop\TradingBot-git\simulations\results\historical_backtest\catalog_historical_2026-07-03_shard2.csv
Results: 20682 rows -> C:\Users\28twa\Desktop\TradingBot-git\simulations\results\historical_backtest
      strategy_id             strategy_name symbol  exp_pnl_per_signal  filled
9751         S173     MomReversal long call    NVR         1552.992937   126.0
9724         S029      Short call failed BO    NVR         1250.540966    59.0
9770         S192       Power hour fade put    NVR         1213.296831    35.0
9752         S174  RubberBand long call EOD    NVR          928.935300   102.0
6189         S173     MomReversal long call    MTD          816.324817   111.0
9771         S193        10AM reversal call    NVR          781.074190   216.0
9725         S030       Short put failed BD    NVR          778.399917    87.0
9745         S166       GapDown strong call    NVR          743.815619    39.0
5001         S173     MomReversal long call   MPWR          723.595192   135.0
18952        S173     MomReversal long call   REGN          692.395347    90.0
