[DEVELOPMENT ONLY - NOT FOR TRADING DECISIONS] historical backtest
Historical backtest_shard3: 207 pending + 0 done of 207 symbols x 105 strategies
  [10/207] symbols, 990 result rows …
  [20/207] symbols, 1979 result rows …
  [30/207] symbols, 2969 result rows …
  [40/207] symbols, 3955 result rows …
  [50/207] symbols, 4942 result rows …
  [60/207] symbols, 5932 result rows …
  [70/207] symbols, 6922 result rows …
  [80/207] symbols, 7912 result rows …
  [90/207] symbols, 8900 result rows …
  [100/207] symbols, 9890 result rows …
  [110/207] symbols, 10880 result rows …
  [120/207] symbols, 11870 result rows …
  [130/207] symbols, 12858 result rows …
  [140/207] symbols, 13848 result rows …
  [150/207] symbols, 14837 result rows …
  [160/207] symbols, 15826 result rows …
  [170/207] symbols, 16816 result rows …
  [180/207] symbols, 17806 result rows …
  [190/207] symbols, 18796 result rows …
  [200/207] symbols, 19786 result rows …
Saved 20479 rows -> C:\Users\28twa\Desktop\TradingBot-git\simulations\results\historical_backtest\catalog_historical_2026-07-03_shard3.csv
Results: 20479 rows -> C:\Users\28twa\Desktop\TradingBot-git\simulations\results\historical_backtest
      strategy_id             strategy_name symbol  exp_pnl_per_signal  filled
3908         S173     MomReversal long call   SNDK         1743.072127    33.0
3909         S174  RubberBand long call EOD   SNDK         1079.608767    32.0
13900        S173     MomReversal long call   VIAV         1070.186394    62.0
3876         S019    Long call 52wk high BO   SNDK          989.295410     2.0
3928         S193        10AM reversal call   SNDK          915.362731    44.0
3875         S018   Long put sector laggard   SNDK          909.571386     7.0
3927         S192       Power hour fade put   SNDK          895.833133    41.0
4930         S209      Dark pool print call    SPY          768.898433     6.0
3923         S188    VWAP reclaim long call   SNDK          755.058832    62.0
9315         S020      Long put 52wk low BD    TPL          704.426268     1.0
