13:55:58  INFO      Mode: morning_scan
13:55:58  INFO      Morning scan already completed today (2026-08-26T13:46:23.311110Z) — exits-only pass
13:55:59  INFO        Daily log -> logs/daily/2026-08-26.md
13:55:59  INFO        Daily log reconciled -> logs/daily/2026-08-26.md (2 ledger rows)
13:55:59  INFO        place_all_stops: checking 2 positions...
13:55:59  INFO        STOP already live AES @ $14.65
13:55:59  INFO        STOP skipped DECK: fractional (0.5168 shares) — software exit will handle it
13:55:59  INFO        [positions] 2/2 (2 valid)
13:55:59  INFO        Daily log -> logs/daily/2026-08-26.md

+========================================================================+
|  RUBBER BAND BOT  v8                                                   |
+------------------------------------------------------------------------+
|  Mode                                                      MORNING_SCAN|
|  Time                                                         13:55 UTC|
|  Regime                                                            BULL|
|  Universe                                                          both|
|  Equity                                                         $306.13|
+========================================================================+

+========================================================================+
|                           STOCKS EXIT CHECK                            |
+========================================================================+
|  Exit logic                   stop-0.5% / 3d max  (midline at EOD only)|
+------------------------------------------------------------------------+
|  DECK  P&L -0.4%  $-0.19                                           HOLD|
|  AES  P&L -0.0%  $-0.02                                            HOLD|
+========================================================================+

+========================================================================+
|                            EXIT RUN SUMMARY                            |
+========================================================================+
|  Mode                                                             exits|
|  Candidates                                                           2|
|  Deferred/Skipped                                      already logged 0|
|  Data skips                                             no price data 0|
|  Se~  0 attempted  |  0 filled  |  0 partial  |  0 pending  |  0 failed|
|  Holds                                                                2|
|  Logged exits                                                         0|
+========================================================================+

+========================================================================+
|            OPTIONS SLEEVE  (managed by options_live_micro)             |
+========================================================================+
|                                                                        |
|  No open option positions.                                             |
|                                                                        |
+========================================================================+

+========================================================================+
|                      STOP-LOSS BREACHES THIS RUN                       |
+========================================================================+
|  None                                                                  |
+========================================================================+
|  Stop-loss look file                  logs/stop_losses_to_look_into.txt|
|  New investigations added                                             0|
+========================================================================+
