=== options_live_micro LIVE 2026-08-18T11:12:08.194460-04:00 share=50% ===
2026-08-18 11:12:08,194 INFO === options_live_micro LIVE 2026-08-18T11:12:08.194460-04:00 share=50% ===
Live account equity $442.11 cash $93.84 #225458845 options_level=3
2026-08-18 11:12:08,240 INFO Live account equity $442.11 cash $93.84 #225458845 options_level=3
Live micro hold S404 AVGO260821C00412500 -38.7% (tp +50% / sl -50%)
2026-08-18 11:12:08,269 INFO Live micro hold S404 AVGO260821C00412500 -38.7% (tp +50% / sl -50%)
Live micro hold S406 TSLA260821C00357500 +1.6% (tp +50% / sl -50%)
2026-08-18 11:12:08,269 INFO Live micro hold S406 TSLA260821C00357500 +1.6% (tp +50% / sl -50%)
Live micro hold S210 CELH260821C00030000 -20.0% (tp +50% / sl -50%)
2026-08-18 11:12:08,269 INFO Live micro hold S210 CELH260821C00030000 -20.0% (tp +50% / sl -50%)
Live micro sleeve $221 (50% of $442) deployed $138 open_strategies=4/4 (paper baseline $75 / tp=+50% sl=-50% / 1 contract per strategy)
2026-08-18 11:12:08,334 INFO Live micro sleeve $221 (50% of $442) deployed $138 open_strategies=4/4 (paper baseline $75 / tp=+50% sl=-50% / 1 contract per strategy)
Live micro entry order (CLEAN win): S404 100%win, S406 56%win, S218 56%win, S210 55%win
2026-08-18 11:12:08,334 INFO Live micro entry order (CLEAN win): S404 100%win, S406 56%win, S218 56%win, S210 55%win
Live micro signals: 24
2026-08-18 11:12:19,752 INFO Live micro signals: 24
  skip S404 AFRM: strategy already open (paper bucket rule)
2026-08-18 11:12:19,753 INFO   skip S404 AFRM: strategy already open (paper bucket rule)
  skip S404 AMD: strategy already open (paper bucket rule)
2026-08-18 11:12:19,753 INFO   skip S404 AMD: strategy already open (paper bucket rule)
  skip S404 ARM: strategy already open (paper bucket rule)
2026-08-18 11:12:19,753 INFO   skip S404 ARM: strategy already open (paper bucket rule)
  skip S404 AVGO: strategy already open (paper bucket rule)
2026-08-18 11:12:19,753 INFO   skip S404 AVGO: strategy already open (paper bucket rule)
  skip S404 CAT: strategy already open (paper bucket rule)
2026-08-18 11:12:19,753 INFO   skip S404 CAT: strategy already open (paper bucket rule)
  skip S404 CVNA: strategy already open (paper bucket rule)
2026-08-18 11:12:19,753 INFO   skip S404 CVNA: strategy already open (paper bucket rule)
  skip S404 DOCN: strategy already open (paper bucket rule)
2026-08-18 11:12:19,753 INFO   skip S404 DOCN: strategy already open (paper bucket rule)
  skip S404 HOOD: strategy already open (paper bucket rule)
2026-08-18 11:12:19,753 INFO   skip S404 HOOD: strategy already open (paper bucket rule)
  skip S404 MARA: strategy already open (paper bucket rule)
2026-08-18 11:12:19,754 INFO   skip S404 MARA: strategy already open (paper bucket rule)
  skip S404 META: strategy already open (paper bucket rule)
2026-08-18 11:12:19,754 INFO   skip S404 META: strategy already open (paper bucket rule)
  skip S404 NVDA: strategy already open (paper bucket rule)
2026-08-18 11:12:19,754 INFO   skip S404 NVDA: strategy already open (paper bucket rule)
  skip S404 PATH: strategy already open (paper bucket rule)
2026-08-18 11:12:19,754 INFO   skip S404 PATH: strategy already open (paper bucket rule)
  skip S404 SMCI: strategy already open (paper bucket rule)
2026-08-18 11:12:19,754 INFO   skip S404 SMCI: strategy already open (paper bucket rule)
  skip S404 UPST: strategy already open (paper bucket rule)
2026-08-18 11:12:19,754 INFO   skip S404 UPST: strategy already open (paper bucket rule)
  skip S406 AFRM: strategy already open (paper bucket rule)
2026-08-18 11:12:19,754 INFO   skip S406 AFRM: strategy already open (paper bucket rule)
  skip S406 META: strategy already open (paper bucket rule)
2026-08-18 11:12:19,754 INFO   skip S406 META: strategy already open (paper bucket rule)
  skip S406 PATH: strategy already open (paper bucket rule)
2026-08-18 11:12:19,755 INFO   skip S406 PATH: strategy already open (paper bucket rule)
  skip S406 TSLA: strategy already open (paper bucket rule)
2026-08-18 11:12:19,755 INFO   skip S406 TSLA: strategy already open (paper bucket rule)
  skip S218 NKE: strategy already open (paper bucket rule)
2026-08-18 11:12:19,755 INFO   skip S218 NKE: strategy already open (paper bucket rule)
  skip S218 PG: strategy already open (paper bucket rule)
2026-08-18 11:12:19,755 INFO   skip S218 PG: strategy already open (paper bucket rule)
  skip S210 AXP: strategy already open (paper bucket rule)
2026-08-18 11:12:19,755 INFO   skip S210 AXP: strategy already open (paper bucket rule)
  skip S210 CELH: strategy already open (paper bucket rule)
2026-08-18 11:12:19,755 INFO   skip S210 CELH: strategy already open (paper bucket rule)
  skip S210 HOOD: strategy already open (paper bucket rule)
2026-08-18 11:12:19,755 INFO   skip S210 HOOD: strategy already open (paper bucket rule)
  skip S210 UNP: strategy already open (paper bucket rule)
2026-08-18 11:12:19,755 INFO   skip S210 UNP: strategy already open (paper bucket rule)
Live micro done. open_options=3 lots=4
2026-08-18 11:12:19,814 INFO Live micro done. open_options=3 lots=4
