13:05:54  INFO      Mode: summary

+========================================================================+
|  RUBBER BAND BOT  v8                                                   |
+------------------------------------------------------------------------+
|  Mode                                                           SUMMARY|
|  Time                                                         13:05 UTC|
|  Regime                                                            BULL|
|  Universe                                                          both|
|  Equity                                                         $465.51|
+========================================================================+

+========================================================================+
|                             ACCOUNT STATUS                             |
+========================================================================+
|  Equity                                                         $465.51|
|  Cash                                                           $209.49|
|  Regime                                                            BULL|
|  Universe                                                          both|
|  Total invested                                                 $256.02|
|  Open P&L                                                        $-0.07|
+========================================================================+

+========================================================================+
|                        HOLDINGS  (3 positions)                         |
+========================================================================+
|  TICKER   STRATEGY        INVESTED   ENTRY    NOW      P&L%    P&L$    |
+------------------------------------------------------------------------+
|  ACGL     Pullback50      $68.96     $97.48   $97.50   +0.0%   $+0.01  |
|  AES      Pullback50      $93.74     $14.72   $14.67   -0.4%   $-0.35  |
|  AFL      Pullback50      $93.31     $120.39  $120.73  +0.3%   $+0.26  |
|                                                                        |
|  Total invested                                                 $256.02|
|  Total open P&L                                                  $-0.07|
+========================================================================+

+========================================================================+
|                        EXIT LOGIC ACTIVE  (v8)                         |
+========================================================================+
|  Profit target                              price > 20-day MA (midline)|
|  Stop loss                                             -0.5% from entry|
|  Time stop                                          max 3 calendar days|
+========================================================================+

+========================================================================+
|                          RECENT TRANSACTIONS                           |
+========================================================================+
|  2026-08-12  SELL  ALGN  Pullback50  $93.06  P&L $-0.12                |
|  2026-08-12  SELL  AKAM  Pullback50  $93.09  P&L $-0.17                |
|  2026-08-12  SELL  AXP  Pullback50  $94.12  P&L $+0.93                 |
|  2026-08-12  SELL  ADM  Pullback50  $12.64  P&L $-0.12                 |
|  2026-08-12  SELL  EXR  Pullback50  $68.70  P&L $-0.36                 |
|  2026-08-11  SELL  DHI  Pullback50  $93.11  P&L $-0.11                 |
+========================================================================+
