Traceback (most recent call last):
  File "/home/runner/work/TradingBot/TradingBot/scripts/init_options_trial.py", line 15, in <module>
    from local_docs import local_docs
ModuleNotFoundError: No module named 'local_docs'
=== options_morning_bot (PAPER) 2026-07-10T10:35:44.190451-04:00 ===

[Run context]
Paper auth OK — equity $138926.34, account PA36KS87UPRS

[Setup]
Active buckets: 100 | Strategies: S173, S174, S165, S166, S163
  EXIT [b0|orphan_reconcile|ORPHAN] stop_loss (-100.0%) market failed MRNA260710C00085000: {"code":40310000,"message":"order has been rejected due to no available quote for symbol. please reenter with a limit"}
  EXIT [b0|orphan_reconcile|ORPHAN] stop_loss (-100.0%) market failed BA260710C00237500: {"code":40310000,"message":"order has been rejected due to no available quote for symbol. please reenter with a limit"}

[Scan + entries]
Scanning 903 symbols for [S173, S174, S165, S166, S163] …
Fetched daily bars for 903/903 symbols
Found 33 signal(s); top: ['S173:ADI', 'S173:AMAT', 'S173:T', 'S173:CIEN', 'S173:GIS', 'S173:KLAC', 'S173:LRCX', 'S173:MU']
Paper lab: $138562 broker equity -> 100 bucket(s) ($500 virtual each, unlimited paper)
  Skipped: 28 no tradeable call, 137 already attempted today
Placed 0 new entry order(s).

[Portfolio snapshot]
+========================================================================+
|  OPTIONS BOT SUMMARY                                                   |
+------------------------------------------------------------------------+
|  Mode                          entry+manage                            |
|  Equity                        $138,926.34                             |
|  Signals this run              33                                      |
|  Orders submitted (session)    32                                      |
|  Orders filled today (ledger)  0                                       |
|  Entries placed this run       0                                       |
|  Open virtual lots             8                                       |
|  Broker option positions       8                                       |
|  Unattributed contracts        18 (orphan reconcile)                   |
|  Pending orders                0                                       |
+========================================================================+
+========================================================================+
|  BUCKET LEADERBOARD                                                    |
+------------------------------------------------------------------------+
|  All-time  trades=68  buckets=39  win=81%                              |
|  Returns   avg=+36.9%  med=+36.5%  p10=-79.3%  p90=+70.8%              |
|  Realized  $+9,850.58                                                  |
|  Today     trades=16  avg=+27.9%  med=-74.8%  real=$+7,696.05          |
+------------------------------------------------------------------------+
|  BKT PROFILE               N  WIN  AVG%   MED%   BEST%  REAL$          |
+------------------------------------------------------------------------+
|  b70  c070_s165_w3_1045_  1 100% +59.1 +59.1 +59.1 $    +28            |
|  b58  c058_s163_w3_1045_  1 100% +59.1 +59.1 +59.1 $    +25            |
|  b73  c073_s166_w2_1005_  1 100% +55.6 +55.6 +55.6 $    +36            |
|  b82  c082_s173_w3_1045_  1 100% +55.6 +55.6 +55.6 $    +36            |
|  b92  c092_s166_w1_0928_  2 100% +53.6 +53.6 +70.8 $    +95            |
|  b93  c093_s166_w2_1005_  2 100% +53.6 +53.6 +70.8 $    +95            |
|  b95  c095_s166_w4_1120_  2 100% +50.5 +50.5 +70.8 $    +95            |
|  b96  c096_s163_w1_0928_  2 100% +50.5 +50.5 +70.8 $    +95            |
|  ... 31 more bucket(s) with exits                                      |
+------------------------------------------------------------------------+
|  Low  b78  c078_s163_w3_1045_  1   0% -23.3 -23.3 -23.3 $    -19       |
+========================================================================+
+========================================================================+
|  OPEN OPTIONS (8)                                                      |
+------------------------------------------------------------------------+
|  SYMBOL                      QTY    RET%        OPEN P&L               |
|------------------------------------------------------------------------|
|  MRNA260710C00085000          54   -100.0%   $ -1,667.00               |
|  BA260710C00237500            22   -100.0%   $   -466.00               |
|  INTC260713C00115000          22    -22.8%   $   -312.00               |
|  PLTR260717C00139000           5    -38.4%   $   -140.00               |
|  T260717C00021000              8    +24.0%   $    +62.00               |
|  INTC260713C00114000           7    -10.4%   $    -53.00               |
|  PSKY260717C00010000           5    -25.0%   $    -10.00               |
|  T260710C00021000              5     +0.0%   $     +0.00               |
+========================================================================+
Full detail: logs/options_trial/runs/2026-07-10.log
elapsed=36.2s reconcile=0.17s cancel=0.03s manage=2.56s scan=31.12s entries=2.04s
STATUS: options_morning_bot run complete (PAPER) elapsed=36.2s. run=#3593 https://github.com/28twagg-ops/TradingBot/actions/runs/29100370896
Wrote /home/runner/work/TradingBot/TradingBot/logs/options_trial/reports/2026-07-10_buckets.md
Wrote /home/runner/work/TradingBot/TradingBot/logs/options_trial/reports/2026-07-10_buckets.csv
Summary: 1 buckets closed trades, $+7,696.05 realized
Wrote /home/runner/work/TradingBot/TradingBot/logs/options_trial/reports/2026-07-10_strategy_selection.md
Wrote /home/runner/work/TradingBot/TradingBot/logs/options_trial/reports/2026-07-10_strategy_selection.csv
Summary: keep=0 watch=5 drop=0
