19:21:11  INFO      Mode: exits
19:21:11  INFO        Daily log -> logs/daily/2026-09-24.md
19:21:11  INFO        Daily log reconciled -> logs/daily/2026-09-24.md (3 ledger rows)
19:21:12  INFO        place_all_stops: checking 2 positions...
19:21:12  INFO        STOP already live AES @ $14.76
19:21:12  INFO        STOP skipped COP: fractional (0.2639 shares) — software exit will handle it
19:21:12  INFO        [positions] 2/2 (2 valid)
19:21:12  INFO        Daily log -> logs/daily/2026-09-24.md

+========================================================================+
|  RUBBER BAND BOT  v8                                                   |
+------------------------------------------------------------------------+
|  Mode                                                             EXITS|
|  Time                                                         19:21 UTC|
|  Regime                                                            BULL|
|  Universe                                                          both|
|  Equity                                                         $225.19|
+========================================================================+

+========================================================================+
|                           STOCKS EXIT CHECK                            |
+========================================================================+
|  Exit logic                   stop-0.5% / 3d max  (midline at EOD only)|
+------------------------------------------------------------------------+
|  AES  P&L +0.2%  $+0.06                                            HOLD|
|  COP  P&L +1.5%  $+0.52                                            HOLD|
+========================================================================+

+========================================================================+
|                            EXIT RUN SUMMARY                            |
+========================================================================+
|  Mode                                                             exits|
|  Candidates                                                           2|
|  Deferred/Skipped                                      already logged 0|
|  Data skips                                             no price data 0|
|  Se~  0 attempted  |  0 filled  |  0 partial  |  0 pending  |  0 failed|
|  Holds                                                                2|
|  Logged exits                                                         0|
+========================================================================+

+========================================================================+
|            OPTIONS SLEEVE  (managed by options_live_micro)             |
+========================================================================+
|                                                                        |
|  No open option positions.                                             |
|                                                                        |
+========================================================================+

+========================================================================+
|                      STOP-LOSS BREACHES THIS RUN                       |
+========================================================================+
|  None                                                                  |
+========================================================================+
|  Stop-loss look file                  logs/stop_losses_to_look_into.txt|
|  New investigations added                                             0|
+========================================================================+
