14:20:53  INFO      Mode: exits
14:20:54  INFO        Daily log -> logs/daily/2026-08-12.md
14:20:54  INFO        Daily log reconciled -> logs/daily/2026-08-12.md (1 ledger rows)
14:20:54  INFO        place_all_stops: checking 4 positions...
14:20:54  INFO        STOP skipped ADM: fractional (0.1586 shares) — software exit will handle it
14:20:54  INFO        STOP already live AES @ $14.65
14:20:54  INFO        STOP skipped AFL: fractional (0.7729 shares) — software exit will handle it
14:20:54  INFO        STOP skipped AXP: fractional (0.2736 shares) — software exit will handle it
14:20:54  INFO        [positions] 4/4 (4 valid)
14:20:54  INFO        SELL MARKET [urgent] ADM closed
14:20:57  INFO        TX logged: SELL ADM  P&L -0.97%
14:20:57  INFO        Daily log -> logs/daily/2026-08-12.md

+========================================================================+
|  RUBBER BAND BOT  v8                                                   |
+------------------------------------------------------------------------+
|  Mode                                                             EXITS|
|  Time                                                         14:20 UTC|
|  Regime                                                            BULL|
|  Universe                                                          both|
|  Equity                                                         $465.52|
+========================================================================+

+========================================================================+
|                               EXIT CHECK                               |
+========================================================================+
|  Exit logic                   stop-0.5% / 3d max  (midline at EOD only)|
+------------------------------------------------------------------------+
|  ADM  P&L -1.0%  $-0.12                         EXIT: stop_loss (-1.0%)|
|  AXP  P&L -0.1%  $-0.11                                            HOLD|
|  AES  P&L +0.1%  $+0.10                                            HOLD|
|  AFL  P&L +0.5%  $+0.48                                            HOLD|
+========================================================================+

+========================================================================+
|                            EXIT RUN SUMMARY                            |
+========================================================================+
|  Mode                                                             exits|
|  Candidates                                                           4|
|  Deferred/Skipped                                      already logged 0|
|  Data skips                                             no price data 0|
|  Se~  1 attempted  |  1 filled  |  0 partial  |  0 pending  |  0 failed|
|  Holds                                                                3|
|  Logged exits                                                         1|
+========================================================================+

+========================================================================+
|                      STOP-LOSS BREACHES THIS RUN                       |
+========================================================================+
|  ADM                                         -0.97%  (threshold -0.50%)|
|  Count                                                                1|
+========================================================================+
|  Stop-loss look file                  logs/stop_losses_to_look_into.txt|
|  New investigations added                                             0|
+========================================================================+
