14:01:16  INFO      Mode: exits
14:01:16  INFO        Daily log -> logs/daily/2026-09-29.md
14:01:16  INFO        Daily log reconciled -> logs/daily/2026-09-29.md (1 ledger rows)
14:01:16  INFO        place_all_stops: checking 2 positions...
14:01:16  INFO        STOP skipped AYI: fractional (0.1098 shares) — software exit will handle it
14:01:16  INFO        STOP skipped NNN: fractional (0.8102 shares) — software exit will handle it
14:01:17  INFO        [positions] 2/2 (2 valid)
14:01:17  INFO        Daily log -> logs/daily/2026-09-29.md

+========================================================================+
|  RUBBER BAND BOT  v8                                                   |
+------------------------------------------------------------------------+
|  Mode                                                             EXITS|
|  Time                                                         14:01 UTC|
|  Regime                                                            BULL|
|  Universe                                                          both|
|  Equity                                                         $223.50|
+========================================================================+

+========================================================================+
|                           STOCKS EXIT CHECK                            |
+========================================================================+
|  Exit logic                   stop-0.5% / 3d max  (midline at EOD only)|
+------------------------------------------------------------------------+
|  AYI  P&L -0.4%  $-0.12                                            HOLD|
|  NNN  P&L +0.0%  $+0.01                                            HOLD|
+========================================================================+

+========================================================================+
|                            EXIT RUN SUMMARY                            |
+========================================================================+
|  Mode                                                             exits|
|  Candidates                                                           2|
|  Deferred/Skipped                                      already logged 0|
|  Data skips                                             no price data 0|
|  Se~  0 attempted  |  0 filled  |  0 partial  |  0 pending  |  0 failed|
|  Holds                                                                2|
|  Logged exits                                                         0|
+========================================================================+

+========================================================================+
|            OPTIONS SLEEVE  (managed by options_live_micro)             |
+========================================================================+
|                                                                        |
|  No open option positions.                                             |
|                                                                        |
+========================================================================+

+========================================================================+
|                      STOP-LOSS BREACHES THIS RUN                       |
+========================================================================+
|  None                                                                  |
+========================================================================+
|  Stop-loss look file                  logs/stop_losses_to_look_into.txt|
|  New investigations added                                             0|
+========================================================================+
