13:31:11  INFO      Mode: morning_prep
13:31:13  INFO        [prep_positions] 3/3 (3 valid)
13:31:13  INFO      Fetching tickers (universe=both)...
13:31:14  INFO        S&P 500: 503
13:31:14  INFO        MidCap 400: 400
13:31:14  INFO        Total: 903 tickers
13:31:15  INFO        [prep_universe] 40/900 (40 valid)
13:31:17  INFO        [prep_universe] 80/900 (80 valid)
13:31:18  INFO        [prep_universe] 120/900 (120 valid)
13:31:20  INFO        [prep_universe] 160/900 (160 valid)
13:31:21  INFO        [prep_universe] 200/900 (199 valid)
13:31:28  INFO        [prep_universe] 240/900 (238 valid)
13:31:39  INFO        [prep_universe] 280/900 (278 valid)
13:31:52  INFO        [prep_universe] 320/900 (318 valid)
13:32:03  INFO        [prep_universe] 360/900 (358 valid)
13:32:16  INFO        [prep_universe] 400/900 (398 valid)
13:32:27  INFO        [prep_universe] 440/900 (438 valid)
13:32:40  INFO        [prep_universe] 480/900 (478 valid)
13:32:50  INFO        [prep_universe] 520/900 (518 valid)
13:33:04  INFO        [prep_universe] 560/900 (558 valid)
13:33:14  INFO        [prep_universe] 600/900 (598 valid)
13:33:28  INFO        [prep_universe] 640/900 (638 valid)
13:33:38  INFO        [prep_universe] 680/900 (678 valid)
13:33:51  INFO        [prep_universe] 720/900 (718 valid)
13:34:05  INFO        [prep_universe] 760/900 (758 valid)
13:34:15  INFO        [prep_universe] 800/900 (798 valid)
13:34:29  INFO        [prep_universe] 840/900 (838 valid)
13:34:39  INFO        [prep_universe] 880/900 (878 valid)
13:34:46  INFO        [prep_universe] 900/900 (898 valid)

+========================================================================+
|  RUBBER BAND BOT  v8                                                   |
+------------------------------------------------------------------------+
|  Mode                                                      MORNING_PREP|
|  Time                                                         13:31 UTC|
|  Regime                                                            BULL|
|  Universe                                                          both|
|  Equity                                                         $225.58|
+========================================================================+

+========================================================================+
|                              MORNING PREP                              |
+========================================================================+
|  Goal                   Precompute exits/signals for next execution run|
|  Plan file                                 logs/plans/morning_plan.json|
|  Regime                                                            BULL|
+========================================================================+

+========================================================================+
|                       OPEN POSITION P&L SNAPSHOT                       |
+========================================================================+
|  Open positions                                                       3|
|  Invested                                                       $102.46|
|  Open P&L                                                        $+1.61|
|  TICKER   STRATEGY        INVESTED   ENTRY    NOW      P&L%    P&L$    |
+------------------------------------------------------------------------+
|  CIEN     MomReversal     $34.38     $350.60  $358.62  +2.3%   $+0.77  |
|  CTAS     Pullback50      $33.63     $198.92  $198.98  +0.0%   $+0.01  |
|  RBC      MomReversal     $34.45     $484.91  $496.83  +2.5%   $+0.83  |
+========================================================================+

+========================================================================+
|                            OPEN SELL ORDERS                            |
+========================================================================+
|  Count                                                                0|
|                                                                        |
|  No open sell orders.                                                  |
|                                                                        |
+========================================================================+

+========================================================================+
|                              PREP SUMMARY                              |
+========================================================================+
|  Saved                                                              yes|
|  Exit candidates                                                      1|
|  Signal candidates                                                   17|
|  Universe scanned                                                   900|
+========================================================================+
