13:31:12  INFO      Mode: morning_prep
13:31:13  INFO        [prep_positions] 2/2 (2 valid)
13:31:13  INFO      Fetching tickers (universe=both)...
13:31:13  INFO        S&P 500: 503
13:31:13  INFO        MidCap 400: 400
13:31:13  INFO        Total: 903 tickers
13:31:14  INFO        [prep_universe] 40/901 (40 valid)
13:31:16  INFO        [prep_universe] 80/901 (80 valid)
13:31:17  INFO        [prep_universe] 120/901 (120 valid)
13:31:18  INFO        [prep_universe] 160/901 (160 valid)
13:31:19  INFO        [prep_universe] 200/901 (199 valid)
13:31:27  INFO        [prep_universe] 240/901 (238 valid)
13:31:39  INFO        [prep_universe] 280/901 (278 valid)
13:31:52  INFO        [prep_universe] 320/901 (318 valid)
13:32:02  INFO        [prep_universe] 360/901 (358 valid)
13:32:16  INFO        [prep_universe] 400/901 (398 valid)
13:32:28  INFO        [prep_universe] 440/901 (438 valid)
13:32:38  INFO        [prep_universe] 480/901 (478 valid)
13:32:51  INFO        [prep_universe] 520/901 (518 valid)
13:33:04  INFO        [prep_universe] 560/901 (558 valid)
13:33:14  INFO        [prep_universe] 600/901 (598 valid)
13:33:27  INFO        [prep_universe] 640/901 (638 valid)
13:33:40  INFO        [prep_universe] 680/901 (678 valid)
13:33:50  INFO        [prep_universe] 720/901 (718 valid)
13:34:03  INFO        [prep_universe] 760/901 (758 valid)
13:34:16  INFO        [prep_universe] 800/901 (798 valid)
13:34:29  INFO        [prep_universe] 840/901 (838 valid)
13:34:39  INFO        [prep_universe] 880/901 (878 valid)
13:34:45  INFO        [prep_universe] 901/901 (899 valid)

+========================================================================+
|  RUBBER BAND BOT  v8                                                   |
+------------------------------------------------------------------------+
|  Mode                                                      MORNING_PREP|
|  Time                                                         13:31 UTC|
|  Regime                                                            BULL|
|  Universe                                                          both|
|  Equity                                                         $225.45|
+========================================================================+

+========================================================================+
|                              MORNING PREP                              |
+========================================================================+
|  Goal                   Precompute exits/signals for next execution run|
|  Plan file                                 logs/plans/morning_plan.json|
|  Regime                                                            BULL|
+========================================================================+

+========================================================================+
|                       OPEN POSITION P&L SNAPSHOT                       |
+========================================================================+
|  Open positions                                                       2|
|  Invested                                                        $68.36|
|  Open P&L                                                        $+0.34|
|  TICKER   STRATEGY        INVESTED   ENTRY    NOW      P&L%    P&L$    |
+------------------------------------------------------------------------+
|  AAL      MomReversal     $34.14     $12.91   $12.93   +0.1%   $+0.04  |
|  ALLE     Pullback50      $34.22     $153.74  $155.11  +0.9%   $+0.30  |
+========================================================================+

+========================================================================+
|                            OPEN SELL ORDERS                            |
+========================================================================+
|  Count                                                                1|
|  TICKER    TYPE              QTY       LIMIT       STOP                |
+------------------------------------------------------------------------+
|  AAL       OrderType.STOP    2         None        12.7                |
+========================================================================+

+========================================================================+
|                              PREP SUMMARY                              |
+========================================================================+
|  Saved                                                              yes|
|  Exit candidates                                                      0|
|  Signal candidates                                                   22|
|  Universe scanned                                                   901|
+========================================================================+
