13:05:47  INFO      Mode: summary

+========================================================================+
|  RUBBER BAND BOT  v8                                                   |
+------------------------------------------------------------------------+
|  Mode                                                           SUMMARY|
|  Time                                                         13:05 UTC|
|  Regime                                                            BULL|
|  Universe                                                          both|
|  Equity                                                         $466.60|
+========================================================================+

+========================================================================+
|                             ACCOUNT STATUS                             |
+========================================================================+
|  Equity                                                         $466.60|
|  Cash                                                           $153.29|
|  Regime                                                            BULL|
|  Universe                                                          both|
|  Total invested                                                 $313.31|
|  Open P&L                                                        $-0.01|
+========================================================================+

+========================================================================+
|                        HOLDINGS  (4 positions)                         |
+========================================================================+
|  TICKER   STRATEGY        INVESTED   ENTRY    NOW      P&L%    P&L$    |
+------------------------------------------------------------------------+
|  APG      MomReversal     $30.93     $38.85   $38.00   -2.2%   $-0.69  |
|  CINF     Pullback50      $95.53     $175.04  $178.00  +1.7%   $+1.59  |
|  MP       MomReversal     $93.97     $41.37   $41.41   +0.1%   $+0.08  |
|  PWR      EarningsDrift   $92.89     $667.29  $660.25  -1.1%   $-0.99  |
|                                                                        |
|  Total invested                                                 $313.31|
|  Total open P&L                                                  $-0.01|
+========================================================================+

+========================================================================+
|                        EXIT LOGIC ACTIVE  (v8)                         |
+========================================================================+
|  Profit target                              price > 20-day MA (midline)|
|  Stop loss                                             -0.5% from entry|
|  Time stop                                          max 3 calendar days|
+========================================================================+

+========================================================================+
|                          RECENT TRANSACTIONS                           |
+========================================================================+
|  2026-07-31  SELL  MPWR  EarningsDrift  $94.50  P&L $+0.30             |
|  2026-07-31  SELL  LECO  EarningsDrift  $93.79  P&L $-0.10             |
|  2026-07-31  SELL  NVT  EarningsDrift  $89.90  P&L $-0.43              |
|  2026-07-31  SELL  AVB  Pullback50  $93.36  P&L $-0.58                 |
|  2026-07-31  SELL  CI  Pullback50  $93.26  P&L $-0.49                  |
|  2026-07-31  SELL  FFIV  Pullback50  $91.92  P&L $-0.54                |
+========================================================================+
