Layout: controlled:100:c000_s173_w1_0928_1005_r1
Trial layout: /home/runner/work/TradingBot/TradingBot/logs/options_trial
Docs:         skipped (local docs unavailable on this runner)
Buckets:      100
=== options_morning_bot (PAPER) 2026-07-13T14:55:36.557273-04:00 ===

[Run context]
Paper auth OK — equity $130475.47, account PA36KS87UPRS

[Setup]
Active buckets: 100 | Strategies: S173, S174, S165, S166, S163

[Manage only]
Past entry window; manage/exit only.

[Portfolio snapshot]
+========================================================================+
|  OPTIONS BOT SUMMARY                                                   |
+------------------------------------------------------------------------+
|  Mode                          manage-only                             |
|  Equity                        $130,475.47                             |
|  Signals this run              0                                       |
|  Orders submitted (session)    44                                      |
|  Orders filled today (ledger)  68                                      |
|  Entries placed this run       0                                       |
|  Open virtual lots             63                                      |
|  Broker option positions       7                                       |
|  Pending orders                0                                       |
+========================================================================+
+========================================================================+
|  BUCKET LEADERBOARD                                                    |
+------------------------------------------------------------------------+
|  All-time  trades=185  buckets=57  win=54%                             |
|  Returns   avg=+13.8%  med=+10.8%  p10=-84.5%  p90=+69.8%              |
|  Realized  $+6,161.58                                                  |
|  Today     trades=45  avg=+29.9%  med=-49.1%  real=$-714.00            |
+------------------------------------------------------------------------+
|  BKT PROFILE               N  WIN  AVG%   MED%   BEST%  REAL$          |
+------------------------------------------------------------------------+
|  b62  c062_s173_w3_1045_  3  67% +713.3 +1100.0 +1100.0 $   +107       |
|  b60  c060_s173_w1_0928_  2 100% +87.7 +87.7 +96.7 $    +55            |
|  b40  c040_s173_w1_0928_  2 100% +68.8 +68.8 +83.3 $    +44            |
|  b70  c070_s165_w3_1045_  1 100% +59.1 +59.1 +59.1 $    +28            |
|  b58  c058_s163_w3_1045_  1 100% +59.1 +59.1 +59.1 $    +25            |
|  b73  c073_s166_w2_1005_  1 100% +55.6 +55.6 +55.6 $    +36            |
|  b20  c020_s173_w1_0928_  1 100% +54.3 +54.3 +54.3 $    +19            |
|  b92  c092_s166_w1_0928_  2 100% +53.6 +53.6 +70.8 $    +95            |
|  ... 49 more bucket(s) with exits                                      |
+------------------------------------------------------------------------+
|  Low  b64  c064_s174_w1_0928_  4  25% -61.4 -93.3 -93.3 $   -141       |
+========================================================================+
+========================================================================+
|  PENDING EXITS (4)                                                     |
+------------------------------------------------------------------------+
|  b85  S174 INTC260713C00114000 x1 stop_loss (-91.7%)                   |
|  b70  S165 INTC260713C00115000 x1 stop_loss (-98.3%)                   |
|  b42  S173 AMD260713C00560000 x1 stop_loss (-69.8%)                    |
|  b68  S165 INTC260715C00113000 x1 stop_loss (-50.5%)                   |
+========================================================================+
+========================================================================+
|  OPEN OPTIONS (7)                                                      |
+------------------------------------------------------------------------+
|  SYMBOL                      QTY    RET%        OPEN P&L               |
|------------------------------------------------------------------------|
|  INTC260713C00115000          29   -100.0%   $ -1,720.06               |
|  INTC260713C00114000           8   -100.0%   $   -575.47               |
|  AMD260713C00560000            7   -100.0%   $   -440.13               |
|  INTC260715C00113000           7    -50.5%   $   -200.20               |
|  SMCI260717C00029000           8    -32.0%   $   -162.00               |
|  HL260717C00015000             3    -21.6%   $    -43.00               |
|  NEM260717C00100000            1    -42.4%   $    -14.00               |
+========================================================================+
Full detail: logs/options_trial/runs/2026-07-13.log
elapsed=4.6s reconcile=3.51s cancel=0.05s manage=0.76s
STATUS: options_morning_bot run complete (PAPER) elapsed=4.6s. run=#3775 https://github.com/28twagg-ops/TradingBot/actions/runs/29276396676
Wrote /home/runner/work/TradingBot/TradingBot/logs/options_trial/reports/2026-07-13_buckets.md
Wrote /home/runner/work/TradingBot/TradingBot/logs/options_trial/reports/2026-07-13_buckets.csv
Summary: 17 buckets closed trades, $-714.00 realized
Wrote /home/runner/work/TradingBot/TradingBot/logs/options_trial/reports/2026-07-13_strategy_selection.md
Wrote /home/runner/work/TradingBot/TradingBot/logs/options_trial/reports/2026-07-13_strategy_selection.csv
Summary: keep=0 watch=4 drop=1
