Trial layout: /home/runner/work/TradingBot/TradingBot/logs/options_trial
Docs:         /home/runner/work/TradingBot/TradingBot/docs/options_trial
Buckets:      100
=== options_morning_bot (PAPER) 2026-07-09T11:21:18.737027-04:00 ===

[Run context]
Paper auth OK — equity $153703.25, account PA36KS87UPRS

[Setup]
Active buckets: 100 | Strategies: S173, S174, S165, S166, S163

[Scan + entries]
Scanning 903 symbols for [S173, S174, S165, S166, S163] …
Fetched daily bars for 903/903 symbols
Found 74 signal(s); top: ['S173:ACN', 'S173:ADBE', 'S173:AMZN', 'S173:APP', 'S173:ADSK', 'S173:ADP', 'S173:AXON', 'S173:CHTR']
Paper lab: $153065 broker equity -> 100 bucket(s) ($500 virtual each, unlimited paper)
  Skipped: 15 no tradeable call, 335 already attempted today, 15 pending order
Placed 5 new entry order(s).

[Portfolio snapshot]
+========================================================================+
|  OPTIONS BOT SUMMARY                                                   |
+------------------------------------------------------------------------+
|  Mode                          entry+manage                            |
|  Equity                        $153,703.25                             |
|  Signals this run              74                                      |
|  Entries placed                5                                       |
|  Open option positions         18                                      |
|  Pending orders                6                                       |
+========================================================================+
+========================================================================+
|  OPEN OPTIONS (18)                                                     |
+------------------------------------------------------------------------+
|  SYMBOL                      QTY    RET%        OPEN P&L               |
|------------------------------------------------------------------------|
|  AVGO260710C00400000          49   +704.7%   $+19,310.00               |
|  ANET260710C00185000          22   +959.7%   $ +5,758.00               |
|  GOOGL260710C00365000         75    -60.9%   $ -3,743.99               |
|  CCL260717C00026000           93    +50.5%   $ +3,528.00               |
|  MRNA260710C00085000          54    -83.8%   $ -1,397.00               |
|  PLTR260710C00136000          24    -81.5%   $   -636.00               |
|  GOOGL260710C00367500         24    -55.8%   $   -576.00               |
|  BA260710C00237500            22    -90.6%   $   -422.00               |
|  ... 10 more position(s)                                               |
+========================================================================+
Full detail: logs/options_trial/runs/2026-07-09.log
elapsed=31.9s reconcile=0.32s cancel=0.06s manage=0.06s scan=28.13s entries=2.96s
STATUS: options_morning_bot run complete (PAPER) elapsed=31.9s.
Wrote /home/runner/work/TradingBot/TradingBot/logs/options_trial/reports/2026-07-09_buckets.md
Wrote /home/runner/work/TradingBot/TradingBot/logs/options_trial/reports/2026-07-09_buckets.csv
Summary: 0 buckets closed trades, $+0.00 realized
Wrote /home/runner/work/TradingBot/TradingBot/logs/options_trial/reports/2026-07-09_strategy_selection.md
Wrote /home/runner/work/TradingBot/TradingBot/logs/options_trial/reports/2026-07-09_strategy_selection.csv
Summary: keep=0 watch=5 drop=0
