16:16:03  INFO      Mode: exits
16:16:03  INFO        place_all_stops: checking 3 positions...
16:16:03  INFO        STOP skipped AMZN: fractional (0.1353 shares) — software exit will handle it
16:16:03  INFO        STOP skipped FLEX: fractional (0.3161 shares) — software exit will handle it
16:16:03  INFO        STOP skipped LII: fractional (0.0895 shares) — software exit will handle it
16:16:03  INFO        [positions] 3/3 (3 valid)
16:16:03  INFO        SELL order cancelled FLEX  type=OrderType.MARKET  id=31881a43-474a-4f89-93ba-f2e88a31e457
16:16:03  INFO        SELL LIMIT FLEX  qty=0.31607724  limit=$109.29  id=cb686d47-5af8-4eeb-b987-fb1893cd4c16
16:16:23  INFO        SELL LIMIT not filled for FLEX, falling back to market
16:16:23  INFO        SELL MARKET FLEX closed
16:16:25  INFO        SELL order cancelled LII  type=OrderType.MARKET  id=4f82b226-87ec-497a-a9ff-a0e53ec6301c
16:16:26  INFO        SELL LIMIT LII  qty=0.089467389  limit=$389.75  id=f5607eec-836e-49c3-9686-07113b344791
16:16:46  INFO        SELL LIMIT not filled for LII, falling back to market
16:16:46  INFO        SELL MARKET LII closed
16:16:48  INFO        SELL order cancelled AMZN  type=OrderType.MARKET  id=5da1a3a1-4ae5-4fd4-aeac-43f9568853b6
16:16:48  INFO        SELL LIMIT AMZN  qty=0.135349882  limit=$257.99  id=4885e360-3f26-4281-b040-8bbaed9766d8
16:17:08  INFO        SELL LIMIT not filled for AMZN, falling back to market
16:17:08  INFO        SELL MARKET AMZN closed
16:17:10  INFO        Daily log -> logs/daily/2026-09-07.md

+========================================================================+
|  RUBBER BAND BOT  v8                                                   |
+------------------------------------------------------------------------+
|  Mode                                                             EXITS|
|  Time                                                         16:16 UTC|
|  Regime                                                            BULL|
|  Universe                                                          both|
|  Equity                                                         $230.56|
+========================================================================+

+========================================================================+
|                           STOCKS EXIT CHECK                            |
+========================================================================+
|  Exit logic                   stop-0.5% / 3d max  (midline at EOD only)|
+------------------------------------------------------------------------+
|  FLEX  P&L +0.1%  $+0.04                      EXIT: max_hold 3d (+0.1%)|
|  FLEX         PARTIAL SELL (0.3161 sh remain) — will retry this session|
|  LII  P&L +1.1%  $+0.38                       EXIT: max_hold 4d (+1.1%)|
|  LII          PARTIAL SELL (0.0895 sh remain) — will retry this session|
|  AMZN  P&L +1.2%  $+0.41                      EXIT: max_hold 5d (+1.2%)|
|  AMZN         PARTIAL SELL (0.1353 sh remain) — will retry this session|
+========================================================================+

+========================================================================+
|                            EXIT RUN SUMMARY                            |
+========================================================================+
|  Mode                                                             exits|
|  Candidates                                                           3|
|  Deferred/Skipped                                      already logged 0|
|  Data skips                                             no price data 0|
|  Se~  3 attempted  |  0 filled  |  3 partial  |  0 pending  |  0 failed|
|  Holds                                                                0|
|  Logged exits                                                         0|
+========================================================================+

+========================================================================+
|            OPTIONS SLEEVE  (managed by options_live_micro)             |
+========================================================================+
|                                                                        |
|  No open option positions.                                             |
|                                                                        |
+========================================================================+

+========================================================================+
|                      STOP-LOSS BREACHES THIS RUN                       |
+========================================================================+
|  None                                                                  |
+========================================================================+
|  Stop-loss look file                  logs/stop_losses_to_look_into.txt|
|  New investigations added                                             0|
+========================================================================+
