15:41:02  INFO      Mode: exits
15:41:02  INFO        place_all_stops: checking 3 positions...
15:41:02  INFO        STOP skipped AMZN: fractional (0.1353 shares) — software exit will handle it
15:41:02  INFO        STOP skipped FLEX: fractional (0.3161 shares) — software exit will handle it
15:41:02  INFO        STOP skipped LII: fractional (0.0895 shares) — software exit will handle it
15:41:03  INFO        [positions] 3/3 (3 valid)
15:41:03  INFO        SELL order cancelled FLEX  type=OrderType.MARKET  id=2f44786b-7ec5-4910-a15b-55ba7f0e5ff3
15:41:04  INFO        SELL LIMIT FLEX  qty=0.31607724  limit=$109.29  id=ece1d456-8e8f-4d88-a12c-c0d666a4e7a8
15:41:24  INFO        SELL LIMIT not filled for FLEX, falling back to market
15:41:24  INFO        SELL MARKET FLEX closed
15:41:26  INFO        SELL order cancelled LII  type=OrderType.MARKET  id=dc77a263-4bde-4913-ba6a-906b4cc217f6
15:41:26  INFO        SELL LIMIT LII  qty=0.089467389  limit=$389.75  id=45707b1a-4031-4ca2-be72-dd42302f0af3
15:41:47  INFO        SELL LIMIT not filled for LII, falling back to market
15:41:47  INFO        SELL MARKET LII closed
15:41:49  INFO        SELL order cancelled AMZN  type=OrderType.MARKET  id=5e3c203a-e05f-4e29-add3-434821d99ccb
15:41:49  INFO        SELL LIMIT AMZN  qty=0.135349882  limit=$257.99  id=ee99c2e7-5532-4bd0-b09e-91c936c1dcda
15:42:10  INFO        SELL LIMIT not filled for AMZN, falling back to market
15:42:10  INFO        SELL MARKET AMZN closed
15:42:12  INFO        Daily log -> logs/daily/2026-09-07.md

+========================================================================+
|  RUBBER BAND BOT  v8                                                   |
+------------------------------------------------------------------------+
|  Mode                                                             EXITS|
|  Time                                                         15:41 UTC|
|  Regime                                                            BULL|
|  Universe                                                          both|
|  Equity                                                         $230.56|
+========================================================================+

+========================================================================+
|                           STOCKS EXIT CHECK                            |
+========================================================================+
|  Exit logic                   stop-0.5% / 3d max  (midline at EOD only)|
+------------------------------------------------------------------------+
|  FLEX  P&L +0.1%  $+0.04                      EXIT: max_hold 3d (+0.1%)|
|  FLEX         PARTIAL SELL (0.3161 sh remain) — will retry this session|
|  LII  P&L +1.1%  $+0.38                       EXIT: max_hold 4d (+1.1%)|
|  LII          PARTIAL SELL (0.0895 sh remain) — will retry this session|
|  AMZN  P&L +1.2%  $+0.41                      EXIT: max_hold 5d (+1.2%)|
|  AMZN         PARTIAL SELL (0.1353 sh remain) — will retry this session|
+========================================================================+

+========================================================================+
|                            EXIT RUN SUMMARY                            |
+========================================================================+
|  Mode                                                             exits|
|  Candidates                                                           3|
|  Deferred/Skipped                                      already logged 0|
|  Data skips                                             no price data 0|
|  Se~  3 attempted  |  0 filled  |  3 partial  |  0 pending  |  0 failed|
|  Holds                                                                0|
|  Logged exits                                                         0|
+========================================================================+

+========================================================================+
|            OPTIONS SLEEVE  (managed by options_live_micro)             |
+========================================================================+
|                                                                        |
|  No open option positions.                                             |
|                                                                        |
+========================================================================+

+========================================================================+
|                      STOP-LOSS BREACHES THIS RUN                       |
+========================================================================+
|  None                                                                  |
+========================================================================+
|  Stop-loss look file                  logs/stop_losses_to_look_into.txt|
|  New investigations added                                             0|
+========================================================================+
