13:20:05  INFO      Mode: summary

+========================================================================+
|  RUBBER BAND BOT  v8                                                   |
+------------------------------------------------------------------------+
|  Mode                                                           SUMMARY|
|  Time                                                         13:20 UTC|
|  Regime                                                            BULL|
|  Universe                                                          both|
|  Equity                                                         $308.12|
+========================================================================+

+========================================================================+
|                             ACCOUNT STATUS                             |
+========================================================================+
|  Equity                                                         $308.12|
|  Cash                                                           $215.60|
|  Regime                                                            BULL|
|  Universe                                                          both|
|  Total invested                                                  $92.52|
|  Open P&L                                                        $+0.03|
+========================================================================+

+========================================================================+
|                     STOCK HOLDINGS  (2 positions)                      |
+========================================================================+
|  TICKER   STRATEGY        INVESTED   ENTRY    NOW      P&L%    P&L$    |
+------------------------------------------------------------------------+
|  AIG      Pullback50      $46.16     $77.55   $77.32   -0.3%   $-0.14  |
|  GOOGL    Pullback50      $46.36     $348.41  $349.68  +0.4%   $+0.17  |
|                                                                        |
|  Total invested                                                  $92.52|
|  Total open P&L                                                  $+0.03|
+========================================================================+

+========================================================================+
|                     OPTION HOLDINGS  (0 contracts)                     |
+========================================================================+
|                                                                        |
|  No open option positions.                                             |
|                                                                        |
+========================================================================+

+========================================================================+
|                        EXIT LOGIC ACTIVE  (v8)                         |
+========================================================================+
|  Profit target                              price > 20-day MA (midline)|
|  Stop loss                                             -0.5% from entry|
|  Time stop                                          max 3 calendar days|
+========================================================================+

+========================================================================+
|                          RECENT TRANSACTIONS                           |
+========================================================================+
|  2026-08-24  SELL  AES  Pullback50  $46.19  P&L $-0.00                 |
|  2026-08-24  SELL  AIG  Pullback50  $45.96  P&L $-0.27                 |
|  2026-08-24  SELL  AES  Pullback50  $46.23  P&L $-0.02                 |
|  2026-08-24  SELL  AXP  Pullback50  $46.21  P&L $-0.03                 |
|  2026-08-24  SELL  AON  Pullback50  $71.90  P&L $+2.18                 |
|  2026-08-24  SELL  DE  EarningsDrift  $46.18  P&L $+0.12               |
+========================================================================+
