options_reconcile: state=/home/runner/work/TradingBot/TradingBot/logs/options_trial/_state/lab_state.json
  open_lots=35 paper_keys=yes dry_run=False
  alpaca positions=12
options_reconcile: done
Layout: controlled:1024:lab0000_s200_w1_0928_1005_r1 (layout changed controlled:100:c000_s173_w1_0928_1005_r1 -> controlled:1024:lab0000_s200_w1_0928_1005_r1)
Trial layout: /home/runner/work/TradingBot/TradingBot/logs/options_trial
Docs:         skipped (local docs unavailable on this runner)
Buckets:      1024
=== options_morning_bot (PAPER) 2026-08-20T11:01:58.121134-04:00 ===

[Run context]
2026-08-20 11:01:58,277 WARNING paper get_account failed attempt 1/6 (transient): {"code":50010000,"message":"internal server error occurred"}; sleep 8s
2026-08-20 11:02:06,356 WARNING paper get_account failed attempt 2/6 (transient): {"code":50010000,"message":"internal server error occurred"}; sleep 16s
2026-08-20 11:02:22,431 WARNING paper get_account failed attempt 3/6 (transient): {"code":50010000,"message":"internal server error occurred"}; sleep 24s
2026-08-20 11:02:46,501 WARNING paper get_account failed attempt 4/6 (transient): {"code":50010000,"message":"internal server error occurred"}; sleep 32s
2026-08-20 11:03:18,570 WARNING paper get_account failed attempt 5/6 (transient): {"code":50010000,"message":"internal server error occurred"}; sleep 40s
2026-08-20 11:03:58,635 ERROR paper get_account failed after 6 attempts: {"code":50010000,"message":"internal server error occurred"}
WARN: get_account failed ({"code":50010000,"message":"internal server error occurred"}) but positions OK (n=12). Keys are fine; Alpaca account endpoint is flaky. Continuing manage/exits; skipping new entries until equity is readable.
2026-08-20 11:03:58,769 WARNING paper get_account failed attempt 1/6 (transient): {"code":50010000,"message":"internal server error occurred"}; sleep 8s
2026-08-20 11:04:06,820 WARNING paper get_account failed attempt 2/6 (transient): {"code":50010000,"message":"internal server error occurred"}; sleep 16s
2026-08-20 11:04:22,875 WARNING paper get_account failed attempt 3/6 (transient): {"code":50010000,"message":"internal server error occurred"}; sleep 24s
2026-08-20 11:04:46,932 WARNING paper get_account failed attempt 4/6 (transient): {"code":50010000,"message":"internal server error occurred"}; sleep 32s
2026-08-20 11:05:19,001 WARNING paper get_account failed attempt 5/6 (transient): {"code":50010000,"message":"internal server error occurred"}; sleep 40s
2026-08-20 11:05:59,059 ERROR paper get_account failed after 6 attempts: {"code":50010000,"message":"internal server error occurred"}
2026-08-20 11:05:59,130 WARNING lab get_account failed attempt 1/3: {"code":50010000,"message":"internal server error occurred"}
