14:25:40  INFO      Mode: exits
14:25:41  INFO        Daily log -> logs/daily/2026-07-14.md
14:25:41  INFO        Daily log reconciled -> logs/daily/2026-07-14.md (3 ledger rows)
14:25:41  INFO        place_all_stops: checking 3 positions...
14:25:41  INFO        STOP skipped CDNS: fractional (0.2548 shares) — software exit will handle it
14:25:41  INFO        STOP skipped HON: fractional (0.4281 shares) — software exit will handle it
14:25:41  INFO        STOP already live NI @ $46.83
14:25:42  INFO        [positions] 3/3 (3 valid)
14:25:42  INFO        SELL MARKET [urgent] HON closed
14:25:44  INFO        TX logged: SELL HON  P&L -0.6%
14:25:45  INFO        Daily log -> logs/daily/2026-07-14.md

+========================================================================+
|  RUBBER BAND BOT  v8                                                   |
+------------------------------------------------------------------------+
|  Mode                                                             EXITS|
|  Time                                                         14:25 UTC|
|  Regime                                                            BULL|
|  Universe                                                          both|
|  Equity                                                         $479.43|
+========================================================================+

+========================================================================+
|                               EXIT CHECK                               |
+========================================================================+
|  Exit logic                   stop-0.5% / 3d max  (midline at EOD only)|
+------------------------------------------------------------------------+
|  HON  P&L -0.6%  $-0.58                         EXIT: stop_loss (-0.6%)|
|  NI  P&L +0.3%  $+0.23                                             HOLD|
|  CDNS  P&L +0.3%  $+0.30                                           HOLD|
+========================================================================+

+========================================================================+
|                            EXIT RUN SUMMARY                            |
+========================================================================+
|  Mode                                                             exits|
|  Candidates                                                           3|
|  Deferred/Skipped                                      already logged 0|
|  Data skips                                             no price data 0|
|  Se~  1 attempted  |  1 filled  |  0 partial  |  0 pending  |  0 failed|
|  Holds                                                                2|
|  Logged exits                                                         1|
+========================================================================+

+========================================================================+
|                      STOP-LOSS BREACHES THIS RUN                       |
+========================================================================+
|  HON                                         -0.60%  (threshold -0.50%)|
|  Count                                                                1|
+========================================================================+
|  Stop-loss look file                  logs/stop_losses_to_look_into.txt|
|  New investigations added                                             0|
+========================================================================+
