options_reconcile: state=/home/runner/work/TradingBot/TradingBot/logs/options_trial/_state/lab_state.json
  open_lots=16 paper_keys=yes dry_run=False
  alpaca positions=19
  No missing lots.
options_reconcile: done
Layout: controlled:77:live_1to1+variations (layout changed controlled:100:c000_s173_w1_0928_1005_r1 -> controlled:77:live_1to1+variations)
Trial layout: /home/runner/work/TradingBot/TradingBot/logs/options_trial
Docs:         skipped (local docs unavailable on this runner)
Buckets:      77
PROBE OK: paper account status=AccountStatus.ACTIVE equity=$988,707.08
  buying_power=$3,834,635.71 cash=$973,899.57
  open option orders: 5
    OXY261009C00062000 OrderSide.SELL qty=1 status=OrderStatus.NEW limit=None
    NKE261023C00035000 OrderSide.SELL qty=1 status=OrderStatus.NEW limit=None
    NKE261016C00034000 OrderSide.SELL qty=1 status=OrderStatus.NEW limit=None
    COP261016C00135000 OrderSide.SELL qty=1 status=OrderStatus.NEW limit=None
    NKE261009C00035000 OrderSide.SELL qty=1 status=OrderStatus.NEW limit=None
  open option positions: 15
    COP261016C00135000 qty=1 mkt=$49.00
    CVNA261002C00066000 qty=-1 mkt=$-1.00
    CVNA261002C00068000 qty=-1 mkt=$-5.00
    CVNA261002C00069000 qty=2 mkt=$0.00
    CVX261002C00210000 qty=-1 mkt=$-1.00
PROBE: check-only pass (use --smoke-entry to place a test order)
=== options_morning_bot (PAPER) 2026-10-02T17:56:33.197132-04:00 ===

[Run context]
After hours (17:56 ET) — exit summary only.
Paper auth OK — equity $988707.08, account PA33P8KT02IL

[Exit summary]

[Portfolio snapshot]
+========================================================================+
|[OPTIONS BOT DAILY VITALS (MATRIX EXPERIMENT)]                          |
+========================================================================+
|-- ACCOUNT STATUS (after_hours) --                                      |
|Equity       : $988,707.08                                              |
|Open Risk    : 16 lots (15 broker pos)                                  |
|Today's Run  : 0 signals -> 0 orders submitted                          |
|                                                                        |
|-- SYSTEM HEALTH --                                                     |
|Zombies      : 0 (Ledger is clean)                                      |
|Lab Status   : 16 Active Lots | 0 Pending Orders                        |
|Auto-Matrix  : (Pending EOD report generation)                          |
+========================================================================+
+========================================================================+
|[DATA QUALITY: CLEAN vs ERRORS vs KEEP-ONLY]                            |
+========================================================================+
|  CLEAN              n=1613  win= 48.2%  med= -26.7%  $+18,218          |
|  TAINTED            n=1955  win= 33.0%  med= -40.0%  $-10,019          |
|  KEEP-only          n=784   win= 60.8%  med= +50.9%  $+12,082          |
|  KEEP recent        n=591   win= 59.2%  med= +53.3%  $+8,021           |
|  KEEP(23): S163,S164,S167,S168,S173,S174,S210,S350...                  |
|  KILL(21): ORPHAN,S202,S203,S207,S211,S212,S216,S217...                |
+========================================================================+
+========================================================================+
|[+++ OVERPERFORMING STRATEGIES (n>=10)]                                 |
+========================================================================+
|  BKT  PROFILE                   WIN%   MED%   TOTAL TRADES             |
|  ---------------------------------------------------------             |
|  b276 lab0276_s350_w1_0928..  70%  +102.9%    10                       |
|  b238 lab0238_s401_w3_1045..  81%  +100.0%    21                       |
|  b365 lab0365_s361_w2_1005..  92%  +82.8%    12                        |
|  b28  lab0028_s373_w2_1005..  77%  +80.0%    22                        |
+========================================================================+
|[--- UNDERPERFORMING STRATEGIES (n>=10)]                                |
+========================================================================+
|  BKT  PROFILE                   WIN%   MED%   TOTAL TRADES             |
|  ---------------------------------------------------------             |
|  b47  lab0047_s392_w2_1005..   4%  -78.0%    28                        |
|  b1   lab0001_s201_w2_1005..   0%  -65.8%    10                        |
|  b41  lab0041_s386_w2_1005..  12%  -65.3%    16                        |
|  b84  g084_mid_tp30_sl30      36%  -63.8%    14                        |
+========================================================================+
+========================================================================+
|[OPEN OPTIONS (15)]                                                     |
+========================================================================+
|  SYMBOL                      QTY    RET%        OPEN P&L               |
|  ---------------------------------------------------------             |
|  NKE261002C00038500            6   -100.0%   $   -334.00               |
|  OXY261002C00056000           -1   -744.4%   $   -201.00               |
|  CVNA261002C00069000           2   -100.0%   $    -76.00               |
|  DKNG261016C00023500           1    -97.7%   $    -42.00               |
|  CVX261002C00210000           -1    +97.0%   $    +32.00               |
|  CVX261016C00220000            1    -33.3%   $    -24.00               |
|  OXY261009C00058000            1    +32.9%   $    +24.00               |
|  DKNG261009C00022500          -1    +85.7%   $    +18.00               |
|  ... 7 more position(s)                                                |
+========================================================================+
Full detail: logs/options_trial/runs/2026-10-02.log
elapsed=1.3s reconcile=0.52s
STATUS: options_morning_bot after-hours summary (PAPER) elapsed=1.3s. run=#11798 https://github.com/28twagg-ops/TradingBot/actions/runs/37069609102
Evaluation complete: 100 strategies evaluated, 0 killed, 0 promote candidates.
Wrote /home/runner/work/TradingBot/TradingBot/logs/options_trial/reports/2026-10-02_buckets.md
Wrote /home/runner/work/TradingBot/TradingBot/logs/options_trial/reports/2026-10-02_buckets.csv
Summary: 6 buckets closed trades, $+31.00 realized
Wrote /home/runner/work/TradingBot/TradingBot/logs/options_trial/reports/2026-10-02_strategy_selection.md
Wrote /home/runner/work/TradingBot/TradingBot/logs/options_trial/reports/2026-10-02_strategy_selection.csv
Summary: keep=0 watch=76 drop=29
Orphan rate: 11.8% (422/3568) ALERT
# Options signal frequency

_Generated 2026-10-02T17:56:39.493862_

Headline counts are **unique (strategy, underlying, date)** from `ENTRY` lines in `logs/options_trial/runs/*.log`.
Raw log-line counts (multi-bucket duplicates) are shown below for debug.

### Unique underlying symbols per day (headline)

| Date       | S163 | S164 | S165 | S166 | S167 | S168 | S169 | S170 | S171 | S172 | S175 | S173 | S174 | Total |
|------------|-----:|-----:|-----:|-----:|-----:|-----:|-----:|-----:|-----:|-----:|-----:|-----:|-----:|------:|
| 2026-07-07 |    0 |    0 |    0 |    0 |    0 |    0 |    0 |    0 |    0 |    0 |    0 |    1 |    0 |     1 |
| 2026-07-08 |    0 |    0 |    3 |    0 |    0 |    0 |    0 |    0 |    0 |    0 |    0 |    2 |    1 |     6 |
| 2026-07-09 |    0 |    0 |    1 |    0 |    0 |    0 |    0 |    0 |    0 |    0 |    0 |    2 |    3 |     6 |
| 2026-07-10 |    0 |    0 |    1 |    0 |    0 |    0 |    0 |    0 |    0 |    0 |    0 |    1 |    1 |     3 |
| 2026-07-13 |    0 |    0 |    2 |    0 |    0 |    0 |    0 |    0 |    0 |    0 |    0 |    3 |    2 |     7 |
| 2026-07-14 |    0 |    0 |    3 |    0 |    0 |    0 |    0 |    0 |    0 |    0 |    0 |    2 |    0 |     5 |
| 2026-07-16 |    0 |    0 |    2 |    0 |    0 |    0 |    0 |    0 |    0 |    0 |    0 |    3 |    0 |     5 |
| 2026-07-17 |    0 |    0 |    2 |    0 |    0 |    0 |    0 |    0 |    0 |    0 |    0 |    2 |    0 |     4 |
| 2026-07-20 |    0 |    0 |    0 |    0 |    0 |    0 |    0 |    0 |    0 |    0 |    0 |    1 |    0 |     1 |
| 2026-07-21 |    1 |    2 |    1 |    1 |    2 |    2 |    0 |    0 |    0 |    0 |    0 |    0 |    0 |     9 |
| 2026-07-22 |    1 |    1 |    1 |    0 |    1 |    0 |    0 |    0 |    0 |    0 |    0 |    0 |    0 |     4 |
| 2026-07-24 |    1 |    1 |    1 |    0 |    1 |    1 |    0 |    0 |    0 |    0 |    0 |    0 |    0 |     5 |
| 2026-07-27 |    1 |    0 |    1 |    1 |    1 |    1 |    0 |    0 |    0 |    0 |    0 |    0 |    0 |     5 |
| 2026-07-28 |    1 |    1 |    1 |    1 |    1 |    1 |    0 |    0 |    0 |    0 |    0 |    0 |    0 |     6 |
| 2026-07-29 |    1 |    2 |    1 |    1 |    1 |    0 |    0 |    0 |    0 |    0 |    0 |    0 |    0 |     6 |
| 2026-09-01 |    2 |    2 |    2 |    1 |    2 |    2 |    0 |    0 |    0 |    0 |    0 |    0 |    0 |    11 |
| 2026-09-02 |    1 |    1 |    1 |    1 |    1 |    1 |    0 |    0 |    0 |    0 |    0 |    0 |    0 |     6 |
| 2026-09-03 |    1 |    1 |    1 |    1 |    1 |    1 |    0 |    0 |    0 |    0 |    0 |    0 |    0 |     6 |
| 2026-09-04 |    2 |    2 |    2 |    2 |    2 |    2 |    0 |    0 |    0 |    0 |    0 |    0 |    0 |    12 |
| 2026-09-08 |    1 |    2 |    2 |    0 |    2 |    2 |    0 |    0 |    0 |    0 |    0 |    0 |    0 |     9 |
| 2026-09-10 |    1 |    3 |    2 |    0 |    2 |    1 |    0 |    0 |    0 |    0 |    0 |    0 |    0 |     9 |
| 2026-09-15 |    1 |    2 |    2 |    0 |    2 |    2 |    0 |    0 |    0 |    0 |    0 |    0 |    0 |     9 |
| 2026-09-16 |    1 |    1 |    1 |    0 |    1 |    0 |    0 |    0 |    0 |    0 |    0 |    0 |    0 |     4 |
| 2026-09-18 |    1 |    1 |    0 |    1 |    0 |    0 |    0 |    0 |    0 |    0 |    0 |    0 |    0 |     3 |
| 2026-09-24 |    2 |    1 |    1 |    0 |    1 |    2 |    0 |    0 |    0 |    0 |    0 |    0 |    0 |     7 |
| 2026-09-25 |    2 |    1 |    2 |    0 |    2 |    2 |    0 |    0 |    0 |    0 |    0 |    0 |    0 |     9 |
| 2026-09-28 |    0 |    0 |    0 |    1 |    0 |    0 |    0 |    0 |    0 |    0 |    0 |    0 |    0 |     1 |
| 2026-10-02 |    0 |    1 |    0 |    0 |    0 |    0 |    0 |    0 |    0 |    0 |    0 |    0 |    0 |     1 |

## Per-strategy summary (unique underlyings)

| Strategy | Unique entries | Active days | Avg unique / active day | Est. active days to n=30 exits* |
|----------|---------------:|------------:|------------------------:|--------------------------------|
| S163 | 21 | 17 | 1.2 | ~31 active signal-days |
| S164 | 25 | 17 | 1.5 | ~26 active signal-days |
| S165 | 36 | 23 | 1.6 | ~24 active signal-days |
| S166 | 11 | 10 | 1.1 | ~35 active signal-days |
| S167 | 23 | 16 | 1.4 | ~27 active signal-days |
| S168 | 20 | 13 | 1.5 | ~25 active signal-days |
| S169 | 0 | 0 | 0.0 | inf (no unique entries yet) |
| S170 | 0 | 0 | 0.0 | inf (no unique entries yet) |
| S171 | 0 | 0 | 0.0 | inf (no unique entries yet) |
| S172 | 0 | 0 | 0.0 | inf (no unique entries yet) |
| S175 | 0 | 0 | 0.0 | inf (no unique entries yet) |
| S173 | 17 | 9 | 1.9 | ~20 active signal-days |
| S174 | 7 | 4 | 1.8 | ~22 active signal-days |

\* Formula: `ceil(30 / (avg_unique_per_active_day * 80%))`. Update when real exit rates are known.

## Signal frequency by window (all time, unique strategy×symbol×date×window)

| Window | S163 | S164 | S165 | S166 | S167 | S168 | S169 | S170 | S171 | S172 | S175 | S173 | S174 | Total |
|--------|-----:|-----:|-----:|-----:|-----:|-----:|-----:|-----:|-----:|-----:|-----:|-----:|-----:|------:|
| w1     |    8 |    7 |   11 |    4 |    7 |    7 |    0 |    0 |    0 |    0 |    0 |    7 |    1 |    52 |
| w2     |   12 |   14 |   17 |    8 |   13 |   11 |    0 |    0 |    0 |    0 |    0 |    6 |    3 |    84 |
| w3     |   12 |   13 |   19 |    6 |   12 |    9 |    0 |    0 |    0 |    0 |    0 |    7 |    4 |    82 |
| w4     |    7 |    6 |   12 |    3 |    7 |    8 |    0 |    0 |    0 |    0 |    0 |    6 |    3 |    52 |

Windows (ET): w1 09:28–10:05 · w2 10:05–10:45 · w3 10:45–11:20 · w4 11:20–11:35. Parsed from controlled-layout profile names in ENTRY log lines.

## Raw vs unique totals

| Strategy | Raw log lines (includes multi-bucket duplicates) | Unique underlying symbols |
|----------|-------------------------------------------------:|--------------------------:|
| S163 | 295 | 21 |
| S164 | 339 | 25 |
| S165 | 1761 | 36 |
| S166 | 141 | 11 |
| S167 | 318 | 23 |
| S168 | 238 | 20 |
| S169 | 0 | 0 |
| S170 | 0 | 0 |
| S171 | 0 | 0 |
| S172 | 0 | 0 |
| S175 | 0 | 0 |
| S173 | 1911 | 17 |
| S174 | 891 | 7 |

### Raw log lines per day (debug / multi-bucket)

| Date       | S163 | S164 | S165 | S166 | S167 | S168 | S169 | S170 | S171 | S172 | S175 | S173 | S174 | Total |
|------------|-----:|-----:|-----:|-----:|-----:|-----:|-----:|-----:|-----:|-----:|-----:|-----:|-----:|------:|
| 2026-07-07 |    0 |    0 |    0 |    0 |    0 |    0 |    0 |    0 |    0 |    0 |    0 |  100 |    0 |   100 |
| 2026-07-08 |    0 |    0 |  100 |    0 |    0 |    0 |    0 |    0 |    0 |    0 |    0 |  100 |  100 |   300 |
| 2026-07-09 |    0 |    0 |   24 |    0 |    0 |    0 |    0 |    0 |    0 |    0 |    0 |  100 |   15 |   139 |
| 2026-07-10 |    0 |    0 |  242 |    0 |    0 |    0 |    0 |    0 |    0 |    0 |    0 |  230 |  202 |   674 |
| 2026-07-13 |    0 |    0 |  190 |    0 |    0 |    0 |    0 |    0 |    0 |    0 |    0 |  212 |  188 |   590 |
| 2026-07-14 |    0 |    0 |  194 |    0 |    0 |    0 |    0 |    0 |    0 |    0 |    0 |  185 |  106 |   485 |
| 2026-07-15 |    0 |    0 |  146 |    0 |    0 |    0 |    0 |    0 |    0 |    0 |    0 |  154 |   58 |   358 |
| 2026-07-16 |    0 |    0 |  179 |    0 |    0 |    0 |    0 |    0 |    0 |    0 |    0 |  205 |   58 |   442 |
| 2026-07-17 |    0 |    0 |  127 |    0 |    0 |    0 |    0 |    0 |    0 |    0 |    0 |  207 |   58 |   392 |
| 2026-07-20 |    0 |    0 |  107 |    0 |    0 |    0 |    0 |    0 |    0 |    0 |    0 |  143 |   58 |   308 |
| 2026-07-21 |   30 |   35 |  113 |   30 |   35 |   35 |    0 |    0 |    0 |    0 |    0 |  118 |   48 |   444 |
| 2026-07-22 |   40 |   47 |   86 |   15 |   45 |   20 |    0 |    0 |    0 |    0 |    0 |   77 |    0 |   330 |
| 2026-07-23 |   30 |   42 |   50 |   15 |   40 |   20 |    0 |    0 |    0 |    0 |    0 |   40 |    0 |   237 |
| 2026-07-24 |   75 |   87 |   85 |   15 |   77 |   55 |    0 |    0 |    0 |    0 |    0 |   40 |    0 |   434 |
| 2026-07-27 |   14 |    0 |   14 |   14 |   14 |   14 |    0 |    0 |    0 |    0 |    0 |    0 |    0 |    70 |
| 2026-07-28 |    6 |    8 |    8 |    8 |    8 |    6 |    0 |    0 |    0 |    0 |    0 |    0 |    0 |    44 |
| 2026-07-29 |   10 |   10 |   10 |    8 |   10 |    0 |    0 |    0 |    0 |    0 |    0 |    0 |    0 |    48 |
| 2026-09-01 |    8 |    6 |    6 |    2 |    6 |    6 |    0 |    0 |    0 |    0 |    0 |    0 |    0 |    34 |
| 2026-09-02 |   10 |   10 |   10 |    2 |   10 |   14 |    0 |    0 |    0 |    0 |    0 |    0 |    0 |    56 |
| 2026-09-03 |   10 |    4 |    4 |   16 |    4 |   10 |    0 |    0 |    0 |    0 |    0 |    0 |    0 |    48 |
| 2026-09-04 |   12 |   14 |    8 |   10 |    8 |   10 |    0 |    0 |    0 |    0 |    0 |    0 |    0 |    62 |
| 2026-09-08 |    4 |    8 |    8 |    0 |    8 |    8 |    0 |    0 |    0 |    0 |    0 |    0 |    0 |    36 |
| 2026-09-10 |   10 |   10 |    6 |    0 |   10 |    8 |    0 |    0 |    0 |    0 |    0 |    0 |    0 |    44 |
| 2026-09-15 |    4 |   14 |   14 |    0 |   14 |    8 |    0 |    0 |    0 |    0 |    0 |    0 |    0 |    54 |
| 2026-09-16 |    4 |    4 |    4 |    0 |    4 |    0 |    0 |    0 |    0 |    0 |    0 |    0 |    0 |    16 |
| 2026-09-18 |    4 |    8 |    0 |    4 |    0 |    0 |    0 |    0 |    0 |    0 |    0 |    0 |    0 |    16 |
| 2026-09-24 |   10 |   12 |   12 |    0 |   11 |   10 |    0 |    0 |    0 |    0 |    0 |    0 |    0 |    55 |
| 2026-09-25 |   12 |   14 |   12 |    0 |   12 |   12 |    0 |    0 |    0 |    0 |    0 |    0 |    0 |    62 |
| 2026-09-28 |    2 |    4 |    2 |    2 |    2 |    2 |    0 |    0 |    0 |    0 |    0 |    0 |    0 |    14 |
| 2026-10-02 |    0 |    2 |    0 |    0 |    0 |    0 |    0 |    0 |    0 |    0 |    0 |    0 |    0 |     2 |

## Notes

- Pre-router-fix (before 2026-07-17 commit `56660c9e`): S163/S166 were starved — expect zeros until a post-fix entry-window gap-down day.
- Controlled layout places one ENTRY per matching bucket×strategy; raw counts inflate, unique underlyings do not.


Wrote /home/runner/work/TradingBot/TradingBot/logs/options_trial/reports/signal_frequency.md
## Ledger health — 2026-10-02
| Check                       | Count | Status |
|-----------------------------|------:|--------|
| Current stuck (state)       |     6 | WARN | <<<
| Orphaned lots (post-stable) |  1838 | WARN | <<<
| Missing exit records (post) |  1832 | WARN | <<<
| State/ledger mismatches     |     0 | OK |
| Total open lots             |    16 | INFO |
| Total closed lots           |  2679 | INFO |
| Pre-cutoff audit debt       |     0 | INFO |
| Transition audit debt       |   744 | INFO |

Wrote /home/runner/work/TradingBot/TradingBot/logs/options_trial/reports/ledger_health.md
Wrote /home/runner/work/TradingBot/TradingBot/logs/options_trial/reports/2026-10-02_data_quality.md
Wrote /home/runner/work/TradingBot/TradingBot/logs/options_trial/reports/2026-10-02_data_quality.csv
Wrote /home/runner/work/TradingBot/TradingBot/logs/options_trial/reports/latest_data_quality.json
Wrote /home/runner/work/TradingBot/TradingBot/logs/options_trial/reports/latest_data_quality_snippet.md
CLEAN n=1613 med=-26.7% | TAINTED n=1955 med=-40.0% | KEEP-only n=784 med=+50.9% | KILL=21 KEEP=23
Wrote /home/runner/work/TradingBot/TradingBot/logs/dashboard.html
equity=223.72 router=CONFIRMED leaderboard_rows=105
Wrote /home/runner/work/TradingBot/TradingBot/logs/rubber_band_report.md
| 1 | MA_Squeeze | 3 | 100% | +0.80% | +1.05% | +0.27% | 999.00 | 0.0d | $+1.23 | WATCH |
| 2 | unknown | 32 | 19% | -0.03% | -0.59% | -1.27% | 1.44 | 0.0d | $+0.29 | ACTIVE |
