14:41:04  INFO      Mode: exits
14:41:05  INFO        place_all_stops: checking 3 positions...
14:41:05  INFO        STOP skipped AMZN: fractional (0.1353 shares) — software exit will handle it
14:41:05  INFO        STOP skipped FLEX: fractional (0.3161 shares) — software exit will handle it
14:41:05  INFO        STOP skipped LII: fractional (0.0895 shares) — software exit will handle it
14:41:05  INFO        [positions] 3/3 (3 valid)
14:41:05  INFO        SELL order cancelled FLEX  type=OrderType.MARKET  id=1f91f370-efd0-46b5-9cf0-691726925f25
14:41:05  INFO        SELL LIMIT FLEX  qty=0.31607724  limit=$109.29  id=cab1c475-6a56-4435-8d58-bfe1ef7f8edc
14:41:25  INFO        SELL LIMIT not filled for FLEX, falling back to market
14:41:25  INFO        SELL MARKET FLEX closed
14:41:27  INFO        SELL order cancelled LII  type=OrderType.MARKET  id=320605bf-8205-4557-b4ee-0ec5106ca240
14:41:27  INFO        SELL LIMIT LII  qty=0.089467389  limit=$389.75  id=fbc57163-6e1c-4c80-b7be-d266468b879a
14:41:47  INFO        SELL LIMIT not filled for LII, falling back to market
14:41:47  INFO        SELL MARKET LII closed
14:41:49  INFO        SELL order cancelled AMZN  type=OrderType.MARKET  id=ce3cb14c-dff7-4937-9db2-8b41d5142e25
14:41:49  INFO        SELL LIMIT AMZN  qty=0.135349882  limit=$257.99  id=d65846f4-5d58-41ac-933b-971c1373b801
14:42:09  INFO        SELL LIMIT not filled for AMZN, falling back to market
14:42:09  INFO        SELL MARKET AMZN closed
14:42:11  INFO        Daily log -> logs/daily/2026-09-07.md

+========================================================================+
|  RUBBER BAND BOT  v8                                                   |
+------------------------------------------------------------------------+
|  Mode                                                             EXITS|
|  Time                                                         14:41 UTC|
|  Regime                                                            BULL|
|  Universe                                                          both|
|  Equity                                                         $230.56|
+========================================================================+

+========================================================================+
|                           STOCKS EXIT CHECK                            |
+========================================================================+
|  Exit logic                   stop-0.5% / 3d max  (midline at EOD only)|
+------------------------------------------------------------------------+
|  FLEX  P&L +0.1%  $+0.04                      EXIT: max_hold 3d (+0.1%)|
|  FLEX         PARTIAL SELL (0.3161 sh remain) — will retry this session|
|  LII  P&L +1.1%  $+0.38                       EXIT: max_hold 4d (+1.1%)|
|  LII          PARTIAL SELL (0.0895 sh remain) — will retry this session|
|  AMZN  P&L +1.2%  $+0.41                      EXIT: max_hold 5d (+1.2%)|
|  AMZN         PARTIAL SELL (0.1353 sh remain) — will retry this session|
+========================================================================+

+========================================================================+
|                            EXIT RUN SUMMARY                            |
+========================================================================+
|  Mode                                                             exits|
|  Candidates                                                           3|
|  Deferred/Skipped                                      already logged 0|
|  Data skips                                             no price data 0|
|  Se~  3 attempted  |  0 filled  |  3 partial  |  0 pending  |  0 failed|
|  Holds                                                                0|
|  Logged exits                                                         0|
+========================================================================+

+========================================================================+
|            OPTIONS SLEEVE  (managed by options_live_micro)             |
+========================================================================+
|                                                                        |
|  No open option positions.                                             |
|                                                                        |
+========================================================================+

+========================================================================+
|                      STOP-LOSS BREACHES THIS RUN                       |
+========================================================================+
|  None                                                                  |
+========================================================================+
|  Stop-loss look file                  logs/stop_losses_to_look_into.txt|
|  New investigations added                                             0|
+========================================================================+
