=== options_live_micro LIVE 2026-08-21T10:10:57.919419-04:00 share=50% ===
2026-08-21 10:10:57,919 INFO === options_live_micro LIVE 2026-08-21T10:10:57.919419-04:00 share=50% ===
Live account equity $343.47 cash $95.47 #225458845 options_level=3
2026-08-21 10:10:58,069 INFO Live account equity $343.47 cash $95.47 #225458845 options_level=3
Live micro hold S210 AMD260824C00497500 -29.0% (tp +50% / sl -40%)
2026-08-21 10:10:58,141 INFO Live micro hold S210 AMD260824C00497500 -29.0% (tp +50% / sl -40%)
Live micro sleeve $172 (50% of $343) deployed $119 open_strategies=1/4 (paper baseline $75 / tp=+50% sl=-40% / 1 contract per strategy)
2026-08-21 10:10:58,244 INFO Live micro sleeve $172 (50% of $343) deployed $119 open_strategies=1/4 (paper baseline $75 / tp=+50% sl=-40% / 1 contract per strategy)
Live micro entry order (CLEAN win): S404 100%win, S406 56%win, S218 56%win, S210 55%win
2026-08-21 10:10:58,245 INFO Live micro entry order (CLEAN win): S404 100%win, S406 56%win, S218 56%win, S210 55%win
Live micro signals: 4
2026-08-21 10:10:59,568 INFO Live micro signals: 4
  try S218 56%win/+49%med COST
2026-08-21 10:10:59,568 INFO   try S218 56%win/+49%med COST
  skip S218 COST: cost $61 > $53
2026-08-21 10:11:00,113 INFO   skip S218 COST: cost $61 > $53
  try S218 56%win/+49%med SYK
2026-08-21 10:11:00,113 INFO   try S218 56%win/+49%med SYK
  skip S218 SYK: no contract under $53
2026-08-21 10:11:00,288 INFO   skip S218 SYK: no contract under $53
  skip S210 AMD: strategy already open (paper bucket rule)
2026-08-21 10:11:00,288 INFO   skip S210 AMD: strategy already open (paper bucket rule)
  skip S210 COIN: strategy already open (paper bucket rule)
2026-08-21 10:11:00,288 INFO   skip S210 COIN: strategy already open (paper bucket rule)
Live micro done. open_options=4 lots=1
2026-08-21 10:11:00,386 INFO Live micro done. open_options=4 lots=1
