16:05:43  INFO      Mode: exits
16:05:44  INFO        Daily log -> logs/daily/2026-08-04.md
16:05:44  INFO        Daily log reconciled -> logs/daily/2026-08-04.md (1 ledger rows)
16:05:44  INFO        place_all_stops: checking 4 positions...
16:05:44  INFO        STOP already live AES @ $14.62
16:05:44  INFO        STOP skipped AMD: fractional (0.1831 shares) — software exit will handle it
16:05:44  INFO        STOP skipped AVB: fractional (0.5001 shares) — software exit will handle it
16:05:44  INFO        STOP skipped ECHO: fractional (0.8091 shares) — software exit will handle it
16:05:45  INFO        [positions] 4/4 (4 valid)
16:05:45  INFO        Daily log -> logs/daily/2026-08-04.md

+========================================================================+
|  RUBBER BAND BOT  v8                                                   |
+------------------------------------------------------------------------+
|  Mode                                                             EXITS|
|  Time                                                         16:05 UTC|
|  Regime                                                            BULL|
|  Universe                                                          both|
|  Equity                                                         $472.09|
+========================================================================+

+========================================================================+
|                               EXIT CHECK                               |
+========================================================================+
|  Exit logic                   stop-0.5% / 3d max  (midline at EOD only)|
+------------------------------------------------------------------------+
|  AES  P&L -0.0%  $-0.01                                            HOLD|
|  AVB  P&L +0.3%  $+0.26                                            HOLD|
|  AMD  P&L +2.4%  $+2.24                                            HOLD|
|  ECHO  P&L +5.1%  $+3.53                                           HOLD|
+========================================================================+

+========================================================================+
|                            EXIT RUN SUMMARY                            |
+========================================================================+
|  Mode                                                             exits|
|  Candidates                                                           4|
|  Deferred/Skipped                                      already logged 0|
|  Data skips                                             no price data 0|
|  Se~  0 attempted  |  0 filled  |  0 partial  |  0 pending  |  0 failed|
|  Holds                                                                4|
|  Logged exits                                                         0|
+========================================================================+

+========================================================================+
|                      STOP-LOSS BREACHES THIS RUN                       |
+========================================================================+
|  None                                                                  |
+========================================================================+
|  Stop-loss look file                  logs/stop_losses_to_look_into.txt|
|  New investigations added                                             0|
+========================================================================+
