Layout: controlled:100:c000_s173_w1_0928_1005_r1
Trial layout: /home/runner/work/TradingBot/TradingBot/logs/options_trial
Docs:         skipped (local docs unavailable on this runner)
Buckets:      100
=== options_morning_bot (PAPER) 2026-07-15T21:20:05.859352-04:00 ===

[Run context]
After hours (21:20 ET) — exit summary only.
Paper auth OK — equity $132394.68, account PA36KS87UPRS

[Exit summary]

[Portfolio snapshot]
+========================================================================+
|  OPTIONS BOT SUMMARY                                                   |
+------------------------------------------------------------------------+
|  Mode                          after_hours                             |
|  Equity                        $132,394.68                             |
|  Signals this run              0                                       |
|  Orders submitted (session)    0                                       |
|  Orders filled today (ledger)  0                                       |
|  Entries placed this run       0                                       |
|  Open virtual lots             14                                      |
|  Broker option positions       3                                       |
|  Pending orders                0                                       |
+========================================================================+
+========================================================================+
|  BUCKET LEADERBOARD (reflected ex-S174)                                |
+------------------------------------------------------------------------+
|  Reflected trades=176  buckets=43  win=46%                             |
|  Returns   avg=+30.7%  med=-2.7%  p10=-77.0%  p90=+98.3%               |
|  Realized  $+6,235.77                                                  |
|  Raw incl dropped  trades=273  real=$+5,326.58                         |
|  Today     trades=4  avg=-64.7%  med=-72.7%  real=$-105.00             |
+------------------------------------------------------------------------+
|  BKT PROFILE               N  WIN  AVG%   MED%   BEST%  REAL$          |
+------------------------------------------------------------------------+
|  b62  c062_s173_w3_1045_  5  60% +628.8 +1100.0 +1100.0 $   +116       |
|  b89  c089_s165_w2_1005_  2 100% +425.9 +425.9 +790.0 $   +113         |
|  b28  c028_s165_w1_0928_  4 100% +91.7 +95.1 +102.0 $   +187           |
|  b69  c069_s165_w2_1005_  2  50% +83.2 +83.2 +210.0 $     -3           |
|  b92  c092_s166_w1_0928_  1 100% +70.8 +70.8 +70.8 $    +71            |
|  b93  c093_s166_w2_1005_  1 100% +70.8 +70.8 +70.8 $    +71            |
|  b95  c095_s166_w4_1120_  1 100% +70.8 +70.8 +70.8 $    +71            |
|  b96  c096_s163_w1_0928_  1 100% +70.8 +70.8 +70.8 $    +71            |
|  ... 35 more bucket(s) with exits                                      |
+------------------------------------------------------------------------+
|  Low  b21  c021_s173_w2_1005_  7   0% -54.4 -74.0 -77.0 $   -243       |
+========================================================================+
+========================================================================+
|  OPEN OPTIONS (3)                                                      |
+------------------------------------------------------------------------+
|  SYMBOL                      QTY    RET%        OPEN P&L               |
|------------------------------------------------------------------------|
|  ADBE260717C00240000           9    -68.2%   $   -270.00               |
|  C260717C00148000              2    -98.5%   $   -127.33               |
|  BSX260717C00045500            3    -50.0%   $    -15.00               |
+========================================================================+
Full detail: logs/options_trial/runs/2026-07-15.log
elapsed=3.8s reconcile=3.4s
STATUS: options_morning_bot after-hours summary (PAPER) elapsed=3.8s. run=#4101 https://github.com/28twagg-ops/TradingBot/actions/runs/29463829648
Wrote /home/runner/work/TradingBot/TradingBot/logs/options_trial/reports/2026-07-15_buckets.md
Wrote /home/runner/work/TradingBot/TradingBot/logs/options_trial/reports/2026-07-15_buckets.csv
Summary: 4 buckets closed trades, $-105.00 realized
Wrote /home/runner/work/TradingBot/TradingBot/logs/options_trial/reports/2026-07-15_strategy_selection.md
Wrote /home/runner/work/TradingBot/TradingBot/logs/options_trial/reports/2026-07-15_strategy_selection.csv
Summary: keep=0 watch=2 drop=3
