options_reconcile: state=/home/runner/work/TradingBot/TradingBot/logs/options_trial/_state/lab_state.json
  open_lots=3 paper_keys=yes dry_run=False
  alpaca positions=9
  No missing lots.
options_reconcile: done
Layout: controlled:77:live_1to1+variations (layout changed controlled:100:c000_s173_w1_0928_1005_r1 -> controlled:77:live_1to1+variations)
Trial layout: /home/runner/work/TradingBot/TradingBot/logs/options_trial
Docs:         skipped (local docs unavailable on this runner)
Buckets:      77
PROBE OK: paper account status=AccountStatus.ACTIVE equity=$987,155.63
  buying_power=$3,826,858.58 cash=$979,691.52
  open option orders: 2
    NKE261023C00035000 OrderSide.SELL qty=1 status=OrderStatus.NEW limit=None
    NKE261016C00034000 OrderSide.SELL qty=1 status=OrderStatus.NEW limit=None
  open option positions: 4
    DKNG261009C00022500 qty=-1 mkt=$-3.00
    DKNG261016C00023500 qty=1 mkt=$3.00
    NKE261016C00034000 qty=1 mkt=$55.00
    NKE261023C00035000 qty=1 mkt=$45.00
PROBE: check-only pass (use --smoke-entry to place a test order)
=== options_morning_bot (PAPER) 2026-10-06T09:40:28.921887-04:00 ===

[Run context]
Paper auth OK — equity $987142.32, account PA33P8KT02IL

[Setup]
LIVE 1:1 bucket b90 live_1to1 — S404, S406 | TP+50%/SL-40% | stop-mkt | min $20
S406-only twin b91 s406_only — S406 | TP+50%/SL-40% | paper edge test
Variation study: 75 lab/promising bucket(s) | cohort: 75 unique (S163, S164, S166, S167, S168, S169, S170, S171, S172, S175, S200, S201 … +63 more) | max 200 new entries/run
Dropped (no new entries; ex-reflected P&L): S202, S203, S207, S211, S212, S216, S217, S218, S351, S353, S354, S355, S360, S363, S366, S399, S401, S405, S407, S408
Shared-OCC entry block ON (one lab lot per contract)
  EXIT [b421|lab0421_s365_w2_1005_1045_r2|S365] stop_loss (-93.0%) SELL blocked (uncovered/shared OCC) DKNG261016C00023500 x1: {"code":40310000,"message":"account not eligible to trade uncovered option contracts"}
Protective stops: placed=0 upgraded=0 already=2 failed=1 (market-first)

[Scan + entries]
Scanning 117 symbols for [S164, S168, S167, S166, S163, S169, S170, S171, S172, S175, S200, S201, S204, S205, S206, S208, S210, S213, S214, S215, S219, S220, S221, S402, S403, S350, S352, S356, S357, S358, S359, S361, S362, S364, S365, S368, S369, S370, S371, S372, S373, S374, S375, S376, S377, S378, S379, S380, S381, S382, S383, S384, S385, S386, S387, S388, S389, S390, S391, S392, S393, S394, S413, S414, S415, S395, S396, S397, S398, S404, S406, S409, S410, S411, S412, S413, S414, S415] …
Fetched daily bars for 113/117 symbols
