13:00:53  INFO      Mode: summary
13:00:54  INFO        Daily log -> logs/daily/2026-07-24.md
13:00:54  INFO        Daily log reconciled -> logs/daily/2026-07-24.md (0 ledger rows)

+========================================================================+
|  RUBBER BAND BOT  v8                                                   |
+------------------------------------------------------------------------+
|  Mode                                                           SUMMARY|
|  Time                                                         13:00 UTC|
|  Regime                                                            BULL|
|  Universe                                                          both|
|  Equity                                                         $483.00|
+========================================================================+

+========================================================================+
|                             ACCOUNT STATUS                             |
+========================================================================+
|  Equity                                                         $483.00|
|  Cash                                                            $71.19|
|  Regime                                                            BULL|
|  Universe                                                          both|
|  Total invested                                                 $411.81|
|  Open P&L                                                        $+4.26|
+========================================================================+

+========================================================================+
|                        HOLDINGS  (5 positions)                         |
+========================================================================+
|  TICKER   STRATEGY        INVESTED   ENTRY    NOW      P&L%    P&L$    |
+------------------------------------------------------------------------+
|  AEP      Pullback50      $97.50     $131.94  $133.46  +1.2%   $+1.11  |
|  CARR     Pullback50      $98.14     $67.80   $69.34   +2.3%   $+2.18  |
|  CI       Pullback50      $97.04     $285.49  $287.00  +0.5%   $+0.51  |
|  DTE      Pullback50      $96.52     $147.63  $148.13  +0.3%   $+0.33  |
|  LNT      Pullback50      $22.61     $73.97   $74.41   +0.6%   $+0.13  |
|                                                                        |
|  Total invested                                                 $411.81|
|  Total open P&L                                                  $+4.26|
+========================================================================+

+========================================================================+
|                        EXIT LOGIC ACTIVE  (v8)                         |
+========================================================================+
|  Profit target                              price > 20-day MA (midline)|
|  Stop loss                                             -0.5% from entry|
|  Time stop                                          max 3 calendar days|
+========================================================================+

+========================================================================+
|                          RECENT TRANSACTIONS                           |
+========================================================================+
|  2026-07-23  SELL  FIX  Pullback50  $96.39  P&L $+0.32                 |
|  2026-07-23  SELL  C  Pullback50  $69.34  P&L $-0.52                   |
|  2026-07-23  SELL  CHD  Pullback50  $95.22  P&L $-1.19                 |
|  2026-07-22  SELL  AVGO  Pullback50  $96.29  P&L $-0.14                |
|  2026-07-22  SELL  TPR  Pullback50  $97.94  P&L $+1.64                 |
|  2026-07-22  SELL  BIIB  Pullback50  $95.71  P&L $-0.49                |
+========================================================================+
