20:32:22  INFO      Mode: ext_exits
20:32:22  INFO        Daily log -> logs/daily/2026-08-07.md
20:32:22  INFO        Daily log reconciled -> logs/daily/2026-08-07.md (5 ledger rows)
20:32:23  INFO        Daily log -> logs/daily/2026-08-07.md

+========================================================================+
|  RUBBER BAND BOT  v8                                                   |
+------------------------------------------------------------------------+
|  Mode                                                         EXT_EXITS|
|  Time                                                         20:32 UTC|
|  Regime                                                            BULL|
|  Universe                                                          both|
|  Equity                                                         $474.15|
+========================================================================+

+========================================================================+
|                       EXIT CHECK [EXTENDED HRS]                        |
+========================================================================+
|  Exit log~  stop-0.5% / 3d max  (midline skipped — close already final)|
+------------------------------------------------------------------------+
|  AES  P&L +0.0%  $+0.03          HOLDING until 9:35am scan (Pullback50)|
|  AAPL  P&L +0.5%  $+0.45         HOLDING until 9:35am scan (Pullback50)|
|  ESS  P&L +0.7%  $+0.47          HOLDING until 9:35am scan (Pullback50)|
|  BBY  P&L +2.3%  $+2.21          HOLDING until 9:35am scan (Pullback50)|
+========================================================================+

+========================================================================+
|                          EXTENDED HOURS SELLS                          |
+========================================================================+
|                                                                        |
|  No extended-hours sells this run.                                     |
|                                                                        |
+========================================================================+

+========================================================================+
|                            EXIT RUN SUMMARY                            |
+========================================================================+
|  Mode                                                         ext_exits|
|  Candidates                                                           4|
|  Deferred/Skipped                                      already logged 0|
|  Data skips                                             no price data 0|
|  Se~  0 attempted  |  0 filled  |  0 partial  |  0 pending  |  0 failed|
|  Holds                                                                4|
|  Logged exits                                                         0|
+========================================================================+

+========================================================================+
|                      STOP-LOSS BREACHES THIS RUN                       |
+========================================================================+
|  None                                                                  |
+========================================================================+
|  Stop-loss look file                  logs/stop_losses_to_look_into.txt|
|  New investigations added                                             0|
+========================================================================+
