20:04:04  INFO      Mode: ext_exits
20:04:04  INFO        Daily log -> logs/daily/2026-08-05.md
20:04:04  INFO        Daily log reconciled -> logs/daily/2026-08-05.md (3 ledger rows)
20:04:05  INFO        SELL LIMIT [EXT HRS] EBAY  qty=0.649994571  limit=$108.59  id=db67e295-3aaa-4c97-aff9-91a2de35014a
20:04:10  INFO        SELL LIMIT[EXT] pending for EBAY — 9:35am will follow up
20:04:10  INFO        Daily log -> logs/daily/2026-08-05.md

+========================================================================+
|  RUBBER BAND BOT  v8                                                   |
+------------------------------------------------------------------------+
|  Mode                                                         EXT_EXITS|
|  Time                                                         20:04 UTC|
|  Regime                                                            BULL|
|  Universe                                                          both|
|  Equity                                                         $471.31|
+========================================================================+

+========================================================================+
|                       EXIT CHECK [EXTENDED HRS]                        |
+========================================================================+
|  Exit log~  stop-0.5% / 3d max  (midline skipped — close already final)|
+------------------------------------------------------------------------+
|  EBAY  P&L -1.6%  $-1.15         EXIT [EXTENDED HRS]: stop_loss (-1.6%)|
|  EBAY                             SELL pending (after-hours limit open)|
|  CVS  P&L -0.4%  $-0.41        HOLDING until 9:35am scan (GoldenPocket)|
|  AES  P&L +0.0%  $+0.03          HOLDING until 9:35am scan (Pullback50)|
|  AVB  P&L +1.3%  $+1.18          HOLDING until 9:35am scan (Pullback50)|
+========================================================================+

+========================================================================+
|                          EXTENDED HOURS SELLS                          |
+========================================================================+
|                                                                        |
|  No extended-hours sells this run.                                     |
|                                                                        |
+========================================================================+

+========================================================================+
|                            EXIT RUN SUMMARY                            |
+========================================================================+
|  Mode                                                         ext_exits|
|  Candidates                                                           4|
|  Deferred/Skipped                                      already logged 0|
|  Data skips                                             no price data 0|
|  Se~  1 attempted  |  0 filled  |  0 partial  |  1 pending  |  0 failed|
|  Holds                                                                3|
|  Logged exits                                                         0|
+========================================================================+

+========================================================================+
|                      STOP-LOSS BREACHES THIS RUN                       |
+========================================================================+
|  EBAY                                        -1.60%  (threshold -0.50%)|
|  Count                                                                1|
+========================================================================+
|  Stop-loss look file                  logs/stop_losses_to_look_into.txt|
|  New investigations added                                             1|
+========================================================================+
