16:41:05  INFO      Mode: exits
16:41:05  INFO        Daily log -> logs/daily/2026-09-08.md
16:41:05  INFO        Daily log reconciled -> logs/daily/2026-09-08.md (2 ledger rows)
16:41:05  INFO        place_all_stops: checking 1 positions...
16:41:05  INFO        STOP skipped AMCR: fractional (0.7714 shares) — software exit will handle it
16:41:05  INFO        [positions] 1/1 (1 valid)
16:41:05  INFO        SELL MARKET [urgent] AMCR closed
16:41:07  INFO        TX logged: SELL AMCR  P&L -0.56%
16:41:07  INFO        Daily log -> logs/daily/2026-09-08.md

+========================================================================+
|  RUBBER BAND BOT  v8                                                   |
+------------------------------------------------------------------------+
|  Mode                                                             EXITS|
|  Time                                                         16:41 UTC|
|  Regime                                                            BULL|
|  Universe                                                          both|
|  Equity                                                         $230.02|
+========================================================================+

+========================================================================+
|                           STOCKS EXIT CHECK                            |
+========================================================================+
|  Exit logic                   stop-0.5% / 3d max  (midline at EOD only)|
+------------------------------------------------------------------------+
|  AMCR  P&L -0.6%  $-0.19                        EXIT: stop_loss (-0.6%)|
+========================================================================+

+========================================================================+
|                            EXIT RUN SUMMARY                            |
+========================================================================+
|  Mode                                                             exits|
|  Candidates                                                           1|
|  Deferred/Skipped                                      already logged 0|
|  Data skips                                             no price data 0|
|  Se~  1 attempted  |  1 filled  |  0 partial  |  0 pending  |  0 failed|
|  Holds                                                                0|
|  Logged exits                                                         1|
+========================================================================+

+========================================================================+
|            OPTIONS SLEEVE  (managed by options_live_micro)             |
+========================================================================+
|                                                                        |
|  No open option positions.                                             |
|                                                                        |
+========================================================================+

+========================================================================+
|                      STOP-LOSS BREACHES THIS RUN                       |
+========================================================================+
|  AMCR                                        -0.56%  (threshold -0.50%)|
|  Count                                                                1|
+========================================================================+
|  Stop-loss look file                  logs/stop_losses_to_look_into.txt|
|  New investigations added                                             0|
+========================================================================+
