13:30:45  INFO      Mode: morning_prep
13:30:47  INFO        [prep_positions] 4/4 (4 valid)
13:30:47  INFO      Fetching tickers (universe=both)...
13:30:47  INFO        S&P 500: 503
13:30:47  INFO        MidCap 400: 400
13:30:47  INFO        Total: 903 tickers
13:30:48  INFO        [prep_universe] 40/899 (40 valid)
13:30:50  INFO        [prep_universe] 80/899 (80 valid)
13:30:51  INFO        [prep_universe] 120/899 (120 valid)
13:30:53  INFO        [prep_universe] 160/899 (160 valid)
13:30:54  INFO        [prep_universe] 200/899 (199 valid)
13:31:02  INFO        [prep_universe] 240/899 (238 valid)
13:31:13  INFO        [prep_universe] 280/899 (278 valid)
13:31:26  INFO        [prep_universe] 320/899 (318 valid)
13:31:36  INFO        [prep_universe] 360/899 (358 valid)
13:31:50  INFO        [prep_universe] 400/899 (397 valid)
13:32:00  INFO        [prep_universe] 440/899 (437 valid)
13:32:14  INFO        [prep_universe] 480/899 (477 valid)
13:32:24  INFO        [prep_universe] 520/899 (517 valid)
13:32:38  INFO        [prep_universe] 560/899 (557 valid)
13:32:48  INFO        [prep_universe] 600/899 (597 valid)
13:33:02  INFO        [prep_universe] 640/899 (637 valid)
13:33:12  INFO        [prep_universe] 680/899 (677 valid)
13:33:26  INFO        [prep_universe] 720/899 (717 valid)
13:33:36  INFO        [prep_universe] 760/899 (757 valid)
13:33:50  INFO        [prep_universe] 800/899 (797 valid)
13:34:00  INFO        [prep_universe] 840/899 (836 valid)
13:34:13  INFO        [prep_universe] 880/899 (876 valid)
13:34:20  INFO        [prep_universe] 899/899 (895 valid)

+========================================================================+
|  RUBBER BAND BOT  v8                                                   |
+------------------------------------------------------------------------+
|  Mode                                                      MORNING_PREP|
|  Time                                                         13:30 UTC|
|  Regime                                                            BULL|
|  Universe                                                          both|
|  Equity                                                         $482.69|
+========================================================================+

+========================================================================+
|                              MORNING PREP                              |
+========================================================================+
|  Goal                   Precompute exits/signals for next execution run|
|  Plan file                                 logs/plans/morning_plan.json|
|  Regime                                                            BULL|
+========================================================================+

+========================================================================+
|                       OPEN POSITION P&L SNAPSHOT                       |
+========================================================================+
|  Open positions                                                       4|
|  Invested                                                       $364.00|
|  Open P&L                                                        $+0.97|
|  TICKER   STRATEGY        INVESTED   ENTRY    NOW      P&L%    P&L$    |
+------------------------------------------------------------------------+
|  AME      Pullback50      $86.89     $233.44  $234.44  +0.4%   $+0.37  |
|  CARR     Pullback50      $95.08     $67.90   $67.97   +0.1%   $+0.10  |
|  DECK     Pullback50      $95.21     $105.30  $105.52  +0.2%   $+0.20  |
|  HST      Pullback50      $86.82     $23.03   $23.11   +0.4%   $+0.31  |
+========================================================================+

+========================================================================+
|                            OPEN SELL ORDERS                            |
+========================================================================+
|  Count                                                                2|
|  TICKER    TYPE              QTY       LIMIT       STOP                |
+------------------------------------------------------------------------+
|  HST       OrderType.STOP    3         None        23.04               |
|  CARR      OrderType.STOP    1         None        67.55               |
+========================================================================+

+========================================================================+
|                              PREP SUMMARY                              |
+========================================================================+
|  Saved                                                              yes|
|  Exit candidates                                                      0|
|  Signal candidates                                                   28|
|  Universe scanned                                                   899|
+========================================================================+
