Layout: controlled:100:c000_s173_w1_0928_1005_r1
Trial layout: /home/runner/work/TradingBot/TradingBot/logs/options_trial
Docs:         skipped (local docs unavailable on this runner)
Buckets:      100
=== options_morning_bot (PAPER) 2026-07-20T13:15:39.852746-04:00 ===

[Run context]
Paper auth OK — equity $130933.89, account PA36KS87UPRS

[Setup]
Active buckets: 100 | Strategies: S173, S165, S166, S163
Dropped (no new entries; ex-reflected P&L): S174
2026-07-20 13:15:42,090 INFO   EXIT [b23|c023_s173_w4_1120_1135_r2|S173] take_profit (+54.8%) SELL 1 CRM260724C00187500 @<= 0.93
2026-07-20 13:15:42,378 INFO   EXIT [b80|c080_s173_w1_0928_1005_r5|S173] take_profit (+105.3%) SELL 1 CRM260724C00185000 @<= 1.31

[Manage only]
Past entry window; manage/exit only.

[Portfolio snapshot]
+========================================================================+
|  OPTIONS BOT SUMMARY                                                   |
+------------------------------------------------------------------------+
|  Mode                          manage-only                             |
|  Equity                        $130,933.89                             |
|  Signals this run              0                                       |
|  Orders submitted (session)    20                                      |
|  Orders filled today (ledger)  20                                      |
|  Entries placed this run       0                                       |
|  Open virtual lots             8                                       |
|  Broker option positions       2                                       |
|  Pending orders                0                                       |
+========================================================================+
+========================================================================+
|  BUCKET LEADERBOARD (reflected ex-S174)                                |
+------------------------------------------------------------------------+
|  Reflected trades=509  buckets=49  win=36%                             |
|  Returns   avg=+9.1%  med=-31.5%  p10=-77.0%  p90=+94.1%               |
|  Realized  $+4,200.77                                                  |
|  Raw incl dropped  trades=623  real=$+2,702.58                         |
|  Today     trades=12  avg=+77.0%  med=+81.9%  real=$+593.00            |
+------------------------------------------------------------------------+
|  BKT PROFILE               N  WIN  AVG%   MED%   BEST%  REAL$          |
+------------------------------------------------------------------------+
|  b51  c051_s165_w4_1120_  1 100% +263.6 +263.6 +263.6 $   +174         |
|  b91  c091_s165_w4_1120_  3  67% +142.7 +197.0 +247.0 $   +282         |
|  b31  c031_s165_w4_1120_  2 100% +145.5 +145.5 +175.8 $   +192         |
|  b28  c028_s165_w1_0928_ 17  76% +49.5 +80.0 +102.0 $   +448           |
|  b92  c092_s166_w1_0928_  1 100% +70.8 +70.8 +70.8 $    +71            |
|  b93  c093_s166_w2_1005_  1 100% +70.8 +70.8 +70.8 $    +71            |
|  b95  c095_s166_w4_1120_  1 100% +70.8 +70.8 +70.8 $    +71            |
|  b96  c096_s163_w1_0928_  1 100% +70.8 +70.8 +70.8 $    +71            |
|  ... 41 more bucket(s) with exits                                      |
+------------------------------------------------------------------------+
|  Low  b21  c021_s173_w2_1005_ 22   0% -64.0 -72.1 -98.5 $   -942       |
+========================================================================+
+========================================================================+
|  PENDING EXITS (2)                                                     |
+------------------------------------------------------------------------+
|  b23  S173 CRM260724C00187500 x1 take_profit (+54.8%)                  |
|  b80  S173 CRM260724C00185000 x1 take_profit (+105.3%                  |
+========================================================================+
+========================================================================+
|  OPEN OPTIONS (2)                                                      |
+------------------------------------------------------------------------+
|  SYMBOL                      QTY    RET%        OPEN P&L               |
|------------------------------------------------------------------------|
|  CRM260724C00185000            5   +105.3%   $   +333.33               |
|  CRM260724C00187500            2    +54.8%   $    +68.00               |
+========================================================================+
Full detail: logs/options_trial/runs/2026-07-20.log
elapsed=2.7s reconcile=1.32s cancel=0.09s manage=0.79s
STATUS: options_morning_bot run complete (PAPER) elapsed=2.7s. run=#4447 https://github.com/28twagg-ops/TradingBot/actions/runs/29762947216
Wrote /home/runner/work/TradingBot/TradingBot/logs/options_trial/reports/2026-07-20_buckets.md
Wrote /home/runner/work/TradingBot/TradingBot/logs/options_trial/reports/2026-07-20_buckets.csv
Summary: 10 buckets closed trades, $+593.00 realized
Wrote /home/runner/work/TradingBot/TradingBot/logs/options_trial/reports/2026-07-20_strategy_selection.md
Wrote /home/runner/work/TradingBot/TradingBot/logs/options_trial/reports/2026-07-20_strategy_selection.csv
Summary: keep=0 watch=2 drop=3
Orphan rate: 3.5% (22/623)
  File "/home/runner/work/TradingBot/TradingBot/scripts/options_signal_frequency.py", line 80
    return f"{day}|{sid}|{re.sub(r'\s+', ' ', line.strip())[:160]}"
                                                                   ^
SyntaxError: f-string expression part cannot include a backslash
signal_frequency report failed (non-fatal)
## Ledger health — 2026-07-20
| Check                       | Count | Status |
|-----------------------------|------:|--------|
| Current stuck (state)       |     0 | OK |
| Orphaned lots (post-stable) |    27 | WARN | <<<
| Missing exit records (post) |    27 | WARN | <<<
| State/ledger mismatches     |     8 | WARN | <<<
| Total open lots             |     8 | INFO |
| Total closed lots           |   274 | INFO |
| Pre-cutoff audit debt       |     0 | INFO |
| Transition audit debt       |   589 | INFO |

Wrote /home/runner/work/TradingBot/TradingBot/logs/options_trial/reports/ledger_health.md
