19:22:07  INFO      Mode: exits
19:22:08  INFO        Daily log -> logs/daily/2026-08-05.md
19:22:08  INFO        Daily log reconciled -> logs/daily/2026-08-05.md (3 ledger rows)
19:22:08  INFO        place_all_stops: checking 2 positions...
19:22:08  INFO        STOP already live AES @ $14.62
19:22:08  INFO        STOP skipped AVB: fractional (0.5001 shares) — software exit will handle it
19:22:09  INFO        [positions] 2/2 (2 valid)
19:22:09  INFO        Daily log -> logs/daily/2026-08-05.md

+========================================================================+
|  RUBBER BAND BOT  v8                                                   |
+------------------------------------------------------------------------+
|  Mode                                                             EXITS|
|  Time                                                         19:22 UTC|
|  Regime                                                            BULL|
|  Universe                                                          both|
|  Equity                                                         $472.63|
+========================================================================+

+========================================================================+
|                               EXIT CHECK                               |
+========================================================================+
|  Exit logic                   stop-0.5% / 3d max  (midline at EOD only)|
+------------------------------------------------------------------------+
|  AES  P&L +0.0%  $+0.03                                            HOLD|
|  AVB  P&L +0.7%  $+0.70                                            HOLD|
+========================================================================+

+========================================================================+
|                            EXIT RUN SUMMARY                            |
+========================================================================+
|  Mode                                                             exits|
|  Candidates                                                           2|
|  Deferred/Skipped                                      already logged 0|
|  Data skips                                             no price data 0|
|  Se~  0 attempted  |  0 filled  |  0 partial  |  0 pending  |  0 failed|
|  Holds                                                                2|
|  Logged exits                                                         0|
+========================================================================+

+========================================================================+
|                      STOP-LOSS BREACHES THIS RUN                       |
+========================================================================+
|  None                                                                  |
+========================================================================+
|  Stop-loss look file                  logs/stop_losses_to_look_into.txt|
|  New investigations added                                             0|
+========================================================================+
