18:05:51  INFO      Mode: exits
18:05:53  INFO        Daily log -> logs/daily/2026-08-21.md
18:05:53  INFO        Daily log reconciled -> logs/daily/2026-08-21.md (4 ledger rows)
18:05:53  INFO        place_all_stops: checking 3 positions...
18:05:53  INFO        STOP skipped AON: fractional (0.1994 shares) — software exit will handle it
18:05:53  INFO        [positions] 1/1 (1 valid)
18:05:53  INFO        Daily log -> logs/daily/2026-08-21.md

+========================================================================+
|  RUBBER BAND BOT  v8                                                   |
+------------------------------------------------------------------------+
|  Mode                                                             EXITS|
|  Time                                                         18:05 UTC|
|  Regime                                                            BULL|
|  Universe                                                          both|
|  Equity                                                         $311.85|
+========================================================================+

+========================================================================+
|                           STOCKS EXIT CHECK                            |
+========================================================================+
|  Exit logic                   stop-0.5% / 3d max  (midline at EOD only)|
+------------------------------------------------------------------------+
|  AON  P&L +0.7%  $+0.51                                            HOLD|
+========================================================================+

+========================================================================+
|                            EXIT RUN SUMMARY                            |
+========================================================================+
|  Mode                                                             exits|
|  Candidates                                                           1|
|  Deferred/Skipped                                      already logged 0|
|  Data skips                                             no price data 0|
|  Se~  0 attempted  |  0 filled  |  0 partial  |  0 pending  |  0 failed|
|  Holds                                                                1|
|  Logged exits                                                         0|
+========================================================================+

+========================================================================+
|            OPTIONS SLEEVE  (managed by options_live_micro)             |
+========================================================================+
|  CONTRACT                ENTRY    NOW      P&L%     P&L$      MV       |
+------------------------------------------------------------------------+
|  COST260828C01000000     $0.63    $0.40    -36.5%   $-23.00   $40.00   |
|  WMT260821C00110000      $0.09    $0.00    -100.0%  $-9.00    $0.00    |
|                                                                        |
|  Options open P&L                                               $-32.00|
+========================================================================+

+========================================================================+
|                      STOP-LOSS BREACHES THIS RUN                       |
+========================================================================+
|  None                                                                  |
+========================================================================+
|  Stop-loss look file                  logs/stop_losses_to_look_into.txt|
|  New investigations added                                             0|
+========================================================================+
