13:37:21  INFO      Mode: morning_prep
13:37:22  INFO        [prep_positions] 2/2 (2 valid)
13:37:22  INFO      Fetching tickers (universe=both)...
13:37:22  INFO        S&P 500: 503
13:37:22  INFO        MidCap 400: 400
13:37:22  INFO        Total: 903 tickers
13:37:23  INFO        [prep_universe] 40/901 (40 valid)
13:37:25  INFO        [prep_universe] 80/901 (80 valid)
13:37:26  INFO        [prep_universe] 120/901 (120 valid)
13:37:27  INFO        [prep_universe] 160/901 (160 valid)
13:37:28  INFO        [prep_universe] 200/901 (199 valid)
13:37:35  INFO        [prep_universe] 240/901 (238 valid)
13:37:48  INFO        [prep_universe] 280/901 (278 valid)
13:38:01  INFO        [prep_universe] 320/901 (318 valid)
13:38:12  INFO        [prep_universe] 360/901 (358 valid)
13:38:25  INFO        [prep_universe] 400/901 (398 valid)
13:38:35  INFO        [prep_universe] 440/901 (438 valid)
13:38:48  INFO        [prep_universe] 480/901 (477 valid)
13:39:01  INFO        [prep_universe] 520/901 (517 valid)
13:39:11  INFO        [prep_universe] 560/901 (557 valid)
13:39:24  INFO        [prep_universe] 600/901 (597 valid)
13:39:38  INFO        [prep_universe] 640/901 (637 valid)
13:39:48  INFO        [prep_universe] 680/901 (677 valid)
13:40:01  INFO        [prep_universe] 720/901 (717 valid)
13:40:11  INFO        [prep_universe] 760/901 (757 valid)
13:40:24  INFO        [prep_universe] 800/901 (797 valid)
13:40:37  INFO        [prep_universe] 840/901 (837 valid)
13:40:47  INFO        [prep_universe] 880/901 (877 valid)
13:40:54  INFO        [prep_universe] 901/901 (898 valid)

+========================================================================+
|  RUBBER BAND BOT  v8                                                   |
+------------------------------------------------------------------------+
|  Mode                                                      MORNING_PREP|
|  Time                                                         13:37 UTC|
|  Regime                                                            BULL|
|  Universe                                                          both|
|  Equity                                                         $225.35|
+========================================================================+

+========================================================================+
|                              MORNING PREP                              |
+========================================================================+
|  Goal                   Precompute exits/signals for next execution run|
|  Plan file                                 logs/plans/morning_plan.json|
|  Regime                                                            BULL|
+========================================================================+

+========================================================================+
|                       OPEN POSITION P&L SNAPSHOT                       |
+========================================================================+
|  Open positions                                                       2|
|  Invested                                                        $68.71|
|  Open P&L                                                        $+1.23|
|  TICKER   STRATEGY        INVESTED   ENTRY    NOW      P&L%    P&L$    |
+------------------------------------------------------------------------+
|  BAC      MomReversal     $34.07     $53.41   $53.78   +0.7%   $+0.24  |
|  OC       MomReversal     $34.65     $113.39  $116.75  +3.0%   $+1.00  |
+========================================================================+

+========================================================================+
|                            OPEN SELL ORDERS                            |
+========================================================================+
|  Count                                                                0|
|                                                                        |
|  No open sell orders.                                                  |
|                                                                        |
+========================================================================+

+========================================================================+
|                              PREP SUMMARY                              |
+========================================================================+
|  Saved                                                              yes|
|  Exit candidates                                                      0|
|  Signal candidates                                                   49|
|  Universe scanned                                                   901|
+========================================================================+
