15:21:06  INFO      Mode: exits
15:21:07  INFO        Daily log -> logs/daily/2026-08-31.md
15:21:07  INFO        Daily log reconciled -> logs/daily/2026-08-31.md (5 ledger rows)
15:21:07  INFO        place_all_stops: checking 1 positions...
15:21:07  INFO        STOP skipped PFG: fractional (0.3136 shares) — software exit will handle it
15:21:07  INFO        [positions] 1/1 (1 valid)
15:21:07  INFO        SELL MARKET [urgent] PFG closed
15:21:09  INFO        TX logged: SELL PFG  P&L -0.52%
15:21:10  INFO        Daily log -> logs/daily/2026-08-31.md

+========================================================================+
|  RUBBER BAND BOT  v8                                                   |
+------------------------------------------------------------------------+
|  Mode                                                             EXITS|
|  Time                                                         15:21 UTC|
|  Regime                                                            BULL|
|  Universe                                                          both|
|  Equity                                                         $232.25|
+========================================================================+

+========================================================================+
|                           STOCKS EXIT CHECK                            |
+========================================================================+
|  Exit logic                   stop-0.5% / 3d max  (midline at EOD only)|
+------------------------------------------------------------------------+
|  PFG  P&L -0.5%  $-0.18                         EXIT: stop_loss (-0.5%)|
+========================================================================+

+========================================================================+
|                            EXIT RUN SUMMARY                            |
+========================================================================+
|  Mode                                                             exits|
|  Candidates                                                           1|
|  Deferred/Skipped                                      already logged 0|
|  Data skips                                             no price data 0|
|  Se~  1 attempted  |  1 filled  |  0 partial  |  0 pending  |  0 failed|
|  Holds                                                                0|
|  Logged exits                                                         1|
+========================================================================+

+========================================================================+
|            OPTIONS SLEEVE  (managed by options_live_micro)             |
+========================================================================+
|                                                                        |
|  No open option positions.                                             |
|                                                                        |
+========================================================================+

+========================================================================+
|                      STOP-LOSS BREACHES THIS RUN                       |
+========================================================================+
|  PFG                                         -0.52%  (threshold -0.50%)|
|  Count                                                                1|
+========================================================================+
|  Stop-loss look file                  logs/stop_losses_to_look_into.txt|
|  New investigations added                                             0|
+========================================================================+
