05:38:33  INFO      Mode: summary

+========================================================================+
|  RUBBER BAND BOT  v8                                                   |
+------------------------------------------------------------------------+
|  Mode                                                           SUMMARY|
|  Time                                                         05:38 UTC|
|  Regime                                                            BULL|
|  Universe                                                          both|
|  Equity                                                         $471.83|
+========================================================================+

+========================================================================+
|                             ACCOUNT STATUS                             |
+========================================================================+
|  Equity                                                         $471.83|
|  Cash                                                           $153.29|
|  Regime                                                            BULL|
|  Universe                                                          both|
|  Total invested                                                 $318.54|
|  Open P&L                                                        $+5.22|
+========================================================================+

+========================================================================+
|                        HOLDINGS  (4 positions)                         |
+========================================================================+
|  TICKER   STRATEGY        INVESTED   ENTRY    NOW      P&L%    P&L$    |
+------------------------------------------------------------------------+
|  APG      MomReversal     $32.29     $38.85   $39.68   +2.1%   $+0.68  |
|  CINF     Pullback50      $95.35     $175.04  $177.68  +1.5%   $+1.41  |
|  MP       MomReversal     $95.74     $41.37   $42.19   +2.0%   $+1.85  |
|  PWR      EarningsDrift   $95.15     $667.29  $676.33  +1.4%   $+1.27  |
|                                                                        |
|  Total invested                                                 $318.54|
|  Total open P&L                                                  $+5.22|
+========================================================================+

+========================================================================+
|                        EXIT LOGIC ACTIVE  (v8)                         |
+========================================================================+
|  Profit target                              price > 20-day MA (midline)|
|  Stop loss                                             -0.5% from entry|
|  Time stop                                          max 3 calendar days|
+========================================================================+

+========================================================================+
|                          RECENT TRANSACTIONS                           |
+========================================================================+
|  2026-07-31  SELL  MPWR  EarningsDrift  $94.50  P&L $+0.30             |
|  2026-07-31  SELL  LECO  EarningsDrift  $93.79  P&L $-0.10             |
|  2026-07-31  SELL  NVT  EarningsDrift  $89.90  P&L $-0.43              |
|  2026-07-31  SELL  AVB  Pullback50  $93.36  P&L $-0.58                 |
|  2026-07-31  SELL  CI  Pullback50  $93.26  P&L $-0.49                  |
|  2026-07-31  SELL  FFIV  Pullback50  $91.92  P&L $-0.54                |
+========================================================================+
