19:36:55  INFO      Mode: evening_prep
19:36:57  INFO        [prep_positions] 1/1 (1 valid)
19:36:57  INFO        Universe cache hit: 901 tickers (tickers_2026-09-23.json)
19:36:58  INFO        [prep_universe] 40/900 (40 valid)
19:36:59  INFO        [prep_universe] 80/900 (80 valid)
19:37:01  INFO        [prep_universe] 120/900 (120 valid)
19:37:02  INFO        [prep_universe] 160/900 (160 valid)
19:37:03  INFO        [prep_universe] 200/900 (199 valid)
19:37:11  INFO        [prep_universe] 240/900 (238 valid)
19:37:24  INFO        [prep_universe] 280/900 (278 valid)
19:37:34  INFO        [prep_universe] 320/900 (318 valid)
19:37:48  INFO        [prep_universe] 360/900 (358 valid)
19:37:58  INFO        [prep_universe] 400/900 (398 valid)
19:38:12  INFO        [prep_universe] 440/900 (438 valid)
19:38:22  INFO        [prep_universe] 480/900 (478 valid)
19:38:35  INFO        [prep_universe] 520/900 (518 valid)
19:38:46  INFO        [prep_universe] 560/900 (558 valid)
19:38:59  INFO        [prep_universe] 600/900 (598 valid)
19:39:12  INFO        [prep_universe] 640/900 (638 valid)
19:39:23  INFO        [prep_universe] 680/900 (678 valid)
19:39:36  INFO        [prep_universe] 720/900 (718 valid)
19:39:46  INFO        [prep_universe] 760/900 (758 valid)
19:40:00  INFO        [prep_universe] 800/900 (798 valid)
19:40:10  INFO        [prep_universe] 840/900 (838 valid)
19:40:23  INFO        [prep_universe] 880/900 (878 valid)
19:40:27  INFO        [prep_universe] 900/900 (898 valid)

+========================================================================+
|  RUBBER BAND BOT  v8                                                   |
+------------------------------------------------------------------------+
|  Mode                                                      EVENING_PREP|
|  Time                                                         19:36 UTC|
|  Regime                                                            BULL|
|  Universe                                                          both|
|  Equity                                                         $224.67|
+========================================================================+

+========================================================================+
|                              EVENING PREP                              |
+========================================================================+
|  Goal                   Precompute exits/signals for next execution run|
|  Plan file                                 logs/plans/evening_plan.json|
|  Regime                                                            BULL|
+========================================================================+

+========================================================================+
|                       OPEN POSITION P&L SNAPSHOT                       |
+========================================================================+
|  Open positions                                                       1|
|  Invested                                                        $33.81|
|  Open P&L                                                        $+0.10|
|  TICKER   STRATEGY        INVESTED   ENTRY    NOW      P&L%    P&L$    |
+------------------------------------------------------------------------+
|  COP      Pullback50      $33.81     $127.75  $128.13  +0.3%   $+0.10  |
+========================================================================+

+========================================================================+
|                            OPEN SELL ORDERS                            |
+========================================================================+
|  Count                                                                0|
|                                                                        |
|  No open sell orders.                                                  |
|                                                                        |
+========================================================================+

+========================================================================+
|                              PREP SUMMARY                              |
+========================================================================+
|  Saved                                                              yes|
|  Exit candidates                                                      0|
|  Signal candidates                                                   29|
|  Universe scanned                                                   900|
+========================================================================+
