14:11:23  INFO      Mode: exits
14:11:24  INFO        Daily log -> logs/daily/2026-09-24.md
14:11:24  INFO        Daily log reconciled -> logs/daily/2026-09-24.md (2 ledger rows)
14:11:24  INFO        place_all_stops: checking 3 positions...
14:11:24  INFO        STOP already live AES @ $14.76
14:11:24  INFO        STOP skipped COHR: fractional (0.1141 shares) — software exit will handle it
14:11:24  INFO        STOP skipped COP: fractional (0.2639 shares) — software exit will handle it
14:11:24  INFO        [positions] 3/3 (3 valid)
14:11:24  INFO        SELL MARKET [urgent] COHR closed
14:11:27  INFO        TX logged: SELL COHR  P&L -0.92%
14:11:27  INFO        Daily log -> logs/daily/2026-09-24.md

+========================================================================+
|  RUBBER BAND BOT  v8                                                   |
+------------------------------------------------------------------------+
|  Mode                                                             EXITS|
|  Time                                                         14:11 UTC|
|  Regime                                                            BULL|
|  Universe                                                          both|
|  Equity                                                         $225.18|
+========================================================================+

+========================================================================+
|                           STOCKS EXIT CHECK                            |
+========================================================================+
|  Exit logic                   stop-0.5% / 3d max  (midline at EOD only)|
+------------------------------------------------------------------------+
|  COHR  P&L -0.9%  $-0.31                        EXIT: stop_loss (-0.9%)|
|  AES  P&L +0.1%  $+0.02                                            HOLD|
|  COP  P&L +1.6%  $+0.54                                            HOLD|
+========================================================================+

+========================================================================+
|                            EXIT RUN SUMMARY                            |
+========================================================================+
|  Mode                                                             exits|
|  Candidates                                                           3|
|  Deferred/Skipped                                      already logged 0|
|  Data skips                                             no price data 0|
|  Se~  1 attempted  |  1 filled  |  0 partial  |  0 pending  |  0 failed|
|  Holds                                                                2|
|  Logged exits                                                         1|
+========================================================================+

+========================================================================+
|            OPTIONS SLEEVE  (managed by options_live_micro)             |
+========================================================================+
|                                                                        |
|  No open option positions.                                             |
|                                                                        |
+========================================================================+

+========================================================================+
|                      STOP-LOSS BREACHES THIS RUN                       |
+========================================================================+
|  COHR                                        -0.92%  (threshold -0.50%)|
|  Count                                                                1|
+========================================================================+
|  Stop-loss look file                  logs/stop_losses_to_look_into.txt|
|  New investigations added                                             0|
+========================================================================+
