14:15:52  INFO      Mode: exits
14:15:53  INFO        Daily log -> logs/daily/2026-08-14.md
14:15:53  INFO        Daily log reconciled -> logs/daily/2026-08-14.md (1 ledger rows)
14:15:53  INFO        place_all_stops: checking 3 positions...
14:15:53  INFO        STOP skipped AAPL: fractional (0.2288 shares) — software exit will handle it
14:15:53  INFO        STOP skipped ACGL: fractional (0.7073 shares) — software exit will handle it
14:15:53  INFO        STOP skipped AFL: fractional (0.7729 shares) — software exit will handle it
14:15:53  INFO        [positions] 3/3 (3 valid)
14:15:54  INFO        Daily log -> logs/daily/2026-08-14.md

+========================================================================+
|  RUBBER BAND BOT  v8                                                   |
+------------------------------------------------------------------------+
|  Mode                                                             EXITS|
|  Time                                                         14:15 UTC|
|  Regime                                                            BULL|
|  Universe                                                          both|
|  Equity                                                         $466.65|
+========================================================================+

+========================================================================+
|                               EXIT CHECK                               |
+========================================================================+
|  Exit logic                   stop-0.5% / 3d max  (midline at EOD only)|
+------------------------------------------------------------------------+
|  AAPL  P&L -0.2%  $-0.14                                           HOLD|
|  AFL  P&L +0.4%  $+0.36                                            HOLD|
|  ACGL  P&L +1.0%  $+0.66                                           HOLD|
+========================================================================+

+========================================================================+
|                            EXIT RUN SUMMARY                            |
+========================================================================+
|  Mode                                                             exits|
|  Candidates                                                           3|
|  Deferred/Skipped                                      already logged 0|
|  Data skips                                             no price data 0|
|  Se~  0 attempted  |  0 filled  |  0 partial  |  0 pending  |  0 failed|
|  Holds                                                                3|
|  Logged exits                                                         0|
+========================================================================+

+========================================================================+
|                      STOP-LOSS BREACHES THIS RUN                       |
+========================================================================+
|  None                                                                  |
+========================================================================+
|  Stop-loss look file                  logs/stop_losses_to_look_into.txt|
|  New investigations added                                             0|
+========================================================================+
