13:37:08  INFO      Mode: morning_prep
13:37:09  INFO        [prep_positions] 2/2 (2 valid)
13:37:09  INFO      Fetching tickers (universe=both)...
13:37:09  INFO        S&P 500: 503
13:37:09  INFO        MidCap 400: 400
13:37:09  INFO        Total: 903 tickers
13:37:10  INFO        [prep_universe] 40/901 (40 valid)
13:37:12  INFO        [prep_universe] 80/901 (80 valid)
13:37:14  INFO        [prep_universe] 120/901 (120 valid)
13:37:15  INFO        [prep_universe] 160/901 (160 valid)
13:37:16  INFO        [prep_universe] 200/901 (199 valid)
13:37:23  INFO        [prep_universe] 240/901 (238 valid)
13:37:36  INFO        [prep_universe] 280/901 (278 valid)
13:37:46  INFO        [prep_universe] 320/901 (318 valid)
13:37:59  INFO        [prep_universe] 360/901 (358 valid)
13:38:12  INFO        [prep_universe] 400/901 (398 valid)
13:38:22  INFO        [prep_universe] 440/901 (438 valid)
13:38:35  INFO        [prep_universe] 480/901 (478 valid)
13:38:48  INFO        [prep_universe] 520/901 (518 valid)
13:38:58  INFO        [prep_universe] 560/901 (558 valid)
13:39:11  INFO        [prep_universe] 600/901 (598 valid)
13:39:24  INFO        [prep_universe] 640/901 (638 valid)
13:39:34  INFO        [prep_universe] 680/901 (678 valid)
13:39:47  INFO        [prep_universe] 720/901 (718 valid)
13:40:00  INFO        [prep_universe] 760/901 (758 valid)
13:40:10  INFO        [prep_universe] 800/901 (798 valid)
13:40:23  INFO        [prep_universe] 840/901 (838 valid)
13:40:36  INFO        [prep_universe] 880/901 (878 valid)
13:40:40  INFO        [prep_universe] 901/901 (899 valid)

+========================================================================+
|  RUBBER BAND BOT  v8                                                   |
+------------------------------------------------------------------------+
|  Mode                                                      MORNING_PREP|
|  Time                                                         13:37 UTC|
|  Regime                                                            BULL|
|  Universe                                                          both|
|  Equity                                                         $223.04|
+========================================================================+

+========================================================================+
|                              MORNING PREP                              |
+========================================================================+
|  Goal                   Precompute exits/signals for next execution run|
|  Plan file                                 logs/plans/morning_plan.json|
|  Regime                                                            BULL|
+========================================================================+

+========================================================================+
|                       OPEN POSITION P&L SNAPSHOT                       |
+========================================================================+
|  Open positions                                                       2|
|  Invested                                                       $100.35|
|  Open P&L                                                        $-0.04|
|  TICKER   STRATEGY        INVESTED   ENTRY    NOW      P&L%    P&L$    |
+------------------------------------------------------------------------+
|  CMS      MomReversal     $67.06     $63.48   $63.61   +0.2%   $+0.14  |
|  NCLH     EarningsDrift   $33.29     $14.85   $14.77   -0.5%   $-0.18  |
+========================================================================+

+========================================================================+
|                            OPEN SELL ORDERS                            |
+========================================================================+
|  Count                                                                0|
|                                                                        |
|  No open sell orders.                                                  |
|                                                                        |
+========================================================================+

+========================================================================+
|                              PREP SUMMARY                              |
+========================================================================+
|  Saved                                                              yes|
|  Exit candidates                                                      1|
|  Signal candidates                                                   18|
|  Universe scanned                                                   901|
+========================================================================+
