15:13:33  INFO      Mode: exits
15:13:34  INFO        Daily log -> logs/daily/2026-07-20.md
15:13:34  INFO        Daily log reconciled -> logs/daily/2026-07-20.md (4 ledger rows)
15:13:34  INFO        place_all_stops: checking 4 positions...
15:13:34  INFO        STOP skipped CI: fractional (0.3102 shares) — software exit will handle it
15:13:34  INFO        STOP already live CNP @ $43.14
15:13:34  INFO        STOP skipped COP: fractional (0.7700 shares) — software exit will handle it
15:13:34  INFO        STOP already live KO @ $81.47
15:13:35  INFO        [positions] 4/4 (4 valid)
15:13:35  INFO        Daily log -> logs/daily/2026-07-20.md

+========================================================================+
|  RUBBER BAND BOT  v8                                                   |
+------------------------------------------------------------------------+
|  Mode                                                             EXITS|
|  Time                                                         15:13 UTC|
|  Regime                                                            BULL|
|  Universe                                                          both|
|  Equity                                                         $482.45|
+========================================================================+

+========================================================================+
|                               EXIT CHECK                               |
+========================================================================+
|  Exit logic                   stop-0.5% / 3d max  (midline at EOD only)|
+------------------------------------------------------------------------+
|  CNP  P&L -0.4%  $-0.36                                            HOLD|
|  CI  P&L -0.1%  $-0.12                                             HOLD|
|  KO  P&L -0.0%  $-0.03                                             HOLD|
|  COP  P&L +0.5%  $+0.48                                            HOLD|
+========================================================================+

+========================================================================+
|                            EXIT RUN SUMMARY                            |
+========================================================================+
|  Mode                                                             exits|
|  Candidates                                                           4|
|  Deferred/Skipped                                      already logged 0|
|  Data skips                                             no price data 0|
|  Se~  0 attempted  |  0 filled  |  0 partial  |  0 pending  |  0 failed|
|  Holds                                                                4|
|  Logged exits                                                         0|
+========================================================================+

+========================================================================+
|                      STOP-LOSS BREACHES THIS RUN                       |
+========================================================================+
|  None                                                                  |
+========================================================================+
|  Stop-loss look file                  logs/stop_losses_to_look_into.txt|
|  New investigations added                                             0|
+========================================================================+
