options_reconcile: state=/home/runner/work/TradingBot/TradingBot/logs/options_trial/_state/lab_state.json
  open_lots=126 paper_keys=yes dry_run=False
  alpaca positions=34
options_reconcile: done
Layout: controlled:1024:lab0000_s200_w1_0928_1005_r1 (layout changed controlled:100:c000_s173_w1_0928_1005_r1 -> controlled:1024:lab0000_s200_w1_0928_1005_r1)
Trial layout: /home/runner/work/TradingBot/TradingBot/logs/options_trial
Docs:         skipped (local docs unavailable on this runner)
Buckets:      1024
=== options_morning_bot (PAPER) 2026-08-11T11:15:59.157956-04:00 ===

[Run context]
Paper auth OK — equity $135834.04, account PA36KS87UPRS

[Setup]
Active buckets: 1024 | Strategies: S165, S164, S168, S167, S166, S163, S169, S170, S171, S172, S175, S200, S201, S202, S203, S204, S205, S206, S207, S208, S209, S210, S211, S212, S213, S214, S215, S216, S217, S218, S219, S220, S221, S400, S401, S402, S403, S350, S351, S352, S353, S354, S355, S356, S357, S358, S359, S360, S361, S362, S363, S364, S365, S366, S367, S368, S369, S370, S371, S372, S373, S374, S375, S376, S377, S378, S379, S380, S381, S382, S383, S384, S385, S386, S387, S388, S389, S390, S391, S392, S393, S394, S413, S414, S415, S416, S417, S418, S395, S396, S397, S398, S399, S404, S405, S406, S407, S408, S409, S410, S411, S412, S413, S414, S415, S416, S417, S418, S419
Dropped (no new entries; ex-reflected P&L): S173, S174
2026-08-11 11:16:06,536 INFO   EXIT [b238|lab0238_s401_w3_1045_1120_r1|S401] stop_loss (-51.4%) SELL 1 PLTR260814C00192500 @<= 0.19
  EXIT [b111|lab0111_s212_w2_1005_1045_r2|S212] stop_loss (-77.6%) SELL failed QQQ260813C00740000: {"code":40010001,"message":"client_order_id must be unique"}
2026-08-11 11:16:10,723 INFO   EXIT [b783|lab0783_s397_w4_1120_1135_r2|S397] take_profit (+75.9%) SELL 1 TTD260814C00012500 @<= 1.20

[Scan + entries]
Scanning 117 symbols for [S165, S164, S168, S167, S166, S163, S169, S170, S171, S172, S175, S200, S201, S202, S203, S204, S205, S206, S207, S208, S209, S210, S211, S212, S213, S214, S215, S216, S217, S218, S219, S220, S221, S400, S401, S402, S403, S350, S351, S352, S353, S354, S355, S356, S357, S358, S359, S360, S361, S362, S363, S364, S365, S366, S367, S368, S369, S370, S371, S372, S373, S374, S375, S376, S377, S378, S379, S380, S381, S382, S383, S384, S385, S386, S387, S388, S389, S390, S391, S392, S393, S394, S413, S414, S415, S416, S417, S418, S395, S396, S397, S398, S399, S404, S405, S406, S407, S408, S409, S410, S411, S412, S413, S414, S415, S416, S417, S418, S419] …
Fetched daily bars for 114/117 symbols
Found 67 signal(s); top: ['S203:MARA', 'S210:ARM', 'S210:AFRM', 'S211:AVGO', 'S211:BA', 'S212:META', 'S212:AFRM', 'S212:C']
Paper lab: $135858 broker equity -> 1024 bucket(s) ($500 virtual each, unlimited paper)
  Skipped: 30 no tradeable call, 39 already attempted today, 17 pending order
Placed 0 new entry order(s).

[Portfolio snapshot]
+========================================================================+
|  OPTIONS BOT SUMMARY                                                   |
+------------------------------------------------------------------------+
|  Mode                          entry+manage                            |
|  Equity                        $135,834.04                             |
|  Signals this run              67                                      |
|  Orders submitted (session)    43                                      |
|  Orders filled today (ledger)  40                                      |
|  Entries placed this run       0                                       |
|  Open virtual lots             127                                     |
|  Broker option positions       32                                      |
|  Unattributed contracts        6 (orphan reconcile)                    |
|  Pending orders                5                                       |
+========================================================================+
+========================================================================+
|  BUCKET LEADERBOARD (reflected ex-S173,S174)                           |
+------------------------------------------------------------------------+
|  Reflected trades=1828  buckets=316  win=37%                           |
|  Returns   avg=+14.2%  med=-41.8%  p10=-82.5%  p90=+127.2%             |
|  Realized  $+3,719.80                                                  |
|  Raw incl dropped  trades=2362  real=$+2,124.25                        |
|  Today     trades=38  avg=-23.2%  med=-53.0%  real=$-369.67            |
+------------------------------------------------------------------------+
|  BKT PROFILE               N  WIN  AVG%   MED%   BEST%  REAL$          |
+------------------------------------------------------------------------+
|  b834 lab0834_s406_w4_11  4 100% +593.6 +598.5 +1133.3 $    +93        |
|  b383 lab0383_s362_w4_11  2  50% +581.3 +581.3 +1222.6 $   +337        |
|  b382 lab0382_s362_w4_11  2  50% +533.6 +533.6 +1125.8 $   +308        |
|  b860 lab0860_s408_w3_10  8  62% +552.8 +493.9 +1446.7 $   +818        |
|  b268 lab0268_s403_w4_11  3  67% +186.5 +320.0 +320.0 $   +115         |
|  b51  lab0051_s206_w2_10  1 100% +263.6 +263.6 +263.6 $   +174         |
|  b91  lab0091_s210_w6_14  2 100% +222.0 +222.0 +247.0 $   +293         |
|  b281 lab0281_s351_w1_09  5  60% +156.4 +197.9 +346.9 $   +296         |
|  ... 308 more bucket(s) with exits                                     |
+------------------------------------------------------------------------+
|  Low  b79  lab0079_s209_w4_11  1   0% -94.6 -94.6 -94.6 $    -53       |
+========================================================================+
+========================================================================+
|  PENDING ORDERS (5)                                                    |
+------------------------------------------------------------------------+
|  Top groups                    S216:TTD(2), S218:TTD(2), S406:CVNA(1)  |
+------------------------------------------------------------------------+
|  b168 S216 TTD      limit=0.19                                         |
|  b169 S216 TTD      limit=0.19                                         |
|  b196 S218 TTD      limit=0.19                                         |
|  b197 S218 TTD      limit=0.19                                         |
|  b832 S406 CVNA     limit=0.30                                         |
+========================================================================+
+========================================================================+
|  PENDING EXITS (5)                                                     |
+------------------------------------------------------------------------+
|  b304 S354 AAPL260814C00317500 x1 stop_loss (-50.9%)                   |
|  b182 S217 RBLX260814C00041000 x1 stop_loss (-75.3%)                   |
|  b316 S355 AAPL260817C00320000 x1 stop_loss (-52.1%)                   |
|  b791 S398 AAPL260812C00312500 x1 stop_loss (-60.5%)                   |
|  b238 S401 PLTR260814C00192500 x1 stop_loss (-51.4%)                   |
+========================================================================+
+========================================================================+
|  OPEN OPTIONS (32)                                                     |
+------------------------------------------------------------------------+
|  SYMBOL                      QTY    RET%        OPEN P&L               |
|------------------------------------------------------------------------|
|  AAPL260812C00315000          38    -83.4%   $ -1,340.00               |
|  AAPL260814C00317500          22    -60.7%   $   -816.87               |
|  AAPL260817C00320000           8    -58.5%   $   -293.54               |
|  AAPL260812C00312500           6    -74.2%   $   -293.00               |
|  AAPL260812C00317500          10    -86.5%   $   -192.00               |
|  TTD260814C00012500            2    +78.8%   $   +106.67               |
|  UBER260814C00080000           6    +35.8%   $    +98.00               |
|  NFLX260814C00079000           6    -48.1%   $    -78.00               |
|  ... 24 more position(s)                                               |
+========================================================================+
Full detail: logs/options_trial/runs/2026-08-11.log
elapsed=74.4s reconcile=0.29s cancel=0.06s manage=14.88s scan=55.76s entries=2.63s
STATUS: options_morning_bot run complete (PAPER) elapsed=74.4s. run=#6701 https://github.com/28twagg-ops/TradingBot/actions/runs/31505992621
Evaluation complete: 100 strategies evaluated, 0 killed, 0 promote candidates.
Wrote /home/runner/work/TradingBot/TradingBot/logs/options_trial/reports/2026-08-11_buckets.md
Wrote /home/runner/work/TradingBot/TradingBot/logs/options_trial/reports/2026-08-11_buckets.csv
Summary: 36 buckets closed trades, $-369.67 realized
STALE WARNING: 1 bucket(s) with open lots and last_entry >5d
Wrote /home/runner/work/TradingBot/TradingBot/logs/options_trial/reports/2026-08-11_strategy_selection.md
Wrote /home/runner/work/TradingBot/TradingBot/logs/options_trial/reports/2026-08-11_strategy_selection.csv
Summary: keep=0 watch=80 drop=25
Orphan rate: 11.6% (275/2362) ALERT
# Options signal frequency

_Generated 2026-08-11T11:17:19.362362_

Headline counts are **unique (strategy, underlying, date)** from `ENTRY` lines in `logs/options_trial/runs/*.log`.
Raw log-line counts (multi-bucket duplicates) are shown below for debug.

### Unique underlying symbols per day (headline)

| Date       | S163 | S164 | S165 | S166 | S167 | S168 | S169 | S170 | S171 | S172 | S175 | S173 | S174 | Total |
|------------|-----:|-----:|-----:|-----:|-----:|-----:|-----:|-----:|-----:|-----:|-----:|-----:|-----:|------:|
| 2026-07-07 |    0 |    0 |    0 |    0 |    0 |    0 |    0 |    0 |    0 |    0 |    0 |    1 |    0 |     1 |
| 2026-07-08 |    0 |    0 |    3 |    0 |    0 |    0 |    0 |    0 |    0 |    0 |    0 |    2 |    1 |     6 |
| 2026-07-09 |    0 |    0 |    1 |    0 |    0 |    0 |    0 |    0 |    0 |    0 |    0 |    2 |    3 |     6 |
| 2026-07-10 |    0 |    0 |    1 |    0 |    0 |    0 |    0 |    0 |    0 |    0 |    0 |    1 |    1 |     3 |
| 2026-07-13 |    0 |    0 |    2 |    0 |    0 |    0 |    0 |    0 |    0 |    0 |    0 |    3 |    2 |     7 |
| 2026-07-14 |    0 |    0 |    3 |    0 |    0 |    0 |    0 |    0 |    0 |    0 |    0 |    2 |    0 |     5 |
| 2026-07-16 |    0 |    0 |    2 |    0 |    0 |    0 |    0 |    0 |    0 |    0 |    0 |    3 |    0 |     5 |
| 2026-07-17 |    0 |    0 |    2 |    0 |    0 |    0 |    0 |    0 |    0 |    0 |    0 |    2 |    0 |     4 |
| 2026-07-20 |    0 |    0 |    0 |    0 |    0 |    0 |    0 |    0 |    0 |    0 |    0 |    1 |    0 |     1 |
| 2026-07-21 |    1 |    2 |    1 |    1 |    2 |    2 |    0 |    0 |    0 |    0 |    0 |    0 |    0 |     9 |
| 2026-07-22 |    1 |    1 |    1 |    0 |    1 |    0 |    0 |    0 |    0 |    0 |    0 |    0 |    0 |     4 |
| 2026-07-24 |    1 |    1 |    1 |    0 |    1 |    1 |    0 |    0 |    0 |    0 |    0 |    0 |    0 |     5 |
| 2026-07-27 |    1 |    0 |    1 |    1 |    1 |    1 |    0 |    0 |    0 |    0 |    0 |    0 |    0 |     5 |
| 2026-07-28 |    1 |    1 |    1 |    1 |    1 |    1 |    0 |    0 |    0 |    0 |    0 |    0 |    0 |     6 |
| 2026-07-29 |    1 |    2 |    1 |    1 |    1 |    0 |    0 |    0 |    0 |    0 |    0 |    0 |    0 |     6 |

## Per-strategy summary (unique underlyings)

| Strategy | Unique entries | Active days | Avg unique / active day | Est. active days to n=30 exits* |
|----------|---------------:|------------:|------------------------:|--------------------------------|
| S163 | 6 | 6 | 1.0 | ~38 active signal-days |
| S164 | 7 | 5 | 1.4 | ~27 active signal-days |
| S165 | 20 | 13 | 1.5 | ~25 active signal-days |
| S166 | 4 | 4 | 1.0 | ~38 active signal-days |
| S167 | 7 | 6 | 1.2 | ~33 active signal-days |
| S168 | 5 | 4 | 1.2 | ~30 active signal-days |
| S169 | 0 | 0 | 0.0 | inf (no unique entries yet) |
| S170 | 0 | 0 | 0.0 | inf (no unique entries yet) |
| S171 | 0 | 0 | 0.0 | inf (no unique entries yet) |
| S172 | 0 | 0 | 0.0 | inf (no unique entries yet) |
| S175 | 0 | 0 | 0.0 | inf (no unique entries yet) |
| S173 | 17 | 9 | 1.9 | ~20 active signal-days |
| S174 | 7 | 4 | 1.8 | ~22 active signal-days |

\* Formula: `ceil(30 / (avg_unique_per_active_day * 80%))`. Update when real exit rates are known.

## Signal frequency by window (all time, unique strategy×symbol×date×window)

| Window | S163 | S164 | S165 | S166 | S167 | S168 | S169 | S170 | S171 | S172 | S175 | S173 | S174 | Total |
|--------|-----:|-----:|-----:|-----:|-----:|-----:|-----:|-----:|-----:|-----:|-----:|-----:|-----:|------:|
| w1     |    2 |    1 |    6 |    1 |    2 |    1 |    0 |    0 |    0 |    0 |    0 |    7 |    1 |    21 |
| w2     |    5 |    4 |   10 |    4 |    5 |    4 |    0 |    0 |    0 |    0 |    0 |    6 |    3 |    41 |
| w3     |    5 |    4 |   11 |    3 |    5 |    3 |    0 |    0 |    0 |    0 |    0 |    7 |    4 |    42 |
| w4     |    4 |    2 |    8 |    2 |    3 |    3 |    0 |    0 |    0 |    0 |    0 |    6 |    3 |    31 |

Windows (ET): w1 09:28–10:05 · w2 10:05–10:45 · w3 10:45–11:20 · w4 11:20–11:35. Parsed from controlled-layout profile names in ENTRY log lines.

## Raw vs unique totals

| Strategy | Raw log lines (includes multi-bucket duplicates) | Unique underlying symbols |
|----------|-------------------------------------------------:|--------------------------:|
| S163 | 205 | 6 |
| S164 | 229 | 7 |
| S165 | 1675 | 20 |
| S166 | 105 | 4 |
| S167 | 229 | 7 |
| S168 | 150 | 5 |
| S169 | 0 | 0 |
| S170 | 0 | 0 |
| S171 | 0 | 0 |
| S172 | 0 | 0 |
| S175 | 0 | 0 |
| S173 | 1911 | 17 |
| S174 | 891 | 7 |

### Raw log lines per day (debug / multi-bucket)

| Date       | S163 | S164 | S165 | S166 | S167 | S168 | S169 | S170 | S171 | S172 | S175 | S173 | S174 | Total |
|------------|-----:|-----:|-----:|-----:|-----:|-----:|-----:|-----:|-----:|-----:|-----:|-----:|-----:|------:|
| 2026-07-07 |    0 |    0 |    0 |    0 |    0 |    0 |    0 |    0 |    0 |    0 |    0 |  100 |    0 |   100 |
| 2026-07-08 |    0 |    0 |  100 |    0 |    0 |    0 |    0 |    0 |    0 |    0 |    0 |  100 |  100 |   300 |
| 2026-07-09 |    0 |    0 |   24 |    0 |    0 |    0 |    0 |    0 |    0 |    0 |    0 |  100 |   15 |   139 |
| 2026-07-10 |    0 |    0 |  242 |    0 |    0 |    0 |    0 |    0 |    0 |    0 |    0 |  230 |  202 |   674 |
| 2026-07-13 |    0 |    0 |  190 |    0 |    0 |    0 |    0 |    0 |    0 |    0 |    0 |  212 |  188 |   590 |
| 2026-07-14 |    0 |    0 |  194 |    0 |    0 |    0 |    0 |    0 |    0 |    0 |    0 |  185 |  106 |   485 |
| 2026-07-15 |    0 |    0 |  146 |    0 |    0 |    0 |    0 |    0 |    0 |    0 |    0 |  154 |   58 |   358 |
| 2026-07-16 |    0 |    0 |  179 |    0 |    0 |    0 |    0 |    0 |    0 |    0 |    0 |  205 |   58 |   442 |
| 2026-07-17 |    0 |    0 |  127 |    0 |    0 |    0 |    0 |    0 |    0 |    0 |    0 |  207 |   58 |   392 |
| 2026-07-20 |    0 |    0 |  107 |    0 |    0 |    0 |    0 |    0 |    0 |    0 |    0 |  143 |   58 |   308 |
| 2026-07-21 |   30 |   35 |  113 |   30 |   35 |   35 |    0 |    0 |    0 |    0 |    0 |  118 |   48 |   444 |
| 2026-07-22 |   40 |   47 |   86 |   15 |   45 |   20 |    0 |    0 |    0 |    0 |    0 |   77 |    0 |   330 |
| 2026-07-23 |   30 |   42 |   50 |   15 |   40 |   20 |    0 |    0 |    0 |    0 |    0 |   40 |    0 |   237 |
| 2026-07-24 |   75 |   87 |   85 |   15 |   77 |   55 |    0 |    0 |    0 |    0 |    0 |   40 |    0 |   434 |
| 2026-07-27 |   14 |    0 |   14 |   14 |   14 |   14 |    0 |    0 |    0 |    0 |    0 |    0 |    0 |    70 |
| 2026-07-28 |    6 |    8 |    8 |    8 |    8 |    6 |    0 |    0 |    0 |    0 |    0 |    0 |    0 |    44 |
| 2026-07-29 |   10 |   10 |   10 |    8 |   10 |    0 |    0 |    0 |    0 |    0 |    0 |    0 |    0 |    48 |

## Notes

- Pre-router-fix (before 2026-07-17 commit `56660c9e`): S163/S166 were starved — expect zeros until a post-fix entry-window gap-down day.
- Controlled layout places one ENTRY per matching bucket×strategy; raw counts inflate, unique underlyings do not.


Wrote /home/runner/work/TradingBot/TradingBot/logs/options_trial/reports/signal_frequency.md
## Ledger health — 2026-08-11
| Check                       | Count | Status |
|-----------------------------|------:|--------|
| Current stuck (state)       |     0 | OK |
| Orphaned lots (post-stable) |   591 | WARN | <<<
| Missing exit records (post) |   591 | WARN | <<<
| State/ledger mismatches     |    22 | WARN | <<<
| Total open lots             |   127 | INFO |
| Total closed lots           |  1620 | INFO |
| Pre-cutoff audit debt       |     0 | INFO |
| Transition audit debt       |   744 | INFO |

Wrote /home/runner/work/TradingBot/TradingBot/logs/options_trial/reports/ledger_health.md
Wrote /home/runner/work/TradingBot/TradingBot/logs/dashboard.html
equity=466.22 router=CONFIRMED leaderboard_rows=105
Wrote /home/runner/work/TradingBot/TradingBot/logs/rubber_band_report.md
| 1 | MomReversal | 14 | 43% | +0.39% | -0.69% | -1.92% | 1.95 | 1.6d | $+3.40 | WATCH |
| 2 | unknown | 32 | 19% | -0.03% | -0.59% | -1.27% | 1.44 | 0.0d | $+0.29 | ACTIVE |
