13:57:36  INFO      Mode: morning_scan
13:57:37  INFO        [positions] 3/3 (3 valid)
13:57:37  INFO        SELL MARKET [urgent] CTAS closed
13:57:39  INFO        TX logged: SELL CTAS  P&L -0.87%
13:57:39  INFO        SELL LIMIT GLW  qty=0.221288369  limit=$153.25  id=7b27519d-0933-492d-a8d7-3db7a8ef55c5
13:58:09  INFO        SELL LIMIT filled GLW (confirmed by position check)
13:58:09  INFO        TX logged: SELL GLW  P&L -0.4%
13:58:09  INFO        Universe cache hit: 903 tickers (tickers_2026-09-17.json)
13:58:10  INFO        [universe] 40/902 (40 valid)
13:58:11  INFO        [universe] 80/902 (80 valid)
13:58:13  INFO        [universe] 120/902 (120 valid)
13:58:14  INFO        [universe] 160/902 (160 valid)
13:58:15  INFO        [universe] 200/902 (199 valid)
13:58:22  INFO        [universe] 240/902 (238 valid)
13:58:35  INFO        [universe] 280/902 (278 valid)
13:58:48  INFO        [universe] 320/902 (318 valid)
13:58:58  INFO        [universe] 360/902 (358 valid)
13:59:11  INFO        [universe] 400/902 (398 valid)
13:59:24  INFO        [universe] 440/902 (438 valid)
13:59:34  INFO        [universe] 480/902 (478 valid)
13:59:47  INFO        [universe] 520/902 (518 valid)
14:00:00  INFO        [universe] 560/902 (558 valid)
14:00:10  INFO        [universe] 600/902 (598 valid)
14:00:23  INFO        [universe] 640/902 (638 valid)
