17:16:00  INFO      Mode: exits
17:16:00  INFO        Daily log -> logs/daily/2026-08-18.md
17:16:00  INFO        Daily log reconciled -> logs/daily/2026-08-18.md (4 ledger rows)
17:16:01  INFO        place_all_stops: checking 4 positions...
17:16:01  INFO        STOP skipped AON: fractional (0.2011 shares) — software exit will handle it
17:16:01  INFO        [positions] 1/1 (1 valid)
17:16:01  INFO        Daily log -> logs/daily/2026-08-18.md

+========================================================================+
|  RUBBER BAND BOT  v8                                                   |
+------------------------------------------------------------------------+
|  Mode                                                             EXITS|
|  Time                                                         17:16 UTC|
|  Regime                                                            BULL|
|  Universe                                                          both|
|  Equity                                                         $482.04|
+========================================================================+

+========================================================================+
|                           STOCKS EXIT CHECK                            |
+========================================================================+
|  Exit logic                   stop-0.5% / 3d max  (midline at EOD only)|
+------------------------------------------------------------------------+
|  AON  P&L -0.4%  $-0.27                                            HOLD|
+========================================================================+

+========================================================================+
|                            EXIT RUN SUMMARY                            |
+========================================================================+
|  Mode                                                             exits|
|  Candidates                                                           1|
|  Deferred/Skipped                                      already logged 0|
|  Data skips                                             no price data 0|
|  Se~  0 attempted  |  0 filled  |  0 partial  |  0 pending  |  0 failed|
|  Holds                                                                1|
|  Logged exits                                                         0|
+========================================================================+

+========================================================================+
|            OPTIONS SLEEVE  (managed by options_live_micro)             |
+========================================================================+
|  CONTRACT                ENTRY    NOW      P&L%     P&L$      MV       |
+------------------------------------------------------------------------+
|  AVGO260821C00412500     $0.31    $0.21    -32.3%   $-10.00   $21.00   |
|  CELH260821C00030000     $0.70    $0.50    -28.6%   $-20.00   $50.00   |
|  NKE260821C00040000      $0.54    $0.65    +20.4%   $+11.00   $65.00   |
|                                                                        |
|  Options open P&L                                               $-19.00|
+========================================================================+

+========================================================================+
|                      STOP-LOSS BREACHES THIS RUN                       |
+========================================================================+
|  None                                                                  |
+========================================================================+
|  Stop-loss look file                  logs/stop_losses_to_look_into.txt|
|  New investigations added                                             0|
+========================================================================+
