Layout: controlled:100:c000_s173_w1_0928_1005_r1
Trial layout: /home/runner/work/TradingBot/TradingBot/logs/options_trial
Docs:         skipped (local docs unavailable on this runner)
Buckets:      100
=== options_morning_bot (PAPER) 2026-07-13T09:50:31.096265-04:00 ===

[Run context]
Paper auth OK — equity $132659.51, account PA36KS87UPRS

[Setup]
Active buckets: 100 | Strategies: S173, S174, S165, S166, S163
2026-07-13 09:50:38,246 INFO   EXIT [b47|c047_s174_w4_1120_1135_r3|S174] take_profit (+100.0%) SELL 1 PSKY260717C00010000 @<= 0.17

[Scan + entries]
Scanning 903 symbols for [S173, S174, S165, S166, S163] …
Fetched daily bars for 903/903 symbols
Found 57 signal(s); top: ['S173:COHR', 'S173:COIN', 'S173:FIX', 'S173:GNRC', 'S173:MRNA', 'S173:NEM', 'S173:NXPI', 'S173:QCOM']
Paper lab: $132369 broker equity -> 100 bucket(s) ($500 virtual each, unlimited paper)
  All bucket slots blocked or closed for today's signals — skip entry loop.
Placed 0 new entry order(s).

[Portfolio snapshot]
+========================================================================+
|  OPTIONS BOT SUMMARY                                                   |
+------------------------------------------------------------------------+
|  Mode                          entry+manage                            |
|  Equity                        $132,659.51                             |
|  Signals this run              57                                      |
|  Orders submitted (session)    4                                       |
|  Orders filled today (ledger)  6                                       |
|  Entries placed this run       0                                       |
|  Open virtual lots             53                                      |
|  Broker option positions       7                                       |
|  Pending orders                0                                       |
+========================================================================+
+========================================================================+
|  BUCKET LEADERBOARD                                                    |
+------------------------------------------------------------------------+
|  All-time  trades=108  buckets=48  win=67%                             |
|  Returns   avg=+18.5%  med=+30.1%  p10=-81.5%  p90=+69.1%              |
|  Realized  $+7,364.58                                                  |
|  Today     trades=7  avg=-20.2%  med=-37.5%  real=$-137.00             |
+------------------------------------------------------------------------+
|  BKT PROFILE               N  WIN  AVG%   MED%   BEST%  REAL$          |
+------------------------------------------------------------------------+
|  b70  c070_s165_w3_1045_  1 100% +59.1 +59.1 +59.1 $    +28            |
|  b58  c058_s163_w3_1045_  1 100% +59.1 +59.1 +59.1 $    +25            |
|  b73  c073_s166_w2_1005_  1 100% +55.6 +55.6 +55.6 $    +36            |
|  b92  c092_s166_w1_0928_  2 100% +53.6 +53.6 +70.8 $    +95            |
|  b93  c093_s166_w2_1005_  2 100% +53.6 +53.6 +70.8 $    +95            |
|  b95  c095_s166_w4_1120_  2 100% +50.5 +50.5 +70.8 $    +95            |
|  b96  c096_s163_w1_0928_  2 100% +50.5 +50.5 +70.8 $    +95            |
|  b98  c098_s163_w3_1045_  2 100% +50.5 +50.5 +70.8 $    +95            |
|  ... 40 more bucket(s) with exits                                      |
+------------------------------------------------------------------------+
|  Low  b46  c046_s174_w3_1045_  1   0% -89.7 -89.7 -89.7 $    -52       |
+========================================================================+
+========================================================================+
|  PENDING EXITS (2)                                                     |
+------------------------------------------------------------------------+
|  b85  S174 INTC260713C00114000 x1 stop_loss (-91.7%)                   |
|  b47  S174 PSKY260717C00010000 x1 take_profit (+100.0%                 |
+========================================================================+
+========================================================================+
|  OPEN OPTIONS (7)                                                      |
+------------------------------------------------------------------------+
|  SYMBOL                      QTY    RET%        OPEN P&L               |
|------------------------------------------------------------------------|
|  INTC260713C00115000          29    -98.3%   $ -1,691.06               |
|  INTC260713C00114000           8    -97.2%   $   -559.47               |
|  T260717C00021000              8    +47.2%   $   +136.00               |
|  INTC260715C00114000           3    -29.6%   $    -63.00               |
|  PSKY260717C00010000           2   +100.0%   $    +16.00               |
|  INTC260715C00113000           1     +9.1%   $     +5.00               |
|  SMCI260717C00029000           2     +2.1%   $     +3.00               |
+========================================================================+
Full detail: logs/options_trial/runs/2026-07-13.log
elapsed=37.2s reconcile=5.21s cancel=0.07s manage=2.16s scan=29.08s entries=0.15s
STATUS: options_morning_bot run complete (PAPER) elapsed=37.2s. run=#3712 https://github.com/28twagg-ops/TradingBot/actions/runs/29254663633
Wrote /home/runner/work/TradingBot/TradingBot/logs/options_trial/reports/2026-07-13_buckets.md
Wrote /home/runner/work/TradingBot/TradingBot/logs/options_trial/reports/2026-07-13_buckets.csv
Summary: 5 buckets closed trades, $-137.00 realized
Wrote /home/runner/work/TradingBot/TradingBot/logs/options_trial/reports/2026-07-13_strategy_selection.md
Wrote /home/runner/work/TradingBot/TradingBot/logs/options_trial/reports/2026-07-13_strategy_selection.csv
Summary: keep=0 watch=5 drop=0
