16:56:03  INFO      Mode: exits
16:56:04  INFO        Daily log -> logs/daily/2026-08-27.md
16:56:04  INFO        Daily log reconciled -> logs/daily/2026-08-27.md (4 ledger rows)
16:56:04  INFO        place_all_stops: checking 1 positions...
16:56:05  INFO        Daily log -> logs/daily/2026-08-27.md

+========================================================================+
|  RUBBER BAND BOT  v8                                                   |
+------------------------------------------------------------------------+
|  Mode                                                             EXITS|
|  Time                                                         16:56 UTC|
|  Regime                                                            BULL|
|  Universe                                                          both|
|  Equity                                                         $274.03|
+========================================================================+

+========================================================================+
|                             MORNING CHECK                              |
+========================================================================+
|                                                                        |
|  No open stock positions.                                              |
|                                                                        |
+========================================================================+

+========================================================================+
|                            EXIT RUN SUMMARY                            |
+========================================================================+
|  Mode                                                             exits|
|  Candidates                                                           0|
|  Deferred/Skipped                                      already logged 0|
|  Data skips                                             no price data 0|
|  Se~  0 attempted  |  0 filled  |  0 partial  |  0 pending  |  0 failed|
|  Holds                                                                0|
|  Logged exits                                                         0|
+========================================================================+

+========================================================================+
|            OPTIONS SLEEVE  (managed by options_live_micro)             |
+========================================================================+
|  CONTRACT                ENTRY    NOW      P&L%     P&L$      MV       |
+------------------------------------------------------------------------+
|  CELH260828C00033000     $0.72    $0.53    -26.4%   $-19.00   $53.00   |
|                                                                        |
|  Options open P&L                                               $-19.00|
+========================================================================+

+========================================================================+
|                      STOP-LOSS BREACHES THIS RUN                       |
+========================================================================+
|  None                                                                  |
+========================================================================+
|  Stop-loss look file                  logs/stop_losses_to_look_into.txt|
|  New investigations added                                             0|
+========================================================================+
