19:51:33  INFO      Mode: scan
19:51:34  INFO        [positions] 3/3 (3 valid)
19:51:34  INFO        SELL LIMIT AMD  qty=0.068422135  limit=$495.36  id=ccde6233-7f7b-491d-81ba-64fd0a782f7b
19:52:05  INFO        SELL LIMIT filled AMD (confirmed by position check)
19:52:05  INFO        TX logged: SELL AMD  P&L -0.04%
19:52:05  INFO        SELL LIMIT AES  qty=2.289103364  limit=$14.81  id=db490291-7312-41ef-ad6f-6bf612dbe010
19:52:35  INFO        SELL LIMIT filled AES (confirmed by position check)
19:52:35  INFO        TX logged: SELL AES  P&L 0.02%
19:52:35  INFO        Universe cache hit: 903 tickers (tickers_2026-09-14.json)
19:52:36  INFO        [universe] 40/902 (40 valid)
19:52:38  INFO        [universe] 80/902 (80 valid)
19:52:39  INFO        [universe] 120/902 (120 valid)
19:52:40  INFO        [universe] 160/902 (160 valid)
19:52:41  INFO        [universe] 200/902 (199 valid)
19:52:49  INFO        [universe] 240/902 (238 valid)
19:53:02  INFO        [universe] 280/902 (278 valid)
19:53:12  INFO        [universe] 320/902 (318 valid)
19:53:25  INFO        [universe] 360/902 (358 valid)
19:53:36  INFO        [universe] 400/902 (398 valid)
19:53:49  INFO        [universe] 440/902 (438 valid)
19:54:02  INFO        [universe] 480/902 (478 valid)
19:54:12  INFO        [universe] 520/902 (518 valid)
19:54:26  INFO        [universe] 560/902 (558 valid)
19:54:36  INFO        [universe] 600/902 (598 valid)
19:54:49  INFO        [universe] 640/902 (638 valid)
19:55:03  INFO        [universe] 680/902 (678 valid)
19:55:13  INFO        [universe] 720/902 (718 valid)
19:55:26  INFO        [universe] 760/902 (758 valid)
19:55:37  INFO        [universe] 800/902 (798 valid)
19:55:50  INFO        [universe] 840/902 (838 valid)
