13:36:52  INFO      Mode: morning_prep
13:36:53  INFO        [prep_positions] 2/2 (2 valid)
13:36:53  INFO      Fetching tickers (universe=both)...
13:36:53  INFO        S&P 500: 503
13:36:53  INFO        MidCap 400: 400
13:36:53  INFO        Total: 903 tickers
13:36:54  INFO        [prep_universe] 40/901 (40 valid)
13:36:55  INFO        [prep_universe] 80/901 (80 valid)
13:36:57  INFO        [prep_universe] 120/901 (120 valid)
13:36:58  INFO        [prep_universe] 160/901 (160 valid)
13:36:59  INFO        [prep_universe] 200/901 (199 valid)
13:37:07  INFO        [prep_universe] 240/901 (238 valid)
13:37:20  INFO        [prep_universe] 280/901 (278 valid)
13:37:30  INFO        [prep_universe] 320/901 (318 valid)
13:37:43  INFO        [prep_universe] 360/901 (358 valid)
13:37:56  INFO        [prep_universe] 400/901 (398 valid)
13:38:06  INFO        [prep_universe] 440/901 (438 valid)
13:38:19  INFO        [prep_universe] 480/901 (478 valid)
13:38:32  INFO        [prep_universe] 520/901 (518 valid)
13:38:42  INFO        [prep_universe] 560/901 (558 valid)
13:38:55  INFO        [prep_universe] 600/901 (598 valid)
13:39:08  INFO        [prep_universe] 640/901 (638 valid)
13:39:18  INFO        [prep_universe] 680/901 (678 valid)
13:39:31  INFO        [prep_universe] 720/901 (718 valid)
13:39:44  INFO        [prep_universe] 760/901 (758 valid)
13:39:53  INFO        [prep_universe] 800/901 (798 valid)
13:40:07  INFO        [prep_universe] 840/901 (838 valid)
13:40:20  INFO        [prep_universe] 880/901 (878 valid)
13:40:26  INFO        [prep_universe] 901/901 (899 valid)

+========================================================================+
|  RUBBER BAND BOT  v8                                                   |
+------------------------------------------------------------------------+
|  Mode                                                      MORNING_PREP|
|  Time                                                         13:36 UTC|
|  Regime                                                            BULL|
|  Universe                                                          both|
|  Equity                                                         $224.20|
+========================================================================+

+========================================================================+
|                              MORNING PREP                              |
+========================================================================+
|  Goal                   Precompute exits/signals for next execution run|
|  Plan file                                 logs/plans/morning_plan.json|
|  Regime                                                            BULL|
+========================================================================+

+========================================================================+
|                       OPEN POSITION P&L SNAPSHOT                       |
+========================================================================+
|  Open positions                                                       2|
|  Invested                                                        $67.00|
|  Open P&L                                                        $-0.46|
|  TICKER   STRATEGY        INVESTED   ENTRY    NOW      P&L%    P&L$    |
+------------------------------------------------------------------------+
|  COP      Pullback50      $33.72     $127.75  $127.77  +0.0%   $+0.01  |
|  KNF      MomReversal     $33.29     $53.69   $52.95   -1.4%   $-0.46  |
+========================================================================+

+========================================================================+
|                            OPEN SELL ORDERS                            |
+========================================================================+
|  Count                                                                0|
|                                                                        |
|  No open sell orders.                                                  |
|                                                                        |
+========================================================================+

+========================================================================+
|                              PREP SUMMARY                              |
+========================================================================+
|  Saved                                                              yes|
|  Exit candidates                                                      1|
|  Signal candidates                                                   24|
|  Universe scanned                                                   901|
+========================================================================+
