13:26:24  INFO      Mode: summary

+========================================================================+
|  RUBBER BAND BOT  v8                                                   |
+------------------------------------------------------------------------+
|  Mode                                                           SUMMARY|
|  Time                                                         13:26 UTC|
|  Regime                                                            BULL|
|  Universe                                                          both|
|  Equity                                                         $223.57|
+========================================================================+

+========================================================================+
|                             ACCOUNT STATUS                             |
+========================================================================+
|  Equity                                                         $223.57|
|  Cash                                                           $189.62|
|  Regime                                                            BULL|
|  Universe                                                          both|
|  Total invested                                                  $33.95|
|  Open P&L                                                        $+0.51|
+========================================================================+

+========================================================================+
|                     STOCK HOLDINGS  (1 positions)                      |
+========================================================================+
|  TICKER   STRATEGY        INVESTED   ENTRY    NOW      P&L%    P&L$    |
+------------------------------------------------------------------------+
|  MO       Pullback50      $33.95     $67.96   $69.00   +1.5%   $+0.51  |
|                                                                        |
|  Total invested                                                  $33.95|
|  Total open P&L                                                  $+0.51|
+========================================================================+

+========================================================================+
|                     OPTION HOLDINGS  (0 contracts)                     |
+========================================================================+
|                                                                        |
|  No open option positions.                                             |
|                                                                        |
+========================================================================+

+========================================================================+
|                        EXIT LOGIC ACTIVE  (v8)                         |
+========================================================================+
|  Profit target                              price > 20-day MA (midline)|
|  Stop loss                                             -0.5% from entry|
|  Time stop                                          max 3 calendar days|
+========================================================================+

+========================================================================+
|                          RECENT TRANSACTIONS                           |
+========================================================================+
|  2026-10-06  SELL  AVGO  Pullback50  $33.55  P&L $+0.15                |
|  2026-10-06  SELL  AES  Pullback50  $33.43  P&L $-0.01                 |
|  2026-10-05  SELL  LNT  MomReversal  $33.46  P&L $-0.11                |
|  2026-10-05  SELL  NCLH  EarningsDrift  $33.39  P&L $-0.19             |
|  2026-10-05  SELL  CMI  MomReversal  $33.40  P&L $-0.20                |
|  2026-10-02  SELL  NCLH  EarningsDrift  $33.63  P&L $+0.05             |
+========================================================================+
