Trial layout: /home/runner/work/TradingBot/TradingBot/logs/options_trial
Docs:         /home/runner/work/TradingBot/TradingBot/docs/options_trial
Buckets:      100
=== options_morning_bot (PAPER) 2026-07-09T16:01:15.808951-04:00 ===

[Run context]
Paper auth OK — equity $159807.01, account PA36KS87UPRS

[Setup]
Active buckets: 100 | Strategies: S173, S174, S165, S166, S163

[Manage only]
Past entry window; manage/exit only.

[Portfolio snapshot]

[Exit summary]
+========================================================================+
|  OPTIONS BOT SUMMARY                                                   |
+------------------------------------------------------------------------+
|  Mode                          manage-only                             |
|  Equity                        $159,807.01                             |
|  Signals this run              0                                       |
|  Entries placed                0                                       |
|  Open option positions         19                                      |
|  Pending orders                0                                       |
+========================================================================+
+========================================================================+
|  OPEN OPTIONS (19)                                                     |
+------------------------------------------------------------------------+
|  SYMBOL                      QTY    RET%        OPEN P&L               |
|------------------------------------------------------------------------|
|  AVGO260710C00400000          49   +847.8%   $+23,230.00               |
|  ANET260710C00185000          22   +780.0%   $ +4,680.00               |
|  CCL260717C00026000           93    +47.9%   $ +3,342.00               |
|  MRNA260710C00085000          54   -100.0%   $ -1,667.00               |
|  GOOGL260710C00365000         75    -23.1%   $ -1,418.99               |
|  GOOGL260710C00362500         24    +98.6%   $ +1,394.00               |
|  INTC260710C00118000          25    -42.4%   $   -958.00               |
|  INTC260710C00119000          24    -50.2%   $   -896.00               |
|  ... 11 more position(s)                                               |
+========================================================================+
Full detail: logs/options_trial/runs/2026-07-09.log
elapsed=0.6s reconcile=0.19s cancel=0.12s manage=0.04s
STATUS: options_morning_bot run complete (PAPER) elapsed=0.6s.
Wrote /home/runner/work/TradingBot/TradingBot/logs/options_trial/reports/2026-07-09_buckets.md
Wrote /home/runner/work/TradingBot/TradingBot/logs/options_trial/reports/2026-07-09_buckets.csv
Summary: 0 buckets closed trades, $+0.00 realized
Wrote /home/runner/work/TradingBot/TradingBot/logs/options_trial/reports/2026-07-09_strategy_selection.md
Wrote /home/runner/work/TradingBot/TradingBot/logs/options_trial/reports/2026-07-09_strategy_selection.csv
Summary: keep=0 watch=5 drop=0
