13:41:25  INFO      Mode: morning_prep
13:41:26  INFO        [prep_positions] 5/5 (5 valid)
13:41:26  INFO        Universe cache hit: 903 tickers (tickers_2026-07-29.json)
13:41:27  INFO        [prep_universe] 40/898 (40 valid)
13:41:28  INFO        [prep_universe] 80/898 (80 valid)
13:41:30  INFO        [prep_universe] 120/898 (120 valid)
13:41:31  INFO        [prep_universe] 160/898 (160 valid)
13:41:32  INFO        [prep_universe] 200/898 (199 valid)
13:41:42  INFO        [prep_universe] 240/898 (238 valid)
13:41:52  INFO        [prep_universe] 280/898 (278 valid)
13:42:05  INFO        [prep_universe] 320/898 (318 valid)
13:42:18  INFO        [prep_universe] 360/898 (358 valid)
13:42:28  INFO        [prep_universe] 400/898 (397 valid)
13:42:41  INFO        [prep_universe] 440/898 (437 valid)
13:42:54  INFO        [prep_universe] 480/898 (477 valid)
13:43:04  INFO        [prep_universe] 520/898 (517 valid)
13:43:17  INFO        [prep_universe] 560/898 (557 valid)
13:43:30  INFO        [prep_universe] 600/898 (597 valid)
13:43:40  INFO        [prep_universe] 640/898 (637 valid)
13:43:53  INFO        [prep_universe] 680/898 (677 valid)
13:44:06  INFO        [prep_universe] 720/898 (717 valid)
13:44:16  INFO        [prep_universe] 760/898 (757 valid)
13:44:29  INFO        [prep_universe] 800/898 (797 valid)
13:44:42  INFO        [prep_universe] 840/898 (836 valid)
13:44:52  INFO        [prep_universe] 880/898 (876 valid)
13:44:59  INFO        [prep_universe] 898/898 (894 valid)

+========================================================================+
|  RUBBER BAND BOT  v8                                                   |
+------------------------------------------------------------------------+
|  Mode                                                      MORNING_PREP|
|  Time                                                         13:41 UTC|
|  Regime                                                            BULL|
|  Universe                                                          both|
|  Equity                                                         $476.83|
+========================================================================+

+========================================================================+
|                              MORNING PREP                              |
+========================================================================+
|  Goal                   Precompute exits/signals for next execution run|
|  Plan file                                 logs/plans/morning_plan.json|
|  Regime                                                            BULL|
+========================================================================+

+========================================================================+
|                       OPEN POSITION P&L SNAPSHOT                       |
+========================================================================+
|  Open positions                                                       5|
|  Invested                                                       $452.42|
|  Open P&L                                                        $-7.55|
|  TICKER   STRATEGY        INVESTED   ENTRY    NOW      P&L%    P&L$    |
+------------------------------------------------------------------------+
|  ALGN     Pullback50      $102.53    $171.32  $180.66  +5.5%   $+5.30  |
|  EQR      Pullback50      $73.67     $67.78   $68.48   +1.0%   $+0.75  |
|  FFIV     Pullback50      $98.73     $400.57  $406.69  +1.5%   $+1.49  |
|  HLT      GoldenPocket    $97.35     $322.61  $322.02  -0.2%   $-0.18  |
|  LII      GoldenPocket    $80.14     $544.48  $459.08  -15.7%  $-14.91 |
+========================================================================+

+========================================================================+
|                            OPEN SELL ORDERS                            |
+========================================================================+
|  Count                                                                1|
|  TICKER    TYPE              QTY       LIMIT       STOP                |
+------------------------------------------------------------------------+
|  EQR       OrderType.STOP    1         None        67.89               |
+========================================================================+

+========================================================================+
|                              PREP SUMMARY                              |
+========================================================================+
|  Saved                                                              yes|
|  Exit candidates                                                      2|
|  Signal candidates                                                   19|
|  Universe scanned                                                   898|
+========================================================================+
