options_reconcile: state=/home/runner/work/TradingBot/TradingBot/logs/options_trial/_state/lab_state.json
  open_lots=19 paper_keys=yes dry_run=False
  alpaca positions=16
  FLAG b316|S355|d7e1a5e1 missing from Alpaca
  FLAG b96|S211|837bd36f missing from Alpaca
  FLAG b99|S211|32be36ec missing from Alpaca
  State updated with reconciled lots.
options_reconcile: done
Layout: controlled:1164:live_1to1+variations (layout changed controlled:100:c000_s173_w1_0928_1005_r1 -> controlled:1164:live_1to1+variations)
Trial layout: /home/runner/work/TradingBot/TradingBot/logs/options_trial
Docs:         skipped (local docs unavailable on this runner)
Buckets:      1164
PROBE OK: paper account status=AccountStatus.ACTIVE equity=$1,006,838.20
  buying_power=$3,994,648.80 cash=$1,004,712.20
  open option orders: 14
    TSLA260909C00387500 OrderSide.SELL qty=12 status=OrderStatus.NEW limit=None
    TSLA260909C00390000 OrderSide.SELL qty=4 status=OrderStatus.NEW limit=None
    TSLA260909C00385000 OrderSide.SELL qty=5 status=OrderStatus.NEW limit=None
    AVGO260909C00372500 OrderSide.SELL qty=1 status=OrderStatus.NEW limit=None
    AVGO260904C00367500 OrderSide.SELL qty=1 status=OrderStatus.NEW limit=None
  open option positions: 16
    AVGO260909C00380000 qty=3 mkt=$180.00
    AVGO260911C00385000 qty=1 mkt=$92.00
    BA260904C00210000 qty=2 mkt=$144.00
    BA260904C00215000 qty=-1 mkt=$-4.00
    BA260904C00217500 qty=-1 mkt=$-3.00
PROBE: check-only pass (use --smoke-entry to place a test order)
=== options_morning_bot (PAPER) 2026-09-04T09:55:06.281437-04:00 ===

[Run context]
Paper auth OK — equity $1006836.20, account PA33P8KT02IL

[Setup]
LIVE 1:1 bucket b90 live_1to1 — S218, S404, S406 | TP+50%/SL-40% | stop-mkt | min $20
Variation study: 1163 lab/promising bucket(s) | cohort: all paper strategies | max 400 new entries/run
Dropped (no new entries; ex-reflected P&L): S203, S207, S212, S360, S405, S407
2026-09-04 09:55:08,420 INFO   EXIT [b281|lab0281_s351_w1_0928_1005_r2|S351] stop_loss (-58.3%) SELL 1 TSLA260904C00375000 @<= 0.14
  EXIT [b439|lab0439_s366_w4_1120_1135_r2|S366] take_profit (+100.0%) SELL failed MARA260925C00011000: {"code":40310000,"message":"account not eligible to trade uncovered option contracts"}
  EXIT [b438|lab0438_s366_w4_1120_1135_r1|S366] take_profit (+100.0%) SELL failed MARA260925C00011000: {"code":40310000,"message":"account not eligible to trade uncovered option contracts"}
  EXIT [b85|lab0085_s210_w3_1045_1120_r2|S210] take_profit (+920.0%) SELL failed NVDA260904C00232500: {"code":40310000,"message":"account not eligible to trade uncovered option contracts"}
  EXIT [b84|lab0084_s210_w3_1045_1120_r1|S210] take_profit (+920.0%) SELL failed NVDA260904C00232500: {"code":40310000,"message":"account not eligible to trade uncovered option contracts"}
  EXIT [b1112|lab1112_s166_w3_1045_1120_r1|S166] take_profit (+62.2%) SELL failed AVGO260909C00380000: {"code":40310000,"message":"account not eligible to trade uncovered option contracts"}
  EXIT [b1127|lab1127_s168_w3_1045_1120_r2|S168] take_profit (+62.2%) SELL failed AVGO260909C00380000: {"code":40310000,"message":"account not eligible to trade uncovered option contracts"}
  EXIT [b1126|lab1126_s168_w3_1045_1120_r1|S168] take_profit (+62.2%) SELL failed AVGO260909C00380000: {"code":40310000,"message":"account not eligible to trade uncovered option contracts"}
  EXIT [b293|lab0293_s352_w3_1045_1120_r2|S352] take_profit (+500.0%) SELL failed MARA260904C00011000: {"code":40310000,"message":"account not eligible to trade uncovered option contracts"}
  EXIT [b292|lab0292_s352_w3_1045_1120_r1|S352] take_profit (+500.0%) SELL failed MARA260904C00011000: {"code":40310000,"message":"account not eligible to trade uncovered option contracts"}
Protective stops: placed=0 upgraded=0 already=5 failed=7 (market-first)

[Scan + entries]
Scanning 117 symbols for [S165, S164, S168, S167, S166, S163, S169, S170, S171, S172, S175, S200, S201, S202, S204, S205, S206, S208, S209, S210, S211, S213, S214, S215, S216, S217, S218, S219, S220, S221, S400, S401, S402, S403, S350, S351, S352, S353, S354, S355, S356, S357, S358, S359, S361, S362, S363, S364, S365, S366, S367, S368, S369, S370, S371, S372, S373, S374, S375, S376, S377, S378, S379, S380, S381, S382, S383, S384, S385, S386, S387, S388, S389, S390, S391, S392, S393, S394, S413, S414, S415, S416, S417, S418, S395, S396, S397, S398, S399, S404, S406, S408, S409, S410, S411, S412, S413, S414, S415, S416, S417, S418, S419] …
Fetched daily bars for 113/117 symbols
