Layout: controlled:100:c000_s173_w1_0928_1005_r1
Trial layout: /home/runner/work/TradingBot/TradingBot/logs/options_trial
Docs:         skipped (local docs unavailable on this runner)
Buckets:      100
=== options_morning_bot (PAPER) 2026-07-14T11:06:40.008636-04:00 ===

[Run context]
Paper auth OK — equity $134324.14, account PA36KS87UPRS

[Setup]
Active buckets: 100 | Strategies: S173, S165, S166, S163
Dropped (no new entries; ex-reflected P&L): S174
2026-07-14 11:06:47,766 INFO   EXIT [b28|c028_s165_w1_0928_1005_r2|S165] take_profit (+88.2%) SELL 1 MSFT260715C00395000 @<= 0.97

[Scan + entries]
Scanning 903 symbols for [S173, S165, S166, S163] …
Fetched daily bars for 903/903 symbols
Found 107 signal(s); top: ['S173:ACN', 'S173:ADBE', 'S173:ALL', 'S173:APP', 'S173:AJG', 'S173:ADSK', 'S173:ADP', 'S173:AXON']
Paper lab: $134362 broker equity -> 100 bucket(s) ($500 virtual each, unlimited paper)
  All bucket slots blocked or closed for today's signals — skip entry loop.
Placed 0 new entry order(s).

[Portfolio snapshot]
+========================================================================+
|  OPTIONS BOT SUMMARY                                                   |
+------------------------------------------------------------------------+
|  Mode                          entry+manage                            |
|  Equity                        $134,324.14                             |
|  Signals this run              107                                     |
|  Orders submitted (session)    28                                      |
|  Orders filled today (ledger)  40                                      |
|  Entries placed this run       0                                       |
|  Open virtual lots             24                                      |
|  Broker option positions       8                                       |
|  Pending orders                0                                       |
+========================================================================+
+========================================================================+
|  BUCKET LEADERBOARD (reflected ex-S174)                                |
+------------------------------------------------------------------------+
|  Reflected trades=159  buckets=37  win=50%                             |
|  Returns   avg=+37.9%  med=+1.4%  p10=-72.4%  p90=+100.4%              |
|  Realized  $+6,600.77                                                  |
|  Raw incl dropped  trades=256  real=$+5,691.58                         |
|  Today     trades=12  avg=+98.3%  med=+69.1%  real=$+221.00            |
+------------------------------------------------------------------------+
|  BKT PROFILE               N  WIN  AVG%   MED%   BEST%  REAL$          |
+------------------------------------------------------------------------+
|  b62  c062_s173_w3_1045_  5  60% +628.8 +1100.0 +1100.0 $   +116       |
|  b89  c089_s165_w2_1005_  2 100% +425.9 +425.9 +790.0 $   +113         |
|  b28  c028_s165_w1_0928_  3 100% +90.2 +94.1 +102.0 $   +138           |
|  b69  c069_s165_w2_1005_  2  50% +83.2 +83.2 +210.0 $     -3           |
|  b60  c060_s173_w1_0928_  5  60% +57.5 +78.8 +168.2 $    +75           |
|  b92  c092_s166_w1_0928_  1 100% +70.8 +70.8 +70.8 $    +71            |
|  b93  c093_s166_w2_1005_  1 100% +70.8 +70.8 +70.8 $    +71            |
|  b95  c095_s166_w4_1120_  1 100% +70.8 +70.8 +70.8 $    +71            |
|  ... 29 more bucket(s) with exits                                      |
+------------------------------------------------------------------------+
|  Low  b3   c003_s173_w4_1120_  3  33% -35.0 -69.2 -69.2 $    -85       |
+========================================================================+
+========================================================================+
|  PENDING EXITS (3)                                                     |
+------------------------------------------------------------------------+
|  b40  S173 C260717C00150000 x1 take_profit (+68.2%)                    |
|  b89  S165 BSX260717C00045500 x1 stop_loss (-50.0%)                    |
|  b28  S165 MSFT260715C00395000 x1 take_profit (+88.2%)                 |
+========================================================================+
+========================================================================+
|  OPEN OPTIONS (8)                                                      |
+------------------------------------------------------------------------+
|  SYMBOL                      QTY    RET%        OPEN P&L               |
|------------------------------------------------------------------------|
|  BSX260717C00043000            5    -30.8%   $   -100.00               |
|  C260717C00148000              4    -32.9%   $    -96.00               |
|  ADBE260717C00240000           5    -18.8%   $    -45.00               |
|  SMCI260717C00029000           2    -32.0%   $    -40.50               |
|  BSX260717C00045500            4    -50.0%   $    -20.00               |
|  C260717C00149000              1    -37.0%   $    -20.00               |
|  GEHC260717C00062000           1    -14.3%   $    -10.00               |
|  C260717C00150000              1    +18.2%   $     +4.00               |
+========================================================================+
Full detail: logs/options_trial/runs/2026-07-14.log
elapsed=33.8s reconcile=5.81s cancel=0.12s manage=2.63s scan=24.69s entries=0.14s
STATUS: options_morning_bot run complete (PAPER) elapsed=33.8s. run=#3861 https://github.com/28twagg-ops/TradingBot/actions/runs/29343747949
Wrote /home/runner/work/TradingBot/TradingBot/logs/options_trial/reports/2026-07-14_buckets.md
Wrote /home/runner/work/TradingBot/TradingBot/logs/options_trial/reports/2026-07-14_buckets.csv
Summary: 7 buckets closed trades, $+221.00 realized
Wrote /home/runner/work/TradingBot/TradingBot/logs/options_trial/reports/2026-07-14_strategy_selection.md
Wrote /home/runner/work/TradingBot/TradingBot/logs/options_trial/reports/2026-07-14_strategy_selection.csv
Summary: keep=0 watch=4 drop=1
