01:19:24  INFO      Mode: weekly
01:19:24  INFO        Weekly summary -> logs/weekly/2026-W31.md

+========================================================================+
|  RUBBER BAND BOT  v8                                                   |
+------------------------------------------------------------------------+
|  Mode                                                            WEEKLY|
|  Time                                                         01:19 UTC|
|  Regime                                                            BULL|
|  Universe                                                          both|
|  Equity                                                         $469.81|
+========================================================================+

+========================================================================+
|              RUBBER BAND BOT  |  Week 31 / 2026  |  LIVE               |
+========================================================================+
+------------------------------------------------------------------------+
|  Date                                                 2026-08-01  (Aug)|
|  Regime                                                            BULL|
|  Strat~  VolumeSpike  +  52wkLow (display only — schedule not enforced)|
|  Execution                      Summary mode only (no orders submitted)|
|  Buys today                                                           0|
|  Cash-based cap            12979 max trades with current available cash|
+------------------------------------------------------------------------+
|  Equity           $469.81       Cash             $153.29               |
|  Invested         $316.52       Available        $129.80               |
|  Open P&L         $+3.21        Realized P&L     $-13.02               |
+------------------------------------------------------------------------+
|  This week         0 buys  |  47 sells  |  Win rate 30%  |  P&L $-12.74|
|  All t~  1064 trades  |  Avg hold 1.8d  |  Return -7.7%  |  P&L $-13.02|
+------------------------------------------------------------------------+
|  TICKER  STRATEGY       INVESTED   ENTRY     NOW       P&L%      P&L$  |
+------------------------------------------------------------------------+
|  APG     MomReversal    $32.29     $38.85    $39.68    +2.1%     $+0.68|
|  CINF    Pullback50     $95.35     $175.04   $177.68   +1.5%     $+1.41|
|  MP      MomReversal    $94.19     $41.37    $41.51    +0.3%     $+0.31|
|  PWR     EarningsDrift  $94.68     $667.29   $673.00   +0.9%     $+0.80|
+------------------------------------------------------------------------+
|  Next month                               Sep:  GapDown  +  VolumeSpike|
+========================================================================+

+========================================================================+
|                        YEAR-BY-YEAR PERFORMANCE                        |
+========================================================================+
|  YEAR   START     END       RETURN    P&L $       TRADES   WIN%        |
+------------------------------------------------------------------------+
|  2026   $509      $469      -7.7%     $-39.34     1064     31.4% ✗     |
+------------------------------------------------------------------------+
|  Profitable years                                             0/1  (0%)|
|  Best  year                                      2026   -7.7%   $-39.34|
|  Worst year                                      2026   -7.7%   $-39.34|
+========================================================================+
