13:01:30  INFO      Mode: summary

+========================================================================+
|  RUBBER BAND BOT  v8                                                   |
+------------------------------------------------------------------------+
|  Mode                                                           SUMMARY|
|  Time                                                         13:01 UTC|
|  Regime                                                            BULL|
|  Universe                                                          both|
|  Equity                                                         $224.43|
+========================================================================+

+========================================================================+
|                             ACCOUNT STATUS                             |
+========================================================================+
|  Equity                                                         $224.43|
|  Cash                                                           $224.43|
|  Regime                                                            BULL|
|  Universe                                                          both|
|  Total invested                                                   $0.00|
|  Open P&L                                                        $+0.00|
+========================================================================+

+========================================================================+
|                     STOCK HOLDINGS  (0 positions)                      |
+========================================================================+
|                                                                        |
|  No open stock positions.                                              |
|                                                                        |
+========================================================================+

+========================================================================+
|                     OPTION HOLDINGS  (0 contracts)                     |
+========================================================================+
|                                                                        |
|  No open option positions.                                             |
|                                                                        |
+========================================================================+

+========================================================================+
|                        EXIT LOGIC ACTIVE  (v8)                         |
+========================================================================+
|  Profit target                              price > 20-day MA (midline)|
|  Stop loss                                             -0.5% from entry|
|  Time stop                                          max 3 calendar days|
+========================================================================+

+========================================================================+
|                          RECENT TRANSACTIONS                           |
+========================================================================+
|  2026-10-07  SELL  AMZN  Pullback50  $34.07  P&L $+0.54                |
|  2026-10-07  SELL  GOOG  Pullback50  $33.90  P&L $+0.39                |
|  2026-10-07  SELL  AES  Pullback50  $33.51  P&L $-0.00                 |
|  2026-10-07  SELL  TECH  Pullback50  $33.54  P&L $+0.00                |
|  2026-10-07  SELL  AES  Pullback50  $33.53  P&L $-0.01                 |
|  2026-10-07  SELL  AMGN  Pullback50  $33.44  P&L $-0.08                |
+========================================================================+
