options_reconcile: state=/home/runner/work/TradingBot/TradingBot/logs/options_trial/_state/lab_state.json
  open_lots=34 paper_keys=yes dry_run=False
  alpaca positions=19
  No missing lots.
options_reconcile: done
Layout: controlled:77:live_1to1+variations (layout changed controlled:100:c000_s173_w1_0928_1005_r1 -> controlled:77:live_1to1+variations)
Trial layout: /home/runner/work/TradingBot/TradingBot/logs/options_trial
Docs:         skipped (local docs unavailable on this runner)
Buckets:      77
PROBE OK: paper account status=AccountStatus.ACTIVE equity=$991,083.45
  buying_power=$3,837,511.80 cash=$973,606.95
  open option orders: 6
    OXY261016C00058000 OrderSide.SELL qty=2 status=OrderStatus.NEW limit=None
    OXY261023C00060000 OrderSide.SELL qty=2 status=OrderStatus.NEW limit=None
    CVX261016C00220000 OrderSide.SELL qty=2 status=OrderStatus.NEW limit=None
    NKE261002C00040000 OrderSide.SELL qty=1 status=OrderStatus.NEW limit=None
    NKE261002C00038500 OrderSide.SELL qty=6 status=OrderStatus.NEW limit=None
  open option positions: 15
    CVNA261002C00066000 qty=-1 mkt=$-23.00
    CVNA261002C00068000 qty=-1 mkt=$-75.00
    CVNA261002C00069000 qty=2 mkt=$2.00
    CVX261002C00210000 qty=-1 mkt=$-14.00
    CVX261002C00220000 qty=1 mkt=$0.00
PROBE: check-only pass (use --smoke-entry to place a test order)
=== options_morning_bot (PAPER) 2026-10-01T09:35:10.289375-04:00 ===

[Run context]
Paper auth OK — equity $991072.98, account PA33P8KT02IL

[Setup]
LIVE 1:1 bucket b90 live_1to1 — S404, S406 | TP+50%/SL-40% | stop-mkt | min $20
S406-only twin b91 s406_only — S406 | TP+50%/SL-40% | paper edge test
Variation study: 75 lab/promising bucket(s) | cohort: 75 unique (S163, S164, S166, S167, S168, S169, S170, S171, S172, S175, S200, S201 … +63 more) | max 200 new entries/run
Dropped (no new entries; ex-reflected P&L): S202, S203, S207, S211, S212, S216, S217, S218, S351, S353, S354, S355, S360, S363, S366, S399, S401, S405, S407, S408
Shared-OCC entry block ON (one lab lot per contract)
2026-10-01 09:35:12,333 INFO   EXIT [b433|lab0433_s366_w1_0928_1005_r2|S366] stop_loss (-67.9%) SELL 1 OXY261023C00060000 @<= 0.14
2026-10-01 09:35:13,030 INFO   EXIT [b419|lab0419_s365_w1_0928_1005_r2|S365] stop_loss (-51.4%) SELL 1 CVX261016C00220000 @<= 0.32
  EXIT [b171|lab0171_s216_w4_1120_1135_r2|S216] stop_loss (-96.6%) SELL blocked (uncovered/shared OCC) CVNA261002C00069000 x1: {"code":40310000,"message":"account not eligible to trade uncovered option contracts"}
  EXIT [b170|lab0170_s216_w4_1120_1135_r1|S216] stop_loss (-96.6%) SELL blocked (uncovered/shared OCC) CVNA261002C00069000 x1: {"code":40310000,"message":"account not eligible to trade uncovered option contracts"}
2026-10-01 09:35:14,565 INFO   EXIT [b434|lab0434_s366_w2_1005_1045_r1|S366] stop_loss (-50.7%) SELL 1 OXY261023C00059000 @<= 0.33
  EXIT [b421|lab0421_s365_w2_1005_1045_r2|S365] stop_loss (-90.7%) SELL blocked (uncovered/shared OCC) DKNG261016C00023500 x1: {"code":40310000,"message":"account not eligible to trade uncovered option contracts"}
2026-10-01 09:35:15,429 INFO   EXIT [b0|orphan_reconcile|ORPHAN] stop_loss (-100.0%) SELL 1 CVX261002C00220000 @<= 0.01
2026-10-01 09:35:16,329 INFO   EXIT [b0|orphan_reconcile|ORPHAN] take_profit (+104.2%) SELL 1 MSFT261002C00530000 @<= 1.43
Protective stops: placed=0 upgraded=0 already=4 failed=6 (market-first)

[Scan + entries]
Scanning 117 symbols for [S164, S168, S167, S166, S163, S169, S170, S171, S172, S175, S200, S201, S204, S205, S206, S208, S210, S213, S214, S215, S219, S220, S221, S402, S403, S350, S352, S356, S357, S358, S359, S361, S362, S364, S365, S368, S369, S370, S371, S372, S373, S374, S375, S376, S377, S378, S379, S380, S381, S382, S383, S384, S385, S386, S387, S388, S389, S390, S391, S392, S393, S394, S413, S414, S415, S395, S396, S397, S398, S404, S406, S409, S410, S411, S412, S413, S414, S415] …
