18:21:21  INFO      Mode: exits
18:21:22  INFO        Daily log -> logs/daily/2026-09-30.md
18:21:22  INFO        Daily log reconciled -> logs/daily/2026-09-30.md (3 ledger rows)
18:21:22  INFO        place_all_stops: checking 2 positions...
18:21:22  INFO        STOP already live AES @ $14.8
18:21:22  INFO        STOP skipped EBAY: fractional (0.3130 shares) — software exit will handle it
18:21:22  INFO        [positions] 2/2 (2 valid)
18:21:22  INFO        Daily log -> logs/daily/2026-09-30.md

+========================================================================+
|  RUBBER BAND BOT  v8                                                   |
+------------------------------------------------------------------------+
|  Mode                                                             EXITS|
|  Time                                                         18:21 UTC|
|  Regime                                                            BULL|
|  Universe                                                          both|
|  Equity                                                         $222.90|
+========================================================================+

+========================================================================+
|                           STOCKS EXIT CHECK                            |
+========================================================================+
|  Exit logic                   stop-0.5% / 3d max  (midline at EOD only)|
+------------------------------------------------------------------------+
|  EBAY  P&L -0.1%  $-0.05                                           HOLD|
|  AES  P&L +0.1%  $+0.02                                            HOLD|
+========================================================================+

+========================================================================+
|                            EXIT RUN SUMMARY                            |
+========================================================================+
|  Mode                                                             exits|
|  Candidates                                                           2|
|  Deferred/Skipped                                      already logged 0|
|  Data skips                                             no price data 0|
|  Se~  0 attempted  |  0 filled  |  0 partial  |  0 pending  |  0 failed|
|  Holds                                                                2|
|  Logged exits                                                         0|
+========================================================================+

+========================================================================+
|            OPTIONS SLEEVE  (managed by options_live_micro)             |
+========================================================================+
|                                                                        |
|  No open option positions.                                             |
|                                                                        |
+========================================================================+

+========================================================================+
|                      STOP-LOSS BREACHES THIS RUN                       |
+========================================================================+
|  None                                                                  |
+========================================================================+
|  Stop-loss look file                  logs/stop_losses_to_look_into.txt|
|  New investigations added                                             0|
+========================================================================+
