13:31:10  INFO      Mode: morning_prep
13:31:11  INFO        [prep_positions] 3/3 (3 valid)
13:31:11  INFO      Fetching tickers (universe=both)...
13:31:11  INFO        S&P 500: 503
13:31:12  INFO        MidCap 400: 400
13:31:12  INFO        Total: 903 tickers
13:31:13  INFO        [prep_universe] 40/900 (40 valid)
13:31:14  INFO        [prep_universe] 80/900 (80 valid)
13:31:16  INFO        [prep_universe] 120/900 (120 valid)
13:31:17  INFO        [prep_universe] 160/900 (160 valid)
13:31:19  INFO        [prep_universe] 200/900 (199 valid)
13:31:26  INFO        [prep_universe] 240/900 (238 valid)
13:31:36  INFO        [prep_universe] 280/900 (278 valid)
13:31:49  INFO        [prep_universe] 320/900 (318 valid)
13:32:02  INFO        [prep_universe] 360/900 (358 valid)
13:32:12  INFO        [prep_universe] 400/900 (397 valid)
13:32:25  INFO        [prep_universe] 440/900 (437 valid)
13:32:38  INFO        [prep_universe] 480/900 (477 valid)
13:32:48  INFO        [prep_universe] 520/900 (517 valid)
13:33:01  INFO        [prep_universe] 560/900 (557 valid)
13:33:14  INFO        [prep_universe] 600/900 (597 valid)
13:33:24  INFO        [prep_universe] 640/900 (637 valid)
13:33:37  INFO        [prep_universe] 680/900 (677 valid)
13:33:50  INFO        [prep_universe] 720/900 (717 valid)
13:34:01  INFO        [prep_universe] 760/900 (757 valid)
13:34:14  INFO        [prep_universe] 800/900 (797 valid)
13:34:27  INFO        [prep_universe] 840/900 (836 valid)
13:34:37  INFO        [prep_universe] 880/900 (876 valid)
13:34:43  INFO        [prep_universe] 900/900 (896 valid)

+========================================================================+
|  RUBBER BAND BOT  v8                                                   |
+------------------------------------------------------------------------+
|  Mode                                                      MORNING_PREP|
|  Time                                                         13:31 UTC|
|  Regime                                                            BULL|
|  Universe                                                          both|
|  Equity                                                         $233.13|
+========================================================================+

+========================================================================+
|                              MORNING PREP                              |
+========================================================================+
|  Goal                   Precompute exits/signals for next execution run|
|  Plan file                                 logs/plans/morning_plan.json|
|  Regime                                                            BULL|
+========================================================================+

+========================================================================+
|                       OPEN POSITION P&L SNAPSHOT                       |
+========================================================================+
|  Open positions                                                       3|
|  Invested                                                       $104.31|
|  Open P&L                                                        $-1.05|
|  TICKER   STRATEGY        INVESTED   ENTRY    NOW      P&L%    P&L$    |
+------------------------------------------------------------------------+
|  GOOGL    Pullback50      $34.65     $347.20  $342.58  -1.3%   $-0.47  |
|  HIG      Pullback50      $35.04     $138.36  $138.06  -0.2%   $-0.08  |
|  PHM      Pullback50      $34.62     $128.52  $126.69  -1.4%   $-0.50  |
+========================================================================+

+========================================================================+
|                            OPEN SELL ORDERS                            |
+========================================================================+
|  Count                                                                0|
|                                                                        |
|  No open sell orders.                                                  |
|                                                                        |
+========================================================================+

+========================================================================+
|                              PREP SUMMARY                              |
+========================================================================+
|  Saved                                                              yes|
|  Exit candidates                                                      3|
|  Signal candidates                                                   15|
|  Universe scanned                                                   900|
+========================================================================+
