16:31:05  INFO      Mode: exits
16:31:05  INFO        place_all_stops: checking 3 positions...
16:31:05  INFO        STOP skipped AMZN: fractional (0.1353 shares) — software exit will handle it
16:31:05  INFO        STOP skipped FLEX: fractional (0.3161 shares) — software exit will handle it
16:31:05  INFO        STOP skipped LII: fractional (0.0895 shares) — software exit will handle it
16:31:06  INFO        [positions] 3/3 (3 valid)
16:31:06  INFO        SELL order cancelled FLEX  type=OrderType.MARKET  id=f1ae4b42-096f-4d71-b319-ffa91c3a0f44
16:31:06  INFO        SELL LIMIT FLEX  qty=0.31607724  limit=$109.29  id=2816a16c-ac0c-4499-80e9-ff734261e316
16:31:26  INFO        SELL LIMIT not filled for FLEX, falling back to market
16:31:27  INFO        SELL MARKET FLEX closed
16:31:29  INFO        SELL order cancelled LII  type=OrderType.MARKET  id=52576f0b-0bae-4902-bb2f-cce950c39942
16:31:29  INFO        SELL LIMIT LII  qty=0.089467389  limit=$389.75  id=7815afb3-5fc8-4ad2-849c-72229ff0c8bc
16:31:49  INFO        SELL LIMIT not filled for LII, falling back to market
16:31:49  INFO        SELL MARKET LII closed
16:31:52  INFO        Daily log -> logs/daily/2026-09-07.md

+========================================================================+
|  RUBBER BAND BOT  v8                                                   |
+------------------------------------------------------------------------+
|  Mode                                                             EXITS|
|  Time                                                         16:31 UTC|
|  Regime                                                            BULL|
|  Universe                                                          both|
|  Equity                                                         $230.56|
+========================================================================+

+========================================================================+
|                           STOCKS EXIT CHECK                            |
+========================================================================+
|  Exit logic                   stop-0.5% / 3d max  (midline at EOD only)|
+------------------------------------------------------------------------+
|  FLEX  P&L +0.1%  $+0.04                      EXIT: max_hold 3d (+0.1%)|
|  FLEX         PARTIAL SELL (0.3161 sh remain) — will retry this session|
|  LII  P&L +1.1%  $+0.38                       EXIT: max_hold 4d (+1.1%)|
|  LII          PARTIAL SELL (0.0895 sh remain) — will retry this session|
|  AMZN  P&L +1.2%  $+0.41                                           HOLD|
+========================================================================+

+========================================================================+
|                            EXIT RUN SUMMARY                            |
+========================================================================+
|  Mode                                                             exits|
|  Candidates                                                           3|
|  Deferred/Skipped                                      already logged 0|
|  Data skips                                             no price data 0|
|  Se~  2 attempted  |  0 filled  |  2 partial  |  0 pending  |  0 failed|
|  Holds                                                                1|
|  Logged exits                                                         0|
+========================================================================+

+========================================================================+
|            OPTIONS SLEEVE  (managed by options_live_micro)             |
+========================================================================+
|                                                                        |
|  No open option positions.                                             |
|                                                                        |
+========================================================================+

+========================================================================+
|                      STOP-LOSS BREACHES THIS RUN                       |
+========================================================================+
|  None                                                                  |
+========================================================================+
|  Stop-loss look file                  logs/stop_losses_to_look_into.txt|
|  New investigations added                                             0|
+========================================================================+
