13:36:42  INFO      Mode: morning_prep
13:36:44  INFO        [prep_positions] 3/3 (3 valid)
13:36:44  INFO      Fetching tickers (universe=both)...
13:36:44  INFO        S&P 500: 503
13:36:44  INFO        MidCap 400: 400
13:36:44  INFO        Total: 903 tickers
13:36:45  INFO        [prep_universe] 40/900 (40 valid)
13:36:47  INFO        [prep_universe] 80/900 (80 valid)
13:36:48  INFO        [prep_universe] 120/900 (120 valid)
13:36:49  INFO        [prep_universe] 160/900 (160 valid)
13:36:50  INFO        [prep_universe] 200/900 (199 valid)
13:36:58  INFO        [prep_universe] 240/900 (238 valid)
13:37:11  INFO        [prep_universe] 280/900 (278 valid)
13:37:21  INFO        [prep_universe] 320/900 (318 valid)
13:37:35  INFO        [prep_universe] 360/900 (358 valid)
13:37:45  INFO        [prep_universe] 400/900 (397 valid)
13:37:58  INFO        [prep_universe] 440/900 (437 valid)
13:38:09  INFO        [prep_universe] 480/900 (477 valid)
13:38:22  INFO        [prep_universe] 520/900 (517 valid)
13:38:35  INFO        [prep_universe] 560/900 (557 valid)
13:38:46  INFO        [prep_universe] 600/900 (597 valid)
13:38:59  INFO        [prep_universe] 640/900 (637 valid)
13:39:09  INFO        [prep_universe] 680/900 (677 valid)
13:39:23  INFO        [prep_universe] 720/900 (717 valid)
13:39:33  INFO        [prep_universe] 760/900 (757 valid)
13:39:46  INFO        [prep_universe] 800/900 (797 valid)
13:39:56  INFO        [prep_universe] 840/900 (836 valid)
13:40:10  INFO        [prep_universe] 880/900 (876 valid)
13:40:17  INFO        [prep_universe] 900/900 (896 valid)

+========================================================================+
|  RUBBER BAND BOT  v8                                                   |
+------------------------------------------------------------------------+
|  Mode                                                      MORNING_PREP|
|  Time                                                         13:36 UTC|
|  Regime                                                            BULL|
|  Universe                                                          both|
|  Equity                                                         $231.28|
+========================================================================+

+========================================================================+
|                              MORNING PREP                              |
+========================================================================+
|  Goal                   Precompute exits/signals for next execution run|
|  Plan file                                 logs/plans/morning_plan.json|
|  Regime                                                            BULL|
+========================================================================+

+========================================================================+
|                       OPEN POSITION P&L SNAPSHOT                       |
+========================================================================+
|  Open positions                                                       3|
|  Invested                                                       $103.97|
|  Open P&L                                                        $-0.12|
|  TICKER   STRATEGY        INVESTED   ENTRY    NOW      P&L%    P&L$    |
+------------------------------------------------------------------------+
|  BWXT     MomReversal     $34.23     $161.11  $158.92  -1.4%   $-0.47  |
|  GME      EarningsDrift   $34.97     $18.77   $18.92   +0.8%   $+0.28  |
|  SYNA     MomReversal     $34.77     $95.54   $95.74   +0.2%   $+0.07  |
+========================================================================+

+========================================================================+
|                            OPEN SELL ORDERS                            |
+========================================================================+
|  Count                                                                0|
|                                                                        |
|  No open sell orders.                                                  |
|                                                                        |
+========================================================================+

+========================================================================+
|                              PREP SUMMARY                              |
+========================================================================+
|  Saved                                                              yes|
|  Exit candidates                                                      2|
|  Signal candidates                                                   30|
|  Universe scanned                                                   900|
+========================================================================+
