16:05:55  INFO      Mode: exits
16:05:56  INFO        Daily log -> logs/daily/2026-08-26.md
16:05:56  INFO        Daily log reconciled -> logs/daily/2026-08-26.md (2 ledger rows)
16:05:56  INFO        place_all_stops: checking 2 positions...
16:05:56  INFO        STOP already live AES @ $14.65
16:05:56  INFO        STOP skipped DECK: fractional (0.5168 shares) — software exit will handle it
16:05:56  INFO        [positions] 2/2 (2 valid)
16:05:57  INFO        SELL MARKET [urgent] DECK closed
16:05:59  INFO        TX logged: SELL DECK  P&L -0.61%
16:05:59  INFO        Daily log -> logs/daily/2026-08-26.md

+========================================================================+
|  RUBBER BAND BOT  v8                                                   |
+------------------------------------------------------------------------+
|  Mode                                                             EXITS|
|  Time                                                         16:05 UTC|
|  Regime                                                            BULL|
|  Universe                                                          both|
|  Equity                                                         $306.06|
+========================================================================+

+========================================================================+
|                           STOCKS EXIT CHECK                            |
+========================================================================+
|  Exit logic                   stop-0.5% / 3d max  (midline at EOD only)|
+------------------------------------------------------------------------+
|  DECK  P&L -0.6%  $-0.28                        EXIT: stop_loss (-0.6%)|
|  AES  P&L -0.0%  $-0.00                                            HOLD|
+========================================================================+

+========================================================================+
|                            EXIT RUN SUMMARY                            |
+========================================================================+
|  Mode                                                             exits|
|  Candidates                                                           2|
|  Deferred/Skipped                                      already logged 0|
|  Data skips                                             no price data 0|
|  Se~  1 attempted  |  1 filled  |  0 partial  |  0 pending  |  0 failed|
|  Holds                                                                1|
|  Logged exits                                                         1|
+========================================================================+

+========================================================================+
|            OPTIONS SLEEVE  (managed by options_live_micro)             |
+========================================================================+
|                                                                        |
|  No open option positions.                                             |
|                                                                        |
+========================================================================+

+========================================================================+
|                      STOP-LOSS BREACHES THIS RUN                       |
+========================================================================+
|  DECK                                        -0.61%  (threshold -0.50%)|
|  Count                                                                1|
+========================================================================+
|  Stop-loss look file                  logs/stop_losses_to_look_into.txt|
|  New investigations added                                             0|
+========================================================================+
