options_reconcile: state=/home/runner/work/TradingBot/TradingBot/logs/options_trial/_state/lab_state.json
  open_lots=142 paper_keys=yes dry_run=False
  alpaca positions=23
  FLAG b171|S216|60327813 missing from Alpaca
  FLAG b170|S216|90e2384d missing from Alpaca
  FLAG b799|S399|243b5e9d missing from Alpaca
  FLAG b798|S399|13277a79 missing from Alpaca
  FLAG b115|S212|3b5b77dc missing from Alpaca
  FLAG b0|ORPHAN|ffafb5bd missing from Alpaca
  FLAG b0|ORPHAN|7933dacc missing from Alpaca
  FLAG b0|ORPHAN|c400d933 missing from Alpaca
  FLAG b0|ORPHAN|096ba088 missing from Alpaca
  State updated with reconciled lots.
options_reconcile: done
Layout: controlled:1024:lab0000_s200_w1_0928_1005_r1 (layout changed controlled:100:c000_s173_w1_0928_1005_r1 -> controlled:1024:lab0000_s200_w1_0928_1005_r1)
Trial layout: /home/runner/work/TradingBot/TradingBot/logs/options_trial
Docs:         skipped (local docs unavailable on this runner)
Buckets:      1024
=== options_morning_bot (PAPER) 2026-08-06T10:06:48.993212-04:00 ===

[Run context]
Paper auth OK — equity $143932.43, account PA36KS87UPRS

[Setup]
Active buckets: 1024 | Strategies: S165, S164, S168, S167, S166, S163, S169, S170, S171, S172, S175, S200, S201, S202, S203, S204, S205, S206, S207, S208, S209, S210, S211, S212, S213, S214, S215, S216, S217, S218, S219, S220, S221, S400, S401, S402, S403, S350, S351, S352, S353, S354, S355, S356, S357, S358, S359, S360, S361, S362, S363, S364, S365, S366, S367, S368, S369, S370, S371, S372, S373, S374, S375, S376, S377, S378, S379, S380, S381, S382, S383, S384, S385, S386, S387, S388, S389, S390, S391, S392, S393, S394, S413, S414, S415, S416, S417, S418, S395, S396, S397, S398, S399, S404, S405, S406, S407, S408, S409, S410, S411, S412, S413, S414, S415, S416, S417, S418, S419
Dropped (no new entries; ex-reflected P&L): S173, S174
  EXIT [b112|lab0112_s212_w3_1045_1120_r1|S212] stop_loss (-98.0%) SELL failed UBER260807C00078000: {"code":40010001,"message":"client_order_id must be unique"}
  EXIT [b366|lab0366_s361_w3_1045_1120_r1|S361] stop_loss (-67.0%) SELL failed DKNG260807C00024500: {"code":40010001,"message":"client_order_id must be unique"}
2026-08-06 10:06:56,171 INFO   EXIT [b0|orphan_reconcile|ORPHAN] stop_loss (-67.0%) SELL 2 DKNG260807C00024500 @<= 0.14
  EXIT [b301|lab0301_s353_w3_1045_1120_r2|S353] stop_loss (-96.3%) SELL failed AMZN260807C00292500: {"code":40010001,"message":"client_order_id must be unique"}
2026-08-06 10:06:56,799 INFO   EXIT [b780|lab0780_s397_w3_1045_1120_r1|S397] stop_loss (-96.3%) SELL 1 AMZN260807C00292500 @<= 0.03
2026-08-06 10:06:57,604 INFO   EXIT [b790|lab0790_s398_w4_1120_1135_r1|S398] take_profit (+61.3%) SELL 1 UBER260807C00070000 @<= 0.52

[Scan + entries]
Scanning 117 symbols for [S165, S164, S168, S167, S166, S163, S169, S170, S171, S172, S175, S200, S201, S202, S203, S204, S205, S206, S207, S208, S209, S210, S211, S212, S213, S214, S215, S216, S217, S218, S219, S220, S221, S400, S401, S402, S403, S350, S351, S352, S353, S354, S355, S356, S357, S358, S359, S360, S361, S362, S363, S364, S365, S366, S367, S368, S369, S370, S371, S372, S373, S374, S375, S376, S377, S378, S379, S380, S381, S382, S383, S384, S385, S386, S387, S388, S389, S390, S391, S392, S393, S394, S413, S414, S415, S416, S417, S418, S395, S396, S397, S398, S399, S404, S405, S406, S407, S408, S409, S410, S411, S412, S413, S414, S415, S416, S417, S418, S419] …
Fetched daily bars for 114/117 symbols
Found 814 signal(s); top: ['S165:AMD', 'S165:COIN', 'S165:CRWD', 'S165:SNOW', 'S165:MARA', 'S165:MSTR', 'S165:ARM', 'S165:PANW']
Paper lab: $144429 broker equity -> 1024 bucket(s) ($500 virtual each, unlimited paper)
