13:00:41  INFO      Mode: summary

+========================================================================+
|  RUBBER BAND BOT  v8                                                   |
+------------------------------------------------------------------------+
|  Mode                                                           SUMMARY|
|  Time                                                         13:00 UTC|
|  Regime                                                            BULL|
|  Universe                                                          both|
|  Equity                                                         $488.04|
+========================================================================+

+========================================================================+
|                             ACCOUNT STATUS                             |
+========================================================================+
|  Equity                                                         $488.04|
|  Cash                                                            $73.64|
|  Regime                                                            BULL|
|  Universe                                                          both|
|  Total invested                                                 $414.40|
|  Open P&L                                                        $+5.41|
+========================================================================+

+========================================================================+
|                        HOLDINGS  (5 positions)                         |
+========================================================================+
|  TICKER   STRATEGY        INVESTED   ENTRY    NOW      P&L%    P&L$    |
+------------------------------------------------------------------------+
|  ABNB     Pullback50      $99.13     $139.66  $142.70  +2.2%   $+2.11  |
|  CARR     Pullback50      $97.59     $67.80   $68.95   +1.7%   $+1.63  |
|  CL       Pullback50      $97.52     $90.74   $90.90   +0.2%   $+0.17  |
|  DTE      Pullback50      $97.38     $147.63  $149.46  +1.2%   $+1.19  |
|  LNT      Pullback50      $22.77     $73.97   $74.94   +1.3%   $+0.30  |
|                                                                        |
|  Total invested                                                 $414.40|
|  Total open P&L                                                  $+5.41|
+========================================================================+

+========================================================================+
|                        EXIT LOGIC ACTIVE  (v8)                         |
+========================================================================+
|  Profit target                              price > 20-day MA (midline)|
|  Stop loss                                             -0.5% from entry|
|  Time stop                                          max 3 calendar days|
+========================================================================+

+========================================================================+
|                          RECENT TRANSACTIONS                           |
+========================================================================+
|  2026-07-24  SELL  CHD  Pullback50  $97.41  P&L $+0.12                 |
|  2026-07-24  SELL  CI  Pullback50  $97.40  P&L $+0.93                  |
|  2026-07-24  SELL  AEP  Pullback50  $99.33  P&L $+2.96                 |
|  2026-07-23  SELL  FIX  Pullback50  $96.39  P&L $+0.32                 |
|  2026-07-23  SELL  C  Pullback50  $69.34  P&L $-0.52                   |
|  2026-07-23  SELL  CHD  Pullback50  $95.22  P&L $-1.19                 |
+========================================================================+
