16:46:24  INFO      Mode: exits
16:46:24  INFO        place_all_stops: checking 3 positions...
16:46:24  INFO        STOP already live AES @ $14.84
16:46:24  INFO        STOP skipped BBY: fractional (0.3827 shares) — software exit will handle it
16:46:24  INFO        STOP skipped FCN: fractional (0.2495 shares) — software exit will handle it
16:46:24  INFO        [positions] 3/3 (3 valid)
16:46:24  INFO        SELL MARKET [urgent] BBY closed
16:46:26  INFO        TX logged: SELL BBY  P&L -0.54%
16:46:26  INFO        Daily log -> logs/daily/2026-10-01.md

+========================================================================+
|  RUBBER BAND BOT  v8                                                   |
+------------------------------------------------------------------------+
|  Mode                                                             EXITS|
|  Time                                                         16:46 UTC|
|  Regime                                                            BULL|
|  Universe                                                          both|
|  Equity                                                         $223.98|
+========================================================================+

+========================================================================+
|                           STOCKS EXIT CHECK                            |
+========================================================================+
|  Exit logic                   stop-0.5% / 3d max  (midline at EOD only)|
+------------------------------------------------------------------------+
|  BBY  P&L -0.5%  $-0.18                         EXIT: stop_loss (-0.5%)|
|  AES  P&L +0.1%  $+0.02                                            HOLD|
|  FCN  P&L +6.2%  $+2.09                                            HOLD|
+========================================================================+

+========================================================================+
|                            EXIT RUN SUMMARY                            |
+========================================================================+
|  Mode                                                             exits|
|  Candidates                                                           3|
|  Deferred/Skipped                                      already logged 0|
|  Data skips                                             no price data 0|
|  Se~  1 attempted  |  1 filled  |  0 partial  |  0 pending  |  0 failed|
|  Holds                                                                2|
|  Logged exits                                                         1|
+========================================================================+

+========================================================================+
|            OPTIONS SLEEVE  (managed by options_live_micro)             |
+========================================================================+
|                                                                        |
|  No open option positions.                                             |
|                                                                        |
+========================================================================+

+========================================================================+
|                      STOP-LOSS BREACHES THIS RUN                       |
+========================================================================+
|  BBY                                         -0.54%  (threshold -0.50%)|
|  Count                                                                1|
+========================================================================+
|  Stop-loss look file                  logs/stop_losses_to_look_into.txt|
|  New investigations added                                             0|
+========================================================================+
