=== options_live_micro LIVE 2026-08-18T11:21:08.354912-04:00 share=50% ===
2026-08-18 11:21:08,354 INFO === options_live_micro LIVE 2026-08-18T11:21:08.354912-04:00 share=50% ===
Live account equity $449.77 cash $93.84 #225458845 options_level=3
2026-08-18 11:21:08,568 INFO Live account equity $449.77 cash $93.84 #225458845 options_level=3
Live micro hold S404 AVGO260821C00412500 -38.7% (tp +50% / sl -50%)
2026-08-18 11:21:08,746 INFO Live micro hold S404 AVGO260821C00412500 -38.7% (tp +50% / sl -50%)
Live micro hold S406 TSLA260821C00357500 +4.8% (tp +50% / sl -50%)
2026-08-18 11:21:08,746 INFO Live micro hold S406 TSLA260821C00357500 +4.8% (tp +50% / sl -50%)
Live micro hold S210 CELH260821C00030000 -11.4% (tp +50% / sl -50%)
2026-08-18 11:21:08,746 INFO Live micro hold S210 CELH260821C00030000 -11.4% (tp +50% / sl -50%)
Live micro sleeve $225 (50% of $450) deployed $146 open_strategies=4/4 (paper baseline $75 / tp=+50% sl=-50% / 1 contract per strategy)
2026-08-18 11:21:09,044 INFO Live micro sleeve $225 (50% of $450) deployed $146 open_strategies=4/4 (paper baseline $75 / tp=+50% sl=-50% / 1 contract per strategy)
Live micro entry order (CLEAN win): S404 100%win, S406 56%win, S218 56%win, S210 55%win
2026-08-18 11:21:09,045 INFO Live micro entry order (CLEAN win): S404 100%win, S406 56%win, S218 56%win, S210 55%win
Live micro signals: 23
2026-08-18 11:21:19,833 INFO Live micro signals: 23
  skip S404 AFRM: strategy already open (paper bucket rule)
2026-08-18 11:21:19,834 INFO   skip S404 AFRM: strategy already open (paper bucket rule)
  skip S404 AMD: strategy already open (paper bucket rule)
2026-08-18 11:21:19,834 INFO   skip S404 AMD: strategy already open (paper bucket rule)
  skip S404 ARM: strategy already open (paper bucket rule)
2026-08-18 11:21:19,834 INFO   skip S404 ARM: strategy already open (paper bucket rule)
  skip S404 AVGO: strategy already open (paper bucket rule)
2026-08-18 11:21:19,834 INFO   skip S404 AVGO: strategy already open (paper bucket rule)
  skip S404 CAT: strategy already open (paper bucket rule)
2026-08-18 11:21:19,834 INFO   skip S404 CAT: strategy already open (paper bucket rule)
  skip S404 CVNA: strategy already open (paper bucket rule)
2026-08-18 11:21:19,834 INFO   skip S404 CVNA: strategy already open (paper bucket rule)
  skip S404 DOCN: strategy already open (paper bucket rule)
2026-08-18 11:21:19,834 INFO   skip S404 DOCN: strategy already open (paper bucket rule)
  skip S404 HOOD: strategy already open (paper bucket rule)
2026-08-18 11:21:19,834 INFO   skip S404 HOOD: strategy already open (paper bucket rule)
  skip S404 MARA: strategy already open (paper bucket rule)
2026-08-18 11:21:19,834 INFO   skip S404 MARA: strategy already open (paper bucket rule)
  skip S404 META: strategy already open (paper bucket rule)
2026-08-18 11:21:19,834 INFO   skip S404 META: strategy already open (paper bucket rule)
  skip S404 NVDA: strategy already open (paper bucket rule)
2026-08-18 11:21:19,834 INFO   skip S404 NVDA: strategy already open (paper bucket rule)
  skip S404 PATH: strategy already open (paper bucket rule)
2026-08-18 11:21:19,835 INFO   skip S404 PATH: strategy already open (paper bucket rule)
  skip S404 SMCI: strategy already open (paper bucket rule)
2026-08-18 11:21:19,835 INFO   skip S404 SMCI: strategy already open (paper bucket rule)
  skip S404 UPST: strategy already open (paper bucket rule)
2026-08-18 11:21:19,835 INFO   skip S404 UPST: strategy already open (paper bucket rule)
  skip S406 AFRM: strategy already open (paper bucket rule)
2026-08-18 11:21:19,835 INFO   skip S406 AFRM: strategy already open (paper bucket rule)
  skip S406 PATH: strategy already open (paper bucket rule)
2026-08-18 11:21:19,835 INFO   skip S406 PATH: strategy already open (paper bucket rule)
  skip S406 TSLA: strategy already open (paper bucket rule)
2026-08-18 11:21:19,835 INFO   skip S406 TSLA: strategy already open (paper bucket rule)
  skip S218 NKE: strategy already open (paper bucket rule)
2026-08-18 11:21:19,835 INFO   skip S218 NKE: strategy already open (paper bucket rule)
  skip S218 PG: strategy already open (paper bucket rule)
2026-08-18 11:21:19,835 INFO   skip S218 PG: strategy already open (paper bucket rule)
  skip S210 AXP: strategy already open (paper bucket rule)
2026-08-18 11:21:19,835 INFO   skip S210 AXP: strategy already open (paper bucket rule)
  skip S210 CELH: strategy already open (paper bucket rule)
2026-08-18 11:21:19,835 INFO   skip S210 CELH: strategy already open (paper bucket rule)
  skip S210 HOOD: strategy already open (paper bucket rule)
2026-08-18 11:21:19,835 INFO   skip S210 HOOD: strategy already open (paper bucket rule)
  skip S210 UNP: strategy already open (paper bucket rule)
2026-08-18 11:21:19,835 INFO   skip S210 UNP: strategy already open (paper bucket rule)
Live micro done. open_options=3 lots=4
2026-08-18 11:21:20,174 INFO Live micro done. open_options=3 lots=4
