16:22:04  INFO      Mode: exits
16:22:04  INFO        Daily log -> logs/daily/2026-08-18.md
16:22:04  INFO        Daily log reconciled -> logs/daily/2026-08-18.md (4 ledger rows)
16:22:04  INFO        place_all_stops: checking 4 positions...
16:22:04  INFO        STOP skipped AON: fractional (0.2011 shares) — software exit will handle it
16:22:04  INFO        [positions] 1/1 (1 valid)
16:22:05  INFO        Daily log -> logs/daily/2026-08-18.md

+========================================================================+
|  RUBBER BAND BOT  v8                                                   |
+------------------------------------------------------------------------+
|  Mode                                                             EXITS|
|  Time                                                         16:22 UTC|
|  Regime                                                            BULL|
|  Universe                                                          both|
|  Equity                                                         $500.97|
+========================================================================+

+========================================================================+
|                           STOCKS EXIT CHECK                            |
+========================================================================+
|  Exit logic                   stop-0.5% / 3d max  (midline at EOD only)|
+------------------------------------------------------------------------+
|  AON  P&L -0.5%  $-0.34                                            HOLD|
+========================================================================+

+========================================================================+
|                            EXIT RUN SUMMARY                            |
+========================================================================+
|  Mode                                                             exits|
|  Candidates                                                           1|
|  Deferred/Skipped                                      already logged 0|
|  Data skips                                             no price data 0|
|  Se~  0 attempted  |  0 filled  |  0 partial  |  0 pending  |  0 failed|
|  Holds                                                                1|
|  Logged exits                                                         0|
+========================================================================+

+========================================================================+
|            OPTIONS SLEEVE  (managed by options_live_micro)             |
+========================================================================+
|  CONTRACT                ENTRY    NOW      P&L%     P&L$      MV       |
+------------------------------------------------------------------------+
|  AVGO260821C00412500     $0.31    $0.23    -25.8%   $-8.00    $23.00   |
|  CELH260821C00030000     $0.70    $0.63    -10.0%   $-7.00    $63.00   |
|  NKE260821C00040000      $0.54    $0.69    +27.8%   $+15.00   $69.00   |
|                                                                        |
|  Options open P&L                                                $+0.00|
+========================================================================+

+========================================================================+
|                      STOP-LOSS BREACHES THIS RUN                       |
+========================================================================+
|  None                                                                  |
+========================================================================+
|  Stop-loss look file                  logs/stop_losses_to_look_into.txt|
|  New investigations added                                             0|
+========================================================================+
