04:48:55  INFO      Mode: summary
04:48:56  INFO        Daily log -> logs/daily/2026-08-04.md
04:48:56  INFO        Daily log reconciled -> logs/daily/2026-08-04.md (0 ledger rows)

+========================================================================+
|  RUBBER BAND BOT  v8                                                   |
+------------------------------------------------------------------------+
|  Mode                                                           SUMMARY|
|  Time                                                         04:48 UTC|
|  Regime                                                            BULL|
|  Universe                                                          both|
|  Equity                                                         $468.33|
+========================================================================+

+========================================================================+
|                             ACCOUNT STATUS                             |
+========================================================================+
|  Equity                                                         $468.33|
|  Cash                                                           $210.17|
|  Regime                                                            BULL|
|  Universe                                                          both|
|  Total invested                                                 $258.16|
|  Open P&L                                                        $+1.70|
+========================================================================+

+========================================================================+
|                        HOLDINGS  (3 positions)                         |
+========================================================================+
|  TICKER   STRATEGY        INVESTED   ENTRY    NOW      P&L%    P&L$    |
+------------------------------------------------------------------------+
|  AES      Pullback50      $93.73     $14.70   $14.71   +0.1%   $+0.09  |
|  AVB      Pullback50      $94.41     $187.24  $188.78  +0.8%   $+0.77  |
|  ECHO     MomReversal     $70.02     $85.51   $86.55   +1.2%   $+0.84  |
|                                                                        |
|  Total invested                                                 $258.16|
|  Total open P&L                                                  $+1.70|
+========================================================================+

+========================================================================+
|                        EXIT LOGIC ACTIVE  (v8)                         |
+========================================================================+
|  Profit target                              price > 20-day MA (midline)|
|  Stop loss                                             -0.5% from entry|
|  Time stop                                          max 3 calendar days|
+========================================================================+

+========================================================================+
|                          RECENT TRANSACTIONS                           |
+========================================================================+
|  2026-08-03  SELL  TSN  EarningsDrift  $93.73  P&L $+0.23              |
|  2026-08-03  SELL  FSLR  EarningsDrift  $93.03  P&L $-0.50             |
|  2026-08-03  SELL  ED  Pullback50  $69.86  P&L $-0.37                  |
|  2026-08-03  SELL  CPT  Pullback50  $93.14  P&L $-0.50                 |
|  2026-08-03  SELL  ALGN  Pullback50  $93.13  P&L $-0.51                |
|  2026-08-03  SELL  CINF  Pullback50  $95.73  P&L $+1.79                |
+========================================================================+
