14:41:06  INFO      Mode: exits
14:41:07  INFO        Daily log -> logs/daily/2026-08-18.md
14:41:07  INFO        Daily log reconciled -> logs/daily/2026-08-18.md (2 ledger rows)
14:41:07  INFO        place_all_stops: checking 4 positions...
14:41:07  INFO        STOP skipped AEE: fractional (0.6341 shares) — software exit will handle it
14:41:07  INFO        STOP skipped AFL: fractional (0.5726 shares) — software exit will handle it
14:41:07  INFO        STOP skipped AON: fractional (0.2011 shares) — software exit will handle it
14:41:07  INFO        [positions] 3/3 (3 valid)
14:41:07  INFO        Daily log -> logs/daily/2026-08-18.md

+========================================================================+
|  RUBBER BAND BOT  v8                                                   |
+------------------------------------------------------------------------+
|  Mode                                                             EXITS|
|  Time                                                         14:41 UTC|
|  Regime                                                            BULL|
|  Universe                                                          both|
|  Equity                                                         $457.75|
+========================================================================+

+========================================================================+
|                               EXIT CHECK                               |
+========================================================================+
|  Exit logic                   stop-0.5% / 3d max  (midline at EOD only)|
+------------------------------------------------------------------------+
|  AEE  P&L -0.4%  $-0.26                                            HOLD|
|  AON  P&L -0.2%  $-0.16                                            HOLD|
|  AFL  P&L -0.2%  $-0.12                                            HOLD|
+========================================================================+

+========================================================================+
|                            EXIT RUN SUMMARY                            |
+========================================================================+
|  Mode                                                             exits|
|  Candidates                                                           3|
|  Deferred/Skipped                                      already logged 0|
|  Data skips                                             no price data 0|
|  Se~  0 attempted  |  0 filled  |  0 partial  |  0 pending  |  0 failed|
|  Holds                                                                3|
|  Logged exits                                                         0|
+========================================================================+

+========================================================================+
|                      STOP-LOSS BREACHES THIS RUN                       |
+========================================================================+
|  None                                                                  |
+========================================================================+
|  Stop-loss look file                  logs/stop_losses_to_look_into.txt|
|  New investigations added                                             0|
+========================================================================+
