16:00:47  INFO      Mode: exits
16:00:48  INFO        Daily log -> logs/daily/2026-08-17.md
16:00:48  INFO        Daily log reconciled -> logs/daily/2026-08-17.md (4 ledger rows)
16:00:48  INFO        place_all_stops: checking 2 positions...
16:00:48  INFO        STOP skipped AFL: fractional (0.5761 shares) — software exit will handle it
16:00:48  INFO        STOP skipped AXP: fractional (0.2064 shares) — software exit will handle it
16:00:48  INFO        [positions] 2/2 (2 valid)
16:00:48  INFO        SELL MARKET [urgent] AXP closed
16:00:51  INFO        TX logged: SELL AXP  P&L -0.56%
16:00:51  INFO        Daily log -> logs/daily/2026-08-17.md

+========================================================================+
|  RUBBER BAND BOT  v8                                                   |
+------------------------------------------------------------------------+
|  Mode                                                             EXITS|
|  Time                                                         16:00 UTC|
|  Regime                                                            BULL|
|  Universe                                                          both|
|  Equity                                                         $467.85|
+========================================================================+

+========================================================================+
|                               EXIT CHECK                               |
+========================================================================+
|  Exit logic                   stop-0.5% / 3d max  (midline at EOD only)|
+------------------------------------------------------------------------+
|  AXP  P&L -0.6%  $-0.39                         EXIT: stop_loss (-0.6%)|
|  AFL  P&L -0.4%  $-0.31                                            HOLD|
+========================================================================+

+========================================================================+
|                            EXIT RUN SUMMARY                            |
+========================================================================+
|  Mode                                                             exits|
|  Candidates                                                           2|
|  Deferred/Skipped                                      already logged 0|
|  Data skips                                             no price data 0|
|  Se~  1 attempted  |  1 filled  |  0 partial  |  0 pending  |  0 failed|
|  Holds                                                                1|
|  Logged exits                                                         1|
+========================================================================+

+========================================================================+
|                      STOP-LOSS BREACHES THIS RUN                       |
+========================================================================+
|  AXP                                         -0.56%  (threshold -0.50%)|
|  Count                                                                1|
+========================================================================+
|  Stop-loss look file                  logs/stop_losses_to_look_into.txt|
|  New investigations added                                             0|
+========================================================================+
