15:21:03  INFO      Mode: exits
15:21:04  INFO        place_all_stops: checking 3 positions...
15:21:04  INFO        STOP skipped AMZN: fractional (0.1353 shares) — software exit will handle it
15:21:04  INFO        STOP skipped FLEX: fractional (0.3161 shares) — software exit will handle it
15:21:04  INFO        STOP skipped LII: fractional (0.0895 shares) — software exit will handle it
15:21:04  INFO        [positions] 3/3 (3 valid)
15:21:04  INFO        SELL order cancelled FLEX  type=OrderType.MARKET  id=3b2a4206-8122-42ce-add9-eff243fe23fe
15:21:05  INFO        SELL LIMIT FLEX  qty=0.31607724  limit=$109.29  id=a663387e-d8d1-451f-bbef-6ce2ab81b3d4
15:21:25  INFO        SELL LIMIT not filled for FLEX, falling back to market
15:21:25  INFO        SELL MARKET FLEX closed
15:21:27  INFO        SELL order cancelled LII  type=OrderType.MARKET  id=44210245-6bc8-4952-b44e-55c4bbf90259
15:21:28  INFO        SELL LIMIT LII  qty=0.089467389  limit=$389.75  id=ad78c470-c288-4629-99cb-acd4796d0e4b
15:21:48  INFO        SELL LIMIT not filled for LII, falling back to market
15:21:48  INFO        SELL MARKET LII closed
15:21:50  INFO        SELL order cancelled AMZN  type=OrderType.MARKET  id=dfe05679-00aa-4165-8557-e2ca0755caa9
15:21:51  INFO        SELL LIMIT AMZN  qty=0.135349882  limit=$257.99  id=24fedcdd-18b6-4e98-af60-75827402e64f
15:22:11  INFO        SELL LIMIT not filled for AMZN, falling back to market
15:22:11  INFO        SELL MARKET AMZN closed
15:22:14  INFO        Daily log -> logs/daily/2026-09-07.md

+========================================================================+
|  RUBBER BAND BOT  v8                                                   |
+------------------------------------------------------------------------+
|  Mode                                                             EXITS|
|  Time                                                         15:21 UTC|
|  Regime                                                            BULL|
|  Universe                                                          both|
|  Equity                                                         $230.56|
+========================================================================+

+========================================================================+
|                           STOCKS EXIT CHECK                            |
+========================================================================+
|  Exit logic                   stop-0.5% / 3d max  (midline at EOD only)|
+------------------------------------------------------------------------+
|  FLEX  P&L +0.1%  $+0.04                      EXIT: max_hold 3d (+0.1%)|
|  FLEX         PARTIAL SELL (0.3161 sh remain) — will retry this session|
|  LII  P&L +1.1%  $+0.38                       EXIT: max_hold 4d (+1.1%)|
|  LII          PARTIAL SELL (0.0895 sh remain) — will retry this session|
|  AMZN  P&L +1.2%  $+0.41                      EXIT: max_hold 5d (+1.2%)|
|  AMZN         PARTIAL SELL (0.1353 sh remain) — will retry this session|
+========================================================================+

+========================================================================+
|                            EXIT RUN SUMMARY                            |
+========================================================================+
|  Mode                                                             exits|
|  Candidates                                                           3|
|  Deferred/Skipped                                      already logged 0|
|  Data skips                                             no price data 0|
|  Se~  3 attempted  |  0 filled  |  3 partial  |  0 pending  |  0 failed|
|  Holds                                                                0|
|  Logged exits                                                         0|
+========================================================================+

+========================================================================+
|            OPTIONS SLEEVE  (managed by options_live_micro)             |
+========================================================================+
|                                                                        |
|  No open option positions.                                             |
|                                                                        |
+========================================================================+

+========================================================================+
|                      STOP-LOSS BREACHES THIS RUN                       |
+========================================================================+
|  None                                                                  |
+========================================================================+
|  Stop-loss look file                  logs/stop_losses_to_look_into.txt|
|  New investigations added                                             0|
+========================================================================+
