19:30:49  INFO      Mode: evening_prep
19:30:50  INFO        [prep_positions] 4/4 (4 valid)
19:30:50  INFO        Universe cache hit: 903 tickers (tickers_2026-07-22.json)
19:30:51  INFO        [prep_universe] 40/899 (40 valid)
19:30:53  INFO        [prep_universe] 80/899 (80 valid)
19:30:54  INFO        [prep_universe] 120/899 (120 valid)
19:30:56  INFO        [prep_universe] 160/899 (160 valid)
19:30:57  INFO        [prep_universe] 200/899 (199 valid)
19:31:04  INFO        [prep_universe] 240/899 (238 valid)
19:31:15  INFO        [prep_universe] 280/899 (278 valid)
19:31:28  INFO        [prep_universe] 320/899 (318 valid)
19:31:42  INFO        [prep_universe] 360/899 (358 valid)
19:31:52  INFO        [prep_universe] 400/899 (397 valid)
19:32:05  INFO        [prep_universe] 440/899 (437 valid)
19:32:15  INFO        [prep_universe] 480/899 (477 valid)
19:32:29  INFO        [prep_universe] 520/899 (517 valid)
19:32:39  INFO        [prep_universe] 560/899 (556 valid)
19:32:52  INFO        [prep_universe] 600/899 (596 valid)
19:33:06  INFO        [prep_universe] 640/899 (636 valid)
19:33:16  INFO        [prep_universe] 680/899 (676 valid)
19:33:29  INFO        [prep_universe] 720/899 (715 valid)
19:33:39  INFO        [prep_universe] 760/899 (755 valid)
19:33:52  INFO        [prep_universe] 800/899 (795 valid)
19:34:05  INFO        [prep_universe] 840/899 (834 valid)
19:34:15  INFO        [prep_universe] 880/899 (874 valid)
19:34:22  INFO        [prep_universe] 899/899 (893 valid)

+========================================================================+
|  RUBBER BAND BOT  v8                                                   |
+------------------------------------------------------------------------+
|  Mode                                                      EVENING_PREP|
|  Time                                                         19:30 UTC|
|  Regime                                                            BULL|
|  Universe                                                          both|
|  Equity                                                         $481.43|
+========================================================================+

+========================================================================+
|                              EVENING PREP                              |
+========================================================================+
|  Goal                   Precompute exits/signals for next execution run|
|  Plan file                                 logs/plans/evening_plan.json|
|  Regime                                                            BULL|
+========================================================================+

+========================================================================+
|                       OPEN POSITION P&L SNAPSHOT                       |
+========================================================================+
|  Open positions                                                       4|
|  Invested                                                       $360.42|
|  Open P&L                                                        $+1.86|
|  TICKER   STRATEGY        INVESTED   ENTRY    NOW      P&L%    P&L$    |
+------------------------------------------------------------------------+
|  AEP      Pullback50      $96.97     $131.94  $132.74  +0.6%   $+0.58  |
|  C        Pullback50      $69.74     $132.61  $132.38  -0.2%   $-0.12  |
|  CARR     Pullback50      $95.99     $67.80   $67.82   +0.0%   $+0.03  |
|  TPR      Pullback50      $97.71     $140.84  $142.83  +1.4%   $+1.36  |
+========================================================================+

+========================================================================+
|                            OPEN SELL ORDERS                            |
+========================================================================+
|  Count                                                                1|
|  TICKER    TYPE              QTY       LIMIT       STOP                |
+------------------------------------------------------------------------+
|  CARR      OrderType.STOP    1         None        67.46               |
+========================================================================+

+========================================================================+
|                              PREP SUMMARY                              |
+========================================================================+
|  Saved                                                              yes|
|  Exit candidates                                                      0|
|  Signal candidates                                                   32|
|  Universe scanned                                                   899|
+========================================================================+
