18:17:12  INFO      Mode: exits
18:17:13  INFO        Daily log -> logs/daily/2026-09-02.md
18:17:13  INFO        Daily log reconciled -> logs/daily/2026-09-02.md (5 ledger rows)
18:17:13  INFO        place_all_stops: checking 1 positions...
18:17:13  INFO        STOP skipped AMZN: fractional (0.1353 shares) — software exit will handle it
18:17:14  INFO        [positions] 1/1 (1 valid)
18:17:14  INFO        Daily log -> logs/daily/2026-09-02.md

+========================================================================+
|  RUBBER BAND BOT  v8                                                   |
+------------------------------------------------------------------------+
|  Mode                                                             EXITS|
|  Time                                                         18:17 UTC|
|  Regime                                                            BULL|
|  Universe                                                          both|
|  Equity                                                         $230.21|
+========================================================================+

+========================================================================+
|                           STOCKS EXIT CHECK                            |
+========================================================================+
|  Exit logic                   stop-0.5% / 3d max  (midline at EOD only)|
+------------------------------------------------------------------------+
|  AMZN  P&L -0.3%  $-0.09                                           HOLD|
+========================================================================+

+========================================================================+
|                            EXIT RUN SUMMARY                            |
+========================================================================+
|  Mode                                                             exits|
|  Candidates                                                           1|
|  Deferred/Skipped                                      already logged 0|
|  Data skips                                             no price data 0|
|  Se~  0 attempted  |  0 filled  |  0 partial  |  0 pending  |  0 failed|
|  Holds                                                                1|
|  Logged exits                                                         0|
+========================================================================+

+========================================================================+
|            OPTIONS SLEEVE  (managed by options_live_micro)             |
+========================================================================+
|                                                                        |
|  No open option positions.                                             |
|                                                                        |
+========================================================================+

+========================================================================+
|                      STOP-LOSS BREACHES THIS RUN                       |
+========================================================================+
|  None                                                                  |
+========================================================================+
|  Stop-loss look file                  logs/stop_losses_to_look_into.txt|
|  New investigations added                                             0|
+========================================================================+
