13:50:47  INFO      Mode: morning_scan
13:50:49  INFO        [positions] 5/5 (5 valid)
13:50:49  INFO        SELL MARKET [urgent] IEX closed
13:50:51  INFO        TX logged: SELL IEX  P&L -0.68%
13:50:51  INFO        SELL LIMIT CI  qty=0.334394683  limit=$286.59  id=99aaf9ff-d3e3-4ef9-a69a-3b52c3cbe5b7
13:51:22  INFO        SELL LIMIT filled CI (confirmed by position check)
13:51:22  INFO        TX logged: SELL CI  P&L -0.18%
13:51:22  INFO        Universe cache hit: 903 tickers (tickers_2026-07-21.json)
13:51:23  INFO        [universe] 40/900 (40 valid)
13:51:25  INFO        [universe] 80/900 (80 valid)
13:51:26  INFO        [universe] 120/900 (120 valid)
13:51:27  INFO        [universe] 160/900 (160 valid)
13:51:29  INFO        [universe] 200/900 (199 valid)
13:51:36  INFO        [universe] 240/900 (238 valid)
13:51:47  INFO        [universe] 280/900 (278 valid)
13:52:00  INFO        [universe] 320/900 (318 valid)
13:52:11  INFO        [universe] 360/900 (358 valid)
13:52:24  INFO        [universe] 400/900 (397 valid)
13:52:37  INFO        [universe] 440/900 (437 valid)
13:52:47  INFO        [universe] 480/900 (477 valid)
13:53:00  INFO        [universe] 520/900 (517 valid)
13:53:11  INFO        [universe] 560/900 (556 valid)
13:53:24  INFO        [universe] 600/900 (596 valid)
13:53:35  INFO        [universe] 640/900 (636 valid)
13:53:48  INFO        [universe] 680/900 (676 valid)
13:53:59  INFO        [universe] 720/900 (715 valid)
13:54:12  INFO        [universe] 760/900 (755 valid)
13:54:25  INFO        [universe] 800/900 (795 valid)
13:54:36  INFO        [universe] 840/900 (834 valid)
13:54:49  INFO        [universe] 880/900 (874 valid)
13:54:53  INFO        [universe] 900/900 (894 valid)
13:54:53  INFO        place_all_stops: checking 3 positions...
13:54:53  INFO        STOP skipped BIIB: fractional (0.4766 shares) — software exit will handle it
13:54:54  INFO        STOP-MARKET placed CNP  qty=2 (pos=2.2410)  stop=$42.71  id=d98c3e37-bd74-4ff1-90b6-07c4bb4a6ad8
13:54:54  INFO        STOP skipped TPR: fractional (0.6841 shares) — software exit will handle it

+========================================================================+
|  RUBBER BAND BOT  v8                                                   |
+------------------------------------------------------------------------+
|  Mode                                                      MORNING_SCAN|
|  Time                                                         13:50 UTC|
|  Regime                                                            BULL|
|  Universe                                                          both|
|  Equity                                                         $480.52|
+========================================================================+

+========================================================================+
|                   RUBBER BAND BOT v8  --  DAILY SCAN                   |
+========================================================================+
|  Mode                                                      *** LIVE ***|
|  Date                                                        2026-07-21|
|  Universe                                                          both|
|  Mon~  Jul: 52wkLow + Pullback50 (display only — schedule not enforced)|
|  Disabled                GapDown, VolumeSpike (see DISABLED_STRATEGIES)|
|  Regime                                                            BULL|
|  Exit                                      midline / stop-0.5% / 3d max|
+========================================================================+

+========================================================================+
|                                ACCOUNT                                 |
+========================================================================+
|  Equity                                                         $480.52|
|  Cash                                                            $24.11|
|  Reserve                                          $24.03  (always kept)|
|  Available                                      $0.08  (for new trades)|
|  Trade size             $96.10  (20% per signal — all strategies equal)|
+========================================================================+

+========================================================================+
|                           HOLDINGS  (5 open)                           |
+========================================================================+
|  TICKER   STRATEGY        INVESTED   ENTRY    NOW      P&L%    P&L$    |
+------------------------------------------------------------------------+
|  BIIB     Pullback50      $96.09     $201.84  $201.60  -0.1%   $-0.11  |
|  CI       Pullback50      $96.03     $287.68  $287.17  -0.2%   $-0.17  |
|  CNP      Pullback50      $96.08     $42.92   $42.88   -0.1%   $-0.11  |
|  IEX      Pullback50      $70.78     $220.50  $219.00  -0.7%   $-0.49  |
|  TPR      Pullback50      $97.43     $140.84  $142.42  +1.1%   $+1.08  |
|                                                                        |
|  Total invested                                                 $456.41|
|  Total open P&L                                                  $+0.20|
|  Buys today: 0  |  entry cap: 0  |  max open: 5                        |
+========================================================================+

+========================================================================+
|                               PLAN CACHE                               |
+========================================================================+
|  Mode                                                           morning|
|  File                                      logs/plans/morning_plan.json|
|  Use cached plan                                  no (stale (17285.3m))|
+========================================================================+

+========================================================================+
|          EXIT EVALUATION  (EOD -- midline + stop + max-hold)           |
+========================================================================+
|  IEX  P&L -0.7%  $-0.49                         EXIT: stop_loss (-0.7%)|
|  CI  P&L -0.2%  $-0.17                            EXIT: midline (-0.2%)|
|  BIIB  P&L -0.1%  $-0.11                                           HOLD|
|  CNP  P&L -0.1%  $-0.11                                            HOLD|
|  TPR  P&L +1.1%  $+1.08                                            HOLD|
+========================================================================+

+========================================================================+
|                           EXIT EVAL SUMMARY                            |
+========================================================================+
|  Exit eval    attempted 2 | filled 2 | partial 0 | pending 0 | failed 0|
|  Other skips     already logged today 0  |  no price data 0  |  holds 3|
|  Stop-loss breaches                                                   1|
|  IEX                                         -0.68%  (threshold -0.50%)|
|  Stop-loss look file                  logs/stop_losses_to_look_into.txt|
|  New investigations added                                             0|
+========================================================================+

+========================================================================+
|                             DATA DOWNLOAD                              |
+========================================================================+
|  Universe: both  |  Alpaca primary / yfinance fallback                 |
+========================================================================+

+========================================================================+
|                              SIGNAL SCAN                               |
+========================================================================+
|  Month: Jul  |  Regime: BULL                                           |
|  Primary: 52wkLow  |  Secondary: Pullback50 (display only — schedule n~|
|  Source                                                       live scan|
+========================================================================+

+========================================================================+
|                         SIGNALS FOUND  --  13                          |
+========================================================================+
|  TICKER   STRATEGY        TIER   PRICE    RSI    VOL_Z   TRIGGER       |
+------------------------------------------------------------------------+
|  APA      Pullback50      eq     $35.52   65.6   -3.07   50MA bounce (-|
|  CI       Pullback50      eq     $287.17  58.3   -1.86   50MA bounce (+|
|  F        Pullback50      eq     $14.17   54.8   -3.32   50MA bounce (-|
|  BEN      Pullback50      eq     $32.51   43.2   -3.19   50MA bounce (+|
|  GM       Pullback50      eq     $78.34   54.5   -1.85   50MA bounce (-|
|  IEX      Pullback50      eq     $219.00  37.5   -1.91   50MA bounce (+|
|  IRM      Pullback50      eq     $125.36  48.0   -3.12   50MA bounce (-|
|  KDP      Pullback50      eq     $30.42   35.1   -1.47   50MA bounce (-|
|  MU       Pullback50      eq     $938.71  32.4   -2.23   50MA bounce (-|
|  MTDR     Pullback50      eq     $53.93   68.7   -2.69   50MA bounce (+|
|  PEN      Pullback50      eq     $317.44  56.0   -2.18   50MA bounce (-|
|  TWLO     Pullback50      eq     $203.17  45.6   -3.26   50MA bounce (+|
|  VNOM     Pullback50      eq     $44.55   61.8   -2.74   50MA bounce (-|
|                                                                        |
+========================================================================+

+========================================================================+
|                              ENTRY ORDERS                              |
+========================================================================+
|  Skipped                                  no entry slots (max_trades=0)|
+========================================================================+

+========================================================================+
|                            SESSION SUMMARY                             |13:54:54  INFO        Daily log -> logs/daily/2026-07-21.md
13:54:54  INFO        Dashboard written → logs/dashboard.md

+========================================================================+
|  Regime                                                            BULL|
|  Universe                                                          both|
|  Strategy   52wkLow + Pullback50 (display only — schedule not enforced)|
|  Scanned                                                            894|
|  Signals                                                             13|
|  Entries                                                              0|
|  Buy submits                              0 confirmed  |  0 unconfirmed|
|  Exits                                                                2|
|  Open pos                                                             3|
|  Equity                                                         $481.16|
|  Cash                                                           $190.93|
+========================================================================+
