options_reconcile: state=/home/runner/work/TradingBot/TradingBot/logs/options_trial/_state/lab_state.json
  open_lots=0 pending_exits=0 paper_keys=yes dry_run=False
  alpaca open sell orders=0 positions=2
  zombies_flagged=0
options_reconcile: done
Layout: controlled:140:c000_s173_w1_0928_1005_r1 (layout changed controlled:100:c000_s173_w1_0928_1005_r1 -> controlled:140:c000_s173_w1_0928_1005_r1)
Trial layout: /home/runner/work/TradingBot/TradingBot/logs/options_trial
Docs:         skipped (local docs unavailable on this runner)
Buckets:      140
=== options_morning_bot (PAPER) 2026-07-23T10:26:03.202996-04:00 ===

[Run context]
Paper auth OK — equity $135687.49, account PA36KS87UPRS

[Setup]
Active buckets: 140 | Strategies: S165, S164, S168, S167, S166, S163
Dropped (no new entries; ex-reflected P&L): S173, S174

[Scan + entries]
Scanning 903 symbols for [S165, S164, S168, S167, S166, S163] …
Fetched daily bars for 903/903 symbols
Found 430 signal(s); top: ['S165:GOOGL', 'S165:GOOG', 'S165:AMZN', 'S165:ADI', 'S165:BKNG', 'S165:BLDR', 'S165:CCL', 'S165:CNC']
Paper lab: $135345 broker equity -> 140 bucket(s) ($500 virtual each, unlimited paper)
  [b9 GOOGL] ENTRY failed: {"code":40310000,"cost_basis":"46.01","message":"insufficient options buying power","options_buying_power":"0"}
  [b37 GOOGL] ENTRY failed: {"code":40310000,"cost_basis":"46.01","message":"insufficient options buying power","options_buying_power":"0"}
  [b65 GOOGL] ENTRY failed: {"code":40310000,"cost_basis":"46.01","message":"insufficient options buying power","options_buying_power":"0"}
  [b93 GOOGL] ENTRY failed: {"code":40310000,"cost_basis":"46.01","message":"insufficient options buying power","options_buying_power":"0"}
  [b121 GOOGL] ENTRY failed: {"code":40310000,"cost_basis":"46.01","message":"insufficient options buying power","options_buying_power":"0"}
  [b9 GOOG] ENTRY failed: {"code":40310000,"cost_basis":"47.01","message":"insufficient options buying power","options_buying_power":"0"}
  [b37 GOOG] ENTRY failed: {"code":40310000,"cost_basis":"47.01","message":"insufficient options buying power","options_buying_power":"0"}
  [b65 GOOG] ENTRY failed: {"code":40310000,"cost_basis":"47.01","message":"insufficient options buying power","options_buying_power":"0"}
  [b93 GOOG] ENTRY failed: {"code":40310000,"cost_basis":"47.01","message":"insufficient options buying power","options_buying_power":"0"}
  [b121 GOOG] ENTRY failed: {"code":40310000,"cost_basis":"47.01","message":"insufficient options buying power","options_buying_power":"0"}
  [b9 AMZN] ENTRY failed: {"code":40310000,"cost_basis":"48.01","message":"insufficient options buying power","options_buying_power":"0"}
  [b37 AMZN] ENTRY failed: {"code":40310000,"cost_basis":"48.01","message":"insufficient options buying power","options_buying_power":"0"}
  [b65 AMZN] ENTRY failed: {"code":40310000,"cost_basis":"48.01","message":"insufficient options buying power","options_buying_power":"0"}
  [b93 AMZN] ENTRY failed: {"code":40310000,"cost_basis":"48.01","message":"insufficient options buying power","options_buying_power":"0"}
  [b121 AMZN] ENTRY failed: {"code":40310000,"cost_basis":"48.01","message":"insufficient options buying power","options_buying_power":"0"}
  [b9 CCL] ENTRY failed: {"code":40310000,"cost_basis":"12.01","message":"insufficient options buying power","options_buying_power":"0"}
  [b37 CCL] ENTRY failed: {"code":40310000,"cost_basis":"12.01","message":"insufficient options buying power","options_buying_power":"0"}
  [b65 CCL] ENTRY failed: {"code":40310000,"cost_basis":"12.01","message":"insufficient options buying power","options_buying_power":"0"}
  [b93 CCL] ENTRY failed: {"code":40310000,"cost_basis":"12.01","message":"insufficient options buying power","options_buying_power":"0"}
  [b121 CCL] ENTRY failed: {"code":40310000,"cost_basis":"12.01","message":"insufficient options buying power","options_buying_power":"0"}
  [b9 FCX] ENTRY failed: {"code":40310000,"cost_basis":"51.01","message":"insufficient options buying power","options_buying_power":"0"}
  [b37 FCX] ENTRY failed: {"code":40310000,"cost_basis":"51.01","message":"insufficient options buying power","options_buying_power":"0"}
  [b65 FCX] ENTRY failed: {"code":40310000,"cost_basis":"51.01","message":"insufficient options buying power","options_buying_power":"0"}
  [b93 FCX] ENTRY failed: {"code":40310000,"cost_basis":"51.01","message":"insufficient options buying power","options_buying_power":"0"}
  [b121 FCX] ENTRY failed: {"code":40310000,"cost_basis":"51.01","message":"insufficient options buying power","options_buying_power":"0"}
  [b9 META] ENTRY failed: {"code":40310000,"cost_basis":"53.01","message":"insufficient options buying power","options_buying_power":"0"}
  [b37 META] ENTRY failed: {"code":40310000,"cost_basis":"53.01","message":"insufficient options buying power","options_buying_power":"0"}
  [b65 META] ENTRY failed: {"code":40310000,"cost_basis":"53.01","message":"insufficient options buying power","options_buying_power":"0"}
  [b93 META] ENTRY failed: {"code":40310000,"cost_basis":"53.01","message":"insufficient options buying power","options_buying_power":"0"}
  [b121 META] ENTRY failed: {"code":40310000,"cost_basis":"53.01","message":"insufficient options buying power","options_buying_power":"0"}
  [b9 QCOM] ENTRY failed: {"code":40310000,"cost_basis":"42.01","message":"insufficient options buying power","options_buying_power":"0"}
  [b37 QCOM] ENTRY failed: {"code":40310000,"cost_basis":"42.01","message":"insufficient options buying power","options_buying_power":"0"}
  [b65 QCOM] ENTRY failed: {"code":40310000,"cost_basis":"42.01","message":"insufficient options buying power","options_buying_power":"0"}
  [b93 QCOM] ENTRY failed: {"code":40310000,"cost_basis":"42.01","message":"insufficient options buying power","options_buying_power":"0"}
  [b121 QCOM] ENTRY failed: {"code":40310000,"cost_basis":"42.01","message":"insufficient options buying power","options_buying_power":"0"}
  [b9 HOOD] ENTRY failed: {"code":40310000,"cost_basis":"41.01","message":"insufficient options buying power","options_buying_power":"0"}
  [b37 HOOD] ENTRY failed: {"code":40310000,"cost_basis":"41.01","message":"insufficient options buying power","options_buying_power":"0"}
  [b65 HOOD] ENTRY failed: {"code":40310000,"cost_basis":"41.01","message":"insufficient options buying power","options_buying_power":"0"}
  [b93 HOOD] ENTRY failed: {"code":40310000,"cost_basis":"41.01","message":"insufficient options buying power","options_buying_power":"0"}
  [b121 HOOD] ENTRY failed: {"code":40310000,"cost_basis":"41.01","message":"insufficient options buying power","options_buying_power":"0"}
  [b9 LUV] ENTRY failed: {"code":40310000,"cost_basis":"7.01","message":"insufficient options buying power","options_buying_power":"0"}
  [b37 LUV] ENTRY failed: {"code":40310000,"cost_basis":"7.01","message":"insufficient options buying power","options_buying_power":"0"}
  [b65 LUV] ENTRY failed: {"code":40310000,"cost_basis":"7.01","message":"insufficient options buying power","options_buying_power":"0"}
  [b93 LUV] ENTRY failed: {"code":40310000,"cost_basis":"7.01","message":"insufficient options buying power","options_buying_power":"0"}
  [b121 LUV] ENTRY failed: {"code":40310000,"cost_basis":"7.01","message":"insufficient options buying power","options_buying_power":"0"}
  [b9 TSLA] ENTRY failed: {"code":40310000,"cost_basis":"61.01","message":"insufficient options buying power","options_buying_power":"0"}
  [b37 TSLA] ENTRY failed: {"code":40310000,"cost_basis":"61.01","message":"insufficient options buying power","options_buying_power":"0"}
  [b65 TSLA] ENTRY failed: {"code":40310000,"cost_basis":"61.01","message":"insufficient options buying power","options_buying_power":"0"}
  [b93 TSLA] ENTRY failed: {"code":40310000,"cost_basis":"61.01","message":"insufficient options buying power","options_buying_power":"0"}
  [b121 TSLA] ENTRY failed: {"code":40310000,"cost_basis":"61.01","message":"insufficient options buying power","options_buying_power":"0"}
  [b9 AAL] ENTRY failed: {"code":40310000,"cost_basis":"14.01","message":"insufficient options buying power","options_buying_power":"0"}
  [b37 AAL] ENTRY failed: {"code":40310000,"cost_basis":"14.01","message":"insufficient options buying power","options_buying_power":"0"}
  [b65 AAL] ENTRY failed: {"code":40310000,"cost_basis":"14.01","message":"insufficient options buying power","options_buying_power":"0"}
  [b93 AAL] ENTRY failed: {"code":40310000,"cost_basis":"14.01","message":"insufficient options buying power","options_buying_power":"0"}
  [b121 AAL] ENTRY failed: {"code":40310000,"cost_basis":"14.01","message":"insufficient options buying power","options_buying_power":"0"}
  [b9 ELF] ENTRY failed: {"code":40310000,"cost_basis":"35.01","message":"insufficient options buying power","options_buying_power":"0"}
  [b37 ELF] ENTRY failed: {"code":40310000,"cost_basis":"35.01","message":"insufficient options buying power","options_buying_power":"0"}
  [b65 ELF] ENTRY failed: {"code":40310000,"cost_basis":"35.01","message":"insufficient options buying power","options_buying_power":"0"}
  [b93 ELF] ENTRY failed: {"code":40310000,"cost_basis":"35.01","message":"insufficient options buying power","options_buying_power":"0"}
  [b121 ELF] ENTRY failed: {"code":40310000,"cost_basis":"35.01","message":"insufficient options buying power","options_buying_power":"0"}
  [b21 GOOGL] ENTRY failed: {"code":40310000,"cost_basis":"54.01","message":"insufficient options buying power","options_buying_power":"0"}
  [b49 GOOGL] ENTRY failed: {"code":40310000,"cost_basis":"54.01","message":"insufficient options buying power","options_buying_power":"0"}
  [b77 GOOGL] ENTRY failed: {"code":40310000,"cost_basis":"54.01","message":"insufficient options buying power","options_buying_power":"0"}
  [b105 GOOGL] ENTRY failed: {"code":40310000,"cost_basis":"54.01","message":"insufficient options buying power","options_buying_power":"0"}
  [b133 GOOGL] ENTRY failed: {"code":40310000,"cost_basis":"54.01","message":"insufficient options buying power","options_buying_power":"0"}
  [b21 GOOG] ENTRY failed: {"code":40310000,"cost_basis":"56.01","message":"insufficient options buying power","options_buying_power":"0"}
  [b49 GOOG] ENTRY failed: {"code":40310000,"cost_basis":"56.01","message":"insufficient options buying power","options_buying_power":"0"}
  [b77 GOOG] ENTRY failed: {"code":40310000,"cost_basis":"56.01","message":"insufficient options buying power","options_buying_power":"0"}
  [b105 GOOG] ENTRY failed: {"code":40310000,"cost_basis":"56.01","message":"insufficient options buying power","options_buying_power":"0"}
  [b133 GOOG] ENTRY failed: {"code":40310000,"cost_basis":"56.01","message":"insufficient options buying power","options_buying_power":"0"}
  [b21 AMZN] ENTRY failed: {"code":40310000,"cost_basis":"54.01","message":"insufficient options buying power","options_buying_power":"0"}
  [b49 AMZN] ENTRY failed: {"code":40310000,"cost_basis":"54.01","message":"insufficient options buying power","options_buying_power":"0"}
  [b77 AMZN] ENTRY failed: {"code":40310000,"cost_basis":"54.01","message":"insufficient options buying power","options_buying_power":"0"}
  [b105 AMZN] ENTRY failed: {"code":40310000,"cost_basis":"54.01","message":"insufficient options buying power","options_buying_power":"0"}
  [b133 AMZN] ENTRY failed: {"code":40310000,"cost_basis":"54.01","message":"insufficient options buying power","options_buying_power":"0"}
  [b21 CCL] ENTRY failed: {"code":40310000,"cost_basis":"12.01","message":"insufficient options buying power","options_buying_power":"0"}
  [b49 CCL] ENTRY failed: {"code":40310000,"cost_basis":"12.01","message":"insufficient options buying power","options_buying_power":"0"}
  [b77 CCL] ENTRY failed: {"code":40310000,"cost_basis":"12.01","message":"insufficient options buying power","options_buying_power":"0"}
  [b105 CCL] ENTRY failed: {"code":40310000,"cost_basis":"12.01","message":"insufficient options buying power","options_buying_power":"0"}
  [b133 CCL] ENTRY failed: {"code":40310000,"cost_basis":"12.01","message":"insufficient options buying power","options_buying_power":"0"}
  [b21 FCX] ENTRY failed: {"code":40310000,"cost_basis":"53.01","message":"insufficient options buying power","options_buying_power":"0"}
  [b49 FCX] ENTRY failed: {"code":40310000,"cost_basis":"53.01","message":"insufficient options buying power","options_buying_power":"0"}
  [b77 FCX] ENTRY failed: {"code":40310000,"cost_basis":"53.01","message":"insufficient options buying power","options_buying_power":"0"}
  [b105 FCX] ENTRY failed: {"code":40310000,"cost_basis":"53.01","message":"insufficient options buying power","options_buying_power":"0"}
  [b133 FCX] ENTRY failed: {"code":40310000,"cost_basis":"53.01","message":"insufficient options buying power","options_buying_power":"0"}
  [b21 META] ENTRY failed: {"code":40310000,"cost_basis":"59.01","message":"insufficient options buying power","options_buying_power":"0"}
  [b49 META] ENTRY failed: {"code":40310000,"cost_basis":"59.01","message":"insufficient options buying power","options_buying_power":"0"}
  [b77 META] ENTRY failed: {"code":40310000,"cost_basis":"59.01","message":"insufficient options buying power","options_buying_power":"0"}
  [b105 META] ENTRY failed: {"code":40310000,"cost_basis":"59.01","message":"insufficient options buying power","options_buying_power":"0"}
  [b133 META] ENTRY failed: {"code":40310000,"cost_basis":"59.01","message":"insufficient options buying power","options_buying_power":"0"}
  [b21 NEM] ENTRY failed: {"code":40310000,"cost_basis":"64.01","message":"insufficient options buying power","options_buying_power":"0"}
  [b49 NEM] ENTRY failed: {"code":40310000,"cost_basis":"64.01","message":"insufficient options buying power","options_buying_power":"0"}
  [b77 NEM] ENTRY failed: {"code":40310000,"cost_basis":"64.01","message":"insufficient options buying power","options_buying_power":"0"}
  [b105 NEM] ENTRY failed: {"code":40310000,"cost_basis":"64.01","message":"insufficient options buying power","options_buying_power":"0"}
  [b133 NEM] ENTRY failed: {"code":40310000,"cost_basis":"64.01","message":"insufficient options buying power","options_buying_power":"0"}
  [b21 QCOM] ENTRY failed: {"code":40310000,"cost_basis":"42.01","message":"insufficient options buying power","options_buying_power":"0"}
  [b49 QCOM] ENTRY failed: {"code":40310000,"cost_basis":"42.01","message":"insufficient options buying power","options_buying_power":"0"}
  [b77 QCOM] ENTRY failed: {"code":40310000,"cost_basis":"42.01","message":"insufficient options buying power","options_buying_power":"0"}
  [b105 QCOM] ENTRY failed: {"code":40310000,"cost_basis":"42.01","message":"insufficient options buying power","options_buying_power":"0"}
  [b133 QCOM] ENTRY failed: {"code":40310000,"cost_basis":"42.01","message":"insufficient options buying power","options_buying_power":"0"}
  [b21 HOOD] ENTRY failed: {"code":40310000,"cost_basis":"70.01","message":"insufficient options buying power","options_buying_power":"0"}
  [b49 HOOD] ENTRY failed: {"code":40310000,"cost_basis":"70.01","message":"insufficient options buying power","options_buying_power":"0"}
  [b77 HOOD] ENTRY failed: {"code":40310000,"cost_basis":"70.01","message":"insufficient options buying power","options_buying_power":"0"}
  [b105 HOOD] ENTRY failed: {"code":40310000,"cost_basis":"70.01","message":"insufficient options buying power","options_buying_power":"0"}
  [b133 HOOD] ENTRY failed: {"code":40310000,"cost_basis":"70.01","message":"insufficient options buying power","options_buying_power":"0"}
  [b21 TSLA] ENTRY failed: {"code":40310000,"cost_basis":"72.01","message":"insufficient options buying power","options_buying_power":"0"}
  [b49 TSLA] ENTRY failed: {"code":40310000,"cost_basis":"72.01","message":"insufficient options buying power","options_buying_power":"0"}
  [b77 TSLA] ENTRY failed: {"code":40310000,"cost_basis":"72.01","message":"insufficient options buying power","options_buying_power":"0"}
  [b105 TSLA] ENTRY failed: {"code":40310000,"cost_basis":"72.01","message":"insufficient options buying power","options_buying_power":"0"}
  [b133 TSLA] ENTRY failed: {"code":40310000,"cost_basis":"72.01","message":"insufficient options buying power","options_buying_power":"0"}
  [b21 CHWY] ENTRY failed: {"code":40310000,"cost_basis":"13.01","message":"insufficient options buying power","options_buying_power":"0"}
  [b49 CHWY] ENTRY failed: {"code":40310000,"cost_basis":"13.01","message":"insufficient options buying power","options_buying_power":"0"}
  [b77 CHWY] ENTRY failed: {"code":40310000,"cost_basis":"13.01","message":"insufficient options buying power","options_buying_power":"0"}
  [b105 CHWY] ENTRY failed: {"code":40310000,"cost_basis":"13.01","message":"insufficient options buying power","options_buying_power":"0"}
  [b133 CHWY] ENTRY failed: {"code":40310000,"cost_basis":"13.01","message":"insufficient options buying power","options_buying_power":"0"}
  [b21 HL] ENTRY failed: {"code":40310000,"cost_basis":"56.01","message":"insufficient options buying power","options_buying_power":"0"}
  [b49 HL] ENTRY failed: {"code":40310000,"cost_basis":"56.01","message":"insufficient options buying power","options_buying_power":"0"}
  [b77 HL] ENTRY failed: {"code":40310000,"cost_basis":"56.01","message":"insufficient options buying power","options_buying_power":"0"}
  [b105 HL] ENTRY failed: {"code":40310000,"cost_basis":"56.01","message":"insufficient options buying power","options_buying_power":"0"}
  [b133 HL] ENTRY failed: {"code":40310000,"cost_basis":"56.01","message":"insufficient options buying power","options_buying_power":"0"}
