13:01:24  INFO      Mode: summary

+========================================================================+
|  RUBBER BAND BOT  v8                                                   |
+------------------------------------------------------------------------+
|  Mode                                                           SUMMARY|
|  Time                                                         13:01 UTC|
|  Regime                                                            BULL|
|  Universe                                                          both|
|  Equity                                                         $228.39|
+========================================================================+

+========================================================================+
|                             ACCOUNT STATUS                             |
+========================================================================+
|  Equity                                                         $228.39|
|  Cash                                                           $159.03|
|  Regime                                                            BULL|
|  Universe                                                          both|
|  Total invested                                                  $69.36|
|  Open P&L                                                        $+1.27|
+========================================================================+

+========================================================================+
|                     STOCK HOLDINGS  (2 positions)                      |
+========================================================================+
|  TICKER   STRATEGY        INVESTED   ENTRY    NOW      P&L%    P&L$    |
+------------------------------------------------------------------------+
|  ABBV     Pullback50      $34.38     $254.21  $256.85  +1.0%   $+0.35  |
|  RL       MomReversal     $34.98     $335.08  $344.11  +2.7%   $+0.92  |
|                                                                        |
|  Total invested                                                  $69.36|
|  Total open P&L                                                  $+1.27|
+========================================================================+

+========================================================================+
|                     OPTION HOLDINGS  (0 contracts)                     |
+========================================================================+
|                                                                        |
|  No open option positions.                                             |
|                                                                        |
+========================================================================+

+========================================================================+
|                        EXIT LOGIC ACTIVE  (v8)                         |
+========================================================================+
|  Profit target                              price > 20-day MA (midline)|
|  Stop loss                                             -0.5% from entry|
|  Time stop                                          max 3 calendar days|
+========================================================================+

+========================================================================+
|                          RECENT TRANSACTIONS                           |
+========================================================================+
|  2026-09-10  SELL  AES  Pullback50  $34.05  P&L $-0.00                 |
|  2026-09-10  SELL  ABBV  Pullback50  $33.90  P&L $-0.20                |
|  2026-09-10  SELL  AES  Pullback50  $34.09  P&L $+0.01                 |
|  2026-09-10  SELL  CNM  MomReversal  $34.08  P&L $-0.23                |
|  2026-09-10  SELL  TXT  MomReversal  $33.88  P&L $-0.43                |
|  2026-09-10  SELL  FSLR  MomReversal  $33.83  P&L $-0.48               |
+========================================================================+
