16:31:01  INFO      Mode: exits
16:31:01  INFO        place_all_stops: checking 3 positions...
16:31:01  INFO        STOP skipped AMZN: fractional (0.1353 shares) — software exit will handle it
16:31:01  INFO        STOP skipped APD: fractional (0.1144 shares) — software exit will handle it
16:31:01  INFO        STOP skipped LII: fractional (0.0895 shares) — software exit will handle it
16:31:02  INFO        [positions] 3/3 (3 valid)
16:31:02  INFO        Daily log -> logs/daily/2026-09-04.md

+========================================================================+
|  RUBBER BAND BOT  v8                                                   |
+------------------------------------------------------------------------+
|  Mode                                                             EXITS|
|  Time                                                         16:31 UTC|
|  Regime                                                            BULL|
|  Universe                                                          both|
|  Equity                                                         $230.51|
+========================================================================+

+========================================================================+
|                           STOCKS EXIT CHECK                            |
+========================================================================+
|  Exit logic                   stop-0.5% / 3d max  (midline at EOD only)|
+------------------------------------------------------------------------+
|  APD  P&L +0.1%  $+0.02                                            HOLD|
|  AMZN  P&L +0.7%  $+0.23                                           HOLD|
|  LII  P&L +0.8%  $+0.28                                            HOLD|
+========================================================================+

+========================================================================+
|                            EXIT RUN SUMMARY                            |
+========================================================================+
|  Mode                                                             exits|
|  Candidates                                                           3|
|  Deferred/Skipped                                      already logged 0|
|  Data skips                                             no price data 0|
|  Se~  0 attempted  |  0 filled  |  0 partial  |  0 pending  |  0 failed|
|  Holds                                                                3|
|  Logged exits                                                         0|
+========================================================================+

+========================================================================+
|            OPTIONS SLEEVE  (managed by options_live_micro)             |
+========================================================================+
|                                                                        |
|  No open option positions.                                             |
|                                                                        |
+========================================================================+

+========================================================================+
|                      STOP-LOSS BREACHES THIS RUN                       |
+========================================================================+
|  None                                                                  |
+========================================================================+
|  Stop-loss look file                  logs/stop_losses_to_look_into.txt|
|  New investigations added                                             0|
+========================================================================+
