13:15:41  INFO      Mode: summary
13:15:43  INFO        Daily log -> logs/daily/2026-07-28.md
13:15:43  INFO        Daily log reconciled -> logs/daily/2026-07-28.md (0 ledger rows)

+========================================================================+
|  RUBBER BAND BOT  v8                                                   |
+------------------------------------------------------------------------+
|  Mode                                                           SUMMARY|
|  Time                                                         13:15 UTC|
|  Regime                                                            BULL|
|  Universe                                                          both|
|  Equity                                                         $486.18|
+========================================================================+

+========================================================================+
|                             ACCOUNT STATUS                             |
+========================================================================+
|  Equity                                                         $486.18|
|  Cash                                                           $486.18|
|  Regime                                                            BULL|
|  Universe                                                          both|
|  Total invested                                                   $0.00|
|  Open P&L                                                        $+0.00|
+========================================================================+

+========================================================================+
|                        HOLDINGS  (0 positions)                         |
+========================================================================+
|                                                                        |
|  No open positions.                                                    |
|                                                                        |
+========================================================================+

+========================================================================+
|                        EXIT LOGIC ACTIVE  (v8)                         |
+========================================================================+
|  Profit target                              price > 20-day MA (midline)|
|  Stop loss                                             -0.5% from entry|
|  Time stop                                          max 3 calendar days|
+========================================================================+

+========================================================================+
|                          RECENT TRANSACTIONS                           |
+========================================================================+
|  2026-07-27  SELL  EQR  Pullback50  $96.97  P&L $-0.51                 |
|  2026-07-27  SELL  AVB  Pullback50  $96.72  P&L $-0.76                 |
|  2026-07-27  SELL  HUBB  Pullback50  $73.30  P&L $+0.11                |
|  2026-07-27  SELL  NOW  EarningsDrift  $97.43  P&L $-0.03              |
|  2026-07-27  SELL  CBOE  Pullback50  $97.34  P&L $-0.14                |
|  2026-07-27  SELL  CMS  Pullback50  $23.03  P&L $-0.12                 |
+========================================================================+
