13:47:26  INFO      Mode: morning_scan
13:47:26  INFO        [positions] 3/3 (3 valid)
13:47:26  INFO        SELL MARKET [urgent] BA closed
13:47:29  INFO        TX logged: SELL BA  P&L -1.04%
13:47:29  INFO        Universe cache hit: 903 tickers (tickers_2026-10-02.json)
13:47:30  INFO        [universe] 40/901 (40 valid)
13:47:31  INFO        [universe] 80/901 (80 valid)
13:47:32  INFO        [universe] 120/901 (120 valid)
13:47:34  INFO        [universe] 160/901 (160 valid)
13:47:35  INFO        [universe] 200/901 (199 valid)
13:47:42  INFO        [universe] 240/901 (238 valid)
13:47:55  INFO        [universe] 280/901 (278 valid)
13:48:05  INFO        [universe] 320/901 (318 valid)
13:48:18  INFO        [universe] 360/901 (358 valid)
13:48:31  INFO        [universe] 400/901 (398 valid)
13:48:41  INFO        [universe] 440/901 (438 valid)
13:48:54  INFO        [universe] 480/901 (478 valid)
13:49:07  INFO        [universe] 520/901 (518 valid)
13:49:17  INFO        [universe] 560/901 (558 valid)
13:49:30  INFO        [universe] 600/901 (598 valid)
13:49:43  INFO        [universe] 640/901 (638 valid)
13:49:54  INFO        [universe] 680/901 (678 valid)
13:50:07  INFO        [universe] 720/901 (718 valid)
13:50:17  INFO        [universe] 760/901 (758 valid)
13:50:30  INFO        [universe] 800/901 (798 valid)
13:50:43  INFO        [universe] 840/901 (838 valid)
13:50:53  INFO        [universe] 880/901 (878 valid)
13:51:00  INFO        [universe] 901/901 (899 valid)

+========================================================================+
|  RUBBER BAND BOT  v8                                                   |
+------------------------------------------------------------------------+
|  Mode                                                      MORNING_SCAN|
|  Time                                                         13:47 UTC|
|  Regime                                                            BULL|
|  Universe                                                          both|
|  Equity                                                         $224.40|
+========================================================================+

+========================================================================+
|                   RUBBER BAND BOT v8  --  DAILY SCAN                   |
+========================================================================+
|  Mode                                                      *** LIVE ***|
|  Date                                                        2026-10-02|
|  Universe                                                          both|
|  Mon~  Oct: RubberBand + GapDown (display only — schedule not enforced)|
|  Disabled  GapDown, GoldenPocket, VolumeSpike (see DISABLED_STRATEGIES)|
|  Regime                                                            BULL|
|  Exit                                      midline / stop-0.5% / 3d max|
+========================================================================+

+========================================================================+
|                                ACCOUNT                                 |
+========================================================================+
|  Equity (total)                                                 $224.40|
|  Cash                                                           $123.29|
|  Reserve                                          $11.22  (always kept)|
|  Stock~  $101.11 / $168.30  (75% equity; 25% reserved for live options)|
|  Options MV                        $0.00  open P&L $+0.00  (0 contract)|
|  Available                                     $67.19  (new stock buys)|
|  Trade size             $33.66  (15% per signal — all strategies equal)|
+========================================================================+

+========================================================================+
|                        STOCK HOLDINGS  (3 open)                        |
+========================================================================+
|  TICKER   STRATEGY        INVESTED   ENTRY    NOW      P&L%    P&L$    |
+------------------------------------------------------------------------+
|  BA       MomReversal     $33.25     $194.45  $192.42  -1.0%   $-0.35  |
|  CMI      MomReversal     $34.07     $522.53  $529.79  +1.4%   $+0.47  |
|  CMS      MomReversal     $33.79     $64.05   $64.42   +0.6%   $+0.19  |
|                                                                        |
|  Total invested                                                 $101.11|
|  Total open P&L                                                  $+0.31|
|  Buys today: 0  |  entry cap: 0  |  max open: 3                        |
+========================================================================+

+========================================================================+
|                               PLAN CACHE                               |
+========================================================================+
|  Mode                                                           morning|
|  File                                      logs/plans/morning_plan.json|
|  Use cached plan                                   no (stale (5767.0m))|
+========================================================================+

+========================================================================+
|          EXIT EVALUATION  (EOD -- midline + stop + max-hold)           |
+========================================================================+
|  BA  P&L -1.0%  $-0.35                          EXIT: stop_loss (-1.0%)|
|  CMS  P&L +0.6%  $+0.19                                            HOLD|
|  CMI  P&L +1.4%  $+0.47                                            HOLD|
+========================================================================+

+========================================================================+
|                           EXIT EVAL SUMMARY                            |
+========================================================================+
|  Exit eval    attempted 1 | filled 1 | partial 0 | pending 0 | failed 0|
|  Other skips     already logged today 0  |  no price data 0  |  holds 2|
|  Stop-loss breaches                                                   1|
|  BA                                          -1.04%  (threshold -0.50%)|
|  Stop-loss look file                  logs/stop_losses_to_look_into.txt|
|  New investigations added                                             0|
+========================================================================+

+========================================================================+
|                             DATA DOWNLOAD                              |
+========================================================================+
|  Universe: both  |  Alpaca primary / yfinance fallback                 |
+========================================================================+

+========================================================================+
|                              SIGNAL SCAN                               |
+========================================================================+
|  Month: Oct  |  Regime: BULL                                           |
|  Primary: RubberBand  |  Secondary: GapDown (display only — schedule n~|
|  Source                                                       live scan|
+========================================================================+

+========================================================================+
|                         SIGNALS FOUND  --  32                          |
+========================================================================+
|  TICKER   STRATEGY        TIER   PRICE    RSI    VOL_Z   TRIGGER       |
+------------------------------------------------------------------------+
|  AES      Pullback50      eq     $14.93   78.3   -2.16   50MA bounce (+|
|  GOOG     Pullback50      eq     $341.11  46.1   -2.25   50MA bounce (-|
|  GOOGL    Pullback50      eq     $344.04  45.5   -2.47   50MA bounce (-|
|  AVY      Pullback50      eq     $174.00  57.0   -1.60   50MA bounce (+|
|  BRK-B    Pullback50      eq     $502.56  35.7   -1.76   50MA bounce (-|
|  COP      Pullback50      eq     $126.85  34.7   -1.92   50MA bounce (-|
|  DVN      Pullback50      eq     $47.18   39.8   -1.66   50MA bounce (+|
|  EBAY     Pullback50      eq     $107.00  44.4   -1.18   50MA bounce (-|
|  GRMN     Pullback50      eq     $286.33  56.8   -1.68   50MA bounce (-|
|  HLT      Pullback50      eq     $320.51  61.1   -3.06   50MA bounce (+|
|  HST      Pullback50      eq     $22.73   57.2   -1.92   50MA bounce (-|
|  PH       Pullback50      eq     $978.94  71.3   -2.67   50MA bounce (-|
|  PM       Pullback50      eq     $188.14  34.4   -2.28   50MA bounce (-|
|  SOLV     Pullback50      eq     $88.35   40.9   -1.93   50MA bounce (+|
|  TRGP     Pullback50      eq     $280.77  42.7   -1.47   50MA bounce (-|
|  URI      Pullback50      eq     $1060.~  65.2   -2.17   50MA bounce (-|
|  GWW      Pullback50      eq     $1295.~  55.3   -3.05   50MA bounce (-|
|  WAB      Pullback50      eq     $292.64  69.1   -2.47   50MA bounce (+|
|  AVNT     Pullback50      eq     $41.47   53.2   -2.99   50MA bounce (-|
|  DBX      Pullback50      eq     $34.17   32.8   -2.25   50MA bounce (-|
|  EHC      Pullback50      eq     $119.65  39.9   -2.81   50MA bounce (-|
|  GHC      Pullback50      eq     $1160.~  47.0   -2.08   50MA bounce (-|
|  ITT      Pullback50      eq     $205.31  56.9   -1.99   50MA bounce (+|
|  NWE      Pullback50      eq     $70.20   57.5   -2.33   50MA bounce (+|
|  RGA      Pullback50      eq     $247.25  46.5   -2.32   50MA bounce (+|13:51:03  INFO        place_all_stops: checking 2 positions...
13:51:03  INFO        STOP skipped CMI: fractional (0.0643 shares) — software exit will handle it
13:51:03  INFO        STOP skipped CMS: fractional (0.5246 shares) — software exit will handle it
13:51:03  INFO        Daily log -> logs/daily/2026-10-02.md
13:51:03  INFO        Dashboard written → logs/dashboard.md

|  RNR      Pullback50      eq     $324.34  38.9   -2.17   50MA bounce (-|
|  RS       Pullback50      eq     $397.58  60.5   -1.46   50MA bounce (-|
|  SAIC     Pullback50      eq     $127.67  39.1   -2.13   50MA bounce (+|
|  ST       Pullback50      eq     $43.34   65.0   -2.30   50MA bounce (-|
|  UGI      Pullback50      eq     $36.98   41.9   -2.06   50MA bounce (+|
|  VMI      Pullback50      eq     $479.03  57.3   -1.59   50MA bounce (-|
|  WTS      Pullback50      eq     $365.26  70.1   -1.60   50MA bounce (+|
|                                                                        |
+========================================================================+

+========================================================================+
|                              ENTRY ORDERS                              |
+========================================================================+
|  Skipped                                  no entry slots (max_trades=0)|
+========================================================================+

+========================================================================+
|                            SESSION SUMMARY                             |
+========================================================================+
|  Regime                                                            BULL|
|  Universe                                                          both|
|  Strategy   RubberBand + GapDown (display only — schedule not enforced)|
|  Scanned                                                            899|
|  Signals                                                             32|
|  Entries                                                              0|
|  Buy submits                              0 confirmed  |  0 unconfirmed|
|  Exits                                                                1|
|  Open pos                                                             2|
|  Equity                                                         $224.36|
|  Cash                                                           $156.50|
+========================================================================+
