Layout: controlled:100:c000_s173_w1_0928_1005_r1
Trial layout: /home/runner/work/TradingBot/TradingBot/logs/options_trial
Docs:         skipped (local docs unavailable on this runner)
Buckets:      100
=== options_morning_bot (PAPER) 2026-07-17T12:40:40.668207-04:00 ===

[Run context]
Paper auth OK — equity $126834.95, account PA36KS87UPRS

[Setup]
Active buckets: 100 | Strategies: S173, S165, S166, S163
Dropped (no new entries; ex-reflected P&L): S174

[Manage only]
Past entry window; manage/exit only.

[Portfolio snapshot]
+========================================================================+
|  OPTIONS BOT SUMMARY                                                   |
+------------------------------------------------------------------------+
|  Mode                          manage-only                             |
|  Equity                        $126,834.95                             |
|  Signals this run              0                                       |
|  Orders submitted (session)    40                                      |
|  Orders filled today (ledger)  50                                      |
|  Entries placed this run       0                                       |
|  Open virtual lots             0                                       |
|  Broker option positions       0                                       |
|  Pending orders                0                                       |
+========================================================================+
+========================================================================+
|  BUCKET LEADERBOARD (reflected ex-S174)                                |
+------------------------------------------------------------------------+
|  Reflected trades=482  buckets=49  win=34%                             |
|  Returns   avg=+7.7%  med=-33.8%  p10=-77.0%  p90=+94.2%               |
|  Realized  $+3,660.77                                                  |
|  Raw incl dropped  trades=593  real=$+2,268.58                         |
|  Today     trades=46  avg=+78.9%  med=+61.2%  real=$+2,200.00          |
+------------------------------------------------------------------------+
|  BKT PROFILE               N  WIN  AVG%   MED%   BEST%  REAL$          |
+------------------------------------------------------------------------+
|  b51  c051_s165_w4_1120_  1 100% +263.6 +263.6 +263.6 $   +174         |
|  b91  c091_s165_w4_1120_  3  67% +142.7 +197.0 +247.0 $   +282         |
|  b31  c031_s165_w4_1120_  2 100% +145.5 +145.5 +175.8 $   +192         |
|  b28  c028_s165_w1_0928_ 16  75% +48.7 +80.0 +102.0 $   +414           |
|  b92  c092_s166_w1_0928_  1 100% +70.8 +70.8 +70.8 $    +71            |
|  b93  c093_s166_w2_1005_  1 100% +70.8 +70.8 +70.8 $    +71            |
|  b95  c095_s166_w4_1120_  1 100% +70.8 +70.8 +70.8 $    +71            |
|  b96  c096_s163_w1_0928_  1 100% +70.8 +70.8 +70.8 $    +71            |
|  ... 41 more bucket(s) with exits                                      |
+------------------------------------------------------------------------+
|  Low  b9   c009_s165_w2_1005_  4   0% -74.7 -78.1 -92.7 $   -158       |
+========================================================================+
+========================================================================+
|  OPEN OPTIONS (0)                                                      |
+------------------------------------------------------------------------+
|  No open option positions                                              |
+========================================================================+
Full detail: logs/options_trial/runs/2026-07-17.log
elapsed=2.5s reconcile=1.9s cancel=0.14s manage=0.1s
STATUS: options_morning_bot run complete (PAPER) elapsed=2.5s. run=#4296 https://github.com/28twagg-ops/TradingBot/actions/runs/29597052584
Wrote /home/runner/work/TradingBot/TradingBot/logs/options_trial/reports/2026-07-17_buckets.md
Wrote /home/runner/work/TradingBot/TradingBot/logs/options_trial/reports/2026-07-17_buckets.csv
Summary: 27 buckets closed trades, $+2,200.00 realized
Wrote /home/runner/work/TradingBot/TradingBot/logs/options_trial/reports/2026-07-17_strategy_selection.md
Wrote /home/runner/work/TradingBot/TradingBot/logs/options_trial/reports/2026-07-17_strategy_selection.csv
Summary: keep=0 watch=2 drop=3
Orphan rate: 3.7% (22/593)
