options_reconcile: state=/home/runner/work/TradingBot/TradingBot/logs/options_trial/_state/lab_state.json
  open_lots=118 paper_keys=yes dry_run=False
  alpaca positions=25
  FLAG b241|S401|2ed268db missing from Alpaca
  FLAG b240|S401|588fbdd9 missing from Alpaca
  State updated with reconciled lots.
options_reconcile: done
Layout: controlled:1164:live_1to1+variations (layout changed controlled:100:c000_s173_w1_0928_1005_r1 -> controlled:1164:live_1to1+variations)
Trial layout: /home/runner/work/TradingBot/TradingBot/logs/options_trial
Docs:         skipped (local docs unavailable on this runner)
Buckets:      1164
PROBE OK: paper account status=AccountStatus.ACTIVE equity=$1,000,629.13
  buying_power=$3,981,756.52 cash=$995,589.13
  open option orders: 19
    MARA260904C00011000 OrderSide.SELL qty=29 status=OrderStatus.NEW limit=None
    UPST260904C00029000 OrderSide.SELL qty=1 status=OrderStatus.NEW limit=None
    AFRM260904C00078000 OrderSide.SELL qty=2 status=OrderStatus.NEW limit=None
    MARA260925C00011000 OrderSide.SELL qty=8 status=OrderStatus.NEW limit=None
    MARA260911C00010500 OrderSide.SELL qty=19 status=OrderStatus.NEW limit=None
  open option positions: 25
    AFRM260904C00078000 qty=2 mkt=$14.00
    AMD260904C00502500 qty=1 mkt=$4.00
    BA260904C00215000 qty=1 mkt=$30.00
    BA260904C00217500 qty=-1 mkt=$-20.00
    GOOGL260904C00347500 qty=5 mkt=$550.00
PROBE: check-only pass (use --smoke-entry to place a test order)
=== options_morning_bot (PAPER) 2026-09-03T09:34:45.508490-04:00 ===

[Run context]
Paper auth OK — equity $1000625.13, account PA33P8KT02IL

[Setup]
LIVE 1:1 bucket b90 live_1to1 — S218, S404, S406 | TP+50%/SL-40% | stop-mkt | min $20
Variation study: 1163 lab/promising bucket(s) | cohort: all paper strategies | max 400 new entries/run
Dropped (no new entries; ex-reflected P&L): S203, S207, S212, S360, S405, S407
2026-09-03 09:34:47,959 INFO   EXIT [b913|lab0913_s412_w1_0928_1005_r2|S412] take_profit (+81.8%) SELL 1 MARA260904C00010500 @<= 0.31
2026-09-03 09:34:49,179 INFO   EXIT [b239|lab0239_s401_w3_1045_1120_r2|S401] take_profit (+471.4%) SELL 1 NVDA260904C00227500 @<= 1.96
2026-09-03 09:34:49,701 INFO   EXIT [b199|lab0199_s218_w4_1120_1135_r2|S218] stop_loss (-72.0%) SELL 1 AFRM260904C00078000 @<= 0.04
2026-09-03 09:34:50,717 INFO   EXIT [b798|lab0798_s399_w4_1120_1135_r1|S399] stop_loss (-88.6%) SELL 1 AMD260904C00502500 @<= 0.01
  EXIT [b901|lab0901_s411_w2_1005_1045_r2|S411] take_profit (+274.4%) SELL failed RBLX260904C00042000: {"code":40310000,"message":"account not eligible to trade uncovered option contracts"}
  EXIT [b900|lab0900_s411_w2_1005_1045_r1|S411] take_profit (+274.4%) SELL failed RBLX260904C00042000: {"code":40310000,"message":"account not eligible to trade uncovered option contracts"}
2026-09-03 09:34:51,933 INFO   EXIT [b407|lab0407_s364_w2_1005_1045_r2|S364] take_profit (+57.9%) SELL 1 MARA260911C00010500 @<= 0.54
2026-09-03 09:34:52,908 INFO   EXIT [b425|lab0425_s365_w4_1120_1135_r2|S365] take_profit (+62.3%) SELL 1 MSFT260918C00545000 @<= 1.13
2026-09-03 09:34:53,274 INFO   EXIT [b362|lab0362_s361_w1_0928_1005_r1|S361] take_profit (+85.7%) SELL 1 MARA260904C00011000 @<= 0.10
2026-09-03 09:34:55,746 INFO   EXIT [b194|lab0194_s218_w2_1005_1045_r1|S218] take_profit (+119.1%) SELL 1 GOOGL260904C00347500 @<= 1.11
Protective stops: placed=0 upgraded=0 already=13 failed=9 (market-first)

[Scan + entries]
Scanning 117 symbols for [S165, S164, S168, S167, S166, S163, S169, S170, S171, S172, S175, S200, S201, S202, S204, S205, S206, S208, S209, S210, S211, S213, S214, S215, S216, S217, S218, S219, S220, S221, S400, S401, S402, S403, S350, S351, S352, S353, S354, S355, S356, S357, S358, S359, S361, S362, S363, S364, S365, S366, S367, S368, S369, S370, S371, S372, S373, S374, S375, S376, S377, S378, S379, S380, S381, S382, S383, S384, S385, S386, S387, S388, S389, S390, S391, S392, S393, S394, S413, S414, S415, S416, S417, S418, S395, S396, S397, S398, S399, S404, S406, S408, S409, S410, S411, S412, S413, S414, S415, S416, S417, S418, S419] …
Fetched daily bars for 113/117 symbols
