options_reconcile: state=/home/runner/work/TradingBot/TradingBot/logs/options_trial/_state/lab_state.json
  open_lots=180 paper_keys=yes dry_run=False
  alpaca positions=41
options_reconcile: done
Layout: controlled:1024:lab0000_s200_w1_0928_1005_r1 (layout changed controlled:100:c000_s173_w1_0928_1005_r1 -> controlled:1024:lab0000_s200_w1_0928_1005_r1)
Trial layout: /home/runner/work/TradingBot/TradingBot/logs/options_trial
Docs:         skipped (local docs unavailable on this runner)
Buckets:      1024
=== options_morning_bot (PAPER) 2026-08-05T10:09:12.077338-04:00 ===

[Run context]
Paper auth OK — equity $146112.26, account PA36KS87UPRS

[Setup]
Active buckets: 1024 | Strategies: S165, S164, S168, S167, S166, S163, S169, S170, S171, S172, S175, S200, S201, S202, S203, S204, S205, S206, S207, S208, S209, S210, S211, S212, S213, S214, S215, S216, S217, S218, S219, S220, S221, S400, S401, S402, S403, S350, S351, S352, S353, S354, S355, S356, S357, S358, S359, S360, S361, S362, S363, S364, S365, S366, S367, S368, S369, S370, S371, S372, S373, S374, S375, S376, S377, S378, S379, S380, S381, S382, S383, S384, S385, S386, S387, S388, S389, S390, S391, S392, S393, S394, S413, S414, S415, S416, S417, S418, S395, S396, S397, S398, S399, S404, S405, S406, S407, S408, S409, S410, S411, S412, S413, S414, S415, S416, S417, S418, S419
Dropped (no new entries; ex-reflected P&L): S173, S174
2026-08-05 10:09:12,858 INFO   EXIT [b110|lab0110_s212_w2_1005_1045_r1|S212] stop_loss (-76.2%) SELL 1 T260807C00023000 @<= 0.12
2026-08-05 10:09:13,295 INFO   EXIT [b832|lab0832_s406_w3_1045_1120_r1|S406] take_profit (+1449.9%) SELL 1 NVDA260805C00217500 @<= 4.44
2026-08-05 10:09:14,411 INFO   EXIT [b24|lab0024_s203_w1_0928_1005_r1|S203] stop_loss (-78.3%) SELL 1 SMCI260807P00027500 @<= 0.07
2026-08-05 10:09:15,544 INFO   EXIT [b60|lab0060_s207_w3_1045_1120_r1|S207] stop_loss (-67.9%) SELL 1 OXY260807C00058000 @<= 0.23
2026-08-05 10:09:17,475 INFO   EXIT [b307|lab0307_s354_w2_1005_1045_r2|S354] stop_loss (-66.2%) SELL 1 AMZN260810C00300000 @<= 0.16
2026-08-05 10:09:18,392 INFO   EXIT [b845|lab0845_s407_w2_1005_1045_r2|S407] stop_loss (-70.7%) SELL 1 AMZN260807C00302500 @<= 0.05

[Scan + entries]
Scanning 117 symbols for [S165, S164, S168, S167, S166, S163, S169, S170, S171, S172, S175, S200, S201, S202, S203, S204, S205, S206, S207, S208, S209, S210, S211, S212, S213, S214, S215, S216, S217, S218, S219, S220, S221, S400, S401, S402, S403, S350, S351, S352, S353, S354, S355, S356, S357, S358, S359, S360, S361, S362, S363, S364, S365, S366, S367, S368, S369, S370, S371, S372, S373, S374, S375, S376, S377, S378, S379, S380, S381, S382, S383, S384, S385, S386, S387, S388, S389, S390, S391, S392, S393, S394, S413, S414, S415, S416, S417, S418, S395, S396, S397, S398, S399, S404, S405, S406, S407, S408, S409, S410, S411, S412, S413, S414, S415, S416, S417, S418, S419] …
Fetched daily bars for 114/117 symbols
