15:21:13  INFO      Mode: exits
15:21:13  INFO        Daily log -> logs/daily/2026-07-31.md
15:21:13  INFO        Daily log reconciled -> logs/daily/2026-07-31.md (5 ledger rows)
15:21:13  INFO        place_all_stops: checking 2 positions...
15:21:13  INFO        STOP already live APG @ $38.65
15:21:13  INFO        STOP skipped CINF: fractional (0.5367 shares) — software exit will handle it
15:21:13  INFO        [positions] 2/2 (2 valid)
15:21:14  INFO        Daily log -> logs/daily/2026-07-31.md

+========================================================================+
|  RUBBER BAND BOT  v8                                                   |
+------------------------------------------------------------------------+
|  Mode                                                             EXITS|
|  Time                                                         15:21 UTC|
|  Regime                                                            BULL|
|  Universe                                                          both|
|  Equity                                                         $467.48|
+========================================================================+

+========================================================================+
|                               EXIT CHECK                               |
+========================================================================+
|  Exit logic                   stop-0.5% / 3d max  (midline at EOD only)|
+------------------------------------------------------------------------+
|  CINF  P&L +0.3%  $+0.33                                           HOLD|
|  APG  P&L +1.3%  $+0.91                                            HOLD|
+========================================================================+

+========================================================================+
|                            EXIT RUN SUMMARY                            |
+========================================================================+
|  Mode                                                             exits|
|  Candidates                                                           2|
|  Deferred/Skipped                                      already logged 0|
|  Data skips                                             no price data 0|
|  Se~  0 attempted  |  0 filled  |  0 partial  |  0 pending  |  0 failed|
|  Holds                                                                2|
|  Logged exits                                                         0|
+========================================================================+

+========================================================================+
|                      STOP-LOSS BREACHES THIS RUN                       |
+========================================================================+
|  None                                                                  |
+========================================================================+
|  Stop-loss look file                  logs/stop_losses_to_look_into.txt|
|  New investigations added                                             0|
+========================================================================+
