13:35:36  INFO      Mode: morning_prep
13:35:37  INFO        [prep_positions] 5/5 (5 valid)
13:35:37  INFO        Universe cache hit: 903 tickers (tickers_2026-07-17.json)
13:35:38  INFO        [prep_universe] 40/898 (40 valid)
13:35:39  INFO        [prep_universe] 80/898 (80 valid)
13:35:41  INFO        [prep_universe] 120/898 (120 valid)
13:35:42  INFO        [prep_universe] 160/898 (160 valid)
13:35:43  INFO        [prep_universe] 200/898 (199 valid)
13:35:53  INFO        [prep_universe] 240/898 (238 valid)
13:36:03  INFO        [prep_universe] 280/898 (278 valid)
13:36:15  INFO        [prep_universe] 320/898 (318 valid)
13:36:28  INFO        [prep_universe] 360/898 (358 valid)
13:36:41  INFO        [prep_universe] 400/898 (397 valid)
13:36:51  INFO        [prep_universe] 440/898 (437 valid)
13:37:04  INFO        [prep_universe] 480/898 (477 valid)
13:37:17  INFO        [prep_universe] 520/898 (517 valid)
13:37:27  INFO        [prep_universe] 560/898 (556 valid)
13:37:40  INFO        [prep_universe] 600/898 (596 valid)
13:37:53  INFO        [prep_universe] 640/898 (636 valid)
13:38:03  INFO        [prep_universe] 680/898 (676 valid)
13:38:16  INFO        [prep_universe] 720/898 (716 valid)
13:38:29  INFO        [prep_universe] 760/898 (756 valid)
13:38:39  INFO        [prep_universe] 800/898 (796 valid)
13:38:52  INFO        [prep_universe] 840/898 (835 valid)
13:39:05  INFO        [prep_universe] 880/898 (875 valid)
13:39:08  INFO        [prep_universe] 898/898 (893 valid)

+========================================================================+
|  RUBBER BAND BOT  v8                                                   |
+------------------------------------------------------------------------+
|  Mode                                                      MORNING_PREP|
|  Time                                                         13:35 UTC|
|  Regime                                                            BULL|
|  Universe                                                          both|
|  Equity                                                         $484.49|
+========================================================================+

+========================================================================+
|                              MORNING PREP                              |
+========================================================================+
|  Goal                   Precompute exits/signals for next execution run|
|  Plan file                                 logs/plans/morning_plan.json|
|  Regime                                                            BULL|
+========================================================================+

+========================================================================+
|                       OPEN POSITION P&L SNAPSHOT                       |
+========================================================================+
|  Open positions                                                       5|
|  Invested                                                       $460.25|
|  Open P&L                                                        $+1.94|
|  TICKER   STRATEGY        INVESTED   ENTRY    NOW      P&L%    P&L$    |
+------------------------------------------------------------------------+
|  CARR     Pullback50      $85.75     $67.89   $67.68   -0.3%   $-0.27  |
|  CMS      Pullback50      $98.07     $74.35   $75.34   +1.3%   $+1.29  |
|  CNP      Pullback50      $98.66     $43.13   $43.97   +1.9%   $+1.88  |
|  DOV      Pullback50      $80.80     $217.58  $214.71  -1.3%   $-1.08  |
|  DRI      Pullback50      $96.97     $201.51  $201.74  +0.1%   $+0.11  |
+========================================================================+

+========================================================================+
|                            OPEN SELL ORDERS                            |
+========================================================================+
|  Count                                                                0|
|                                                                        |
|  No open sell orders.                                                  |
|                                                                        |
+========================================================================+

+========================================================================+
|                              PREP SUMMARY                              |
+========================================================================+
|  Saved                                                              yes|
|  Exit candidates                                                      2|
|  Signal candidates                                                   37|
|  Universe scanned                                                   898|
+========================================================================+
