01:04:04  INFO      Mode: weekly
01:04:05  INFO        Weekly summary -> logs/weekly/2026-W30.md

+========================================================================+
|  RUBBER BAND BOT  v8                                                   |
+------------------------------------------------------------------------+
|  Mode                                                            WEEKLY|
|  Time                                                         01:04 UTC|
|  Regime                                                            BULL|
|  Universe                                                          both|
|  Equity                                                         $486.05|
+========================================================================+

+========================================================================+
|              RUBBER BAND BOT  |  Week 30 / 2026  |  LIVE               |
+========================================================================+
+------------------------------------------------------------------------+
|  Date                                                 2026-07-25  (Jul)|
|  Regime                                                            BULL|
|  Strate~  52wkLow  +  Pullback50 (display only — schedule not enforced)|
|  Execution                      Summary mode only (no orders submitted)|
|  Buys today                                                           0|
|  Cash-based cap             4933 max trades with current available cash|
+------------------------------------------------------------------------+
|  Equity           $486.05       Cash             $73.64                |
|  Invested         $412.41       Available        $49.34                |
|  Open P&L         $+3.42        Realized P&L     $-0.28                |
+------------------------------------------------------------------------+
|  This week          0 buys  |  27 sells  |  Win rate 41%  |  P&L $+4.34|
|  All ti~  1017 trades  |  Avg hold 1.8d  |  Return -4.5%  |  P&L $-0.28|
+------------------------------------------------------------------------+
|  TICKER  STRATEGY       INVESTED   ENTRY     NOW       P&L%      P&L$  |
+------------------------------------------------------------------------+
|  ABNB    Pullback50     $97.40     $139.66   $140.21   +0.4%     $+0.38|
|  CARR    Pullback50     $97.49     $67.80    $68.88    +1.6%     $+1.53|
|  CL      Pullback50     $97.36     $90.74    $90.75    +0.0%     $+0.01|
|  DTE     Pullback50     $97.38     $147.63   $149.46   +1.2%     $+1.19|
|  LNT     Pullback50     $22.77     $73.97    $74.94    +1.3%     $+0.30|
+------------------------------------------------------------------------+
|  Next month                               Aug:  VolumeSpike  +  52wkLow|
+========================================================================+

+========================================================================+
|                        YEAR-BY-YEAR PERFORMANCE                        |
+========================================================================+
|  YEAR   START     END       RETURN    P&L $       TRADES   WIN%        |
+------------------------------------------------------------------------+
|  2026   $509      $487      -4.3%     $-21.88     1017     31.6% ✗     |
+------------------------------------------------------------------------+
|  Profitable years                                             0/1  (0%)|
|  Best  year                                      2026   -4.3%   $-21.88|
|  Worst year                                      2026   -4.3%   $-21.88|
+========================================================================+
