options_reconcile: state=/home/runner/work/TradingBot/TradingBot/logs/options_trial/_state/lab_state.json
  open_lots=40 pending_exits=0 paper_keys=yes dry_run=False
  alpaca open sell orders=0 positions=7
  zombies_flagged=40
  FLAG b116|S167|8d992c06 zombie age_min=851 notional=$45.00 occ=CELH260724C00029000 action=error:{"bid":"0.37","buy_limit_price":"0.4","code":40310000,"existing_order_id":"3dc8b475-76d1-4e4f-9438-9e367f1be852","message":"potential wash trade detected. use complex orders","reject_reason":"buy order exists, quote bid should be greater than existing buy limit price"}
  FLAG b88|S167|35a13654 zombie age_min=851 notional=$45.00 occ=CELH260724C00029000 action=error:{"bid":"0.37","buy_limit_price":"0.4","code":40310000,"existing_order_id":"3dc8b475-76d1-4e4f-9438-9e367f1be852","message":"potential wash trade detected. use complex orders","reject_reason":"buy order exists, quote bid should be greater than existing buy limit price"}
  FLAG b60|S167|80cddbe2 zombie age_min=851 notional=$45.00 occ=CELH260724C00029000 action=error:{"bid":"0.37","buy_limit_price":"0.4","code":40310000,"existing_order_id":"3dc8b475-76d1-4e4f-9438-9e367f1be852","message":"potential wash trade detected. use complex orders","reject_reason":"buy order exists, quote bid should be greater than existing buy limit price"}
  FLAG b32|S167|c2eb5ce9 zombie age_min=851 notional=$45.00 occ=CELH260724C00029000 action=error:{"bid":"0.37","buy_limit_price":"0.4","code":40310000,"existing_order_id":"3dc8b475-76d1-4e4f-9438-9e367f1be852","message":"potential wash trade detected. use complex orders","reject_reason":"buy order exists, quote bid should be greater than existing buy limit price"}
  FLAG b4|S167|7789022c zombie age_min=851 notional=$45.00 occ=CELH260724C00029000 action=error:{"bid":"0.37","buy_limit_price":"0.4","code":40310000,"existing_order_id":"3dc8b475-76d1-4e4f-9438-9e367f1be852","message":"potential wash trade detected. use complex orders","reject_reason":"buy order exists, quote bid should be greater than existing buy limit price"}
  FLAG b120|S165|22368d8c zombie age_min=851 notional=$45.00 occ=CELH260724C00029000 action=error:{"bid":"0.37","buy_limit_price":"0.4","code":40310000,"existing_order_id":"3dc8b475-76d1-4e4f-9438-9e367f1be852","message":"potential wash trade detected. use complex orders","reject_reason":"buy order exists, quote bid should be greater than existing buy limit price"}
  FLAG b92|S165|822f677b zombie age_min=851 notional=$45.00 occ=CELH260724C00029000 action=error:{"bid":"0.37","buy_limit_price":"0.4","code":40310000,"existing_order_id":"3dc8b475-76d1-4e4f-9438-9e367f1be852","message":"potential wash trade detected. use complex orders","reject_reason":"buy order exists, quote bid should be greater than existing buy limit price"}
  FLAG b64|S165|0975fc64 zombie age_min=851 notional=$45.00 occ=CELH260724C00029000 action=error:{"bid":"0.37","buy_limit_price":"0.4","code":40310000,"existing_order_id":"3dc8b475-76d1-4e4f-9438-9e367f1be852","message":"potential wash trade detected. use complex orders","reject_reason":"buy order exists, quote bid should be greater than existing buy limit price"}
  FLAG b36|S165|c1d6900b zombie age_min=851 notional=$45.00 occ=CELH260724C00029000 action=error:{"bid":"0.37","buy_limit_price":"0.4","code":40310000,"existing_order_id":"3dc8b475-76d1-4e4f-9438-9e367f1be852","message":"potential wash trade detected. use complex orders","reject_reason":"buy order exists, quote bid should be greater than existing buy limit price"}
  FLAG b125|S166|2af958fa zombie age_min=851 notional=$67.00 occ=HAL260731C00033500 action=error:{"bid":"0.57","buy_limit_price":"0.62","code":40310000,"existing_order_id":"69d23a87-8b5f-4ca3-8462-e9cc213fde79","message":"potential wash trade detected. use complex orders","reject_reason":"buy order exists, quote bid should be greater than existing buy limit price"}
  FLAG b97|S166|2ec5522c zombie age_min=851 notional=$67.00 occ=HAL260731C00033500 action=error:{"bid":"0.57","buy_limit_price":"0.62","code":40310000,"existing_order_id":"69d23a87-8b5f-4ca3-8462-e9cc213fde79","message":"potential wash trade detected. use complex orders","reject_reason":"buy order exists, quote bid should be greater than existing buy limit price"}
  FLAG b69|S166|3d4ec554 zombie age_min=851 notional=$67.00 occ=HAL260731C00033500 action=error:{"bid":"0.57","buy_limit_price":"0.62","code":40310000,"existing_order_id":"69d23a87-8b5f-4ca3-8462-e9cc213fde79","message":"potential wash trade detected. use complex orders","reject_reason":"buy order exists, quote bid should be greater than existing buy limit price"}
  FLAG b41|S166|0ff072e1 zombie age_min=851 notional=$67.00 occ=HAL260731C00033500 action=error:{"bid":"0.57","buy_limit_price":"0.62","code":40310000,"existing_order_id":"69d23a87-8b5f-4ca3-8462-e9cc213fde79","message":"potential wash trade detected. use complex orders","reject_reason":"buy order exists, quote bid should be greater than existing buy limit price"}
  FLAG b13|S166|4c38fb81 zombie age_min=851 notional=$67.00 occ=HAL260731C00033500 action=error:{"bid":"0.57","buy_limit_price":"0.62","code":40310000,"existing_order_id":"69d23a87-8b5f-4ca3-8462-e9cc213fde79","message":"potential wash trade detected. use complex orders","reject_reason":"buy order exists, quote bid should be greater than existing buy limit price"}
  FLAG b137|S168|768617ba zombie age_min=851 notional=$60.00 occ=HAL260724C00033000 action=submitted:17eaf66c-2886-46df-9972-8aa2a2eb3b90
  FLAG b109|S168|66ac7429 zombie age_min=851 notional=$60.00 occ=HAL260724C00033000 action=submitted:70c2a897-d037-43e1-8f0c-16024fed4c33
  FLAG b81|S168|56591cfd zombie age_min=851 notional=$60.00 occ=HAL260724C00033000 action=submitted:34bc377a-b908-47a6-890b-575a23b035c6
  FLAG b53|S168|6c111a4a zombie age_min=851 notional=$60.00 occ=HAL260724C00033000 action=submitted:ebc8ac8b-f254-47d3-abb5-ddcba3835fa7
  FLAG b25|S168|b83eaeaf zombie age_min=851 notional=$60.00 occ=HAL260724C00033000 action=submitted:33b0f7f3-60a5-487f-903b-87d347fa7927
  FLAG b121|S165|5c9cd978 zombie age_min=851 notional=$63.00 occ=HAL260724C00033000 action=submitted:35d3eec8-033e-478a-a5a5-0cf8d4cbb534
  FLAG b93|S165|08f1e48d zombie age_min=851 notional=$63.00 occ=HAL260724C00033000 action=submitted:f8fba983-ea06-4a75-a8c7-6d4fef19f71c
  FLAG b65|S165|41deb24d zombie age_min=851 notional=$63.00 occ=HAL260724C00033000 action=submitted:60260757-a6c5-492b-b9ea-57559a225011
  FLAG b37|S165|6c2ae9a4 zombie age_min=851 notional=$63.00 occ=HAL260724C00033000 action=submitted:29988549-34e2-4933-926f-47cf82816d25
  FLAG b9|S165|9b4dbad3 zombie age_min=851 notional=$63.00 occ=HAL260724C00033000 action=submitted:13c444b2-7510-44b6-8067-ced6e1c451dd
  FLAG b128|S163|d34d81a4 zombie age_min=851 notional=$74.00 occ=HAL260731C00033500 action=error:{"bid":"0.57","buy_limit_price":"0.62","code":40310000,"existing_order_id":"69d23a87-8b5f-4ca3-8462-e9cc213fde79","message":"potential wash trade detected. use complex orders","reject_reason":"buy order exists, quote bid should be greater than existing buy limit price"}
  FLAG b100|S163|a18cc90d zombie age_min=851 notional=$74.00 occ=HAL260731C00033500 action=error:{"bid":"0.57","buy_limit_price":"0.62","code":40310000,"existing_order_id":"69d23a87-8b5f-4ca3-8462-e9cc213fde79","message":"potential wash trade detected. use complex orders","reject_reason":"buy order exists, quote bid should be greater than existing buy limit price"}
  FLAG b72|S163|0aef0dcf zombie age_min=851 notional=$74.00 occ=HAL260731C00033500 action=error:{"bid":"0.57","buy_limit_price":"0.62","code":40310000,"existing_order_id":"69d23a87-8b5f-4ca3-8462-e9cc213fde79","message":"potential wash trade detected. use complex orders","reject_reason":"buy order exists, quote bid should be greater than existing buy limit price"}
  FLAG b44|S163|90d927e2 zombie age_min=851 notional=$74.00 occ=HAL260731C00033500 action=error:{"bid":"0.57","buy_limit_price":"0.62","code":40310000,"existing_order_id":"69d23a87-8b5f-4ca3-8462-e9cc213fde79","message":"potential wash trade detected. use complex orders","reject_reason":"buy order exists, quote bid should be greater than existing buy limit price"}
  FLAG b16|S163|c4f76708 zombie age_min=851 notional=$74.00 occ=HAL260731C00033500 action=error:{"bid":"0.57","buy_limit_price":"0.62","code":40310000,"existing_order_id":"69d23a87-8b5f-4ca3-8462-e9cc213fde79","message":"potential wash trade detected. use complex orders","reject_reason":"buy order exists, quote bid should be greater than existing buy limit price"}
  FLAG b136|S168|9d725e90 zombie age_min=851 notional=$63.00 occ=HAL260724C00033000 action=submitted:1285ad1b-44e6-469f-9dad-1480aa88aedc
  FLAG b108|S168|ebe4dcd2 zombie age_min=851 notional=$63.00 occ=HAL260724C00033000 action=submitted:ac484f90-936e-42f3-b6df-1e9ed3f96316
  FLAG b80|S168|4e2ea213 zombie age_min=851 notional=$63.00 occ=HAL260724C00033000 action=submitted:d68acb8b-865a-490b-9ce0-5e3f76a6d36c
  FLAG b52|S168|7af94f44 zombie age_min=851 notional=$63.00 occ=HAL260724C00033000 action=submitted:3413ddc5-54f4-4965-8d3e-38a5ab47b9e3
  FLAG b24|S168|88bfd109 zombie age_min=851 notional=$63.00 occ=HAL260724C00033000 action=submitted:f309168e-f604-4c5d-bb28-996dac92117b
  FLAG b132|S164|0b52d9aa zombie age_min=851 notional=$8.00 occ=HAL260724C00035000 action=submitted:3c14972f-652e-4e53-a062-4ecb66c08e41
  FLAG b104|S164|ed121b0c zombie age_min=851 notional=$8.00 occ=HAL260724C00035000 action=submitted:e19c0cec-6235-4679-8647-89a44f3dae66
  FLAG b76|S164|52c09cd9 zombie age_min=851 notional=$8.00 occ=HAL260724C00035000 action=submitted:dfdff98a-d823-461a-8d54-570afabb3d07
  FLAG b48|S164|a439876a zombie age_min=851 notional=$8.00 occ=HAL260724C00035000 action=submitted:7affeb13-4670-43f3-9ac7-b15f070025d2
  FLAG b20|S164|1935ddaa zombie age_min=851 notional=$8.00 occ=HAL260724C00035000 action=submitted:1ba5d3d2-c47b-4eff-97b1-e740b2f569ac
  FLAG b8|S165|b5373263 zombie age_min=851 notional=$45.00 occ=CELH260724C00029000 action=error:{"bid":"0.37","buy_limit_price":"0.4","code":40310000,"existing_order_id":"3dc8b475-76d1-4e4f-9438-9e367f1be852","message":"potential wash trade detected. use complex orders","reject_reason":"buy order exists, quote bid should be greater than existing buy limit price"}
options_reconcile: done
Layout: controlled:140:c000_s173_w1_0928_1005_r1 (layout changed controlled:100:c000_s173_w1_0928_1005_r1 -> controlled:140:c000_s173_w1_0928_1005_r1)
Trial layout: /home/runner/work/TradingBot/TradingBot/logs/options_trial
Docs:         skipped (local docs unavailable on this runner)
Buckets:      140
=== options_morning_bot (PAPER) 2026-07-21T10:10:39.976710-04:00 ===

[Run context]
Paper auth OK — equity $130601.75, account PA36KS87UPRS

[Setup]
Active buckets: 140 | Strategies: S165, S164, S168, S167, S166, S163
Dropped (no new entries; ex-reflected P&L): S173, S174

[Scan + entries]
Scanning 903 symbols for [S165, S164, S168, S167, S166, S163] …
Fetched daily bars for 903/903 symbols
Found 335 signal(s); top: ['S165:ACN', 'S165:ADBE', 'S165:A', 'S165:BR', 'S165:CSGP', 'S165:DHR', 'S165:EFX', 'S165:FDS']
Paper lab: $130540 broker equity -> 140 bucket(s) ($500 virtual each, unlimited paper)
  All bucket slots blocked or closed for today's signals — skip entry loop.
Placed 0 new entry order(s).

[Portfolio snapshot]
+========================================================================+
|  OPTIONS BOT SUMMARY                                                   |
+------------------------------------------------------------------------+
|  Mode                          entry+manage                            |
|  Equity                        $130,601.75                             |
|  Signals this run              335                                     |
|  Orders submitted (session)    30                                      |
|  Orders filled today (ledger)  45                                      |
|  Entries placed this run       0                                       |
|  Open virtual lots             25                                      |
|  Broker option positions       3                                       |
|  Pending orders                10                                      |
+========================================================================+
+========================================================================+
|  BUCKET LEADERBOARD (reflected ex-S173,S174)                           |
+------------------------------------------------------------------------+
|  Reflected trades=246  buckets=22  win=32%                             |
|  Returns   avg=-1.1%  med=-35.3%  p10=-66.2%  p90=+84.5%               |
|  Realized  $+4,917.13                                                  |
|  Raw incl dropped  trades=725  real=$+2,618.58                         |
+------------------------------------------------------------------------+
|  BKT PROFILE               N  WIN  AVG%   MED%   BEST%  REAL$          |
+------------------------------------------------------------------------+
|  b51  c051_s164_w4_1120_  1 100% +263.6 +263.6 +263.6 $   +174         |
|  b91  c091_s167_w4_1120_  2 100% +222.0 +222.0 +247.0 $   +293         |
|  b31  c031_s173_w4_1120_  2 100% +145.5 +145.5 +175.8 $   +192         |
|  b28  c028_s173_w1_0928_ 21  76% +49.4 +80.0 +102.0 $   +556           |
|  b58  c058_s173_w3_1045_  1 100% +59.1 +59.1 +59.1 $    +25            |
|  b56  c056_s173_w1_0928_  1 100% +47.7 +47.7 +47.7 $    +21            |
|  b57  c057_s173_w2_1005_  1 100% +47.7 +47.7 +47.7 $    +21            |
|  b89  c089_s167_w2_1005_  9  56% +84.4 +30.9 +790.0 $    +45           |
|  ... 14 more bucket(s) with exits                                      |
+------------------------------------------------------------------------+
|  Low  b9   c009_s165_w2_1005_  6   0% -76.2 -78.1 -92.7 $   -261       |
+========================================================================+
+========================================================================+
|  PENDING ORDERS (10)                                                   |
+------------------------------------------------------------------------+
|  Top groups                    S167:CELH(5), S163:HAL(5)               |
+------------------------------------------------------------------------+
|  b5   S167 CELH     limit=0.40                                         |
|  b33  S167 CELH     limit=0.40                                         |
|  b61  S167 CELH     limit=0.40                                         |
|  b89  S167 CELH     limit=0.40                                         |
|  b117 S167 CELH     limit=0.40                                         |
|  ... 5 more pending order(s)                                           |
+========================================================================+
+========================================================================+
|  OPEN OPTIONS (3)                                                      |
+------------------------------------------------------------------------+
|  SYMBOL                      QTY    RET%        OPEN P&L               |
|------------------------------------------------------------------------|
|  HAL260731C00033500           10    -19.1%   $   -135.00               |
|  CELH260724C00029000          10    -22.2%   $   -100.00               |
|  LULU260724C00121000           5    -29.2%   $    -95.00               |
+========================================================================+
Full detail: logs/options_trial/runs/2026-07-21.log
elapsed=48.8s reconcile=1.89s cancel=0.02s manage=0.34s scan=44.65s entries=0.14s
STATUS: options_morning_bot run complete (PAPER) elapsed=48.8s. run=#4551 https://github.com/28twagg-ops/TradingBot/actions/runs/29837823135
Wrote /home/runner/work/TradingBot/TradingBot/logs/options_trial/reports/2026-07-21_buckets.md
Wrote /home/runner/work/TradingBot/TradingBot/logs/options_trial/reports/2026-07-21_buckets.csv
Summary: 0 buckets closed trades, $+0.00 realized
Wrote /home/runner/work/TradingBot/TradingBot/logs/options_trial/reports/2026-07-21_strategy_selection.md
Wrote /home/runner/work/TradingBot/TradingBot/logs/options_trial/reports/2026-07-21_strategy_selection.csv
Summary: keep=0 watch=5 drop=3
Orphan rate: 3.0% (22/725)
# Options signal frequency

_Generated 2026-07-21T10:11:31.822403_

Headline counts are **unique (strategy, underlying, date)** from `ENTRY` lines in `logs/options_trial/runs/*.log`.
Raw log-line counts (multi-bucket duplicates) are shown below for debug.

### Unique underlying symbols per day (headline)

| Date       | S163 | S164 | S165 | S166 | S167 | S168 | S173 | S174 | Total |
|------------|-----:|-----:|-----:|-----:|-----:|-----:|-----:|-----:|------:|
| 2026-07-07 |    0 |    0 |    0 |    0 |    0 |    0 |    1 |    0 |     1 |
| 2026-07-08 |    0 |    0 |    3 |    0 |    0 |    0 |    2 |    1 |     6 |
| 2026-07-09 |    0 |    0 |    1 |    0 |    0 |    0 |    2 |    3 |     6 |
| 2026-07-10 |    0 |    0 |    1 |    0 |    0 |    0 |    1 |    1 |     3 |
| 2026-07-13 |    0 |    0 |    2 |    0 |    0 |    0 |    3 |    2 |     7 |
| 2026-07-14 |    0 |    0 |    3 |    0 |    0 |    0 |    2 |    0 |     5 |
| 2026-07-16 |    0 |    0 |    2 |    0 |    0 |    0 |    3 |    0 |     5 |
| 2026-07-17 |    0 |    0 |    2 |    0 |    0 |    0 |    2 |    0 |     4 |
| 2026-07-20 |    0 |    0 |    0 |    0 |    0 |    0 |    1 |    0 |     1 |
| 2026-07-21 |    1 |    1 |    1 |    1 |    1 |    1 |    0 |    0 |     6 |

## Per-strategy summary (unique underlyings)

| Strategy | Unique entries | Active days | Avg unique / active day | Est. active days to n=30 exits* |
|----------|---------------:|------------:|------------------------:|--------------------------------|
| S163 | 1 | 1 | 1.0 | ~38 active signal-days |
| S164 | 1 | 1 | 1.0 | ~38 active signal-days |
| S165 | 15 | 8 | 1.9 | ~20 active signal-days |
| S166 | 1 | 1 | 1.0 | ~38 active signal-days |
| S167 | 1 | 1 | 1.0 | ~38 active signal-days |
| S168 | 1 | 1 | 1.0 | ~38 active signal-days |
| S173 | 17 | 9 | 1.9 | ~20 active signal-days |
| S174 | 7 | 4 | 1.8 | ~22 active signal-days |

\* Formula: `ceil(30 / (avg_unique_per_active_day * 80%))`. Update when real exit rates are known.

## Raw vs unique totals

| Strategy | Raw log lines (includes multi-bucket duplicates) | Unique underlying symbols |
|----------|-------------------------------------------------:|--------------------------:|
| S163 | 10 | 1 |
| S164 | 15 | 1 |
| S165 | 1407 | 15 |
| S166 | 10 | 1 |
| S167 | 10 | 1 |
| S168 | 15 | 1 |
| S173 | 1754 | 17 |
| S174 | 891 | 7 |

### Raw log lines per day (debug / multi-bucket)

| Date       | S163 | S164 | S165 | S166 | S167 | S168 | S173 | S174 | Total |
|------------|-----:|-----:|-----:|-----:|-----:|-----:|-----:|-----:|------:|
| 2026-07-07 |    0 |    0 |    0 |    0 |    0 |    0 |  100 |    0 |   100 |
| 2026-07-08 |    0 |    0 |  100 |    0 |    0 |    0 |  100 |  100 |   300 |
| 2026-07-09 |    0 |    0 |   24 |    0 |    0 |    0 |  100 |   15 |   139 |
| 2026-07-10 |    0 |    0 |  242 |    0 |    0 |    0 |  230 |  202 |   674 |
| 2026-07-13 |    0 |    0 |  190 |    0 |    0 |    0 |  212 |  188 |   590 |
| 2026-07-14 |    0 |    0 |  194 |    0 |    0 |    0 |  185 |  106 |   485 |
| 2026-07-15 |    0 |    0 |  146 |    0 |    0 |    0 |  154 |   58 |   358 |
| 2026-07-16 |    0 |    0 |  179 |    0 |    0 |    0 |  205 |   58 |   442 |
| 2026-07-17 |    0 |    0 |  127 |    0 |    0 |    0 |  207 |   58 |   392 |
| 2026-07-20 |    0 |    0 |  107 |    0 |    0 |    0 |  143 |   58 |   308 |
| 2026-07-21 |   10 |   15 |   98 |   10 |   10 |   15 |  118 |   48 |   324 |

## Notes

- Pre-router-fix (before 2026-07-17 commit `56660c9e`): S163/S166 were starved — expect zeros until a post-fix entry-window gap-down day.
- Controlled layout places one ENTRY per matching bucket×strategy; raw counts inflate, unique underlyings do not.


Wrote /home/runner/work/TradingBot/TradingBot/logs/options_trial/reports/signal_frequency.md
## Ledger health — 2026-07-21
| Check                       | Count | Status |
|-----------------------------|------:|--------|
| Current stuck (state)       |     0 | OK |
| Orphaned lots (post-stable) |    27 | WARN | <<<
| Missing exit records (post) |    27 | WARN | <<<
| State/ledger mismatches     |     1 | WARN | <<<
| Total open lots             |    25 | INFO |
| Total closed lots           |   295 | INFO |
| Pre-cutoff audit debt       |     0 | INFO |
| Transition audit debt       |   589 | INFO |

Wrote /home/runner/work/TradingBot/TradingBot/logs/options_trial/reports/ledger_health.md
Wrote /home/runner/work/TradingBot/TradingBot/logs/dashboard.html
equity=481.63 router=CONFIRMED leaderboard_rows=8
Wrote /home/runner/work/TradingBot/TradingBot/logs/rubber_band_report.md
| 1 | MomReversal | 9 | 33% | +0.31% | -0.78% | -1.14% | 4.09 | 1.3d | $+1.33 |
| 2 | unknown | 32 | 19% | -0.03% | -0.59% | -1.27% | 1.44 | 0.0d | $+0.29 |
