options_reconcile: state=/home/runner/work/TradingBot/TradingBot/logs/options_trial/_state/lab_state.json
  open_lots=18 paper_keys=yes dry_run=False
  alpaca positions=9
  FLAG b196|S218|e327b991 missing from Alpaca
  FLAG b169|S216|90cfd76c missing from Alpaca
  FLAG b0|ORPHAN|70d8f5d2 missing from Alpaca
  FLAG b241|S401|16297965 missing from Alpaca
  FLAG b240|S401|d0418d8f missing from Alpaca
  State updated with reconciled lots.
options_reconcile: done
Layout: controlled:1164:live_1to1+variations (layout changed controlled:100:c000_s173_w1_0928_1005_r1 -> controlled:1164:live_1to1+variations)
Trial layout: /home/runner/work/TradingBot/TradingBot/logs/options_trial
Docs:         skipped (local docs unavailable on this runner)
Buckets:      1164
PROBE OK: paper account status=AccountStatus.ACTIVE equity=$996,427.92
  buying_power=$3,941,090.88 cash=$1,032,000.92
  open option orders: 5
    RBLX260925C00053000 OrderSide.SELL qty=1 status=OrderStatus.NEW limit=0.03
    MCD260925C00272500 OrderSide.SELL qty=1 status=OrderStatus.NEW limit=0.01
    NFLX261002C00076000 OrderSide.SELL qty=2 status=OrderStatus.NEW limit=None
    NFLX261009C00078000 OrderSide.SELL qty=2 status=OrderStatus.NEW limit=None
    MARA260925C00011000 OrderSide.SELL qty=1 status=OrderStatus.NEW limit=None
  open option positions: 8
    LLY260925C01250000 qty=2 mkt=$80.00
    MARA260925C00011500 qty=-1 mkt=$-218.00
    MARA260925C00012000 qty=-1 mkt=$-158.00
    MARA260925C00012500 qty=3 mkt=$309.00
    MCD260925C00272500 qty=1 mkt=$0.00
PROBE: check-only pass (use --smoke-entry to place a test order)
=== options_morning_bot (PAPER) 2026-09-23T09:40:31.822505-04:00 ===

[Run context]
Paper auth OK — equity $996427.92, account PA33P8KT02IL

[Setup]
LIVE 1:1 bucket b90 live_1to1 — S218, S404, S406 | TP+50%/SL-40% | stop-mkt | min $20
Variation study: 1163 lab/promising bucket(s) | cohort: all paper strategies | max 400 new entries/run
Dropped (no new entries; ex-reflected P&L): S203, S207, S212, S360, S405, S407
  EXIT [b434|lab0434_s366_w2_1005_1045_r1|S366] take_profit (+107.4%) SELL failed MARA260925C00012500: {"code":40310000,"message":"account not eligible to trade uncovered option contracts"}
  EXIT [b433|lab0433_s366_w1_0928_1005_r2|S366] take_profit (+107.4%) SELL failed MARA260925C00012500: {"code":40310000,"message":"account not eligible to trade uncovered option contracts"}
  EXIT [b432|lab0432_s366_w1_0928_1005_r1|S366] take_profit (+107.4%) SELL failed MARA260925C00012500: {"code":40310000,"message":"account not eligible to trade uncovered option contracts"}
Protective stops: placed=1 upgraded=0 already=4 failed=1 (market-first)

[Scan + entries]
Scanning 117 symbols for [S165, S164, S168, S167, S166, S163, S169, S170, S171, S172, S175, S200, S201, S202, S204, S205, S206, S208, S209, S210, S211, S213, S214, S215, S216, S217, S218, S219, S220, S221, S400, S401, S402, S403, S350, S351, S352, S353, S354, S355, S356, S357, S358, S359, S361, S362, S363, S364, S365, S366, S367, S368, S369, S370, S371, S372, S373, S374, S375, S376, S377, S378, S379, S380, S381, S382, S383, S384, S385, S386, S387, S388, S389, S390, S391, S392, S393, S394, S413, S414, S415, S416, S417, S418, S395, S396, S397, S398, S399, S404, S406, S408, S409, S410, S411, S412, S413, S414, S415, S416, S417, S418, S419] …
Fetched daily bars for 113/117 symbols
