19:37:08  INFO      Mode: evening_prep
19:37:09  INFO        [prep_positions] 2/2 (2 valid)
19:37:09  INFO        Universe cache hit: 903 tickers (tickers_2026-10-01.json)
19:37:10  INFO        [prep_universe] 40/901 (40 valid)
19:37:11  INFO        [prep_universe] 80/901 (80 valid)
19:37:12  INFO        [prep_universe] 120/901 (120 valid)
19:37:14  INFO        [prep_universe] 160/901 (160 valid)
19:37:15  INFO        [prep_universe] 200/901 (199 valid)
19:37:22  INFO        [prep_universe] 240/901 (238 valid)
19:37:35  INFO        [prep_universe] 280/901 (278 valid)
19:37:45  INFO        [prep_universe] 320/901 (318 valid)
19:37:59  INFO        [prep_universe] 360/901 (358 valid)
19:38:12  INFO        [prep_universe] 400/901 (398 valid)
19:38:22  INFO        [prep_universe] 440/901 (438 valid)
19:38:35  INFO        [prep_universe] 480/901 (478 valid)
19:38:48  INFO        [prep_universe] 520/901 (518 valid)
19:38:58  INFO        [prep_universe] 560/901 (558 valid)
19:39:12  INFO        [prep_universe] 600/901 (598 valid)
19:39:22  INFO        [prep_universe] 640/901 (638 valid)
19:39:35  INFO        [prep_universe] 680/901 (678 valid)
19:39:48  INFO        [prep_universe] 720/901 (718 valid)
19:39:58  INFO        [prep_universe] 760/901 (758 valid)
19:40:11  INFO        [prep_universe] 800/901 (798 valid)
19:40:24  INFO        [prep_universe] 840/901 (838 valid)
19:40:34  INFO        [prep_universe] 880/901 (878 valid)
19:40:41  INFO        [prep_universe] 901/901 (899 valid)

+========================================================================+
|  RUBBER BAND BOT  v8                                                   |
+------------------------------------------------------------------------+
|  Mode                                                      EVENING_PREP|
|  Time                                                         19:37 UTC|
|  Regime                                                            BULL|
|  Universe                                                          both|
|  Equity                                                         $224.29|
+========================================================================+

+========================================================================+
|                              EVENING PREP                              |
+========================================================================+
|  Goal                   Precompute exits/signals for next execution run|
|  Plan file                                 logs/plans/evening_plan.json|
|  Regime                                                            BULL|
+========================================================================+

+========================================================================+
|                       OPEN POSITION P&L SNAPSHOT                       |
+========================================================================+
|  Open positions                                                       2|
|  Invested                                                        $69.26|
|  Open P&L                                                        $+2.41|
|  TICKER   STRATEGY        INVESTED   ENTRY    NOW      P&L%    P&L$    |
+------------------------------------------------------------------------+
|  AES      Pullback50      $33.47     $14.91   $14.93   +0.1%   $+0.03  |
|  FCN      MomReversal     $35.79     $133.92  $143.45  +7.1%   $+2.38  |
+========================================================================+

+========================================================================+
|                            OPEN SELL ORDERS                            |
+========================================================================+
|  Count                                                                1|
|  TICKER    TYPE              QTY       LIMIT       STOP                |
+------------------------------------------------------------------------+
|  AES       OrderType.STOP    2         None        14.84               |
+========================================================================+

+========================================================================+
|                              PREP SUMMARY                              |
+========================================================================+
|  Saved                                                              yes|
|  Exit candidates                                                      2|
|  Signal candidates                                                   36|
|  Universe scanned                                                   901|
+========================================================================+
