01:57:16  INFO      Mode: weekly
01:57:16  INFO        Weekly summary -> logs/weekly/2026-W32.md

+========================================================================+
|  RUBBER BAND BOT  v8                                                   |
+------------------------------------------------------------------------+
|  Mode                                                            WEEKLY|
|  Time                                                         01:57 UTC|
|  Regime                                                            BULL|
|  Universe                                                          both|
|  Equity                                                         $470.46|
+========================================================================+

+========================================================================+
|              RUBBER BAND BOT  |  Week 32 / 2026  |  LIVE               |
+========================================================================+
+------------------------------------------------------------------------+
|  Date                                                 2026-08-03  (Aug)|
|  Regime                                                            BULL|
|  Strat~  VolumeSpike  +  52wkLow (display only — schedule not enforced)|
|  Execution                      Summary mode only (no orders submitted)|
|  Buys today                                                           0|
|  Cash-based cap            12976 max trades with current available cash|
+------------------------------------------------------------------------+
|  Equity           $470.46       Cash             $153.29               |
|  Invested         $317.17       Available        $129.77               |
|  Open P&L         $+3.86        Realized P&L     $-13.02               |
+------------------------------------------------------------------------+
|  This week         0 buys  |  47 sells  |  Win rate 30%  |  P&L $-12.74|
|  All t~  1064 trades  |  Avg hold 1.8d  |  Return -7.5%  |  P&L $-13.02|
+------------------------------------------------------------------------+
|  TICKER  STRATEGY       INVESTED   ENTRY     NOW       P&L%      P&L$  |
+------------------------------------------------------------------------+
|  APG     MomReversal    $32.29     $38.85    $39.68    +2.1%     $+0.68|
|  CINF    Pullback50     $95.35     $175.04   $177.68   +1.5%     $+1.41|
|  MP      MomReversal    $95.31     $41.37    $42.00    +1.5%     $+1.42|
|  PWR     EarningsDrift  $94.22     $667.29   $669.71   +0.4%     $+0.34|
+------------------------------------------------------------------------+
|  Next month                               Sep:  GapDown  +  VolumeSpike|
+========================================================================+

+========================================================================+
|                        YEAR-BY-YEAR PERFORMANCE                        |
+========================================================================+
|  YEAR   START     END       RETURN    P&L $       TRADES   WIN%        |
+------------------------------------------------------------------------+
|  2026   $509      $469      -7.7%     $-39.34     1064     31.4% ✗     |
+------------------------------------------------------------------------+
|  Profitable years                                             0/1  (0%)|
|  Best  year                                      2026   -7.7%   $-39.34|
|  Worst year                                      2026   -7.7%   $-39.34|
+========================================================================+
