16:37:09  INFO      Mode: exits
16:37:10  INFO        Daily log -> logs/daily/2026-07-21.md
16:37:10  INFO        Daily log reconciled -> logs/daily/2026-07-21.md (5 ledger rows)
16:37:10  INFO        place_all_stops: checking 4 positions...
16:37:11  INFO        STOP already live BEN @ $32.36
16:37:11  INFO        STOP skipped BIIB: fractional (0.4766 shares) — software exit will handle it
16:37:11  INFO        STOP skipped DUK: fractional (0.7693 shares) — software exit will handle it
16:37:11  INFO        STOP skipped TPR: fractional (0.6841 shares) — software exit will handle it
16:37:11  INFO        [positions] 4/4 (4 valid)
16:37:11  INFO        Daily log -> logs/daily/2026-07-21.md

+========================================================================+
|  RUBBER BAND BOT  v8                                                   |
+------------------------------------------------------------------------+
|  Mode                                                             EXITS|
|  Time                                                         16:37 UTC|
|  Regime                                                            BULL|
|  Universe                                                          both|
|  Equity                                                         $480.76|
+========================================================================+

+========================================================================+
|                               EXIT CHECK                               |
+========================================================================+
|  Exit logic                   stop-0.5% / 3d max  (midline at EOD only)|
+------------------------------------------------------------------------+
|  BIIB  P&L -0.1%  $-0.12                                           HOLD|
|  DUK  P&L +0.3%  $+0.25                                            HOLD|
|  BEN  P&L +0.9%  $+0.61                                            HOLD|
|  TPR  P&L +0.9%  $+0.83                                            HOLD|
+========================================================================+

+========================================================================+
|                            EXIT RUN SUMMARY                            |
+========================================================================+
|  Mode                                                             exits|
|  Candidates                                                           4|
|  Deferred/Skipped                                      already logged 0|
|  Data skips                                             no price data 0|
|  Se~  0 attempted  |  0 filled  |  0 partial  |  0 pending  |  0 failed|
|  Holds                                                                4|
|  Logged exits                                                         0|
+========================================================================+

+========================================================================+
|                      STOP-LOSS BREACHES THIS RUN                       |
+========================================================================+
|  None                                                                  |
+========================================================================+
|  Stop-loss look file                  logs/stop_losses_to_look_into.txt|
|  New investigations added                                             0|
+========================================================================+
