13:42:13  INFO      Mode: morning_prep
13:42:15  INFO        [prep_positions] 3/3 (3 valid)
13:42:15  INFO        Universe cache hit: 903 tickers (tickers_2026-09-03.json)
13:42:16  INFO        [prep_universe] 40/900 (40 valid)
13:42:17  INFO        [prep_universe] 80/900 (80 valid)
13:42:18  INFO        [prep_universe] 120/900 (120 valid)
13:42:20  INFO        [prep_universe] 160/900 (160 valid)
13:42:21  INFO        [prep_universe] 200/900 (199 valid)
13:42:28  INFO        [prep_universe] 240/900 (238 valid)
13:42:42  INFO        [prep_universe] 280/900 (278 valid)
13:42:52  INFO        [prep_universe] 320/900 (318 valid)
13:43:05  INFO        [prep_universe] 360/900 (358 valid)
13:43:16  INFO        [prep_universe] 400/900 (397 valid)
13:43:29  INFO        [prep_universe] 440/900 (437 valid)
13:43:43  INFO        [prep_universe] 480/900 (477 valid)
13:43:53  INFO        [prep_universe] 520/900 (517 valid)
13:44:06  INFO        [prep_universe] 560/900 (557 valid)
13:44:17  INFO        [prep_universe] 600/900 (597 valid)
13:44:30  INFO        [prep_universe] 640/900 (637 valid)
13:44:41  INFO        [prep_universe] 680/900 (677 valid)
13:44:55  INFO        [prep_universe] 720/900 (717 valid)
13:45:05  INFO        [prep_universe] 760/900 (757 valid)
13:45:18  INFO        [prep_universe] 800/900 (797 valid)
13:45:28  INFO        [prep_universe] 840/900 (837 valid)
13:45:42  INFO        [prep_universe] 880/900 (877 valid)
13:45:46  INFO        [prep_universe] 900/900 (897 valid)

+========================================================================+
|  RUBBER BAND BOT  v8                                                   |
+------------------------------------------------------------------------+
|  Mode                                                      MORNING_PREP|
|  Time                                                         13:42 UTC|
|  Regime                                                            BULL|
|  Universe                                                          both|
|  Equity                                                         $230.72|
+========================================================================+

+========================================================================+
|                              MORNING PREP                              |
+========================================================================+
|  Goal                   Precompute exits/signals for next execution run|
|  Plan file                                 logs/plans/morning_plan.json|
|  Regime                                                            BULL|
+========================================================================+

+========================================================================+
|                       OPEN POSITION P&L SNAPSHOT                       |
+========================================================================+
|  Open positions                                                       3|
|  Invested                                                       $104.06|
|  Open P&L                                                        $+0.46|
|  TICKER   STRATEGY        INVESTED   ENTRY    NOW      P&L%    P&L$    |
+------------------------------------------------------------------------+
|  AES      Pullback50      $34.52     $14.82   $14.82   +0.0%   $+0.01  |
|  AMZN     Pullback50      $34.98     $255.49  $258.42  +1.1%   $+0.40  |
|  CNM      MomReversal     $34.56     $44.25   $44.32   +0.2%   $+0.05  |
+========================================================================+

+========================================================================+
|                            OPEN SELL ORDERS                            |
+========================================================================+
|  Count                                                                0|
|                                                                        |
|  No open sell orders.                                                  |
|                                                                        |
+========================================================================+

+========================================================================+
|                              PREP SUMMARY                              |
+========================================================================+
|  Saved                                                              yes|
|  Exit candidates                                                      1|
|  Signal candidates                                                   26|
|  Universe scanned                                                   900|
+========================================================================+
