14:02:02  INFO      Mode: exits
14:02:03  INFO        Daily log -> logs/daily/2026-09-15.md
14:02:03  INFO        Daily log reconciled -> logs/daily/2026-09-15.md (2 ledger rows)
14:02:03  INFO        place_all_stops: checking 3 positions...
14:02:03  INFO        STOP skipped ALLE: fractional (0.2206 shares) — software exit will handle it
14:02:03  INFO        STOP skipped AMZN: fractional (0.1339 shares) — software exit will handle it
14:02:03  INFO        STOP skipped APO: fractional (0.2624 shares) — software exit will handle it
14:02:03  INFO        [positions] 3/3 (3 valid)
14:02:03  INFO        Daily log -> logs/daily/2026-09-15.md

+========================================================================+
|  RUBBER BAND BOT  v8                                                   |
+------------------------------------------------------------------------+
|  Mode                                                             EXITS|
|  Time                                                         14:02 UTC|
|  Regime                                                            BULL|
|  Universe                                                          both|
|  Equity                                                         $225.07|
+========================================================================+

+========================================================================+
|                           STOCKS EXIT CHECK                            |
+========================================================================+
|  Exit logic                   stop-0.5% / 3d max  (midline at EOD only)|
+------------------------------------------------------------------------+
|  AMZN  P&L -0.4%  $-0.13                                           HOLD|
|  APO  P&L -0.3%  $-0.09                                            HOLD|
|  ALLE  P&L +0.4%  $+0.14                                           HOLD|
+========================================================================+

+========================================================================+
|                            EXIT RUN SUMMARY                            |
+========================================================================+
|  Mode                                                             exits|
|  Candidates                                                           3|
|  Deferred/Skipped                                      already logged 0|
|  Data skips                                             no price data 0|
|  Se~  0 attempted  |  0 filled  |  0 partial  |  0 pending  |  0 failed|
|  Holds                                                                3|
|  Logged exits                                                         0|
+========================================================================+

+========================================================================+
|            OPTIONS SLEEVE  (managed by options_live_micro)             |
+========================================================================+
|                                                                        |
|  No open option positions.                                             |
|                                                                        |
+========================================================================+

+========================================================================+
|                      STOP-LOSS BREACHES THIS RUN                       |
+========================================================================+
|  None                                                                  |
+========================================================================+
|  Stop-loss look file                  logs/stop_losses_to_look_into.txt|
|  New investigations added                                             0|
+========================================================================+
