20:16:38  INFO      Mode: ext_exits
20:16:39  INFO        Daily log -> logs/daily/2026-08-11.md
20:16:39  INFO        Daily log reconciled -> logs/daily/2026-08-11.md (8 ledger rows)
20:16:39  INFO        Daily log -> logs/daily/2026-08-11.md

+========================================================================+
|  RUBBER BAND BOT  v8                                                   |
+------------------------------------------------------------------------+
|  Mode                                                         EXT_EXITS|
|  Time                                                         20:16 UTC|
|  Regime                                                            BULL|
|  Universe                                                          both|
|  Equity                                                         $465.99|
+========================================================================+

+========================================================================+
|                       EXIT CHECK [EXTENDED HRS]                        |
+========================================================================+
|  Exit log~  stop-0.5% / 3d max  (midline skipped — close already final)|
+------------------------------------------------------------------------+
|  AES  P&L -0.1%  $-0.13          HOLDING until 9:35am scan (Pullback50)|
|  ADM  P&L +0.0%  $+0.00          HOLDING until 9:35am scan (Pullback50)|
|  EXR  P&L +0.0%  $+0.02          HOLDING until 9:35am scan (Pullback50)|
|  AXP  P&L +0.0%  $+0.04          HOLDING until 9:35am scan (Pullback50)|
+========================================================================+

+========================================================================+
|                          EXTENDED HOURS SELLS                          |
+========================================================================+
|                                                                        |
|  No extended-hours sells this run.                                     |
|                                                                        |
+========================================================================+

+========================================================================+
|                            EXIT RUN SUMMARY                            |
+========================================================================+
|  Mode                                                         ext_exits|
|  Candidates                                                           4|
|  Deferred/Skipped                                      already logged 0|
|  Data skips                                             no price data 0|
|  Se~  0 attempted  |  0 filled  |  0 partial  |  0 pending  |  0 failed|
|  Holds                                                                4|
|  Logged exits                                                         0|
+========================================================================+

+========================================================================+
|                      STOP-LOSS BREACHES THIS RUN                       |
+========================================================================+
|  None                                                                  |
+========================================================================+
|  Stop-loss look file                  logs/stop_losses_to_look_into.txt|
|  New investigations added                                             0|
+========================================================================+
