Layout: controlled:100:c000_s173_w1_0928_1005_r1
Trial layout: /home/runner/work/TradingBot/TradingBot/logs/options_trial
Docs:         skipped (local docs unavailable on this runner)
Buckets:      100
=== options_morning_bot (PAPER) 2026-07-13T11:20:45.591083-04:00 ===

[Run context]
Paper auth OK — equity $133271.87, account PA36KS87UPRS

[Setup]
Active buckets: 100 | Strategies: S173, S174, S165, S166, S163
2026-07-13 11:20:51,432 INFO   EXIT [b80|c080_s173_w1_0928_1005_r5|S173] take_profit (+55.6%) SELL 1 T260717C00021000 @<= 0.53

[Scan + entries]
Scanning 903 symbols for [S173, S174, S165, S166, S163] …
Fetched daily bars for 903/903 symbols
Found 57 signal(s); top: ['S173:AMD', 'S173:AMAT', 'S173:CIEN', 'S173:COHR', 'S173:COIN', 'S173:FIX', 'S173:GLW', 'S173:GNRC']
Paper lab: $133313 broker equity -> 100 bucket(s) ($500 virtual each, unlimited paper)
  Skipped: 23 no tradeable call, 37 already attempted today, 270 pending order
Placed 13 new entry order(s).

[Portfolio snapshot]
+========================================================================+
|  OPTIONS BOT SUMMARY                                                   |
+------------------------------------------------------------------------+
|  Mode                          entry+manage                            |
|  Equity                        $133,271.87                             |
|  Signals this run              57                                      |
|  Orders submitted (session)    44                                      |
|  Orders filled today (ledger)  64                                      |
|  Entries placed this run       13                                      |
|  Open virtual lots             71                                      |
|  Broker option positions       10                                      |
|  Pending orders                10                                      |
+========================================================================+
+========================================================================+
|  BUCKET LEADERBOARD                                                    |
+------------------------------------------------------------------------+
|  All-time  trades=171  buckets=52  win=57%                             |
|  Returns   avg=+11.7%  med=+20.0%  p10=-85.3%  p90=+68.3%              |
|  Realized  $+6,457.58                                                  |
|  Today     trades=33  avg=+20.8%  med=-25.0%  real=$-491.00            |
+------------------------------------------------------------------------+
|  BKT PROFILE               N  WIN  AVG%   MED%   BEST%  REAL$          |
+------------------------------------------------------------------------+
|  b62  c062_s173_w3_1045_  2  50% +520.0 +520.0 +1100.0 $    +52        |
|  b60  c060_s173_w1_0928_  2 100% +87.7 +87.7 +96.7 $    +55            |
|  b70  c070_s165_w3_1045_  1 100% +59.1 +59.1 +59.1 $    +28            |
|  b58  c058_s163_w3_1045_  1 100% +59.1 +59.1 +59.1 $    +25            |
|  b73  c073_s166_w2_1005_  1 100% +55.6 +55.6 +55.6 $    +36            |
|  b40  c040_s173_w1_0928_  1 100% +54.3 +54.3 +54.3 $    +19            |
|  b20  c020_s173_w1_0928_  1 100% +54.3 +54.3 +54.3 $    +19            |
|  b92  c092_s166_w1_0928_  2 100% +53.6 +53.6 +70.8 $    +95            |
|  ... 44 more bucket(s) with exits                                      |
+------------------------------------------------------------------------+
|  Low  b64  c064_s174_w1_0928_  4  25% -61.4 -93.3 -93.3 $   -141       |
+========================================================================+
+========================================================================+
|  PENDING ORDERS (10)                                                   |
+------------------------------------------------------------------------+
|  Top groups                    S165:HL(6), S174:INTC(3), S173:AMD(1)   |
+------------------------------------------------------------------------+
|  b82  S173 AMD      limit=0.65                                         |
|  b90  S165 HL       limit=0.64                                         |
|  b27  S174 INTC     limit=0.59                                         |
|  b47  S174 INTC     limit=0.59                                         |
|  b67  S174 INTC     limit=0.59                                         |
|  ... 5 more pending order(s)                                           |
+========================================================================+
+========================================================================+
|  PENDING EXITS (2)                                                     |
+------------------------------------------------------------------------+
|  b85  S174 INTC260713C00114000 x1 stop_loss (-91.7%)                   |
|  b70  S165 INTC260713C00115000 x1 stop_loss (-98.3%)                   |
+========================================================================+
+========================================================================+
|  OPEN OPTIONS (10)                                                     |
+------------------------------------------------------------------------+
|  SYMBOL                      QTY    RET%        OPEN P&L               |
|------------------------------------------------------------------------|
|  INTC260713C00115000          29   -100.0%   $ -1,720.06               |
|  INTC260713C00114000           8   -100.0%   $   -575.47               |
|  INTC260715C00114000           3    -38.0%   $    -81.00               |
|  AVGO260715C00420000           3    -37.5%   $    -54.00               |
|  AMD260713C00560000            8     -9.3%   $    -47.00               |
|  SMCI260717C00029000           8     -6.7%   $    -34.00               |
|  HL260717C00015000             3    -11.1%   $    -22.00               |
|  T260717C00021000              1    +55.6%   $    +20.00               |
|  ... 2 more position(s)                                                |
+========================================================================+
Full detail: logs/options_trial/runs/2026-07-13.log
elapsed=28.7s reconcile=5.04s cancel=0.01s manage=2.34s scan=14.68s entries=2.0s
STATUS: options_morning_bot run complete (PAPER) elapsed=28.7s. run=#3732 https://github.com/28twagg-ops/TradingBot/actions/runs/29261786615
Wrote /home/runner/work/TradingBot/TradingBot/logs/options_trial/reports/2026-07-13_buckets.md
Wrote /home/runner/work/TradingBot/TradingBot/logs/options_trial/reports/2026-07-13_buckets.csv
Summary: 9 buckets closed trades, $-491.00 realized
Wrote /home/runner/work/TradingBot/TradingBot/logs/options_trial/reports/2026-07-13_strategy_selection.md
Wrote /home/runner/work/TradingBot/TradingBot/logs/options_trial/reports/2026-07-13_strategy_selection.csv
Summary: keep=0 watch=5 drop=0
