=== options_live_micro LIVE 2026-08-21T12:40:52.461151-04:00 share=25% ===
2026-08-21 12:40:52,461 INFO === options_live_micro LIVE 2026-08-21T12:40:52.461151-04:00 share=25% ===
Live account equity $317.23 cash $201.38 #225458845 options_level=3
2026-08-21 12:40:52,533 INFO Live account equity $317.23 cash $201.38 #225458845 options_level=3
Live micro cancel-scan WMT260821C00110000: symbol-scoped n=1
2026-08-21 12:40:52,556 INFO Live micro cancel-scan WMT260821C00110000: symbol-scoped n=1
Live micro cancel stale sell WMT260821C00110000 id=6329be1e-fba2-4b40-9c40-c1c9ab3d30f5 cid=OLX|c409eaa088fe broker_sym='WMT260821C00110000'
2026-08-21 12:40:52,564 INFO Live micro cancel stale sell WMT260821C00110000 id=6329be1e-fba2-4b40-9c40-c1c9ab3d30f5 cid=OLX|c409eaa088fe broker_sym='WMT260821C00110000'
Live micro orphan_adopt WMT260821C00110000 x1 entry=0.09
2026-08-21 12:40:52,565 INFO Live micro orphan_adopt WMT260821C00110000 x1 entry=0.09
Live micro hold ORPHAN COST260828C01000000 -28.6% (tp +50% / sl -40%)
2026-08-21 12:40:52,575 INFO Live micro hold ORPHAN COST260828C01000000 -28.6% (tp +50% / sl -40%)
Live micro cancel-scan WMT260821C00110000: symbol-scoped n=1
2026-08-21 12:40:52,593 INFO Live micro cancel-scan WMT260821C00110000: symbol-scoped n=1
Live micro cancel stale sell WMT260821C00110000 id=6329be1e-fba2-4b40-9c40-c1c9ab3d30f5 cid=OLX|c409eaa088fe broker_sym='WMT260821C00110000'
2026-08-21 12:40:52,599 INFO Live micro cancel stale sell WMT260821C00110000 id=6329be1e-fba2-4b40-9c40-c1c9ab3d30f5 cid=OLX|c409eaa088fe broker_sym='WMT260821C00110000'
LIVE EXIT stop_loss (-100.0%) WMT260821C00110000 x1 limit=0.01 id=af13ef39-d311-496b-a682-fd3b623f6411
2026-08-21 12:40:52,810 INFO LIVE EXIT stop_loss (-100.0%) WMT260821C00110000 x1 limit=0.01 id=af13ef39-d311-496b-a682-fd3b623f6411
Live micro cancel-scan COST260828C01000000: symbol-scoped n=1
2026-08-21 12:40:52,819 INFO Live micro cancel-scan COST260828C01000000: symbol-scoped n=1
Live micro cancel-scan COST260828C01000000: no non-OLS sell to cancel
2026-08-21 12:40:52,819 INFO Live micro cancel-scan COST260828C01000000: no non-OLS sell to cancel
LIVE PROT check COST260828C01000000: have_ols=True open_matched=1 ols_id=ab9b8a23-2f03-4a3a-b25a-799118f49712 ols_type=stop
2026-08-21 12:40:52,843 INFO LIVE PROT check COST260828C01000000: have_ols=True open_matched=1 ols_id=ab9b8a23-2f03-4a3a-b25a-799118f49712 ols_type=stop
Live micro: manage/exits only
2026-08-21 12:40:52,843 INFO Live micro: manage/exits only
Live micro done. open_options=2 lots=1
2026-08-21 12:40:52,851 INFO Live micro done. open_options=2 lots=1
