13:56:57  INFO      Mode: morning_scan
13:56:58  INFO      Morning scan already completed today (2026-09-25T13:50:59.308965Z) — exits-only pass
13:56:58  INFO        Daily log -> logs/daily/2026-09-25.md
13:56:58  INFO        Daily log reconciled -> logs/daily/2026-09-25.md (1 ledger rows)
13:56:58  INFO        place_all_stops: checking 1 positions...
13:56:58  INFO        STOP skipped COP: fractional (0.2639 shares) — software exit will handle it
13:56:58  INFO        [positions] 1/1 (1 valid)
13:56:59  INFO        Daily log -> logs/daily/2026-09-25.md

+========================================================================+
|  RUBBER BAND BOT  v8                                                   |
+------------------------------------------------------------------------+
|  Mode                                                      MORNING_SCAN|
|  Time                                                         13:56 UTC|
|  Regime                                                            BULL|
|  Universe                                                          both|
|  Equity                                                         $224.09|
+========================================================================+

+========================================================================+
|                           STOCKS EXIT CHECK                            |
+========================================================================+
|  Exit logic                   stop-0.5% / 3d max  (midline at EOD only)|
+------------------------------------------------------------------------+
|  COP  P&L +0.2%  $+0.06                                            HOLD|
+========================================================================+

+========================================================================+
|                            EXIT RUN SUMMARY                            |
+========================================================================+
|  Mode                                                             exits|
|  Candidates                                                           1|
|  Deferred/Skipped                                      already logged 0|
|  Data skips                                             no price data 0|
|  Se~  0 attempted  |  0 filled  |  0 partial  |  0 pending  |  0 failed|
|  Holds                                                                1|
|  Logged exits                                                         0|
+========================================================================+

+========================================================================+
|            OPTIONS SLEEVE  (managed by options_live_micro)             |
+========================================================================+
|                                                                        |
|  No open option positions.                                             |
|                                                                        |
+========================================================================+

+========================================================================+
|                      STOP-LOSS BREACHES THIS RUN                       |
+========================================================================+
|  None                                                                  |
+========================================================================+
|  Stop-loss look file                  logs/stop_losses_to_look_into.txt|
|  New investigations added                                             0|
+========================================================================+
