Layout: controlled:100:c000_s173_w1_0928_1005_r1
Trial layout: /home/runner/work/TradingBot/TradingBot/logs/options_trial
Docs:         skipped (local docs unavailable on this runner)
Buckets:      100
=== options_morning_bot (PAPER) 2026-07-17T10:45:38.083658-04:00 ===

[Run context]
Paper auth OK — equity $123282.01, account PA36KS87UPRS

[Setup]
Active buckets: 100 | Strategies: S173, S165, S166, S163
Dropped (no new entries; ex-reflected P&L): S174
2026-07-17 10:45:49,016 INFO   EXIT [b21|c021_s173_w2_1005_1045_r2|S173] stop_loss (-60.6%) SELL 1 AMD260717C00512500 @<= 0.22

[Scan + entries]
Scanning 903 symbols for [S173, S165, S166, S163] …
Fetched daily bars for 903/903 symbols
Found 204 signal(s); top: ['S173:AMD', 'S173:AKAM', 'S173:ALB', 'S173:GOOGL', 'S173:GOOG', 'S173:AMZN', 'S173:AMP', 'S173:AME']
Paper lab: $122830 broker equity -> 100 bucket(s) ($500 virtual each, unlimited paper)
  Skipped: 20 no tradeable call, 191 already attempted today, 990 pending order
Placed 10 new entry order(s).

[Portfolio snapshot]
+========================================================================+
|  OPTIONS BOT SUMMARY                                                   |
+------------------------------------------------------------------------+
|  Mode                          entry+manage                            |
|  Equity                        $123,282.01                             |
|  Signals this run              204                                     |
|  Orders submitted (session)    30                                      |
|  Orders filled today (ledger)  25                                      |
|  Entries placed this run       10                                      |
|  Open virtual lots             17                                      |
|  Broker option positions       4                                       |
|  Pending orders                5                                       |
+========================================================================+
+========================================================================+
|  BUCKET LEADERBOARD (reflected ex-S174)                                |
+------------------------------------------------------------------------+
|  Reflected trades=360  buckets=46  win=35%                             |
|  Returns   avg=+7.7%  med=-28.8%  p10=-77.0%  p90=+87.8%               |
|  Realized  $+3,240.77                                                  |
|  Raw incl dropped  trades=469  real=$+1,903.58                         |
|  Today     trades=12  avg=-5.0%  med=+5.7%  real=$-85.00               |
+------------------------------------------------------------------------+
|  BKT PROFILE               N  WIN  AVG%   MED%   BEST%  REAL$          |
+------------------------------------------------------------------------+
|  b28  c028_s165_w1_0928_ 11  82% +58.3 +80.0 +102.0 $   +338           |
|  b92  c092_s166_w1_0928_  1 100% +70.8 +70.8 +70.8 $    +71            |
|  b93  c093_s166_w2_1005_  1 100% +70.8 +70.8 +70.8 $    +71            |
|  b95  c095_s166_w4_1120_  1 100% +70.8 +70.8 +70.8 $    +71            |
|  b96  c096_s163_w1_0928_  1 100% +70.8 +70.8 +70.8 $    +71            |
|  b98  c098_s163_w3_1045_  1 100% +70.8 +70.8 +70.8 $    +71            |
|  b99  c099_s163_w4_1120_  1 100% +70.8 +70.8 +70.8 $    +71            |
|  b80  c080_s173_w1_0928_ 35  74% +58.0 +62.9 +177.3 $   +403           |
|  ... 38 more bucket(s) with exits                                      |
+------------------------------------------------------------------------+
|  Low  b83  c083_s173_w4_1120_ 13   8% -60.9 -69.2 -87.7 $   -459       |
+========================================================================+
+========================================================================+
|  PENDING ORDERS (5)                                                    |
+------------------------------------------------------------------------+
|  Top groups                    S165:META(5)                            |
+------------------------------------------------------------------------+
|  b10  S165 META     limit=0.74                                         |
|  b30  S165 META     limit=0.74                                         |
|  b50  S165 META     limit=0.74                                         |
|  b70  S165 META     limit=0.74                                         |
|  b90  S165 META     limit=0.74                                         |
+========================================================================+
+========================================================================+
|  OPEN OPTIONS (4)                                                      |
+------------------------------------------------------------------------+
|  SYMBOL                      QTY    RET%        OPEN P&L               |
|------------------------------------------------------------------------|
|  AMD260717C00512500            3    -71.2%   $   -141.00               |
|  META260720C00675000           5    -30.9%   $   -105.00               |
|  GOOGL260720C00360000          4    -34.5%   $    -76.00               |
|  AMD260717C00505000            5    -13.4%   $    -45.00               |
+========================================================================+
Full detail: logs/options_trial/runs/2026-07-17.log
elapsed=64.8s reconcile=2.32s cancel=0.16s manage=8.13s scan=45.38s entries=5.8s
STATUS: options_morning_bot run complete (PAPER) elapsed=64.8s. run=#4271 https://github.com/28twagg-ops/TradingBot/actions/runs/29589265370
Wrote /home/runner/work/TradingBot/TradingBot/logs/options_trial/reports/2026-07-17_buckets.md
Wrote /home/runner/work/TradingBot/TradingBot/logs/options_trial/reports/2026-07-17_buckets.csv
Summary: 7 buckets closed trades, $-85.00 realized
Wrote /home/runner/work/TradingBot/TradingBot/logs/options_trial/reports/2026-07-17_strategy_selection.md
Wrote /home/runner/work/TradingBot/TradingBot/logs/options_trial/reports/2026-07-17_strategy_selection.csv
Summary: keep=0 watch=2 drop=3
Orphan rate: 4.7% (22/469)
