options_reconcile: state=/home/runner/work/TradingBot/TradingBot/logs/options_trial/_state/lab_state.json
  open_lots=168 paper_keys=yes dry_run=False
  alpaca positions=53
options_reconcile: done
Layout: controlled:1164:live_1to1+variations (layout changed controlled:100:c000_s173_w1_0928_1005_r1 -> controlled:1164:live_1to1+variations)
Trial layout: /home/runner/work/TradingBot/TradingBot/logs/options_trial
Docs:         skipped (local docs unavailable on this runner)
Buckets:      1164
PROBE OK: paper account status=AccountStatus.ACTIVE equity=$1,000,565.83
  buying_power=$3,927,627.72 cash=$1,031,112.83
  open option orders: 20
    UNH260911C00400000 OrderSide.SELL qty=1 status=OrderStatus.NEW limit=None
    AAPL260914C00332500 OrderSide.SELL qty=2 status=OrderStatus.NEW limit=None
    TSLA260914C00402500 OrderSide.SELL qty=1 status=OrderStatus.NEW limit=None
    COIN260911C00187500 OrderSide.SELL qty=2 status=OrderStatus.NEW limit=None
    GOOGL260914C00345000 OrderSide.SELL qty=4 status=OrderStatus.NEW limit=None
  open option positions: 52
    AAPL260914C00332500 qty=2 mkt=$110.00
    AMD260911C00535000 qty=5 mkt=$200.00
    AMD260911C00537500 qty=8 mkt=$240.00
    AMD260911C00540000 qty=2 mkt=$46.00
    AMD260914C00550000 qty=4 mkt=$176.00
PROBE: check-only pass (use --smoke-entry to place a test order)
=== options_morning_bot (PAPER) 2026-09-10T11:21:21.486509-04:00 ===

[Run context]
Paper auth OK — equity $1000565.83, account PA33P8KT02IL

[Setup]
LIVE 1:1 bucket b90 live_1to1 — S218, S404, S406 | TP+50%/SL-40% | stop-mkt | min $20
Variation study: 1163 lab/promising bucket(s) | cohort: all paper strategies | max 400 new entries/run
Dropped (no new entries; ex-reflected P&L): S203, S207, S212, S360, S405, S407
2026-09-10 11:21:26,313 INFO   EXIT [b90|live_1to1|S404] stop_loss (-40.7%) SELL 1 AMD260911C00535000 @<= 0.41
  EXIT [b1055|lab1055_s165_w2_1005_1045_r2|S165] stop_loss (-100.0%) SELL failed SHOP260911C00146000: {"code":40310000,"message":"account not eligible to trade uncovered option contracts"}
  EXIT [b1054|lab1054_s165_w2_1005_1045_r1|S165] stop_loss (-100.0%) SELL failed SHOP260911C00146000: {"code":40310000,"message":"account not eligible to trade uncovered option contracts"}
2026-09-10 11:21:30,056 INFO   EXIT [b168|lab0168_s216_w3_1045_1120_r1|S216] stop_loss (-66.7%) SELL 1 BA260911C00220000 @<= 0.01
  EXIT [b330|lab0330_s357_w2_1005_1045_r1|S357] stop_loss (-86.7%) SELL failed PATH260925C00017000: {"code":40310000,"message":"account not eligible to trade uncovered option contracts"}
  EXIT [b862|lab0862_s408_w4_1120_1135_r1|S408] stop_loss (-92.3%) SELL failed CRWD260911C00235000: {"code":40310000,"message":"account not eligible to trade uncovered option contracts"}
Protective stops: placed=0 upgraded=0 already=42 failed=7 (market-first)

[Scan + entries]
Scanning 117 symbols for [S165, S164, S168, S167, S166, S163, S169, S170, S171, S172, S175, S200, S201, S202, S204, S205, S206, S208, S209, S210, S211, S213, S214, S215, S216, S217, S218, S219, S220, S221, S400, S401, S402, S403, S350, S351, S352, S353, S354, S355, S356, S357, S358, S359, S361, S362, S363, S364, S365, S366, S367, S368, S369, S370, S371, S372, S373, S374, S375, S376, S377, S378, S379, S380, S381, S382, S383, S384, S385, S386, S387, S388, S389, S390, S391, S392, S393, S394, S413, S414, S415, S416, S417, S418, S395, S396, S397, S398, S399, S404, S406, S408, S409, S410, S411, S412, S413, S414, S415, S416, S417, S418, S419] …
Fetched daily bars for 113/117 symbols
Found 372 signal(s); top: ['S401:TSLA', 'S359:TSLA', 'S361:TSLA', 'S362:TSLA', 'S363:TSLA', 'S364:TSLA', 'S365:TSLA', 'S366:TSLA']
Paper lab: $1000566 broker equity -> 1164 bucket(s) ($500 virtual each, unlimited paper)
  [b240 TSLA] ENTRY failed: {"code":40310000,"existing_order_id":"73095c17-305c-4de2-8210-06218c2ce7cc","message":"potential wash trade detected. use complex orders","reject_reason":"opposite side market/stop order exists"}
  [b241 TSLA] ENTRY failed: {"code":40310000,"existing_order_id":"73095c17-305c-4de2-8210-06218c2ce7cc","message":"potential wash trade detected. use complex orders","reject_reason":"opposite side market/stop order exists"}
  [b382 TSLA] ENTRY failed: {"code":40310000,"existing_order_id":"73095c17-305c-4de2-8210-06218c2ce7cc","message":"potential wash trade detected. use complex orders","reject_reason":"opposite side market/stop order exists"}
  [b383 TSLA] ENTRY failed: {"code":40310000,"existing_order_id":"73095c17-305c-4de2-8210-06218c2ce7cc","message":"potential wash trade detected. use complex orders","reject_reason":"opposite side market/stop order exists"}
  [b396 TSLA] ENTRY failed: {"code":40310000,"existing_order_id":"73095c17-305c-4de2-8210-06218c2ce7cc","message":"potential wash trade detected. use complex orders","reject_reason":"opposite side market/stop order exists"}
  [b397 TSLA] ENTRY failed: {"code":40310000,"existing_order_id":"73095c17-305c-4de2-8210-06218c2ce7cc","message":"potential wash trade detected. use complex orders","reject_reason":"opposite side market/stop order exists"}
  [b834 TSLA] ENTRY failed: {"code":40310000,"existing_order_id":"8458d145-3ad0-4e69-b5c9-2c1b94e7f317","message":"potential wash trade detected. use complex orders","reject_reason":"opposite side market/stop order exists"}
  [b835 TSLA] ENTRY failed: {"code":40310000,"existing_order_id":"8458d145-3ad0-4e69-b5c9-2c1b94e7f317","message":"potential wash trade detected. use complex orders","reject_reason":"opposite side market/stop order exists"}
  [b863 TSLA] ENTRY failed: {"code":40310000,"existing_order_id":"52f9c8e2-940e-4ffa-acb9-54df975ce3c5","message":"potential wash trade detected. use complex orders","reject_reason":"opposite side market/stop order exists"}
  [b918 TSLA] ENTRY failed: {"code":40310000,"existing_order_id":"73095c17-305c-4de2-8210-06218c2ce7cc","message":"potential wash trade detected. use complex orders","reject_reason":"opposite side market/stop order exists"}
  [b919 TSLA] ENTRY failed: {"code":40310000,"existing_order_id":"73095c17-305c-4de2-8210-06218c2ce7cc","message":"potential wash trade detected. use complex orders","reject_reason":"opposite side market/stop order exists"}
  [b396 SMCI] ENTRY failed: {"code":40310000,"existing_order_id":"f66889c4-2ec9-44e8-a9f2-211188bfeb7b","message":"potential wash trade detected. use complex orders","reject_reason":"opposite side market/stop order exists"}
  [b397 SMCI] ENTRY failed: {"code":40310000,"existing_order_id":"f66889c4-2ec9-44e8-a9f2-211188bfeb7b","message":"potential wash trade detected. use complex orders","reject_reason":"opposite side market/stop order exists"}
  [b410 SMCI] ENTRY failed: {"code":40310000,"existing_order_id":"f66889c4-2ec9-44e8-a9f2-211188bfeb7b","message":"potential wash trade detected. use complex orders","reject_reason":"opposite side market/stop order exists"}
  [b411 SMCI] ENTRY failed: {"code":40310000,"existing_order_id":"f66889c4-2ec9-44e8-a9f2-211188bfeb7b","message":"potential wash trade detected. use complex orders","reject_reason":"opposite side market/stop order exists"}
  [b798 SMCI] ENTRY failed: {"code":40310000,"existing_order_id":"ac4d342e-aafd-4de1-aafc-8fb4fce7e30d","message":"potential wash trade detected. use complex orders","reject_reason":"opposite side market/stop order exists"}
  [b799 SMCI] ENTRY failed: {"code":40310000,"existing_order_id":"ac4d342e-aafd-4de1-aafc-8fb4fce7e30d","message":"potential wash trade detected. use complex orders","reject_reason":"opposite side market/stop order exists"}
  [b834 SMCI] ENTRY failed: {"code":40310000,"existing_order_id":"ac4d342e-aafd-4de1-aafc-8fb4fce7e30d","message":"potential wash trade detected. use complex orders","reject_reason":"opposite side market/stop order exists"}
  [b835 SMCI] ENTRY failed: {"code":40310000,"existing_order_id":"ac4d342e-aafd-4de1-aafc-8fb4fce7e30d","message":"potential wash trade detected. use complex orders","reject_reason":"opposite side market/stop order exists"}
  [b918 SMCI] ENTRY failed: {"code":40310000,"existing_order_id":"ff2d7943-c932-47cf-8a2d-a602f63e0721","message":"potential wash trade detected. use complex orders","reject_reason":"opposite side market/stop order exists"}
  [b919 SMCI] ENTRY failed: {"code":40310000,"existing_order_id":"ff2d7943-c932-47cf-8a2d-a602f63e0721","message":"potential wash trade detected. use complex orders","reject_reason":"opposite side market/stop order exists"}
  [b798 COIN] ENTRY failed: {"code":40310000,"existing_order_id":"9b30cfd9-d303-4b63-9106-8fb1d23aae12","message":"potential wash trade detected. use complex orders","reject_reason":"opposite side market/stop order exists"}
  [b799 COIN] ENTRY failed: {"code":40310000,"existing_order_id":"9b30cfd9-d303-4b63-9106-8fb1d23aae12","message":"potential wash trade detected. use complex orders","reject_reason":"opposite side market/stop order exists"}
  [b198 AMZN] ENTRY failed: {"code":40310000,"existing_order_id":"e7d5b584-2921-4a05-97e2-f7510adc4ff2","message":"potential wash trade detected. use complex orders","reject_reason":"opposite side market/stop order exists"}
  [b199 AMZN] ENTRY failed: {"code":40310000,"existing_order_id":"e7d5b584-2921-4a05-97e2-f7510adc4ff2","message":"potential wash trade detected. use complex orders","reject_reason":"opposite side market/stop order exists"}
  [b240 AMZN] ENTRY failed: {"code":40310000,"existing_order_id":"e7d5b584-2921-4a05-97e2-f7510adc4ff2","message":"potential wash trade detected. use complex orders","reject_reason":"opposite side market/stop order exists"}
  [b241 AMZN] ENTRY failed: {"code":40310000,"existing_order_id":"e7d5b584-2921-4a05-97e2-f7510adc4ff2","message":"potential wash trade detected. use complex orders","reject_reason":"opposite side market/stop order exists"}
  [b774 MARA] ENTRY failed: {"code":40310000,"existing_order_id":"e9080789-17a7-4937-9d48-0a821955ac16","message":"potential wash trade detected. use complex orders","reject_reason":"opposite side market/stop order exists"}
  [b775 MARA] ENTRY failed: {"code":40310000,"existing_order_id":"e9080789-17a7-4937-9d48-0a821955ac16","message":"potential wash trade detected. use complex orders","reject_reason":"opposite side market/stop order exists"}
  [b890 MARA] ENTRY failed: {"code":40310000,"existing_order_id":"e9080789-17a7-4937-9d48-0a821955ac16","message":"potential wash trade detected. use complex orders","reject_reason":"opposite side market/stop order exists"}
  [b891 MARA] ENTRY failed: {"code":40310000,"existing_order_id":"e9080789-17a7-4937-9d48-0a821955ac16","message":"potential wash trade detected. use complex orders","reject_reason":"opposite side market/stop order exists"}
  [b918 MARA] ENTRY failed: {"code":40310000,"existing_order_id":"3bcf15d6-e5d0-4c51-b5ba-0c40b9a9ce64","message":"potential wash trade detected. use complex orders","reject_reason":"opposite side market/stop order exists"}
  [b919 MARA] ENTRY failed: {"code":40310000,"existing_order_id":"3bcf15d6-e5d0-4c51-b5ba-0c40b9a9ce64","message":"potential wash trade detected. use complex orders","reject_reason":"opposite side market/stop order exists"}
  [b918 MSTR] ENTRY failed: {"code":40310000,"existing_order_id":"a7c74793-6fae-44d3-bf49-461c8f157d20","message":"potential wash trade detected. use complex orders","reject_reason":"opposite side market/stop order exists"}
  [b919 MSTR] ENTRY failed: {"code":40310000,"existing_order_id":"a7c74793-6fae-44d3-bf49-461c8f157d20","message":"potential wash trade detected. use complex orders","reject_reason":"opposite side market/stop order exists"}
  [b268 AAPL] ENTRY failed: {"code":40310000,"existing_order_id":"a0399e27-e414-4363-9e42-ee25d169cd04","message":"potential wash trade detected. use complex orders","reject_reason":"opposite side market/stop order exists"}
  [b269 AAPL] ENTRY failed: {"code":40310000,"existing_order_id":"a0399e27-e414-4363-9e42-ee25d169cd04","message":"potential wash trade detected. use complex orders","reject_reason":"opposite side market/stop order exists"}
  [b198 GOOGL] ENTRY failed: {"code":40310000,"existing_order_id":"2a66bee1-414d-42b2-96a0-986b124efbe0","message":"potential wash trade detected. use complex orders","reject_reason":"opposite side market/stop order exists"}
  [b199 GOOGL] ENTRY failed: {"code":40310000,"existing_order_id":"2a66bee1-414d-42b2-96a0-986b124efbe0","message":"potential wash trade detected. use complex orders","reject_reason":"opposite side market/stop order exists"}
  [b240 GOOGL] ENTRY failed: {"code":40310000,"existing_order_id":"2a66bee1-414d-42b2-96a0-986b124efbe0","message":"potential wash trade detected. use complex orders","reject_reason":"opposite side market/stop order exists"}
  [b241 GOOGL] ENTRY failed: {"code":40310000,"existing_order_id":"2a66bee1-414d-42b2-96a0-986b124efbe0","message":"potential wash trade detected. use complex orders","reject_reason":"opposite side market/stop order exists"}
  [b268 V] ENTRY failed: {"code":40310000,"existing_order_id":"985697b8-e9fb-4373-9c35-754248bceda0","message":"potential wash trade detected. use complex orders","reject_reason":"opposite side market/stop order exists"}
  [b269 V] ENTRY failed: {"code":40310000,"existing_order_id":"985697b8-e9fb-4373-9c35-754248bceda0","message":"potential wash trade detected. use complex orders","reject_reason":"opposite side market/stop order exists"}
  [b100 C] ENTRY failed: {"code":40310000,"existing_order_id":"41836aa0-1873-48d3-93ea-18748107015c","message":"potential wash trade detected. use complex orders","reject_reason":"opposite side market/stop order exists"}
  [b101 C] ENTRY failed: {"code":40310000,"existing_order_id":"41836aa0-1873-48d3-93ea-18748107015c","message":"potential wash trade detected. use complex orders","reject_reason":"opposite side market/stop order exists"}
  Skipped: 250 no tradeable call, 319 pending order
Placed 45 new entry order(s).
Protective stops: placed=7 upgraded=0 already=39 failed=6 (market-first)

[Portfolio snapshot]
+========================================================================+
|[OPTIONS BOT DAILY VITALS (MATRIX EXPERIMENT)]                          |
+========================================================================+
|-- ACCOUNT STATUS (entry+manage) --                                     |
|Equity       : $1,000,565.83                                            |
|Open Risk    : 203 lots (55 broker pos)                                 |
|Today's Run  : 372 signals -> 45 orders submitted                       |
|                                                                        |
|-- SYSTEM HEALTH --                                                     |
|Zombies      : 0 (Ledger is clean)                                      |
|Lab Status   : 203 Active Lots | 12 Pending Orders                      |
|Auto-Matrix  : (Pending EOD report generation)                          |
+========================================================================+
+========================================================================+
|[DATA QUALITY: CLEAN vs ERRORS vs KEEP-ONLY]                            |
+========================================================================+
|  CLEAN              n=1144  win= 49.5%  med=  -5.2%  $+15,721          |
|  TAINTED            n=1825  win= 33.4%  med= -39.0%  $-9,081           |
|  KEEP-only          n=635   win= 63.0%  med= +51.0%  $+11,091          |
|  KEEP recent        n=427   win= 60.0%  med= +53.3%  $+5,834           |
|  KEEP(24): S163,S168,S173,S174,S210,S218,S350,S352...                  |
|  KILL(18): ORPHAN,S164,S202,S203,S207,S211,S212,S216...                |
+========================================================================+
+========================================================================+
|[+++ OVERPERFORMING STRATEGIES (n>=10)]                                 |
+========================================================================+
|  BKT  PROFILE                   WIN%   MED%   TOTAL TRADES             |
|  ---------------------------------------------------------             |
|  b832 lab0832_s406_w3_1045..  85%  +126.9%    13                       |
|  b238 lab0238_s401_w3_1045..  81%  +115.2%    16                       |
|  b861 lab0861_s408_w3_1045..  73%  +100.0%    11                       |
|  b365 lab0365_s361_w2_1005..  91%  +82.8%    11                        |
+========================================================================+
|[--- UNDERPERFORMING STRATEGIES (n>=10)]                                |
+========================================================================+
|  BKT  PROFILE                   WIN%   MED%   TOTAL TRADES             |
|  ---------------------------------------------------------             |
|  b47  lab0047_s205_w4_1120..   4%  -78.0%    28                        |
|  b307 lab0307_s354_w2_1005..  30%  -69.9%    10                        |
|  b1   lab0001_s200_w1_0928..   0%  -65.8%    10                        |
|  b41  lab0041_s205_w1_0928..  12%  -65.3%    16                        |
+========================================================================+
+========================================================================+
|[PENDING ORDERS (12)]                                                   |
+========================================================================+
|  Top groups: S168:MARA(2), S163:MARA(2), S354:MARA(2)                  |
|  ---------------------------------------------------------             |
|  b1124 S168 MARA     limit=0.35                                        |
|  b1125 S168 MARA     limit=0.35                                        |
|  b1138 S163 MARA     limit=0.35                                        |
|  b1139 S163 MARA     limit=0.35                                        |
|  b306 S354 MARA     limit=0.35                                         |
|  ... 7 more pending order(s)                                           |
+========================================================================+
+========================================================================+
|[PENDING EXITS (1)]                                                     |
+========================================================================+
|  b1151 S164 ZS260911C00180000 x1 stop_loss (-75.9%)                    |
+========================================================================+
+========================================================================+
|[OPEN OPTIONS (55)]                                                     |
+========================================================================+
|  SYMBOL                      QTY    RET%        OPEN P&L               |
|  ---------------------------------------------------------             |
|  TSLA260914C00395000           8    -45.5%   $   -200.00               |
|  AMD260911C00535000           18    -19.2%   $   -175.60               |
|  AMD260911C00537500            8    -41.2%   $   -168.00               |
|  ZS260911C00180000             4    -84.9%   $   -112.62               |
|  SHOP260911C00146000           2   -100.0%   $   -112.00               |
|  SMCI260911C00039500           6    -32.1%   $   -102.00               |
|  TSLA260914C00392500           4    -37.2%   $    -90.00               |
|  COIN260911C00182500           4    -31.3%   $    -84.00               |
|  ... 47 more position(s)                                               |
+========================================================================+
Full detail: logs/options_trial/runs/2026-09-10.log
elapsed=200.2s reconcile=0.15s cancel=0.03s manage=13.12s scan=51.44s entries=109.67s
STATUS: options_morning_bot run complete (PAPER) elapsed=200.2s. run=#9608 https://github.com/28twagg-ops/TradingBot/actions/runs/34494946506
Evaluation complete: 100 strategies evaluated, 0 killed, 0 promote candidates.
Wrote /home/runner/work/TradingBot/TradingBot/logs/options_trial/reports/2026-09-10_buckets.md
Wrote /home/runner/work/TradingBot/TradingBot/logs/options_trial/reports/2026-09-10_buckets.csv
Summary: 25 buckets closed trades, $-429.00 realized
STALE WARNING: 16 bucket(s) with open lots and last_entry >5d
Wrote /home/runner/work/TradingBot/TradingBot/logs/options_trial/reports/2026-09-10_strategy_selection.md
Wrote /home/runner/work/TradingBot/TradingBot/logs/options_trial/reports/2026-09-10_strategy_selection.csv
Summary: keep=0 watch=79 drop=26
Orphan rate: 12.3% (365/2969) ALERT
# Options signal frequency

_Generated 2026-09-10T11:24:47.810447_

Headline counts are **unique (strategy, underlying, date)** from `ENTRY` lines in `logs/options_trial/runs/*.log`.
Raw log-line counts (multi-bucket duplicates) are shown below for debug.

### Unique underlying symbols per day (headline)

| Date       | S163 | S164 | S165 | S166 | S167 | S168 | S169 | S170 | S171 | S172 | S175 | S173 | S174 | Total |
|------------|-----:|-----:|-----:|-----:|-----:|-----:|-----:|-----:|-----:|-----:|-----:|-----:|-----:|------:|
| 2026-07-07 |    0 |    0 |    0 |    0 |    0 |    0 |    0 |    0 |    0 |    0 |    0 |    1 |    0 |     1 |
| 2026-07-08 |    0 |    0 |    3 |    0 |    0 |    0 |    0 |    0 |    0 |    0 |    0 |    2 |    1 |     6 |
| 2026-07-09 |    0 |    0 |    1 |    0 |    0 |    0 |    0 |    0 |    0 |    0 |    0 |    2 |    3 |     6 |
| 2026-07-10 |    0 |    0 |    1 |    0 |    0 |    0 |    0 |    0 |    0 |    0 |    0 |    1 |    1 |     3 |
| 2026-07-13 |    0 |    0 |    2 |    0 |    0 |    0 |    0 |    0 |    0 |    0 |    0 |    3 |    2 |     7 |
| 2026-07-14 |    0 |    0 |    3 |    0 |    0 |    0 |    0 |    0 |    0 |    0 |    0 |    2 |    0 |     5 |
| 2026-07-16 |    0 |    0 |    2 |    0 |    0 |    0 |    0 |    0 |    0 |    0 |    0 |    3 |    0 |     5 |
| 2026-07-17 |    0 |    0 |    2 |    0 |    0 |    0 |    0 |    0 |    0 |    0 |    0 |    2 |    0 |     4 |
| 2026-07-20 |    0 |    0 |    0 |    0 |    0 |    0 |    0 |    0 |    0 |    0 |    0 |    1 |    0 |     1 |
| 2026-07-21 |    1 |    2 |    1 |    1 |    2 |    2 |    0 |    0 |    0 |    0 |    0 |    0 |    0 |     9 |
| 2026-07-22 |    1 |    1 |    1 |    0 |    1 |    0 |    0 |    0 |    0 |    0 |    0 |    0 |    0 |     4 |
| 2026-07-24 |    1 |    1 |    1 |    0 |    1 |    1 |    0 |    0 |    0 |    0 |    0 |    0 |    0 |     5 |
| 2026-07-27 |    1 |    0 |    1 |    1 |    1 |    1 |    0 |    0 |    0 |    0 |    0 |    0 |    0 |     5 |
| 2026-07-28 |    1 |    1 |    1 |    1 |    1 |    1 |    0 |    0 |    0 |    0 |    0 |    0 |    0 |     6 |
| 2026-07-29 |    1 |    2 |    1 |    1 |    1 |    0 |    0 |    0 |    0 |    0 |    0 |    0 |    0 |     6 |
| 2026-09-01 |    2 |    2 |    2 |    1 |    2 |    2 |    0 |    0 |    0 |    0 |    0 |    0 |    0 |    11 |
| 2026-09-02 |    1 |    1 |    1 |    1 |    1 |    1 |    0 |    0 |    0 |    0 |    0 |    0 |    0 |     6 |
| 2026-09-03 |    1 |    1 |    1 |    1 |    1 |    1 |    0 |    0 |    0 |    0 |    0 |    0 |    0 |     6 |
| 2026-09-04 |    2 |    2 |    2 |    2 |    2 |    2 |    0 |    0 |    0 |    0 |    0 |    0 |    0 |    12 |
| 2026-09-08 |    1 |    2 |    2 |    0 |    2 |    2 |    0 |    0 |    0 |    0 |    0 |    0 |    0 |     9 |
| 2026-09-10 |    1 |    4 |    3 |    0 |    3 |    1 |    0 |    0 |    0 |    0 |    0 |    0 |    0 |    12 |

## Per-strategy summary (unique underlyings)

| Strategy | Unique entries | Active days | Avg unique / active day | Est. active days to n=30 exits* |
|----------|---------------:|------------:|------------------------:|--------------------------------|
| S163 | 14 | 12 | 1.2 | ~33 active signal-days |
| S164 | 19 | 11 | 1.7 | ~22 active signal-days |
| S165 | 31 | 19 | 1.6 | ~23 active signal-days |
| S166 | 9 | 8 | 1.1 | ~34 active signal-days |
| S167 | 18 | 12 | 1.5 | ~25 active signal-days |
| S168 | 14 | 10 | 1.4 | ~27 active signal-days |
| S169 | 0 | 0 | 0.0 | inf (no unique entries yet) |
| S170 | 0 | 0 | 0.0 | inf (no unique entries yet) |
| S171 | 0 | 0 | 0.0 | inf (no unique entries yet) |
| S172 | 0 | 0 | 0.0 | inf (no unique entries yet) |
| S175 | 0 | 0 | 0.0 | inf (no unique entries yet) |
| S173 | 17 | 9 | 1.9 | ~20 active signal-days |
| S174 | 7 | 4 | 1.8 | ~22 active signal-days |

\* Formula: `ceil(30 / (avg_unique_per_active_day * 80%))`. Update when real exit rates are known.

## Signal frequency by window (all time, unique strategy×symbol×date×window)

| Window | S163 | S164 | S165 | S166 | S167 | S168 | S169 | S170 | S171 | S172 | S175 | S173 | S174 | Total |
|--------|-----:|-----:|-----:|-----:|-----:|-----:|-----:|-----:|-----:|-----:|-----:|-----:|-----:|------:|
| w1     |    6 |    5 |    9 |    3 |    5 |    5 |    0 |    0 |    0 |    0 |    0 |    7 |    1 |    41 |
| w2     |    8 |    8 |   13 |    7 |    9 |    8 |    0 |    0 |    0 |    0 |    0 |    6 |    3 |    62 |
| w3     |   10 |    9 |   16 |    6 |    9 |    7 |    0 |    0 |    0 |    0 |    0 |    7 |    4 |    68 |
| w4     |    7 |    5 |   11 |    3 |    6 |    8 |    0 |    0 |    0 |    0 |    0 |    6 |    3 |    49 |

Windows (ET): w1 09:28–10:05 · w2 10:05–10:45 · w3 10:45–11:20 · w4 11:20–11:35. Parsed from controlled-layout profile names in ENTRY log lines.

## Raw vs unique totals

| Strategy | Raw log lines (includes multi-bucket duplicates) | Unique underlying symbols |
|----------|-------------------------------------------------:|--------------------------:|
| S163 | 261 | 14 |
| S164 | 283 | 19 |
| S165 | 1719 | 31 |
| S166 | 135 | 9 |
| S167 | 277 | 18 |
| S168 | 208 | 14 |
| S169 | 0 | 0 |
| S170 | 0 | 0 |
| S171 | 0 | 0 |
| S172 | 0 | 0 |
| S175 | 0 | 0 |
| S173 | 1911 | 17 |
| S174 | 891 | 7 |

### Raw log lines per day (debug / multi-bucket)

| Date       | S163 | S164 | S165 | S166 | S167 | S168 | S169 | S170 | S171 | S172 | S175 | S173 | S174 | Total |
|------------|-----:|-----:|-----:|-----:|-----:|-----:|-----:|-----:|-----:|-----:|-----:|-----:|-----:|------:|
| 2026-07-07 |    0 |    0 |    0 |    0 |    0 |    0 |    0 |    0 |    0 |    0 |    0 |  100 |    0 |   100 |
| 2026-07-08 |    0 |    0 |  100 |    0 |    0 |    0 |    0 |    0 |    0 |    0 |    0 |  100 |  100 |   300 |
| 2026-07-09 |    0 |    0 |   24 |    0 |    0 |    0 |    0 |    0 |    0 |    0 |    0 |  100 |   15 |   139 |
| 2026-07-10 |    0 |    0 |  242 |    0 |    0 |    0 |    0 |    0 |    0 |    0 |    0 |  230 |  202 |   674 |
| 2026-07-13 |    0 |    0 |  190 |    0 |    0 |    0 |    0 |    0 |    0 |    0 |    0 |  212 |  188 |   590 |
| 2026-07-14 |    0 |    0 |  194 |    0 |    0 |    0 |    0 |    0 |    0 |    0 |    0 |  185 |  106 |   485 |
| 2026-07-15 |    0 |    0 |  146 |    0 |    0 |    0 |    0 |    0 |    0 |    0 |    0 |  154 |   58 |   358 |
| 2026-07-16 |    0 |    0 |  179 |    0 |    0 |    0 |    0 |    0 |    0 |    0 |    0 |  205 |   58 |   442 |
| 2026-07-17 |    0 |    0 |  127 |    0 |    0 |    0 |    0 |    0 |    0 |    0 |    0 |  207 |   58 |   392 |
| 2026-07-20 |    0 |    0 |  107 |    0 |    0 |    0 |    0 |    0 |    0 |    0 |    0 |  143 |   58 |   308 |
| 2026-07-21 |   30 |   35 |  113 |   30 |   35 |   35 |    0 |    0 |    0 |    0 |    0 |  118 |   48 |   444 |
| 2026-07-22 |   40 |   47 |   86 |   15 |   45 |   20 |    0 |    0 |    0 |    0 |    0 |   77 |    0 |   330 |
| 2026-07-23 |   30 |   42 |   50 |   15 |   40 |   20 |    0 |    0 |    0 |    0 |    0 |   40 |    0 |   237 |
| 2026-07-24 |   75 |   87 |   85 |   15 |   77 |   55 |    0 |    0 |    0 |    0 |    0 |   40 |    0 |   434 |
| 2026-07-27 |   14 |    0 |   14 |   14 |   14 |   14 |    0 |    0 |    0 |    0 |    0 |    0 |    0 |    70 |
| 2026-07-28 |    6 |    8 |    8 |    8 |    8 |    6 |    0 |    0 |    0 |    0 |    0 |    0 |    0 |    44 |
| 2026-07-29 |   10 |   10 |   10 |    8 |   10 |    0 |    0 |    0 |    0 |    0 |    0 |    0 |    0 |    48 |
| 2026-09-01 |    8 |    6 |    6 |    2 |    6 |    6 |    0 |    0 |    0 |    0 |    0 |    0 |    0 |    34 |
| 2026-09-02 |   10 |   10 |   10 |    2 |   10 |   14 |    0 |    0 |    0 |    0 |    0 |    0 |    0 |    56 |
| 2026-09-03 |   10 |    4 |    4 |   16 |    4 |   10 |    0 |    0 |    0 |    0 |    0 |    0 |    0 |    48 |
| 2026-09-04 |   12 |   14 |    8 |   10 |    8 |   10 |    0 |    0 |    0 |    0 |    0 |    0 |    0 |    62 |
| 2026-09-08 |    4 |    8 |    8 |    0 |    8 |    8 |    0 |    0 |    0 |    0 |    0 |    0 |    0 |    36 |
| 2026-09-10 |   12 |   12 |    8 |    0 |   12 |   10 |    0 |    0 |    0 |    0 |    0 |    0 |    0 |    54 |

## Notes

- Pre-router-fix (before 2026-07-17 commit `56660c9e`): S163/S166 were starved — expect zeros until a post-fix entry-window gap-down day.
- Controlled layout places one ENTRY per matching bucket×strategy; raw counts inflate, unique underlyings do not.


Wrote /home/runner/work/TradingBot/TradingBot/logs/options_trial/reports/signal_frequency.md
## Ledger health — 2026-09-10
| Check                       | Count | Status |
|-----------------------------|------:|--------|
| Current stuck (state)       |    15 | WARN | <<<
| Orphaned lots (post-stable) |  1200 | WARN | <<<
| Missing exit records (post) |  1185 | WARN | <<<
| State/ledger mismatches     |     9 | WARN | <<<
| Total open lots             |   203 | INFO |
| Total closed lots           |  2137 | INFO |
| Pre-cutoff audit debt       |     0 | INFO |
| Transition audit debt       |   744 | INFO |

Wrote /home/runner/work/TradingBot/TradingBot/logs/options_trial/reports/ledger_health.md
Wrote /home/runner/work/TradingBot/TradingBot/logs/options_trial/reports/2026-09-10_data_quality.md
Wrote /home/runner/work/TradingBot/TradingBot/logs/options_trial/reports/2026-09-10_data_quality.csv
Wrote /home/runner/work/TradingBot/TradingBot/logs/options_trial/reports/latest_data_quality.json
Wrote /home/runner/work/TradingBot/TradingBot/logs/options_trial/reports/latest_data_quality_snippet.md
CLEAN n=1144 med=-5.2% | TAINTED n=1825 med=-39.0% | KEEP-only n=635 med=+51.0% | KILL=18 KEEP=24
Wrote /home/runner/work/TradingBot/TradingBot/logs/dashboard.html
equity=227.16 router=CONFIRMED leaderboard_rows=105
Wrote /home/runner/work/TradingBot/TradingBot/logs/rubber_band_report.md
| 1 | MA_Squeeze | 2 | 100% | +0.56% | +0.56% | +0.17% | 999.00 | 0.0d | $+0.80 | WATCH |
| 2 | unknown | 32 | 19% | -0.03% | -0.59% | -1.27% | 1.44 | 0.0d | $+0.29 | ACTIVE |
