options_reconcile: state=/home/runner/work/TradingBot/TradingBot/logs/options_trial/_state/lab_state.json
  open_lots=59 paper_keys=yes dry_run=False
  alpaca positions=20
  FLAG b857|S408|900c4578 missing from Alpaca
  FLAG b856|S408|be48d4c7 missing from Alpaca
  State updated with reconciled lots.
options_reconcile: done
Layout: controlled:1164:live_1to1+variations (layout changed controlled:100:c000_s173_w1_0928_1005_r1 -> controlled:1164:live_1to1+variations)
Trial layout: /home/runner/work/TradingBot/TradingBot/logs/options_trial
Docs:         skipped (local docs unavailable on this runner)
Buckets:      1164
PROBE FAIL: {"code":50010000,"message":"internal server error occurred"}
paper probe failed (non-fatal)
=== options_morning_bot (PAPER) 2026-09-21T09:34:59.185426-04:00 ===

[Run context]
2026-09-21 09:34:59,303 WARNING paper get_account failed attempt 1/3 (transient): {"code":50010000,"message":"internal server error occurred"}; sleep 2s
2026-09-21 09:35:01,355 WARNING paper get_account failed attempt 2/3 (transient): {"code":50010000,"message":"internal server error occurred"}; sleep 4s
2026-09-21 09:35:05,402 ERROR paper get_account failed after 3 attempts: {"code":50010000,"message":"internal server error occurred"}
WARN: get_account failed ({"code":50010000,"message":"internal server error occurred"}) but positions OK (n=20). Keys are fine; Alpaca account endpoint is flaky. Using cached equity $997158.09.
2026-09-21 09:35:05,515 WARNING paper get_account failed attempt 1/2 (transient): {"code":50010000,"message":"internal server error occurred"}; sleep 2s
2026-09-21 09:35:07,560 ERROR paper get_account failed after 2 attempts: {"code":50010000,"message":"internal server error occurred"}
WARN: using cached paper equity $997158.09 (get_account: {"code":50010000,"message":"internal server error occurred"})
2026-09-21 09:35:07,620 WARNING lab get_account failed attempt 1/2: {"code":50010000,"message":"internal server error occurred"}
2026-09-21 09:35:09,680 ERROR lab get_account failed after 2 attempts: {"code":50010000,"message":"internal server error occurred"}

[Setup]
LIVE 1:1 bucket b90 live_1to1 — S218, S404, S406 | TP+50%/SL-40% | stop-mkt | min $20
Variation study: 1163 lab/promising bucket(s) | cohort: all paper strategies | max 400 new entries/run
Dropped (no new entries; ex-reflected P&L): S203, S207, S212, S360, S405, S407
  EXIT [b434|lab0434_s366_w2_1005_1045_r1|S366] take_profit (+194.0%) SELL failed MARA260925C00012500: {"code":40310000,"message":"account not eligible to trade uncovered option contracts"}
  EXIT [b433|lab0433_s366_w1_0928_1005_r2|S366] take_profit (+194.0%) SELL failed MARA260925C00012500: {"code":40310000,"message":"account not eligible to trade uncovered option contracts"}
  EXIT [b432|lab0432_s366_w1_0928_1005_r1|S366] take_profit (+194.0%) SELL failed MARA260925C00012500: {"code":40310000,"message":"account not eligible to trade uncovered option contracts"}
  EXIT [b166|lab0166_s216_w2_1005_1045_r1|S216] stop_loss (-57.1%) SELL failed CELH260925C00029500: {"code":50010000,"message":"internal server error occurred"}
