=== options_live_micro LIVE 2026-08-21T12:16:04.594997-04:00 share=25% ===
2026-08-21 12:16:04,595 INFO === options_live_micro LIVE 2026-08-21T12:16:04.594997-04:00 share=25% ===
Live account equity $317.27 cash $201.38 #225458845 options_level=3
2026-08-21 12:16:04,822 INFO Live account equity $317.27 cash $201.38 #225458845 options_level=3
Live micro cancel-scan WMT260821C00110000: symbol-scoped n=1
2026-08-21 12:16:04,937 INFO Live micro cancel-scan WMT260821C00110000: symbol-scoped n=1
Live micro cancel stale sell WMT260821C00110000 id=ca56ef57-c07a-46db-ac29-f98cc0171530 cid=OLX|065d3898af58 broker_sym='WMT260821C00110000'
2026-08-21 12:16:04,993 INFO Live micro cancel stale sell WMT260821C00110000 id=ca56ef57-c07a-46db-ac29-f98cc0171530 cid=OLX|065d3898af58 broker_sym='WMT260821C00110000'
Live micro orphan_adopt WMT260821C00110000 x1 entry=0.09
2026-08-21 12:16:04,994 INFO Live micro orphan_adopt WMT260821C00110000 x1 entry=0.09
Live micro hold ORPHAN COST260828C01000000 -28.6% (tp +50% / sl -40%)
2026-08-21 12:16:05,052 INFO Live micro hold ORPHAN COST260828C01000000 -28.6% (tp +50% / sl -40%)
Live micro cancel-scan WMT260821C00110000: symbol-scoped n=1
2026-08-21 12:16:05,168 INFO Live micro cancel-scan WMT260821C00110000: symbol-scoped n=1
Live micro cancel stale sell WMT260821C00110000 id=ca56ef57-c07a-46db-ac29-f98cc0171530 cid=OLX|065d3898af58 broker_sym='WMT260821C00110000'
2026-08-21 12:16:05,224 INFO Live micro cancel stale sell WMT260821C00110000 id=ca56ef57-c07a-46db-ac29-f98cc0171530 cid=OLX|065d3898af58 broker_sym='WMT260821C00110000'
LIVE EXIT stop_loss (-100.0%) WMT260821C00110000 x1 limit=0.01 id=78436089-d7eb-4269-a6d5-cd013380080e
2026-08-21 12:16:05,939 INFO LIVE EXIT stop_loss (-100.0%) WMT260821C00110000 x1 limit=0.01 id=78436089-d7eb-4269-a6d5-cd013380080e
Live micro cancel-scan COST260828C01000000: symbol-scoped n=1
2026-08-21 12:16:05,997 INFO Live micro cancel-scan COST260828C01000000: symbol-scoped n=1
Live micro cancel-scan COST260828C01000000: no non-OLS sell to cancel
2026-08-21 12:16:05,997 INFO Live micro cancel-scan COST260828C01000000: no non-OLS sell to cancel
LIVE PROT check COST260828C01000000: have_ols=True open_matched=1 ols_id=ab9b8a23-2f03-4a3a-b25a-799118f49712 ols_type=stop
2026-08-21 12:16:06,126 INFO LIVE PROT check COST260828C01000000: have_ols=True open_matched=1 ols_id=ab9b8a23-2f03-4a3a-b25a-799118f49712 ols_type=stop
Live micro: manage/exits only
2026-08-21 12:16:06,126 INFO Live micro: manage/exits only
Live micro done. open_options=2 lots=1
2026-08-21 12:16:06,187 INFO Live micro done. open_options=2 lots=1
