19:56:29  INFO      Mode: scan
19:56:30  INFO        [positions] 5/5 (5 valid)
19:56:30  INFO        SELL LIMIT NVST  qty=3.329577464  limit=$28.33  id=8d02686c-11e1-44fa-add5-419292cacdb6
19:57:01  INFO        SELL LIMIT filled NVST (confirmed by position check)
19:57:01  INFO        TX logged: SELL NVST  P&L -0.23%
19:57:01  INFO        Universe cache hit: 903 tickers (tickers_2026-08-05.json)
19:57:02  INFO        [universe] 40/899 (40 valid)
19:57:04  INFO        [universe] 80/899 (80 valid)
19:57:05  INFO        [universe] 120/899 (120 valid)
19:57:07  INFO        [universe] 160/899 (160 valid)
19:57:08  INFO        [universe] 200/899 (199 valid)
19:57:15  INFO        [universe] 240/899 (238 valid)
19:57:26  INFO        [universe] 280/899 (278 valid)
19:57:39  INFO        [universe] 320/899 (318 valid)
19:57:50  INFO        [universe] 360/899 (358 valid)
19:58:03  INFO        [universe] 400/899 (397 valid)
19:58:14  INFO        [universe] 440/899 (437 valid)
19:58:27  INFO        [universe] 480/899 (477 valid)
19:58:38  INFO        [universe] 520/899 (517 valid)
19:58:51  INFO        [universe] 560/899 (557 valid)
19:59:02  INFO        [universe] 600/899 (597 valid)
19:59:16  INFO        [universe] 640/899 (637 valid)
19:59:26  INFO        [universe] 680/899 (677 valid)
19:59:40  INFO        [universe] 720/899 (717 valid)
19:59:50  INFO        [universe] 760/899 (757 valid)
20:00:04  INFO        [universe] 800/899 (797 valid)
20:00:15  INFO        [universe] 840/899 (836 valid)
