13:36:19  INFO      Mode: morning_prep
13:36:20  INFO        [prep_positions] 3/3 (3 valid)
13:36:20  INFO      Fetching tickers (universe=both)...
13:36:20  INFO        S&P 500: 503
13:36:20  INFO        MidCap 400: 400
13:36:20  INFO        Total: 903 tickers
13:36:21  INFO        [prep_universe] 40/900 (40 valid)
13:36:23  INFO        [prep_universe] 80/900 (80 valid)
13:36:24  INFO        [prep_universe] 120/900 (120 valid)
13:36:25  INFO        [prep_universe] 160/900 (160 valid)
13:36:26  INFO        [prep_universe] 200/900 (199 valid)
13:36:33  INFO        [prep_universe] 240/900 (238 valid)
13:36:46  INFO        [prep_universe] 280/900 (278 valid)
13:36:57  INFO        [prep_universe] 320/900 (318 valid)
13:37:10  INFO        [prep_universe] 360/900 (358 valid)
13:37:23  INFO        [prep_universe] 400/900 (397 valid)
13:37:33  INFO        [prep_universe] 440/900 (437 valid)
13:37:46  INFO        [prep_universe] 480/900 (477 valid)
13:37:57  INFO        [prep_universe] 520/900 (517 valid)
13:38:10  INFO        [prep_universe] 560/900 (557 valid)
13:38:23  INFO        [prep_universe] 600/900 (597 valid)
13:38:33  INFO        [prep_universe] 640/900 (637 valid)
13:38:46  INFO        [prep_universe] 680/900 (677 valid)
13:38:57  INFO        [prep_universe] 720/900 (717 valid)
13:39:10  INFO        [prep_universe] 760/900 (757 valid)
13:39:23  INFO        [prep_universe] 800/900 (797 valid)
13:39:33  INFO        [prep_universe] 840/900 (836 valid)
13:39:46  INFO        [prep_universe] 880/900 (876 valid)
13:39:53  INFO        [prep_universe] 900/900 (896 valid)

+========================================================================+
|  RUBBER BAND BOT  v8                                                   |
+------------------------------------------------------------------------+
|  Mode                                                      MORNING_PREP|
|  Time                                                         13:36 UTC|
|  Regime                                                            BULL|
|  Universe                                                          both|
|  Equity                                                         $233.31|
+========================================================================+

+========================================================================+
|                              MORNING PREP                              |
+========================================================================+
|  Goal                   Precompute exits/signals for next execution run|
|  Plan file                                 logs/plans/morning_plan.json|
|  Regime                                                            BULL|
+========================================================================+

+========================================================================+
|                       OPEN POSITION P&L SNAPSHOT                       |
+========================================================================+
|  Open positions                                                       3|
|  Invested                                                       $104.51|
|  Open P&L                                                        $-0.85|
|  TICKER   STRATEGY        INVESTED   ENTRY    NOW      P&L%    P&L$    |
+------------------------------------------------------------------------+
|  GOOGL    Pullback50      $34.64     $347.20  $342.40  -1.4%   $-0.48  |
|  HIG      Pullback50      $35.10     $138.36  $138.26  -0.1%   $-0.02  |
|  PHM      Pullback50      $34.78     $128.52  $127.28  -1.0%   $-0.34  |
+========================================================================+

+========================================================================+
|                            OPEN SELL ORDERS                            |
+========================================================================+
|  Count                                                                0|
|                                                                        |
|  No open sell orders.                                                  |
|                                                                        |
+========================================================================+

+========================================================================+
|                              PREP SUMMARY                              |
+========================================================================+
|  Saved                                                              yes|
|  Exit candidates                                                      3|
|  Signal candidates                                                   15|
|  Universe scanned                                                   900|
+========================================================================+
