options_reconcile: state=/home/runner/work/TradingBot/TradingBot/logs/options_trial/_state/lab_state.json
  open_lots=101 paper_keys=yes dry_run=False
  alpaca positions=22
options_reconcile: done
Layout: controlled:1164:live_1to1+variations (layout changed controlled:100:c000_s173_w1_0928_1005_r1 -> controlled:1164:live_1to1+variations)
Trial layout: /home/runner/work/TradingBot/TradingBot/logs/options_trial
Docs:         skipped (local docs unavailable on this runner)
Buckets:      1164
PROBE OK: paper account status=AccountStatus.ACTIVE equity=$996,838.53
  buying_power=$3,931,142.88 cash=$1,030,011.53
  open option orders: 20
    SLB260918C00052500 OrderSide.BUY qty=1 status=OrderStatus.NEW limit=0.5
    SLB260918C00052500 OrderSide.BUY qty=1 status=OrderStatus.NEW limit=0.5
    CRWD260918C00275000 OrderSide.SELL qty=1 status=OrderStatus.NEW limit=None
    CRWD260918C00270000 OrderSide.SELL qty=1 status=OrderStatus.NEW limit=None
    CRWD260918C00262500 OrderSide.SELL qty=4 status=OrderStatus.NEW limit=None
  open option positions: 21
    CRWD260918C00257500 qty=6 mkt=$690.00
    CRWD260918C00260000 qty=1 mkt=$85.00
    CRWD260918C00262500 qty=4 mkt=$208.00
    CRWD260918C00270000 qty=1 mkt=$10.00
    CRWD260918C00275000 qty=1 mkt=$4.00
PROBE: check-only pass (use --smoke-entry to place a test order)
=== options_morning_bot (PAPER) 2026-09-17T10:26:24.616271-04:00 ===

[Run context]
Paper auth OK — equity $996871.03, account PA33P8KT02IL

[Setup]
LIVE 1:1 bucket b90 live_1to1 — S218, S404, S406 | TP+50%/SL-40% | stop-mkt | min $20
Variation study: 1163 lab/promising bucket(s) | cohort: all paper strategies | max 400 new entries/run
Dropped (no new entries; ex-reflected P&L): S203, S207, S212, S360, S405, S407
  EXIT [b434|lab0434_s366_w2_1005_1045_r1|S366] stop_loss (-67.8%) SELL failed MARA260925C00012500: {"code":40310000,"message":"account not eligible to trade uncovered option contracts"}
  EXIT [b433|lab0433_s366_w1_0928_1005_r2|S366] stop_loss (-67.8%) SELL failed MARA260925C00012500: {"code":40310000,"message":"account not eligible to trade uncovered option contracts"}
  EXIT [b432|lab0432_s366_w1_0928_1005_r1|S366] stop_loss (-67.8%) SELL failed MARA260925C00012500: {"code":40310000,"message":"account not eligible to trade uncovered option contracts"}
2026-09-17 10:26:28,092 INFO   EXIT [b90|live_1to1|S406] take_profit (+97.7%) SELL 1 CRWD260918C00260000 @<= 0.82
2026-09-17 10:26:30,854 INFO   EXIT [b831|lab0831_s406_w2_1005_1045_r2|S406] take_profit (+65.6%) SELL 1 CRWD260918C00262500 @<= 0.54
2026-09-17 10:26:31,447 INFO   EXIT [b235|lab0235_s401_w1_0928_1005_r2|S401] stop_loss (-66.7%) SELL 1 XOM260918C00172500 @<= 0.02
  EXIT [b182|lab0182_s217_w3_1045_1120_r1|S217] stop_loss (-91.7%) SELL failed HON260918C00215000: {"code":40310000,"message":"account not eligible to trade uncovered option contracts"}
  EXIT [b861|lab0861_s408_w3_1045_1120_r2|S408] stop_loss (-100.0%) SELL failed MSTR260918C00157500: {"code":40310000,"message":"account not eligible to trade uncovered option contracts"}
2026-09-17 10:26:34,455 INFO   EXIT [b901|lab0901_s411_w2_1005_1045_r2|S411] take_profit (+83.1%) SELL 1 CRWD260918C00257500 @<= 1.21
  EXIT [b783|lab0783_s397_w4_1120_1135_r2|S397] take_profit (+255.6%) SELL failed SNOW260918C00347500: {"code":40310000,"message":"account not eligible to trade uncovered option contracts"}
Protective stops: placed=0 upgraded=0 already=10 failed=7 (market-first)

[Scan + entries]
Scanning 117 symbols for [S165, S164, S168, S167, S166, S163, S169, S170, S171, S172, S175, S200, S201, S202, S204, S205, S206, S208, S209, S210, S211, S213, S214, S215, S216, S217, S218, S219, S220, S221, S400, S401, S402, S403, S350, S351, S352, S353, S354, S355, S356, S357, S358, S359, S361, S362, S363, S364, S365, S366, S367, S368, S369, S370, S371, S372, S373, S374, S375, S376, S377, S378, S379, S380, S381, S382, S383, S384, S385, S386, S387, S388, S389, S390, S391, S392, S393, S394, S413, S414, S415, S416, S417, S418, S395, S396, S397, S398, S399, S404, S406, S408, S409, S410, S411, S412, S413, S414, S415, S416, S417, S418, S419] …
Fetched daily bars for 113/117 symbols
Found 94 signal(s); top: ['S165:CRWD', 'S164:CRWD', 'S168:CRWD', 'S167:CRWD', 'S163:CRWD', 'S350:CRWD', 'S351:CRWD', 'S352:CRWD']
Paper lab: $996871 broker equity -> 1164 bucket(s) ($500 virtual each, unlimited paper)
  [b96 MARA] ENTRY failed: {"buy_limit_price":"0.06","code":40310000,"existing_order_id":"82c7bae8-54a0-4a85-a560-e150554fee0d","message":"potential wash trade detected. use complex orders","reject_reason":"sell order exists, buy limit price should be less than existing sell limit price","sell_limit_price":"0.05"}
  [b97 MARA] ENTRY failed: {"buy_limit_price":"0.06","code":40310000,"existing_order_id":"82c7bae8-54a0-4a85-a560-e150554fee0d","message":"potential wash trade detected. use complex orders","reject_reason":"sell order exists, buy limit price should be less than existing sell limit price","sell_limit_price":"0.05"}
  Skipped: 99 no tradeable call, 37 already attempted today, 2 open order exists, 10 pending order
Placed 0 new entry order(s).
Protective stops: placed=2 upgraded=0 already=10 failed=4 (market-first)

[Portfolio snapshot]
+========================================================================+
|[OPTIONS BOT DAILY VITALS (MATRIX EXPERIMENT)]                          |
+========================================================================+
|-- ACCOUNT STATUS (entry+manage) --                                     |
|Equity       : $996,871.03                                              |
|Open Risk    : 98 lots (20 broker pos)                                  |
|Today's Run  : 94 signals -> 0 orders submitted                         |
|                                                                        |
|-- SYSTEM HEALTH --                                                     |
|Zombies      : 0 (Ledger is clean)                                      |
|Lab Status   : 98 Active Lots | 4 Pending Orders                        |
|Auto-Matrix  : (Pending EOD report generation)                          |
+========================================================================+
+========================================================================+
|[DATA QUALITY: CLEAN vs ERRORS vs KEEP-ONLY]                            |
+========================================================================+
|  CLEAN              n=1278  win= 48.2%  med= -25.0%  $+15,718          |
|  TAINTED            n=1869  win= 33.4%  med= -39.0%  $-9,297           |
|  KEEP-only          n=668   win= 61.8%  med= +50.9%  $+10,917          |
|  KEEP recent        n=471   win= 59.4%  med= +53.1%  $+6,272           |
|  KEEP(23): S163,S168,S173,S174,S210,S218,S350,S353...                  |
|  KILL(20): ORPHAN,S164,S202,S203,S207,S211,S212,S216...                |
+========================================================================+
+========================================================================+
|[+++ OVERPERFORMING STRATEGIES (n>=10)]                                 |
+========================================================================+
|  BKT  PROFILE                   WIN%   MED%   TOTAL TRADES             |
|  ---------------------------------------------------------             |
|  b238 lab0238_s401_w3_1045..  83%  +107.1%    18                       |
|  b832 lab0832_s406_w3_1045..  79%  +91.1%    14                        |
|  b861 lab0861_s408_w3_1045..  67%  +83.3%    12                        |
|  b365 lab0365_s361_w2_1005..  91%  +82.8%    11                        |
+========================================================================+
|[--- UNDERPERFORMING STRATEGIES (n>=10)]                                |
+========================================================================+
|  BKT  PROFILE                   WIN%   MED%   TOTAL TRADES             |
|  ---------------------------------------------------------             |
|  b47  lab0047_s205_w4_1120..   4%  -78.0%    28                        |
|  b167 lab0167_s216_w2_1005..  20%  -71.8%    10                        |
|  b307 lab0307_s354_w2_1005..  30%  -69.9%    10                        |
|  b1   lab0001_s200_w1_0928..   0%  -65.8%    10                        |
+========================================================================+
+========================================================================+
|[PENDING ORDERS (4)]                                                    |
+========================================================================+
|  Top groups: S361:CRWD(2), S403:SLB(2)                                 |
|  ---------------------------------------------------------             |
|  b362 S361 CRWD     limit=0.40                                         |
|  b363 S361 CRWD     limit=0.40                                         |
|  b264 S403 SLB      limit=0.50                                         |
|  b265 S403 SLB      limit=0.50                                         |
+========================================================================+
+========================================================================+
|[PENDING EXITS (3)]                                                     |
+========================================================================+
|  b267 S403 PATH260918C00016000 x1 stop_loss (-100.0%)                  |
|  b395 S363 MARA260918C00012000 x1 stop_loss (-86.2%)                   |
|  b235 S401 XOM260918C00172500 x1 stop_loss (-66.7%)                    |
+========================================================================+
+========================================================================+
|[OPEN OPTIONS (20)]                                                     |
+========================================================================+
|  SYMBOL                      QTY    RET%        OPEN P&L               |
|  ---------------------------------------------------------             |
|  MARA260918C00012000          69    -86.2%   $ -1,722.16               |
|  CRWD260918C00257500           5    +98.5%   $   +320.00               |
|  SNOW260918C00347500           1   +261.9%   $   +165.00               |
|  MARA260925C00012500           3    -67.8%   $   -101.00               |
|  CRWD260918C00262500           3    +84.4%   $    +81.00               |
|  HON260918C00215000            1    -91.7%   $    -55.00               |
|  MARA261002C00012000           2    -26.3%   $    -30.00               |
|  MARA260925C00011500          -1   -168.8%   $    -27.00               |
|  ... 12 more position(s)                                               |
+========================================================================+
Full detail: logs/options_trial/runs/2026-09-17.log
elapsed=87.6s reconcile=0.51s cancel=0.16s manage=9.73s scan=53.46s entries=16.43s
STATUS: options_morning_bot run complete (PAPER) elapsed=87.6s. run=#10256 https://github.com/28twagg-ops/TradingBot/actions/runs/35233407974
Evaluation complete: 100 strategies evaluated, 0 killed, 0 promote candidates.
Wrote /home/runner/work/TradingBot/TradingBot/logs/options_trial/reports/2026-09-17_buckets.md
Wrote /home/runner/work/TradingBot/TradingBot/logs/options_trial/reports/2026-09-17_buckets.csv
Summary: 12 buckets closed trades, $-84.00 realized
STALE WARNING: 26 bucket(s) with open lots and last_entry >5d
Wrote /home/runner/work/TradingBot/TradingBot/logs/options_trial/reports/2026-09-17_strategy_selection.md
Wrote /home/runner/work/TradingBot/TradingBot/logs/options_trial/reports/2026-09-17_strategy_selection.csv
Summary: keep=0 watch=79 drop=26
Orphan rate: 12.5% (394/3147) ALERT
# Options signal frequency

_Generated 2026-09-17T10:27:58.597570_

Headline counts are **unique (strategy, underlying, date)** from `ENTRY` lines in `logs/options_trial/runs/*.log`.
Raw log-line counts (multi-bucket duplicates) are shown below for debug.

### Unique underlying symbols per day (headline)

| Date       | S163 | S164 | S165 | S166 | S167 | S168 | S169 | S170 | S171 | S172 | S175 | S173 | S174 | Total |
|------------|-----:|-----:|-----:|-----:|-----:|-----:|-----:|-----:|-----:|-----:|-----:|-----:|-----:|------:|
| 2026-07-07 |    0 |    0 |    0 |    0 |    0 |    0 |    0 |    0 |    0 |    0 |    0 |    1 |    0 |     1 |
| 2026-07-08 |    0 |    0 |    3 |    0 |    0 |    0 |    0 |    0 |    0 |    0 |    0 |    2 |    1 |     6 |
| 2026-07-09 |    0 |    0 |    1 |    0 |    0 |    0 |    0 |    0 |    0 |    0 |    0 |    2 |    3 |     6 |
| 2026-07-10 |    0 |    0 |    1 |    0 |    0 |    0 |    0 |    0 |    0 |    0 |    0 |    1 |    1 |     3 |
| 2026-07-13 |    0 |    0 |    2 |    0 |    0 |    0 |    0 |    0 |    0 |    0 |    0 |    3 |    2 |     7 |
| 2026-07-14 |    0 |    0 |    3 |    0 |    0 |    0 |    0 |    0 |    0 |    0 |    0 |    2 |    0 |     5 |
| 2026-07-16 |    0 |    0 |    2 |    0 |    0 |    0 |    0 |    0 |    0 |    0 |    0 |    3 |    0 |     5 |
| 2026-07-17 |    0 |    0 |    2 |    0 |    0 |    0 |    0 |    0 |    0 |    0 |    0 |    2 |    0 |     4 |
| 2026-07-20 |    0 |    0 |    0 |    0 |    0 |    0 |    0 |    0 |    0 |    0 |    0 |    1 |    0 |     1 |
| 2026-07-21 |    1 |    2 |    1 |    1 |    2 |    2 |    0 |    0 |    0 |    0 |    0 |    0 |    0 |     9 |
| 2026-07-22 |    1 |    1 |    1 |    0 |    1 |    0 |    0 |    0 |    0 |    0 |    0 |    0 |    0 |     4 |
| 2026-07-24 |    1 |    1 |    1 |    0 |    1 |    1 |    0 |    0 |    0 |    0 |    0 |    0 |    0 |     5 |
| 2026-07-27 |    1 |    0 |    1 |    1 |    1 |    1 |    0 |    0 |    0 |    0 |    0 |    0 |    0 |     5 |
| 2026-07-28 |    1 |    1 |    1 |    1 |    1 |    1 |    0 |    0 |    0 |    0 |    0 |    0 |    0 |     6 |
| 2026-07-29 |    1 |    2 |    1 |    1 |    1 |    0 |    0 |    0 |    0 |    0 |    0 |    0 |    0 |     6 |
| 2026-09-01 |    2 |    2 |    2 |    1 |    2 |    2 |    0 |    0 |    0 |    0 |    0 |    0 |    0 |    11 |
| 2026-09-02 |    1 |    1 |    1 |    1 |    1 |    1 |    0 |    0 |    0 |    0 |    0 |    0 |    0 |     6 |
| 2026-09-03 |    1 |    1 |    1 |    1 |    1 |    1 |    0 |    0 |    0 |    0 |    0 |    0 |    0 |     6 |
| 2026-09-04 |    2 |    2 |    2 |    2 |    2 |    2 |    0 |    0 |    0 |    0 |    0 |    0 |    0 |    12 |
| 2026-09-08 |    1 |    2 |    2 |    0 |    2 |    2 |    0 |    0 |    0 |    0 |    0 |    0 |    0 |     9 |
| 2026-09-10 |    1 |    3 |    2 |    0 |    2 |    1 |    0 |    0 |    0 |    0 |    0 |    0 |    0 |     9 |
| 2026-09-15 |    1 |    2 |    2 |    0 |    2 |    2 |    0 |    0 |    0 |    0 |    0 |    0 |    0 |     9 |
| 2026-09-16 |    1 |    1 |    1 |    0 |    1 |    0 |    0 |    0 |    0 |    0 |    0 |    0 |    0 |     4 |

## Per-strategy summary (unique underlyings)

| Strategy | Unique entries | Active days | Avg unique / active day | Est. active days to n=30 exits* |
|----------|---------------:|------------:|------------------------:|--------------------------------|
| S163 | 16 | 14 | 1.1 | ~33 active signal-days |
| S164 | 21 | 13 | 1.6 | ~24 active signal-days |
| S165 | 33 | 21 | 1.6 | ~24 active signal-days |
| S166 | 9 | 8 | 1.1 | ~34 active signal-days |
| S167 | 20 | 14 | 1.4 | ~27 active signal-days |
| S168 | 16 | 11 | 1.5 | ~26 active signal-days |
| S169 | 0 | 0 | 0.0 | inf (no unique entries yet) |
| S170 | 0 | 0 | 0.0 | inf (no unique entries yet) |
| S171 | 0 | 0 | 0.0 | inf (no unique entries yet) |
| S172 | 0 | 0 | 0.0 | inf (no unique entries yet) |
| S175 | 0 | 0 | 0.0 | inf (no unique entries yet) |
| S173 | 17 | 9 | 1.9 | ~20 active signal-days |
| S174 | 7 | 4 | 1.8 | ~22 active signal-days |

\* Formula: `ceil(30 / (avg_unique_per_active_day * 80%))`. Update when real exit rates are known.

## Signal frequency by window (all time, unique strategy×symbol×date×window)

| Window | S163 | S164 | S165 | S166 | S167 | S168 | S169 | S170 | S171 | S172 | S175 | S173 | S174 | Total |
|--------|-----:|-----:|-----:|-----:|-----:|-----:|-----:|-----:|-----:|-----:|-----:|-----:|-----:|------:|
| w1     |    6 |    6 |   10 |    3 |    6 |    6 |    0 |    0 |    0 |    0 |    0 |    7 |    1 |    45 |
| w2     |   10 |   10 |   15 |    7 |   11 |    9 |    0 |    0 |    0 |    0 |    0 |    6 |    3 |    71 |
| w3     |   10 |   10 |   17 |    6 |   10 |    7 |    0 |    0 |    0 |    0 |    0 |    7 |    4 |    71 |
| w4     |    6 |    5 |   11 |    3 |    6 |    7 |    0 |    0 |    0 |    0 |    0 |    6 |    3 |    47 |

Windows (ET): w1 09:28–10:05 · w2 10:05–10:45 · w3 10:45–11:20 · w4 11:20–11:35. Parsed from controlled-layout profile names in ENTRY log lines.

## Raw vs unique totals

| Strategy | Raw log lines (includes multi-bucket duplicates) | Unique underlying symbols |
|----------|-------------------------------------------------:|--------------------------:|
| S163 | 267 | 16 |
| S164 | 299 | 21 |
| S165 | 1735 | 33 |
| S166 | 135 | 9 |
| S167 | 293 | 20 |
| S168 | 214 | 16 |
| S169 | 0 | 0 |
| S170 | 0 | 0 |
| S171 | 0 | 0 |
| S172 | 0 | 0 |
| S175 | 0 | 0 |
| S173 | 1911 | 17 |
| S174 | 891 | 7 |

### Raw log lines per day (debug / multi-bucket)

| Date       | S163 | S164 | S165 | S166 | S167 | S168 | S169 | S170 | S171 | S172 | S175 | S173 | S174 | Total |
|------------|-----:|-----:|-----:|-----:|-----:|-----:|-----:|-----:|-----:|-----:|-----:|-----:|-----:|------:|
| 2026-07-07 |    0 |    0 |    0 |    0 |    0 |    0 |    0 |    0 |    0 |    0 |    0 |  100 |    0 |   100 |
| 2026-07-08 |    0 |    0 |  100 |    0 |    0 |    0 |    0 |    0 |    0 |    0 |    0 |  100 |  100 |   300 |
| 2026-07-09 |    0 |    0 |   24 |    0 |    0 |    0 |    0 |    0 |    0 |    0 |    0 |  100 |   15 |   139 |
| 2026-07-10 |    0 |    0 |  242 |    0 |    0 |    0 |    0 |    0 |    0 |    0 |    0 |  230 |  202 |   674 |
| 2026-07-13 |    0 |    0 |  190 |    0 |    0 |    0 |    0 |    0 |    0 |    0 |    0 |  212 |  188 |   590 |
| 2026-07-14 |    0 |    0 |  194 |    0 |    0 |    0 |    0 |    0 |    0 |    0 |    0 |  185 |  106 |   485 |
| 2026-07-15 |    0 |    0 |  146 |    0 |    0 |    0 |    0 |    0 |    0 |    0 |    0 |  154 |   58 |   358 |
| 2026-07-16 |    0 |    0 |  179 |    0 |    0 |    0 |    0 |    0 |    0 |    0 |    0 |  205 |   58 |   442 |
| 2026-07-17 |    0 |    0 |  127 |    0 |    0 |    0 |    0 |    0 |    0 |    0 |    0 |  207 |   58 |   392 |
| 2026-07-20 |    0 |    0 |  107 |    0 |    0 |    0 |    0 |    0 |    0 |    0 |    0 |  143 |   58 |   308 |
| 2026-07-21 |   30 |   35 |  113 |   30 |   35 |   35 |    0 |    0 |    0 |    0 |    0 |  118 |   48 |   444 |
| 2026-07-22 |   40 |   47 |   86 |   15 |   45 |   20 |    0 |    0 |    0 |    0 |    0 |   77 |    0 |   330 |
| 2026-07-23 |   30 |   42 |   50 |   15 |   40 |   20 |    0 |    0 |    0 |    0 |    0 |   40 |    0 |   237 |
| 2026-07-24 |   75 |   87 |   85 |   15 |   77 |   55 |    0 |    0 |    0 |    0 |    0 |   40 |    0 |   434 |
| 2026-07-27 |   14 |    0 |   14 |   14 |   14 |   14 |    0 |    0 |    0 |    0 |    0 |    0 |    0 |    70 |
| 2026-07-28 |    6 |    8 |    8 |    8 |    8 |    6 |    0 |    0 |    0 |    0 |    0 |    0 |    0 |    44 |
| 2026-07-29 |   10 |   10 |   10 |    8 |   10 |    0 |    0 |    0 |    0 |    0 |    0 |    0 |    0 |    48 |
| 2026-09-01 |    8 |    6 |    6 |    2 |    6 |    6 |    0 |    0 |    0 |    0 |    0 |    0 |    0 |    34 |
| 2026-09-02 |   10 |   10 |   10 |    2 |   10 |   14 |    0 |    0 |    0 |    0 |    0 |    0 |    0 |    56 |
| 2026-09-03 |   10 |    4 |    4 |   16 |    4 |   10 |    0 |    0 |    0 |    0 |    0 |    0 |    0 |    48 |
| 2026-09-04 |   12 |   14 |    8 |   10 |    8 |   10 |    0 |    0 |    0 |    0 |    0 |    0 |    0 |    62 |
| 2026-09-08 |    4 |    8 |    8 |    0 |    8 |    8 |    0 |    0 |    0 |    0 |    0 |    0 |    0 |    36 |
| 2026-09-10 |   10 |   10 |    6 |    0 |   10 |    8 |    0 |    0 |    0 |    0 |    0 |    0 |    0 |    44 |
| 2026-09-15 |    4 |   14 |   14 |    0 |   14 |    8 |    0 |    0 |    0 |    0 |    0 |    0 |    0 |    54 |
| 2026-09-16 |    4 |    4 |    4 |    0 |    4 |    0 |    0 |    0 |    0 |    0 |    0 |    0 |    0 |    16 |

## Notes

- Pre-router-fix (before 2026-07-17 commit `56660c9e`): S163/S166 were starved — expect zeros until a post-fix entry-window gap-down day.
- Controlled layout places one ENTRY per matching bucket×strategy; raw counts inflate, unique underlyings do not.


Wrote /home/runner/work/TradingBot/TradingBot/logs/options_trial/reports/signal_frequency.md
## Ledger health — 2026-09-17
| Check                       | Count | Status |
|-----------------------------|------:|--------|
| Current stuck (state)       |    25 | WARN | <<<
| Orphaned lots (post-stable) |  1390 | WARN | <<<
| Missing exit records (post) |  1365 | WARN | <<<
| State/ledger mismatches     |     4 | WARN | <<<
| Total open lots             |    98 | INFO |
| Total closed lots           |  2286 | INFO |
| Pre-cutoff audit debt       |     0 | INFO |
| Transition audit debt       |   744 | INFO |

Wrote /home/runner/work/TradingBot/TradingBot/logs/options_trial/reports/ledger_health.md
Wrote /home/runner/work/TradingBot/TradingBot/logs/options_trial/reports/2026-09-17_data_quality.md
Wrote /home/runner/work/TradingBot/TradingBot/logs/options_trial/reports/2026-09-17_data_quality.csv
Wrote /home/runner/work/TradingBot/TradingBot/logs/options_trial/reports/latest_data_quality.json
Wrote /home/runner/work/TradingBot/TradingBot/logs/options_trial/reports/latest_data_quality_snippet.md
CLEAN n=1278 med=-25.0% | TAINTED n=1869 med=-39.0% | KEEP-only n=668 med=+50.9% | KILL=20 KEEP=23
Wrote /home/runner/work/TradingBot/TradingBot/logs/dashboard.html
equity=226.7 router=CONFIRMED leaderboard_rows=105
Wrote /home/runner/work/TradingBot/TradingBot/logs/rubber_band_report.md
| 1 | MA_Squeeze | 2 | 100% | +0.56% | +0.56% | +0.17% | 999.00 | 0.0d | $+0.80 | WATCH |
| 2 | unknown | 32 | 19% | -0.03% | -0.59% | -1.27% | 1.44 | 0.0d | $+0.29 | ACTIVE |
