=== options_live_micro LIVE 2026-08-21T15:44:29.243503-04:00 share=25% ===
2026-08-21 15:44:29,243 INFO === options_live_micro LIVE 2026-08-21T15:44:29.243503-04:00 share=25% ===
Live account equity $307.09 cash $236.35 #225458845 options_level=3
2026-08-21 15:44:29,485 INFO Live account equity $307.09 cash $236.35 #225458845 options_level=3
Live micro cancel-scan WMT260821C00110000: symbol-scoped n=1
2026-08-21 15:44:29,634 INFO Live micro cancel-scan WMT260821C00110000: symbol-scoped n=1
Live micro cancel stale sell WMT260821C00110000 id=1e837410-a71f-4ff3-be40-b97a888f5caf cid=OLX|3955c7b1aaa2 broker_sym='WMT260821C00110000'
2026-08-21 15:44:29,708 INFO Live micro cancel stale sell WMT260821C00110000 id=1e837410-a71f-4ff3-be40-b97a888f5caf cid=OLX|3955c7b1aaa2 broker_sym='WMT260821C00110000'
Live micro orphan_adopt WMT260821C00110000 x1 entry=0.09
2026-08-21 15:44:29,708 INFO Live micro orphan_adopt WMT260821C00110000 x1 entry=0.09
Live micro cancel-scan WMT260821C00110000: symbol-scoped n=1
2026-08-21 15:44:29,942 INFO Live micro cancel-scan WMT260821C00110000: symbol-scoped n=1
Live micro cancel stale sell WMT260821C00110000 id=1e837410-a71f-4ff3-be40-b97a888f5caf cid=OLX|3955c7b1aaa2 broker_sym='WMT260821C00110000'
2026-08-21 15:44:30,015 INFO Live micro cancel stale sell WMT260821C00110000 id=1e837410-a71f-4ff3-be40-b97a888f5caf cid=OLX|3955c7b1aaa2 broker_sym='WMT260821C00110000'
LIVE EXIT stop_loss (-100.0%) WMT260821C00110000 x1 limit=0.01 id=ab53a902-aa5d-48c5-b894-461f07daa5df
2026-08-21 15:44:30,667 INFO LIVE EXIT stop_loss (-100.0%) WMT260821C00110000 x1 limit=0.01 id=ab53a902-aa5d-48c5-b894-461f07daa5df
Live micro: manage/exits only
2026-08-21 15:44:30,743 INFO Live micro: manage/exits only
Live micro done. open_options=1 lots=0
2026-08-21 15:44:30,818 INFO Live micro done. open_options=1 lots=0
