13:36:22  INFO      Mode: morning_prep
13:36:23  INFO        [prep_positions] 3/3 (3 valid)
13:36:23  INFO      Fetching tickers (universe=both)...
13:36:23  INFO        S&P 500: 503
13:36:23  INFO        MidCap 400: 400
13:36:23  INFO        Total: 903 tickers
13:36:24  INFO        [prep_universe] 40/900 (40 valid)
13:36:26  INFO        [prep_universe] 80/900 (80 valid)
13:36:27  INFO        [prep_universe] 120/900 (120 valid)
13:36:28  INFO        [prep_universe] 160/900 (160 valid)
13:36:30  INFO        [prep_universe] 200/900 (199 valid)
13:36:38  INFO        [prep_universe] 240/900 (238 valid)
13:36:49  INFO        [prep_universe] 280/900 (278 valid)
13:37:02  INFO        [prep_universe] 320/900 (318 valid)
13:37:12  INFO        [prep_universe] 360/900 (358 valid)
13:37:25  INFO        [prep_universe] 400/900 (397 valid)
13:37:36  INFO        [prep_universe] 440/900 (437 valid)
13:37:49  INFO        [prep_universe] 480/900 (477 valid)
13:38:02  INFO        [prep_universe] 520/900 (517 valid)
13:38:12  INFO        [prep_universe] 560/900 (557 valid)
13:38:26  INFO        [prep_universe] 600/900 (597 valid)
13:38:36  INFO        [prep_universe] 640/900 (637 valid)
13:38:49  INFO        [prep_universe] 680/900 (677 valid)
13:38:59  INFO        [prep_universe] 720/900 (717 valid)
13:39:12  INFO        [prep_universe] 760/900 (757 valid)
13:39:26  INFO        [prep_universe] 800/900 (797 valid)
13:39:36  INFO        [prep_universe] 840/900 (836 valid)
13:39:49  INFO        [prep_universe] 880/900 (876 valid)
13:39:56  INFO        [prep_universe] 900/900 (896 valid)

+========================================================================+
|  RUBBER BAND BOT  v8                                                   |
+------------------------------------------------------------------------+
|  Mode                                                      MORNING_PREP|
|  Time                                                         13:36 UTC|
|  Regime                                                            BULL|
|  Universe                                                          both|
|  Equity                                                         $307.38|
+========================================================================+

+========================================================================+
|                              MORNING PREP                              |
+========================================================================+
|  Goal                   Precompute exits/signals for next execution run|
|  Plan file                                 logs/plans/morning_plan.json|
|  Regime                                                            BULL|
+========================================================================+

+========================================================================+
|                       OPEN POSITION P&L SNAPSHOT                       |
+========================================================================+
|  Open positions                                                       3|
|  Invested                                                       $163.25|
|  Open P&L                                                        $+1.19|
|  TICKER   STRATEGY        INVESTED   ENTRY    NOW      P&L%    P&L$    |
+------------------------------------------------------------------------+
|  AES      Pullback50      $46.05     $14.75   $14.75   +0.0%   $+0.00  |
|  AON      Pullback50      $71.51     $350.82  $358.57  +2.2%   $+1.55  |
|  DE       EarningsDrift   $45.69     $655.91  $650.83  -0.8%   $-0.36  |
+========================================================================+

+========================================================================+
|                            OPEN SELL ORDERS                            |
+========================================================================+
|  Count                                                                0|
|                                                                        |
|  No open sell orders.                                                  |
|                                                                        |
+========================================================================+

+========================================================================+
|                              PREP SUMMARY                              |
+========================================================================+
|  Saved                                                              yes|
|  Exit candidates                                                      3|
|  Signal candidates                                                   41|
|  Universe scanned                                                   900|
+========================================================================+
