13:50:57  INFO      Mode: morning_scan
13:50:58  INFO        [positions] 3/3 (3 valid)
13:50:59  INFO        SELL MARKET [urgent] HLT closed
13:51:01  INFO        TX logged: SELL HLT  P&L -1.0%
13:51:01  INFO        Universe cache hit: 903 tickers (tickers_2026-07-29.json)
13:51:02  INFO        [universe] 40/901 (40 valid)
13:51:03  INFO        [universe] 80/901 (80 valid)
13:51:05  INFO        [universe] 120/901 (120 valid)
13:51:06  INFO        [universe] 160/901 (160 valid)
13:51:14  INFO        [universe] 200/901 (199 valid)
13:51:24  INFO        [universe] 240/901 (238 valid)
13:51:35  INFO        [universe] 280/901 (278 valid)
13:51:48  INFO        [universe] 320/901 (318 valid)
13:52:01  INFO        [universe] 360/901 (358 valid)
13:52:12  INFO        [universe] 400/901 (397 valid)
13:52:25  INFO        [universe] 440/901 (437 valid)
13:52:36  INFO        [universe] 480/901 (477 valid)
13:52:49  INFO        [universe] 520/901 (517 valid)
13:52:59  INFO        [universe] 560/901 (557 valid)
13:53:13  INFO        [universe] 600/901 (597 valid)
13:53:23  INFO        [universe] 640/901 (637 valid)
13:53:37  INFO        [universe] 680/901 (677 valid)
13:53:47  INFO        [universe] 720/901 (717 valid)
13:54:01  INFO        [universe] 760/901 (757 valid)
13:54:11  INFO        [universe] 800/901 (797 valid)
13:54:25  INFO        [universe] 840/901 (836 valid)
13:54:35  INFO        [universe] 880/901 (876 valid)
13:54:42  INFO        [universe] 901/901 (897 valid)
13:54:45  INFO        BUY  CMS  $95.14  [Pullback50]  id=c98879bb-6bd5-40e1-a69a-8f3cbd159b0e

+========================================================================+
|  RUBBER BAND BOT  v8                                                   |
+------------------------------------------------------------------------+
|  Mode                                                      MORNING_SCAN|
|  Time                                                         13:50 UTC|
|  Regime                                                            BULL|
|  Universe                                                          both|
|  Equity                                                         $475.72|
+========================================================================+

+========================================================================+
|                   RUBBER BAND BOT v8  --  DAILY SCAN                   |
+========================================================================+
|  Mode                                                      *** LIVE ***|
|  Date                                                        2026-07-29|
|  Universe                                                          both|
|  Mon~  Jul: 52wkLow + Pullback50 (display only — schedule not enforced)|
|  Disabled                GapDown, VolumeSpike (see DISABLED_STRATEGIES)|
|  Regime                                                            BULL|
|  Exit                                      midline / stop-0.5% / 3d max|
+========================================================================+

+========================================================================+
|                                ACCOUNT                                 |
+========================================================================+
|  Equity                                                         $475.72|
|  Cash                                                           $206.33|
|  Reserve                                          $23.79  (always kept)|
|  Available                                    $182.54  (for new trades)|
|  Trade size             $95.14  (20% per signal — all strategies equal)|
+========================================================================+

+========================================================================+
|                           HOLDINGS  (3 open)                           |
+========================================================================+
|  TICKER   STRATEGY        INVESTED   ENTRY    NOW      P&L%    P&L$    |
+------------------------------------------------------------------------+
|  EQR      Pullback50      $73.69     $67.78   $68.50   +1.1%   $+0.77  |
|  FFIV     Pullback50      $99.15     $400.57  $408.44  +2.0%   $+1.91  |
|  HLT      GoldenPocket    $96.55     $322.61  $319.37  -1.0%   $-0.98  |
|                                                                        |
|  Total invested                                                 $269.39|
|  Total open P&L                                                  $+1.70|
|  Buys today: 0  |  entry cap: 2  |  max open: 5                        |
+========================================================================+

+========================================================================+
|                               PLAN CACHE                               |
+========================================================================+
|  Mode                                                           morning|
|  File                                      logs/plans/morning_plan.json|
|  Use cached plan                                  no (stale (28805.5m))|
+========================================================================+

+========================================================================+
|          EXIT EVALUATION  (EOD -- midline + stop + max-hold)           |
+========================================================================+
|  HLT  P&L -1.0%  $-0.98                         EXIT: stop_loss (-1.0%)|
|  EQR  P&L +1.1%  $+0.77                                            HOLD|
|  FFIV  P&L +2.0%  $+1.91                                           HOLD|
+========================================================================+

+========================================================================+
|                           EXIT EVAL SUMMARY                            |
+========================================================================+
|  Exit eval    attempted 1 | filled 1 | partial 0 | pending 0 | failed 0|
|  Other skips     already logged today 0  |  no price data 0  |  holds 2|
|  Stop-loss breaches                                                   1|
|  HLT                                         -1.00%  (threshold -0.50%)|
|  Stop-loss look file                  logs/stop_losses_to_look_into.txt|
|  New investigations added                                             0|
+========================================================================+

+========================================================================+
|                             DATA DOWNLOAD                              |
+========================================================================+
|  Universe: both  |  Alpaca primary / yfinance fallback                 |
+========================================================================+

+========================================================================+
|                              SIGNAL SCAN                               |
+========================================================================+
|  Month: Jul  |  Regime: BULL                                           |
|  Primary: 52wkLow  |  Secondary: Pullback50 (display only — schedule n~|
|  Source                                                       live scan|
+========================================================================+

+========================================================================+
|                         SIGNALS FOUND  --  19                          |
+========================================================================+
|  TICKER   STRATEGY        TIER   PRICE    RSI    VOL_Z   TRIGGER       |
+------------------------------------------------------------------------+
|  CMS      Pullback50      eq     $74.69   48.0   -2.60   50MA bounce (+|
|  COST     Pullback50      eq     $970.60  74.7   -2.52   50MA bounce (+|
|  DHI      Pullback50      eq     $150.44  51.4   -2.37   50MA bounce (-|
|  HBAN     Pullback50      eq     $17.20   40.8   -1.71   50MA bounce (+|
|  KMI      Pullback50      eq     $32.14   47.0   -2.06   50MA bounce (-|
|  KEY      Pullback50      eq     $22.54   40.8   -2.95   50MA bounce (+|
|  MAR      Pullback50      eq     $380.68  56.7   -3.04   50MA bounce (+|
|  MGM      Pullback50      eq     $46.09   46.8   -2.83   50MA bounce (+|
|  PNW      Pullback50      eq     $105.14  43.8   -2.50   50MA bounce (+|
|  ALLY     Pullback50      eq     $44.24   44.8   -2.11   50MA bounce (-|
|  BHF      Pullback50      eq     $63.97   38.8   -2.11   50MA bounce (+|
|  COLB     Pullback50      eq     $31.13   43.4   -2.36   50MA bounce (+|
|  GBCI     Pullback50      eq     $49.27   39.1   -2.64   50MA bounce (-|
|  GLPI     Pullback50      eq     $45.91   76.4   -1.72   50MA bounce (+|
|  GNTX     Pullback50      eq     $24.30   54.1   -1.75   50MA bounce (-|
|  IRT      Pullback50      eq     $16.76   50.8   -1.89   50MA bounce (+|
|  PEN      Pullback50      eq     $318.88  53.1   -2.11   50MA bounce (-|
|  SLAB     Pullback50      eq     $217.54  35.2   -1.30   50MA bounce (-|
|  ULS      Pullback50      eq     $93.29   69.4   -1.82   50MA bounce (-|
|                                                                        |
+========================================================================+

+========================================================================+
|                              ENTRY ORDERS                              |
+========================================================================+
|    ENTER [eq] CMS  Pullback50                                    $95.14|
|    BUY SUBMITTED [e~  fill pending — batched confirmation after entries|13:54:45  INFO        BUY  COST  $95.14  [Pullback50]  id=47702340-15cc-4fcd-bba0-c2fc5b9fbd34
13:54:45  INFO        BUY  DHI  $88.74  [Pullback50]  id=b06e56c7-835e-4d7b-899f-d58e3a98bd05
13:55:16  INFO        place_all_stops: checking 5 positions...
13:55:16  INFO        STOP-MARKET placed CMS  qty=1 (pos=1.2712)  stop=$74.46  id=12535c7b-d38a-4abd-bb35-4cb3aee4d887
13:55:16  INFO        STOP skipped COST: fractional (0.0977 shares) — software exit will handle it
13:55:16  INFO        STOP skipped DHI: fractional (0.5891 shares) — software exit will handle it
13:55:16  INFO        STOP already live EQR @ $67.89
13:55:16  INFO        STOP skipped FFIV: fractional (0.2428 shares) — software exit will handle it
13:55:17  INFO        Daily log -> logs/daily/2026-07-29.md
13:55:17  INFO        Dashboard written → logs/dashboard.md

|    ENTER [eq] COST  Pullback50                                   $95.14|
|    BUY SUBMITTED [e~  fill pending — batched confirmation after entries|
|    ENTER [eq] DHI  Pullback50                                    $88.74|
|    BUY SUBMITTED [e~  fill pending — batched confirmation after entries|
|    SKIP [eq] HBAN  Pullback50                                     cap 5|
|    SKIP [eq] KMI  Pullback50                                      cap 5|
|    SKIP [eq] KEY  Pullback50                                      cap 5|
|    SKIP [eq] MAR  Pullback50                                      cap 5|
|    SKIP [eq] MGM  Pullback50                                      cap 5|
|    SKIP [eq] PNW  Pullback50                                      cap 5|
|    SKIP [eq] ALLY  Pullback50                                     cap 5|
|    SKIP [eq] BHF  Pullback50                                      cap 5|
|    SKIP [eq] COLB  Pullback50                                     cap 5|
|    SKIP [eq] GBCI  Pullback50                                     cap 5|
|    SKIP [eq] GLPI  Pullback50                                     cap 5|
|    SKIP [eq] GNTX  Pullback50                                     cap 5|
|    SKIP [eq] IRT  Pullback50                                      cap 5|
|    SKIP [eq] PEN  Pullback50                                      cap 5|
|    SKIP [eq] SLAB  Pullback50                                     cap 5|
|    SKIP [eq] ULS  Pullback50                                      cap 5|

+========================================================================+
|                         BUY FILL CONFIRMATION                          |
+========================================================================+
|  Pending submits                                                      3|
+------------------------------------------------------------------------+
|  CMS                                                  still unconfirmed|
|  COST                                                 still unconfirmed|
|  DHI                                                  still unconfirmed|
+========================================================================+
+========================================================================+

+========================================================================+
|                           GTC STOP PLACEMENT                           |
+========================================================================+
|  Waiting 5s for 3 buy submit(s) to settle...                           |
+========================================================================+

+========================================================================+
|                            SESSION SUMMARY                             |
+========================================================================+
|  Regime                                                            BULL|
|  Universe                                                          both|
|  Strategy   52wkLow + Pullback50 (display only — schedule not enforced)|
|  Scanned                                                            897|
|  Signals                                                             19|
|  Entries                                                              0|
|  Buy submits                              0 confirmed  |  3 unconfirmed|
|  Exits                                                                1|
|  Open pos                                                             5|
|  Equity                                                         $476.07|
|  Cash                                                            $23.82|
+========================================================================+
