Layout: controlled:100:c000_s173_w1_0928_1005_r1
Trial layout: /home/runner/work/TradingBot/TradingBot/logs/options_trial
Docs:         skipped (local docs unavailable on this runner)
Buckets:      100
=== options_morning_bot (PAPER) 2026-07-17T10:50:45.522316-04:00 ===

[Run context]
Paper auth OK — equity $123765.79, account PA36KS87UPRS

[Setup]
Active buckets: 100 | Strategies: S173, S165, S166, S163
Dropped (no new entries; ex-reflected P&L): S174
2026-07-17 10:50:50,303 INFO   EXIT [b82|c082_s173_w3_1045_1120_r5|S173] take_profit (+79.1%) SELL 1 AMD260717C00505000 @<= 1.21

[Scan + entries]
Scanning 903 symbols for [S173, S165, S166, S163] …
Fetched daily bars for 903/903 symbols
Found 205 signal(s); top: ['S173:AMD', 'S173:AKAM', 'S173:ALB', 'S173:GOOGL', 'S173:GOOG', 'S173:AMZN', 'S173:AMP', 'S173:AME']
Paper lab: $123481 broker equity -> 100 bucket(s) ($500 virtual each, unlimited paper)
  All bucket slots blocked or closed for today's signals — skip entry loop.
Placed 0 new entry order(s).

[Portfolio snapshot]
+========================================================================+
|  OPTIONS BOT SUMMARY                                                   |
+------------------------------------------------------------------------+
|  Mode                          entry+manage                            |
|  Equity                        $123,765.79                             |
|  Signals this run              205                                     |
|  Orders submitted (session)    30                                      |
|  Orders filled today (ledger)  30                                      |
|  Entries placed this run       0                                       |
|  Open virtual lots             22                                      |
|  Broker option positions       5                                       |
|  Pending orders                0                                       |
+========================================================================+
+========================================================================+
|  BUCKET LEADERBOARD (reflected ex-S174)                                |
+------------------------------------------------------------------------+
|  Reflected trades=367  buckets=46  win=35%                             |
|  Returns   avg=+6.4%  med=-31.5%  p10=-77.0%  p90=+87.4%               |
|  Realized  $+2,934.77                                                  |
|  Raw incl dropped  trades=476  real=$+1,597.58                         |
|  Today     trades=12  avg=-5.0%  med=+5.7%  real=$-85.00               |
+------------------------------------------------------------------------+
|  BKT PROFILE               N  WIN  AVG%   MED%   BEST%  REAL$          |
+------------------------------------------------------------------------+
|  b28  c028_s165_w1_0928_ 11  82% +58.3 +80.0 +102.0 $   +338           |
|  b92  c092_s166_w1_0928_  1 100% +70.8 +70.8 +70.8 $    +71            |
|  b93  c093_s166_w2_1005_  1 100% +70.8 +70.8 +70.8 $    +71            |
|  b95  c095_s166_w4_1120_  1 100% +70.8 +70.8 +70.8 $    +71            |
|  b96  c096_s163_w1_0928_  1 100% +70.8 +70.8 +70.8 $    +71            |
|  b98  c098_s163_w3_1045_  1 100% +70.8 +70.8 +70.8 $    +71            |
|  b99  c099_s163_w4_1120_  1 100% +70.8 +70.8 +70.8 $    +71            |
|  b80  c080_s173_w1_0928_ 35  74% +58.0 +62.9 +177.3 $   +403           |
|  ... 38 more bucket(s) with exits                                      |
+------------------------------------------------------------------------+
|  Low  b83  c083_s173_w4_1120_ 13   8% -60.9 -69.2 -87.7 $   -459       |
+========================================================================+
+========================================================================+
|  PENDING EXITS (1)                                                     |
+------------------------------------------------------------------------+
|  b82  S173 AMD260717C00505000 x1 take_profit (+79.1%)                  |
+========================================================================+
+========================================================================+
|  OPEN OPTIONS (5)                                                      |
+------------------------------------------------------------------------+
|  SYMBOL                      QTY    RET%        OPEN P&L               |
|------------------------------------------------------------------------|
|  META260720C00675000           5    -48.5%   $   -165.00               |
|  AMD260717C00505000            4    +58.2%   $   +156.00               |
|  META260720C00670000           5    -32.4%   $   -120.00               |
|  AMD260717C00512500            3    -43.9%   $    -87.00               |
|  GOOGL260720C00360000          4    -36.4%   $    -80.00               |
+========================================================================+
Full detail: logs/options_trial/runs/2026-07-17.log
elapsed=44.9s reconcile=2.37s cancel=0.16s manage=6.59s scan=34.93s entries=0.21s
STATUS: options_morning_bot run complete (PAPER) elapsed=44.9s. run=#4272 https://github.com/28twagg-ops/TradingBot/actions/runs/29589611334
Wrote /home/runner/work/TradingBot/TradingBot/logs/options_trial/reports/2026-07-17_buckets.md
Wrote /home/runner/work/TradingBot/TradingBot/logs/options_trial/reports/2026-07-17_buckets.csv
Summary: 7 buckets closed trades, $-85.00 realized
Wrote /home/runner/work/TradingBot/TradingBot/logs/options_trial/reports/2026-07-17_strategy_selection.md
Wrote /home/runner/work/TradingBot/TradingBot/logs/options_trial/reports/2026-07-17_strategy_selection.csv
Summary: keep=0 watch=2 drop=3
Orphan rate: 4.6% (22/476)
