19:40:48  INFO      Mode: evening_prep
19:40:49  INFO        [prep_positions] 2/2 (2 valid)
19:40:49  INFO        Universe cache hit: 903 tickers (tickers_2026-08-03.json)
19:40:50  INFO        [prep_universe] 40/901 (40 valid)
19:40:53  INFO        [prep_universe] 80/901 (80 valid)
19:40:54  INFO        [prep_universe] 120/901 (120 valid)
19:40:55  INFO        [prep_universe] 160/901 (160 valid)
19:40:57  INFO        [prep_universe] 200/901 (199 valid)
19:41:04  INFO        [prep_universe] 240/901 (238 valid)
19:41:15  INFO        [prep_universe] 280/901 (278 valid)
19:41:28  INFO        [prep_universe] 320/901 (318 valid)
19:41:39  INFO        [prep_universe] 360/901 (358 valid)
19:41:52  INFO        [prep_universe] 400/901 (397 valid)
19:42:02  INFO        [prep_universe] 440/901 (437 valid)
19:42:15  INFO        [prep_universe] 480/901 (477 valid)
19:42:29  INFO        [prep_universe] 520/901 (517 valid)
19:42:39  INFO        [prep_universe] 560/901 (557 valid)
19:42:52  INFO        [prep_universe] 600/901 (597 valid)
19:43:02  INFO        [prep_universe] 640/901 (637 valid)
19:43:16  INFO        [prep_universe] 680/901 (677 valid)
19:43:26  INFO        [prep_universe] 720/901 (717 valid)
19:43:39  INFO        [prep_universe] 760/901 (757 valid)
19:43:52  INFO        [prep_universe] 800/901 (797 valid)
19:44:02  INFO        [prep_universe] 840/901 (836 valid)
19:44:16  INFO        [prep_universe] 880/901 (876 valid)
19:44:22  INFO        [prep_universe] 901/901 (897 valid)

+========================================================================+
|  RUBBER BAND BOT  v8                                                   |
+------------------------------------------------------------------------+
|  Mode                                                      EVENING_PREP|
|  Time                                                         19:40 UTC|
|  Regime                                                            BULL|
|  Universe                                                          both|
|  Equity                                                         $467.50|
+========================================================================+

+========================================================================+
|                              EVENING PREP                              |
+========================================================================+
|  Goal                   Precompute exits/signals for next execution run|
|  Plan file                                 logs/plans/evening_plan.json|
|  Regime                                                            BULL|
+========================================================================+

+========================================================================+
|                       OPEN POSITION P&L SNAPSHOT                       |
+========================================================================+
|  Open positions                                                       2|
|  Invested                                                       $187.84|
|  Open P&L                                                        $+0.56|
|  TICKER   STRATEGY        INVESTED   ENTRY    NOW      P&L%    P&L$    |
+------------------------------------------------------------------------+
|  AES      Pullback50      $93.73     $14.70   $14.71   +0.1%   $+0.09  |
|  AVB      Pullback50      $94.11     $187.24  $188.19  +0.5%   $+0.47  |
+========================================================================+

+========================================================================+
|                            OPEN SELL ORDERS                            |
+========================================================================+
|  Count                                                                1|
|  TICKER    TYPE              QTY       LIMIT       STOP                |
+------------------------------------------------------------------------+
|  AES       OrderType.STOP    6         None        14.62               |
+========================================================================+

+========================================================================+
|                              PREP SUMMARY                              |
+========================================================================+
|  Saved                                                              yes|
|  Exit candidates                                                      0|
|  Signal candidates                                                   47|
|  Universe scanned                                                   901|
+========================================================================+
