16:23:41  INFO      Mode: exits
16:23:41  INFO        Daily log -> logs/daily/2026-09-23.md
16:23:41  INFO        Daily log reconciled -> logs/daily/2026-09-23.md (2 ledger rows)
16:23:41  INFO        place_all_stops: checking 2 positions...
16:23:41  INFO        STOP skipped ADM: fractional (0.4077 shares) — software exit will handle it
16:23:41  INFO        STOP skipped COP: fractional (0.2639 shares) — software exit will handle it
16:23:42  INFO        [positions] 2/2 (2 valid)
16:23:42  INFO        Daily log -> logs/daily/2026-09-23.md

+========================================================================+
|  RUBBER BAND BOT  v8                                                   |
+------------------------------------------------------------------------+
|  Mode                                                             EXITS|
|  Time                                                         16:23 UTC|
|  Regime                                                            BULL|
|  Universe                                                          both|
|  Equity                                                         $225.12|
+========================================================================+

+========================================================================+
|                           STOCKS EXIT CHECK                            |
+========================================================================+
|  Exit logic                   stop-0.5% / 3d max  (midline at EOD only)|
+------------------------------------------------------------------------+
|  ADM  P&L +0.1%  $+0.04                                            HOLD|
|  COP  P&L +0.8%  $+0.26                                            HOLD|
+========================================================================+

+========================================================================+
|                            EXIT RUN SUMMARY                            |
+========================================================================+
|  Mode                                                             exits|
|  Candidates                                                           2|
|  Deferred/Skipped                                      already logged 0|
|  Data skips                                             no price data 0|
|  Se~  0 attempted  |  0 filled  |  0 partial  |  0 pending  |  0 failed|
|  Holds                                                                2|
|  Logged exits                                                         0|
+========================================================================+

+========================================================================+
|            OPTIONS SLEEVE  (managed by options_live_micro)             |
+========================================================================+
|                                                                        |
|  No open option positions.                                             |
|                                                                        |
+========================================================================+

+========================================================================+
|                      STOP-LOSS BREACHES THIS RUN                       |
+========================================================================+
|  None                                                                  |
+========================================================================+
|  Stop-loss look file                  logs/stop_losses_to_look_into.txt|
|  New investigations added                                             0|
+========================================================================+
