19:41:00  INFO      Mode: evening_prep
19:41:01  INFO        Universe cache hit: 903 tickers (tickers_2026-08-28.json)
19:41:02  INFO        [prep_universe] 40/903 (40 valid)
19:41:04  INFO        [prep_universe] 80/903 (80 valid)
19:41:06  INFO        [prep_universe] 120/903 (120 valid)
19:41:07  INFO        [prep_universe] 160/903 (160 valid)
19:41:08  INFO        [prep_universe] 200/903 (199 valid)
19:41:16  INFO        [prep_universe] 240/903 (238 valid)
19:41:26  INFO        [prep_universe] 280/903 (278 valid)
19:41:40  INFO        [prep_universe] 320/903 (318 valid)
19:41:50  INFO        [prep_universe] 360/903 (358 valid)
19:42:03  INFO        [prep_universe] 400/903 (397 valid)
19:42:14  INFO        [prep_universe] 440/903 (437 valid)
19:42:27  INFO        [prep_universe] 480/903 (477 valid)
19:42:38  INFO        [prep_universe] 520/903 (517 valid)
19:42:51  INFO        [prep_universe] 560/903 (557 valid)
19:43:01  INFO        [prep_universe] 600/903 (597 valid)
19:43:15  INFO        [prep_universe] 640/903 (637 valid)
19:43:28  INFO        [prep_universe] 680/903 (677 valid)
19:43:39  INFO        [prep_universe] 720/903 (717 valid)
19:43:52  INFO        [prep_universe] 760/903 (757 valid)
19:44:02  INFO        [prep_universe] 800/903 (797 valid)
19:44:16  INFO        [prep_universe] 840/903 (836 valid)
19:44:26  INFO        [prep_universe] 880/903 (876 valid)
19:44:33  INFO        [prep_universe] 903/903 (899 valid)

+========================================================================+
|  RUBBER BAND BOT  v8                                                   |
+------------------------------------------------------------------------+
|  Mode                                                      EVENING_PREP|
|  Time                                                         19:41 UTC|
|  Regime                                                            BULL|
|  Universe                                                          both|
|  Equity                                                         $234.19|
+========================================================================+

+========================================================================+
|                              EVENING PREP                              |
+========================================================================+
|  Goal                   Precompute exits/signals for next execution run|
|  Plan file                                 logs/plans/evening_plan.json|
|  Regime                                                            BULL|
+========================================================================+

+========================================================================+
|                       OPEN POSITION P&L SNAPSHOT                       |
+========================================================================+
|  Open positions                                                       0|
|  Invested                                                         $0.00|
|  Open P&L                                                        $+0.00|
|                                                                        |
|  No open positions.                                                    |
|                                                                        |
+========================================================================+

+========================================================================+
|                            OPEN SELL ORDERS                            |
+========================================================================+
|  Count                                                                0|
|                                                                        |
|  No open sell orders.                                                  |
|                                                                        |
+========================================================================+

+========================================================================+
|                              PREP SUMMARY                              |
+========================================================================+
|  Saved                                                              yes|
|  Exit candidates                                                      0|
|  Signal candidates                                                   15|
|  Universe scanned                                                   903|
+========================================================================+
