=== options_live_micro LIVE 2026-08-19T11:20:57.061530-04:00 share=50% ===
2026-08-19 11:20:57,061 INFO === options_live_micro LIVE 2026-08-19T11:20:57.061530-04:00 share=50% ===
Live account equity $452.13 cash $156.13 #225458845 options_level=3
2026-08-19 11:20:57,300 INFO Live account equity $452.13 cash $156.13 #225458845 options_level=3
Live micro hold S404 AVGO260821C00380000 +13.0% (tp +50% / sl -50%)
2026-08-19 11:20:57,445 INFO Live micro hold S404 AVGO260821C00380000 +13.0% (tp +50% / sl -50%)
Live micro sleeve $226 (50% of $452) deployed $61 open_strategies=1/4 (paper baseline $75 / tp=+50% sl=-50% / 1 contract per strategy)
2026-08-19 11:20:57,661 INFO Live micro sleeve $226 (50% of $452) deployed $61 open_strategies=1/4 (paper baseline $75 / tp=+50% sl=-50% / 1 contract per strategy)
Live micro entry order (CLEAN win): S404 100%win, S406 56%win, S218 56%win, S210 55%win
2026-08-19 11:20:57,661 INFO Live micro entry order (CLEAN win): S404 100%win, S406 56%win, S218 56%win, S210 55%win
Live micro signals: 3
2026-08-19 11:20:59,529 INFO Live micro signals: 3
  skip S404 AVGO: strategy already open (paper bucket rule)
2026-08-19 11:20:59,529 INFO   skip S404 AVGO: strategy already open (paper bucket rule)
  try S210 55%win/+47%med EOG
2026-08-19 11:20:59,530 INFO   try S210 55%win/+47%med EOG
  skip S210 EOG: no contract under $75
2026-08-19 11:21:00,584 INFO   skip S210 EOG: no contract under $75
  try S210 55%win/+47%med UNP
2026-08-19 11:21:00,584 INFO   try S210 55%win/+47%med UNP
  skip S210 UNP: no contract under $75
2026-08-19 11:21:01,019 INFO   skip S210 UNP: no contract under $75
Live micro done. open_options=1 lots=1
2026-08-19 11:21:01,237 INFO Live micro done. open_options=1 lots=1
