16:45:42  INFO      Mode: exits
16:45:42  INFO        Daily log -> logs/daily/2026-08-03.md
16:45:42  INFO        Daily log reconciled -> logs/daily/2026-08-03.md (7 ledger rows)
16:45:42  INFO        place_all_stops: checking 2 positions...
16:45:42  INFO        STOP already live AES @ $14.62
16:45:42  INFO        STOP skipped AVB: fractional (0.5001 shares) — software exit will handle it
16:45:43  INFO        [positions] 2/2 (2 valid)
16:45:43  INFO        Daily log -> logs/daily/2026-08-03.md

+========================================================================+
|  RUBBER BAND BOT  v8                                                   |
+------------------------------------------------------------------------+
|  Mode                                                             EXITS|
|  Time                                                         16:45 UTC|
|  Regime                                                            BULL|
|  Universe                                                          both|
|  Equity                                                         $467.01|
+========================================================================+

+========================================================================+
|                               EXIT CHECK                               |
+========================================================================+
|  Exit logic                   stop-0.5% / 3d max  (midline at EOD only)|
+------------------------------------------------------------------------+
|  AES  P&L -0.0%  $-0.01                                            HOLD|
|  AVB  P&L +0.1%  $+0.08                                            HOLD|
+========================================================================+

+========================================================================+
|                            EXIT RUN SUMMARY                            |
+========================================================================+
|  Mode                                                             exits|
|  Candidates                                                           2|
|  Deferred/Skipped                                      already logged 0|
|  Data skips                                             no price data 0|
|  Se~  0 attempted  |  0 filled  |  0 partial  |  0 pending  |  0 failed|
|  Holds                                                                2|
|  Logged exits                                                         0|
+========================================================================+

+========================================================================+
|                      STOP-LOSS BREACHES THIS RUN                       |
+========================================================================+
|  None                                                                  |
+========================================================================+
|  Stop-loss look file                  logs/stop_losses_to_look_into.txt|
|  New investigations added                                             0|
+========================================================================+
