14:15:36  INFO      Mode: exits
14:15:36  INFO        Daily log -> logs/daily/2026-07-17.md
14:15:36  INFO        Daily log reconciled -> logs/daily/2026-07-17.md (2 ledger rows)
14:15:37  INFO        place_all_stops: checking 4 positions...
14:15:37  INFO        STOP already live CARR @ $67.55
14:15:37  INFO        STOP already live CMS @ $73.98
14:15:37  INFO        STOP skipped DOV: fractional (0.3763 shares) — software exit will handle it
14:15:37  INFO        STOP skipped DRI: fractional (0.4807 shares) — software exit will handle it
14:15:37  INFO        [positions] 4/4 (4 valid)
14:15:37  INFO        Daily log -> logs/daily/2026-07-17.md

+========================================================================+
|  RUBBER BAND BOT  v8                                                   |
+------------------------------------------------------------------------+
|  Mode                                                             EXITS|
|  Time                                                         14:15 UTC|
|  Regime                                                            BULL|
|  Universe                                                          both|
|  Equity                                                         $486.96|
+========================================================================+

+========================================================================+
|                               EXIT CHECK                               |
+========================================================================+
|  Exit logic                   stop-0.5% / 3d max  (midline at EOD only)|
+------------------------------------------------------------------------+
|  DRI  P&L -0.3%  $-0.31                                            HOLD|
|  DOV  P&L +0.2%  $+0.13                                            HOLD|
|  CMS  P&L +1.0%  $+1.01                                            HOLD|
|  CARR  P&L +1.5%  $+1.32                                           HOLD|
+========================================================================+

+========================================================================+
|                            EXIT RUN SUMMARY                            |
+========================================================================+
|  Mode                                                             exits|
|  Candidates                                                           4|
|  Deferred/Skipped                                      already logged 0|
|  Data skips                                             no price data 0|
|  Se~  0 attempted  |  0 filled  |  0 partial  |  0 pending  |  0 failed|
|  Holds                                                                4|
|  Logged exits                                                         0|
+========================================================================+

+========================================================================+
|                      STOP-LOSS BREACHES THIS RUN                       |
+========================================================================+
|  None                                                                  |
+========================================================================+
|  Stop-loss look file                  logs/stop_losses_to_look_into.txt|
|  New investigations added                                             0|
+========================================================================+
