14:01:59  INFO      Mode: exits
14:02:00  INFO        Daily log -> logs/daily/2026-09-11.md
14:02:00  INFO        Daily log reconciled -> logs/daily/2026-09-11.md (2 ledger rows)
14:02:00  INFO        place_all_stops: checking 2 positions...
14:02:00  INFO        STOP skipped AMZN: fractional (0.1335 shares) — software exit will handle it
14:02:00  INFO        STOP skipped RL: fractional (0.1016 shares) — software exit will handle it
14:02:01  INFO        [positions] 2/2 (2 valid)
14:02:01  INFO        Daily log -> logs/daily/2026-09-11.md

+========================================================================+
|  RUBBER BAND BOT  v8                                                   |
+------------------------------------------------------------------------+
|  Mode                                                             EXITS|
|  Time                                                         14:02 UTC|
|  Regime                                                            BULL|
|  Universe                                                          both|
|  Equity                                                         $227.65|
+========================================================================+

+========================================================================+
|                           STOCKS EXIT CHECK                            |
+========================================================================+
|  Exit logic                   stop-0.5% / 3d max  (midline at EOD only)|
+------------------------------------------------------------------------+
|  AMZN  P&L +0.1%  $+0.02                                           HOLD|
|  RL  P&L +0.2%  $+0.07                                             HOLD|
+========================================================================+

+========================================================================+
|                            EXIT RUN SUMMARY                            |
+========================================================================+
|  Mode                                                             exits|
|  Candidates                                                           2|
|  Deferred/Skipped                                      already logged 0|
|  Data skips                                             no price data 0|
|  Se~  0 attempted  |  0 filled  |  0 partial  |  0 pending  |  0 failed|
|  Holds                                                                2|
|  Logged exits                                                         0|
+========================================================================+

+========================================================================+
|            OPTIONS SLEEVE  (managed by options_live_micro)             |
+========================================================================+
|                                                                        |
|  No open option positions.                                             |
|                                                                        |
+========================================================================+

+========================================================================+
|                      STOP-LOSS BREACHES THIS RUN                       |
+========================================================================+
|  None                                                                  |
+========================================================================+
|  Stop-loss look file                  logs/stop_losses_to_look_into.txt|
|  New investigations added                                             0|
+========================================================================+
