13:57:42  INFO      Mode: morning_scan
13:57:43  INFO        [positions] 3/3 (3 valid)
13:57:43  INFO        SELL LIMIT TECH  qty=0.464593842  limit=$72.55  id=c1c5642e-aefb-4c3d-afda-70422ae507c0
13:58:14  INFO        SELL LIMIT filled TECH (confirmed by position check)
13:58:14  INFO        TX logged: SELL TECH  P&L 0.0%
13:58:14  INFO        Universe cache hit: 901 tickers (tickers_2026-09-23.json)
13:58:15  INFO        [universe] 40/899 (40 valid)
13:58:16  INFO        [universe] 80/899 (80 valid)
13:58:17  INFO        [universe] 120/899 (120 valid)
13:58:18  INFO        [universe] 160/899 (160 valid)
13:58:19  INFO        [universe] 200/899 (199 valid)
13:58:26  INFO        [universe] 240/899 (238 valid)
13:58:39  INFO        [universe] 280/899 (278 valid)
13:58:53  INFO        [universe] 320/899 (318 valid)
13:59:03  INFO        [universe] 360/899 (358 valid)
13:59:16  INFO        [universe] 400/899 (398 valid)
13:59:29  INFO        [universe] 440/899 (438 valid)
13:59:39  INFO        [universe] 480/899 (478 valid)
13:59:52  INFO        [universe] 520/899 (518 valid)
14:00:02  INFO        [universe] 560/899 (558 valid)
14:00:16  INFO        [universe] 600/899 (598 valid)
14:00:29  INFO        [universe] 640/899 (638 valid)
14:00:39  INFO        [universe] 680/899 (678 valid)
