options_reconcile: state=/home/runner/work/TradingBot/TradingBot/logs/options_trial/_state/lab_state.json
  open_lots=94 paper_keys=yes dry_run=False
  alpaca positions=17
  FLAG b779|S397|01866ade missing from Alpaca
  FLAG b778|S397|9ab83dc6 missing from Alpaca
  State updated with reconciled lots.
options_reconcile: done
Layout: controlled:1164:live_1to1+variations (layout changed controlled:100:c000_s173_w1_0928_1005_r1 -> controlled:1164:live_1to1+variations)
Trial layout: /home/runner/work/TradingBot/TradingBot/logs/options_trial
Docs:         skipped (local docs unavailable on this runner)
Buckets:      1164
PROBE OK: paper account status=AccountStatus.ACTIVE equity=$997,099.73
  buying_power=$3,937,334.12 cash=$1,030,713.73
  open option orders: 9
    CRWD260918C00285000 OrderSide.SELL qty=1 status=OrderStatus.NEW limit=0.01
    GTLB260925C00052000 OrderSide.SELL qty=1 status=OrderStatus.NEW limit=None
    HON260918C00217500 OrderSide.SELL qty=1 status=OrderStatus.NEW limit=None
    AAPL260918C00340000 OrderSide.SELL qty=2 status=OrderStatus.NEW limit=None
    LLY260918C01225000 OrderSide.SELL qty=2 status=OrderStatus.NEW limit=None
  open option positions: 16
    AAPL260918C00340000 qty=2 mkt=$80.00
    CRWD260918C00285000 qty=1 mkt=$0.00
    FSLY260918C00025000 qty=1 mkt=$10.00
    GTLB260925C00052000 qty=1 mkt=$15.00
    HON260918C00215000 qty=1 mkt=$0.00
PROBE: check-only pass (use --smoke-entry to place a test order)
=== options_morning_bot (PAPER) 2026-09-17T09:34:53.575706-04:00 ===

[Run context]
Paper auth OK — equity $997104.73, account PA33P8KT02IL

[Setup]
LIVE 1:1 bucket b90 live_1to1 — S218, S404, S406 | TP+50%/SL-40% | stop-mkt | min $20
Variation study: 1163 lab/promising bucket(s) | cohort: all paper strategies | max 400 new entries/run
Dropped (no new entries; ex-reflected P&L): S203, S207, S212, S360, S405, S407
  EXIT [b861|lab0861_s408_w3_1045_1120_r2|S408] stop_loss (-100.0%) SELL failed MSTR260918C00157500: {"code":40310000,"message":"account not eligible to trade uncovered option contracts"}
2026-09-17 09:34:56,501 INFO   EXIT [b267|lab0267_s403_w3_1045_1120_r2|S403] stop_loss (-100.0%) SELL 1 PATH260918C00016000 @<= 0.01
2026-09-17 09:34:57,497 INFO   EXIT [b168|lab0168_s216_w3_1045_1120_r1|S216] stop_loss (-72.0%) SELL 1 LLY260918C01225000 @<= 0.04
2026-09-17 09:34:59,011 INFO   EXIT [b781|lab0781_s397_w3_1045_1120_r2|S397] stop_loss (-78.6%) SELL 1 GTLB260925C00052000 @<= 0.16
  EXIT [b182|lab0182_s217_w3_1045_1120_r1|S217] stop_loss (-100.0%) SELL failed HON260918C00215000: {"code":40310000,"message":"account not eligible to trade uncovered option contracts"}
2026-09-17 09:34:59,817 INFO   EXIT [b314|lab0314_s355_w2_1005_1045_r1|S355] stop_loss (-55.1%) SELL 1 MARA260918C00012000 @<= 0.14
2026-09-17 09:35:00,530 INFO   EXIT [b366|lab0366_s361_w3_1045_1120_r1|S361] stop_loss (-81.8%) SELL 1 FSLY260918C00025000 @<= 0.11
Protective stops: placed=0 upgraded=0 already=7 failed=5 (market-first)

[Scan + entries]
Scanning 117 symbols for [S165, S164, S168, S167, S166, S163, S169, S170, S171, S172, S175, S200, S201, S202, S204, S205, S206, S208, S209, S210, S211, S213, S214, S215, S216, S217, S218, S219, S220, S221, S400, S401, S402, S403, S350, S351, S352, S353, S354, S355, S356, S357, S358, S359, S361, S362, S363, S364, S365, S366, S367, S368, S369, S370, S371, S372, S373, S374, S375, S376, S377, S378, S379, S380, S381, S382, S383, S384, S385, S386, S387, S388, S389, S390, S391, S392, S393, S394, S413, S414, S415, S416, S417, S418, S395, S396, S397, S398, S399, S404, S406, S408, S409, S410, S411, S412, S413, S414, S415, S416, S417, S418, S419] …
Fetched daily bars for 113/117 symbols
