13:35:51  INFO      Mode: morning_prep
13:35:52  INFO        [prep_positions] 3/3 (3 valid)
13:35:52  INFO        Universe cache hit: 903 tickers (tickers_2026-08-20.json)
13:35:54  INFO        [prep_universe] 40/900 (40 valid)
13:35:55  INFO        [prep_universe] 80/900 (80 valid)
13:35:56  INFO        [prep_universe] 120/900 (120 valid)
13:35:58  INFO        [prep_universe] 160/900 (160 valid)
13:35:59  INFO        [prep_universe] 200/900 (199 valid)
13:36:07  INFO        [prep_universe] 240/900 (238 valid)
13:36:18  INFO        [prep_universe] 280/900 (278 valid)
13:36:33  INFO        [prep_universe] 320/900 (318 valid)
13:36:44  INFO        [prep_universe] 360/900 (358 valid)
13:36:56  INFO        [prep_universe] 400/900 (397 valid)
13:37:06  INFO        [prep_universe] 440/900 (437 valid)
13:37:19  INFO        [prep_universe] 480/900 (477 valid)
13:37:31  INFO        [prep_universe] 520/900 (517 valid)
13:37:44  INFO        [prep_universe] 560/900 (557 valid)
13:37:55  INFO        [prep_universe] 600/900 (597 valid)
13:38:05  INFO        [prep_universe] 640/900 (637 valid)
13:38:19  INFO        [prep_universe] 680/900 (677 valid)
13:38:30  INFO        [prep_universe] 720/900 (717 valid)
13:38:43  INFO        [prep_universe] 760/900 (757 valid)
13:38:54  INFO        [prep_universe] 800/900 (797 valid)
13:39:08  INFO        [prep_universe] 840/900 (836 valid)
13:39:18  INFO        [prep_universe] 880/900 (876 valid)
13:39:26  INFO        [prep_universe] 900/900 (896 valid)

+========================================================================+
|  RUBBER BAND BOT  v8                                                   |
+------------------------------------------------------------------------+
|  Mode                                                      MORNING_PREP|
|  Time                                                         13:35 UTC|
|  Regime                                                            BULL|
|  Universe                                                          both|
|  Equity                                                         $443.63|
+========================================================================+

+========================================================================+
|                              MORNING PREP                              |
+========================================================================+
|  Goal                   Precompute exits/signals for next execution run|
|  Plan file                                 logs/plans/morning_plan.json|
|  Regime                                                            BULL|
+========================================================================+

+========================================================================+
|                       OPEN POSITION P&L SNAPSHOT                       |
+========================================================================+
|  Open positions                                                       3|
|  Invested                                                       $171.48|
|  Open P&L                                                        $-0.36|
|  TICKER   STRATEGY        INVESTED   ENTRY    NOW      P&L%    P&L$    |
+------------------------------------------------------------------------+
|  ARE      Pullback50      $70.18     $50.78   $50.28   -1.0%   $-0.69  |
|  JKHY     MA_Squeeze      $71.14     $163.31  $163.94  +0.4%   $+0.27  |
|  MNST     MomReversal     $30.16     $47.41   $47.50   +0.2%   $+0.06  |
+========================================================================+

+========================================================================+
|                            OPEN SELL ORDERS                            |
+========================================================================+
|  Count                                                                1|
|  TICKER    TYPE              QTY       LIMIT       STOP                |
+------------------------------------------------------------------------+
|  CPB2608~  OrderType.STOP_~  1         0.28        0.3                 |
+========================================================================+

+========================================================================+
|                              PREP SUMMARY                              |
+========================================================================+
|  Saved                                                              yes|
|  Exit candidates                                                      2|
|  Signal candidates                                                   51|
|  Universe scanned                                                   900|
+========================================================================+
