14:11:36  INFO      Mode: exits
14:11:36  INFO        Daily log -> logs/daily/2026-08-27.md
14:11:36  INFO        Daily log reconciled -> logs/daily/2026-08-27.md (3 ledger rows)
14:11:36  INFO        place_all_stops: checking 2 positions...
14:11:36  INFO        STOP skipped AON: fractional (0.1267 shares) — software exit will handle it
14:11:37  INFO        [positions] 1/1 (1 valid)
14:11:37  INFO        Daily log -> logs/daily/2026-08-27.md

+========================================================================+
|  RUBBER BAND BOT  v8                                                   |
+------------------------------------------------------------------------+
|  Mode                                                             EXITS|
|  Time                                                         14:11 UTC|
|  Regime                                                            BULL|
|  Universe                                                          both|
|  Equity                                                         $305.20|
+========================================================================+

+========================================================================+
|                           STOCKS EXIT CHECK                            |
+========================================================================+
|  Exit logic                   stop-0.5% / 3d max  (midline at EOD only)|
+------------------------------------------------------------------------+
|  AON  P&L -0.2%  $-0.09                                            HOLD|
+========================================================================+

+========================================================================+
|                            EXIT RUN SUMMARY                            |
+========================================================================+
|  Mode                                                             exits|
|  Candidates                                                           1|
|  Deferred/Skipped                                      already logged 0|
|  Data skips                                             no price data 0|
|  Se~  0 attempted  |  0 filled  |  0 partial  |  0 pending  |  0 failed|
|  Holds                                                                1|
|  Logged exits                                                         0|
+========================================================================+

+========================================================================+
|            OPTIONS SLEEVE  (managed by options_live_micro)             |
+========================================================================+
|  CONTRACT                ENTRY    NOW      P&L%     P&L$      MV       |
+------------------------------------------------------------------------+
|  CELH260828C00033000     $0.72    $0.84    +16.7%   $+12.00   $84.00   |
|                                                                        |
|  Options open P&L                                               $+12.00|
+========================================================================+

+========================================================================+
|                      STOP-LOSS BREACHES THIS RUN                       |
+========================================================================+
|  None                                                                  |
+========================================================================+
|  Stop-loss look file                  logs/stop_losses_to_look_into.txt|
|  New investigations added                                             0|
+========================================================================+
