00:10:35  INFO      Mode: summary
00:10:35  INFO        Daily log -> logs/daily/2026-07-22.md
00:10:35  INFO        Daily log reconciled -> logs/daily/2026-07-22.md (0 ledger rows)

+========================================================================+
|  RUBBER BAND BOT  v8                                                   |
+------------------------------------------------------------------------+
|  Mode                                                           SUMMARY|
|  Time                                                         00:10 UTC|
|  Regime                                                            BULL|
|  Universe                                                          both|
|  Equity                                                         $481.00|
+========================================================================+

+========================================================================+
|                             ACCOUNT STATUS                             |
+========================================================================+
|  Equity                                                         $481.00|
|  Cash                                                           $120.06|
|  Regime                                                            BULL|
|  Universe                                                          both|
|  Total invested                                                 $360.94|
|  Open P&L                                                        $+2.28|
+========================================================================+

+========================================================================+
|                        HOLDINGS  (4 positions)                         |
+========================================================================+
|  TICKER   STRATEGY        INVESTED   ENTRY    NOW      P&L%    P&L$    |
+------------------------------------------------------------------------+
|  BIIB     Pullback50      $96.83     $201.84  $203.16  +0.7%   $+0.63  |
|  C        Pullback50      $69.99     $132.61  $132.86  +0.2%   $+0.13  |
|  DUK      Pullback50      $96.87     $125.11  $125.91  +0.6%   $+0.62  |
|  TPR      Pullback50      $97.26     $140.84  $142.16  +0.9%   $+0.91  |
|                                                                        |
|  Total invested                                                 $360.94|
|  Total open P&L                                                  $+2.28|
+========================================================================+

+========================================================================+
|                        EXIT LOGIC ACTIVE  (v8)                         |
+========================================================================+
|  Profit target                              price > 20-day MA (midline)|
|  Stop loss                                             -0.5% from entry|
|  Time stop                                          max 3 calendar days|
+========================================================================+

+========================================================================+
|                          RECENT TRANSACTIONS                           |
+========================================================================+
|  2026-07-21  SELL  APA  Pullback50  $96.03  P&L $-0.00                 |
|  2026-07-21  SELL  BEN  Pullback50  $5.47  P&L $-0.09                  |
|  2026-07-21  SELL  CNP  Pullback50  $10.28  P&L $-0.06                 |
|  2026-07-21  SELL  CI  Pullback50  $95.97  P&L $-0.17                  |
|  2026-07-21  SELL  IEX  Pullback50  $70.78  P&L $-0.49                 |
|  2026-07-21  SELL  MAA  Pullback50  $95.80  P&L $-0.55                 |
+========================================================================+
