13:46:18  INFO      Mode: morning_scan
13:46:19  INFO        [positions] 5/5 (5 valid)
13:46:20  INFO        SELL MARKET [urgent] GOOG closed
13:46:22  INFO        TX logged: SELL GOOG  P&L -1.4%
13:46:23  INFO        SELL MARKET [urgent] CDW closed
13:46:25  INFO        TX logged: SELL CDW  P&L -1.31%
13:46:25  INFO        Universe cache hit: 903 tickers (tickers_2026-08-11.json)
13:46:26  INFO        [universe] 40/900 (40 valid)
13:46:28  INFO        [universe] 80/900 (80 valid)
13:46:29  INFO        [universe] 120/900 (120 valid)
13:46:31  INFO        [universe] 160/900 (160 valid)
13:46:33  INFO        [universe] 200/900 (199 valid)
13:46:39  INFO        [universe] 240/900 (238 valid)
13:46:50  INFO        [universe] 280/900 (278 valid)
13:47:04  INFO        [universe] 320/900 (318 valid)
13:47:14  INFO        [universe] 360/900 (358 valid)
13:47:28  INFO        [universe] 400/900 (397 valid)
13:47:38  INFO        [universe] 440/900 (437 valid)
13:47:52  INFO        [universe] 480/900 (477 valid)
13:48:03  INFO        [universe] 520/900 (517 valid)
13:48:13  INFO        [universe] 560/900 (557 valid)
13:48:27  INFO        [universe] 600/900 (597 valid)
13:48:40  INFO        [universe] 640/900 (637 valid)
13:48:51  INFO        [universe] 680/900 (677 valid)
13:49:02  INFO        [universe] 720/900 (717 valid)
13:49:16  INFO        [universe] 760/900 (757 valid)
13:49:26  INFO        [universe] 800/900 (797 valid)
13:49:39  INFO        [universe] 840/900 (836 valid)
13:49:50  INFO        [universe] 880/900 (876 valid)
13:49:57  INFO        [universe] 900/900 (896 valid)

+========================================================================+
|  RUBBER BAND BOT  v8                                                   |
+------------------------------------------------------------------------+
|  Mode                                                      MORNING_SCAN|
|  Time                                                         13:46 UTC|
|  Regime                                                            BULL|
|  Universe                                                          both|
|  Equity                                                         $468.04|
+========================================================================+

+========================================================================+
|                   RUBBER BAND BOT v8  --  DAILY SCAN                   |
+========================================================================+
|  Mode                                                      *** LIVE ***|
|  Date                                                        2026-08-11|
|  Universe                                                          both|
|  Mo~  Aug: VolumeSpike + 52wkLow (display only — schedule not enforced)|
|  Disabled                GapDown, VolumeSpike (see DISABLED_STRATEGIES)|
|  Regime                                                            BULL|
|  Exit                                      midline / stop-0.5% / 3d max|
+========================================================================+

+========================================================================+
|                                ACCOUNT                                 |
+========================================================================+
|  Equity                                                         $468.04|
|  Cash                                                            $23.69|
|  Reserve                                          $23.40  (always kept)|
|  Available                                      $0.29  (for new trades)|
|  Trade size             $93.61  (20% per signal — all strategies equal)|
+========================================================================+

+========================================================================+
|                           HOLDINGS  (5 open)                           |
+========================================================================+
|  TICKER   STRATEGY        INVESTED   ENTRY    NOW      P&L%    P&L$    |
+------------------------------------------------------------------------+
|  AAPL     Pullback50      $93.79     $307.55  $306.37  -0.4%   $-0.36  |
|  ADM      Pullback50      $94.00     $80.48   $80.35   -0.2%   $-0.15  |
|  AES      Pullback50      $94.09     $14.72   $14.72   +0.0%   $+0.00  |
|  CDW      Pullback50      $69.68     $136.69  $134.90  -1.3%   $-0.93  |
|  GOOG     Pullback50      $92.77     $354.24  $349.28  -1.4%   $-1.32  |
|                                                                        |
|  Total invested                                                 $444.34|
|  Total open P&L                                                  $-2.75|
|  Buys today: 0  |  entry cap: 0  |  max open: 5                        |
+========================================================================+

+========================================================================+
|                               PLAN CACHE                               |
+========================================================================+
|  Mode                                                           morning|
|  File                                      logs/plans/morning_plan.json|
|  Use cached plan                                  no (stale (47520.8m))|
+========================================================================+

+========================================================================+
|          EXIT EVALUATION  (EOD -- midline + stop + max-hold)           |
+========================================================================+
|  GOOG  P&L -1.4%  $-1.32                        EXIT: stop_loss (-1.4%)|
|  CDW  P&L -1.3%  $-0.93                         EXIT: stop_loss (-1.3%)|
|  AAPL  P&L -0.4%  $-0.36                                           HOLD|
|  ADM  P&L -0.2%  $-0.15                                            HOLD|
|  AES  P&L +0.0%  $+0.00                                            HOLD|
+========================================================================+

+========================================================================+
|                           EXIT EVAL SUMMARY                            |
+========================================================================+
|  Exit eval    attempted 2 | filled 2 | partial 0 | pending 0 | failed 0|
|  Other skips     already logged today 0  |  no price data 0  |  holds 3|
|  Stop-loss breaches                                                   2|
|  GOOG                                        -1.40%  (threshold -0.50%)|
|  CDW                                         -1.31%  (threshold -0.50%)|
|  Stop-loss look file                  logs/stop_losses_to_look_into.txt|
|  New investigations added                                             0|
+========================================================================+

+========================================================================+
|                             DATA DOWNLOAD                              |
+========================================================================+
|  Universe: both  |  Alpaca primary / yfinance fallback                 |
+========================================================================+

+========================================================================+
|                              SIGNAL SCAN                               |
+========================================================================+
|  Month: Aug  |  Regime: BULL                                           |
|  Primary: VolumeSpike  |  Secondary: 52wkLow (display only — schedule ~|
|  Source                                                       live scan|
+========================================================================+

+========================================================================+
|                         SIGNALS FOUND  --  44                          |
+========================================================================+
|  TICKER   STRATEGY        TIER   PRICE    RSI    VOL_Z   TRIGGER       |
+------------------------------------------------------------------------+
|  AFL      Pullback50      eq     $121.34  43.6   -2.56   50MA bounce (+|
|  ALGN     Pullback50      eq     $175.83  53.5   -2.32   50MA bounce (+|
|  AIG      Pullback50      eq     $77.60   46.4   -2.35   50MA bounce (+|
|  ADI      Pullback50      eq     $392.90  53.0   -2.77   50MA bounce (-|
|  C        Pullback50      eq     $136.85  59.2   -2.97   50MA bounce (+|
|  DOV      Pullback50      eq     $212.37  47.8   -1.48   50MA bounce (-|
|  EQIX     Pullback50      eq     $1049.~  54.0   -2.74   50MA bounce (-|
|  ES       Pullback50      eq     $71.44   32.4   -2.10   50MA bounce (-|
|  EXR      Pullback50      eq     $147.04  55.4   -2.15   50MA bounce (+|
|  GEV      Pullback50      eq     $1017.~  54.7   -2.47   50MA bounce (-|
|  INVH     Pullback50      eq     $29.93   57.2   -2.41   50MA bounce (+|
|  KEY      Pullback50      eq     $22.82   44.8   -2.64   50MA bounce (+|
|  MAS      Pullback50      eq     $75.81   46.2   -1.43   50MA bounce (-|
|  MDLZ     Pullback50      eq     $61.35   52.1   -2.20   50MA bounce (+|
|  PCG      Pullback50      eq     $17.16   36.0   -2.11   50MA bounce (+|
|  PGR      Pullback50      eq     $213.42  64.0   -1.81   50MA bounce (+|
|  PPG      Pullback50      eq     $116.96  49.4   -1.85   50MA bounce (-|
|  TER      Pullback50      eq     $382.10  53.1   -1.74   50MA bounce (-|
|  TRGP     Pullback50      eq     $267.57  38.6   -2.66   50MA bounce (-|
|  TJX      Pullback50      eq     $158.42  56.6   -2.98   50MA bounce (+|
|  VTRS     Pullback50      eq     $16.52   42.6   -2.32   50MA bounce (-|
|  WRB      Pullback50      eq     $70.71   42.3   -2.38   50MA bounce (+|13:50:00  INFO        place_all_stops: checking 3 positions...
13:50:00  INFO        STOP skipped AAPL: fractional (0.3061 shares) — software exit will handle it
13:50:00  INFO        STOP-MARKET placed ADM  qty=1 (pos=1.1699)  stop=$80.07  id=b841c5cd-5e07-44c2-913d-70d13e04ea23
13:50:00  INFO        STOP-MARKET placed AES  qty=6 (pos=6.3920)  stop=$14.65  id=1f98fd70-6982-4e2b-a1db-5f700e7f2ebf
13:50:00  INFO        Daily log -> logs/daily/2026-08-11.md
13:50:00  INFO        Dashboard written → logs/dashboard.md

|  WM       Pullback50      eq     $228.50  36.5   -2.62   50MA bounce (+|
|  WMB      Pullback50      eq     $72.53   42.6   -2.55   50MA bounce (-|
|  AEIS     Pullback50      eq     $321.59  51.1   -1.92   50MA bounce (+|
|  ALLY     Pullback50      eq     $44.25   47.5   -2.19   50MA bounce (-|
|  ALV      Pullback50      eq     $122.33  56.8   -1.76   50MA bounce (+|
|  AM       Pullback50      eq     $22.11   41.4   -2.72   50MA bounce (+|
|  BC       Pullback50      eq     $81.44   48.2   -2.43   50MA bounce (+|
|  BKH      Pullback50      eq     $74.02   45.4   -2.27   50MA bounce (+|
|  CBT      Pullback50      eq     $88.65   48.2   -1.51   50MA bounce (+|
|  CUBE     Pullback50      eq     $41.27   51.6   -2.58   50MA bounce (+|
|  COLB     Pullback50      eq     $31.51   38.4   -2.45   50MA bounce (+|
|  ELS      Pullback50      eq     $64.57   45.3   -2.24   50MA bounce (+|
|  EXP      Pullback50      eq     $213.27  57.7   -1.97   50MA bounce (-|
|  FHN      Pullback50      eq     $25.34   43.9   -1.85   50MA bounce (+|
|  GATX     Pullback50      eq     $177.97  45.2   -2.46   50MA bounce (+|
|  IRT      Pullback50      eq     $16.73   57.4   -1.56   50MA bounce (+|
|  JEF      Pullback50      eq     $56.09   50.7   -2.66   50MA bounce (+|
|  PK       Pullback50      eq     $14.52   40.9   -2.42   50MA bounce (+|
|  SLAB     Pullback50      eq     $218.78  63.4   -2.47   50MA bounce (+|
|  TNL      Pullback50      eq     $74.19   46.2   -2.42   50MA bounce (-|
|  TOL      Pullback50      eq     $151.56  53.0   -2.80   50MA bounce (+|
|  WTFC     Pullback50      eq     $160.16  55.2   -2.02   50MA bounce (+|
|                                                                        |
+========================================================================+

+========================================================================+
|                              ENTRY ORDERS                              |
+========================================================================+
|  Skipped                                  no entry slots (max_trades=0)|
+========================================================================+

+========================================================================+
|                            SESSION SUMMARY                             |
+========================================================================+
|  Regime                                                            BULL|
|  Universe                                                          both|
|  Strategy  VolumeSpike + 52wkLow (display only — schedule not enforced)|
|  Scanned                                                            896|
|  Signals                                                             44|
|  Entries                                                              0|
|  Buy submits                              0 confirmed  |  0 unconfirmed|
|  Exits                                                                2|
|  Open pos                                                             3|
|  Equity                                                         $467.69|
|  Cash                                                           $186.00|
+========================================================================+
