18:56:06  INFO      Mode: exits
18:56:06  INFO        Daily log -> logs/daily/2026-08-19.md
18:56:06  INFO        Daily log reconciled -> logs/daily/2026-08-19.md (1 ledger rows)
18:56:06  INFO        place_all_stops: checking 2 positions...
18:56:06  INFO        STOP skipped AAPL: fractional (0.2496 shares) — software exit will handle it
18:56:06  INFO        STOP already live MNST @ $47.17
18:56:06  INFO        [positions] 2/2 (2 valid)
18:56:06  INFO        Daily log -> logs/daily/2026-08-19.md

+========================================================================+
|  RUBBER BAND BOT  v8                                                   |
+------------------------------------------------------------------------+
|  Mode                                                             EXITS|
|  Time                                                         18:56 UTC|
|  Regime                                                            BULL|
|  Universe                                                          both|
|  Equity                                                         $472.99|
+========================================================================+

+========================================================================+
|                           STOCKS EXIT CHECK                            |
+========================================================================+
|  Exit logic                   stop-0.5% / 3d max  (midline at EOD only)|
+------------------------------------------------------------------------+
|  MNST  P&L +1.0%  $+0.80                                           HOLD|
|  AAPL  P&L +1.4%  $+1.12                                           HOLD|
+========================================================================+

+========================================================================+
|                            EXIT RUN SUMMARY                            |
+========================================================================+
|  Mode                                                             exits|
|  Candidates                                                           2|
|  Deferred/Skipped                                      already logged 0|
|  Data skips                                             no price data 0|
|  Se~  0 attempted  |  0 filled  |  0 partial  |  0 pending  |  0 failed|
|  Holds                                                                2|
|  Logged exits                                                         0|
+========================================================================+

+========================================================================+
|            OPTIONS SLEEVE  (managed by options_live_micro)             |
+========================================================================+
|                                                                        |
|  No open option positions.                                             |
|                                                                        |
+========================================================================+

+========================================================================+
|                      STOP-LOSS BREACHES THIS RUN                       |
+========================================================================+
|  None                                                                  |
+========================================================================+
|  Stop-loss look file                  logs/stop_losses_to_look_into.txt|
|  New investigations added                                             0|
+========================================================================+
