13:52:24  INFO      Mode: morning_scan
13:52:25  INFO        [positions] 3/3 (3 valid)
13:52:25  INFO        SELL order cancelled AES  type=OrderType.STOP  id=440c7c4b-09d7-475b-9bbd-a00f63af01c4
13:52:25  INFO        SELL LIMIT AES  qty=2.289085963  limit=$14.81  id=553e9e19-2d8b-4913-bcbb-11960f0eb498
13:52:55  INFO        SELL LIMIT filled AES (confirmed by position check)
13:52:55  INFO        TX logged: SELL AES  P&L -0.04%
13:52:55  INFO        Universe cache hit: 903 tickers (tickers_2026-09-14.json)
13:52:56  INFO        [universe] 40/901 (40 valid)
13:52:58  INFO        [universe] 80/901 (80 valid)
13:52:59  INFO        [universe] 120/901 (120 valid)
13:53:00  INFO        [universe] 160/901 (160 valid)
13:53:01  INFO        [universe] 200/901 (199 valid)
13:53:08  INFO        [universe] 240/901 (238 valid)
13:53:21  INFO        [universe] 280/901 (278 valid)
13:53:34  INFO        [universe] 320/901 (318 valid)
13:53:44  INFO        [universe] 360/901 (358 valid)
13:53:57  INFO        [universe] 400/901 (398 valid)
13:54:07  INFO        [universe] 440/901 (438 valid)
13:54:20  INFO        [universe] 480/901 (478 valid)
13:54:33  INFO        [universe] 520/901 (518 valid)
13:54:43  INFO        [universe] 560/901 (558 valid)
13:54:56  INFO        [universe] 600/901 (598 valid)
13:55:09  INFO        [universe] 640/901 (638 valid)
13:55:20  INFO        [universe] 680/901 (678 valid)
13:55:33  INFO        [universe] 720/901 (718 valid)
13:55:45  INFO        [universe] 760/901 (758 valid)
13:55:58  INFO        [universe] 800/901 (798 valid)
13:56:08  INFO        [universe] 840/901 (838 valid)
13:56:21  INFO        [universe] 880/901 (878 valid)
13:56:28  INFO        [universe] 901/901 (899 valid)

+========================================================================+
|  RUBBER BAND BOT  v8                                                   |
+------------------------------------------------------------------------+
|  Mode                                                      MORNING_SCAN|
|  Time                                                         13:52 UTC|
|  Regime                                                            BULL|
|  Universe                                                          both|
|  Equity                                                         $226.26|
+========================================================================+

+========================================================================+
|                   RUBBER BAND BOT v8  --  DAILY SCAN                   |
+========================================================================+
|  Mode                                                      *** LIVE ***|
|  Date                                                        2026-09-14|
|  Universe                                                          both|
|  Mo~  Sep: GapDown + VolumeSpike (display only — schedule not enforced)|
|  Disabled  GapDown, GoldenPocket, VolumeSpike (see DISABLED_STRATEGIES)|
|  Regime                                                            BULL|
|  Exit                                      midline / stop-0.5% / 3d max|
+========================================================================+

+========================================================================+
|                                ACCOUNT                                 |
+========================================================================+
|  Equity (total)                                                 $226.26|
|  Cash                                                           $124.39|
|  Reserve                                          $11.31  (always kept)|
|  Stock~  $101.87 / $169.69  (75% equity; 25% reserved for live options)|
|  Options MV                        $0.00  open P&L $+0.00  (0 contract)|
|  Available                                     $67.83  (new stock buys)|
|  Trade size             $33.94  (15% per signal — all strategies equal)|
+========================================================================+

+========================================================================+
|                        STOCK HOLDINGS  (3 open)                        |
+========================================================================+
|  TICKER   STRATEGY        INVESTED   ENTRY    NOW      P&L%    P&L$    |
+------------------------------------------------------------------------+
|  AES      Pullback50      $33.90     $14.82   $14.81   -0.0%   $-0.02  |
|  ALL      Pullback50      $33.95     $257.56  $257.79  +0.1%   $+0.03  |
|  ALLE     Pullback50      $34.02     $153.74  $154.18  +0.3%   $+0.10  |
|                                                                        |
|  Total invested                                                 $101.87|
|  Total open P&L                                                  $+0.11|
|  Buys today: 0  |  entry cap: 0  |  max open: 3                        |
+========================================================================+

+========================================================================+
|                               PLAN CACHE                               |
+========================================================================+
|  Mode                                                           morning|
|  File                                      logs/plans/morning_plan.json|
|  Use cached plan                                  no (stale (27376.9m))|
+========================================================================+

+========================================================================+
|          EXIT EVALUATION  (EOD -- midline + stop + max-hold)           |
+========================================================================+
|  AES  P&L -0.0%  $-0.02                           EXIT: midline (-0.0%)|
|  ALL  P&L +0.1%  $+0.03                                            HOLD|
|  ALLE  P&L +0.3%  $+0.10                                           HOLD|
+========================================================================+

+========================================================================+
|                           EXIT EVAL SUMMARY                            |
+========================================================================+
|  Exit eval    attempted 1 | filled 1 | partial 0 | pending 0 | failed 0|
|  Other skips     already logged today 0  |  no price data 0  |  holds 2|
|  Stop-loss breaches                                                none|
|  Stop-loss look file                  logs/stop_losses_to_look_into.txt|
|  New investigations added                                             0|
+========================================================================+

+========================================================================+
|                             DATA DOWNLOAD                              |
+========================================================================+
|  Universe: both  |  Alpaca primary / yfinance fallback                 |
+========================================================================+

+========================================================================+
|                              SIGNAL SCAN                               |
+========================================================================+
|  Month: Sep  |  Regime: BULL                                           |
|  Primary: GapDown  |  Secondary: VolumeSpike (display only — schedule ~|
|  Source                                                       live scan|
+========================================================================+

+========================================================================+
|                         SIGNALS FOUND  --  43                          |
+========================================================================+
|  TICKER   STRATEGY        TIER   PRICE    RSI    VOL_Z   TRIGGER       |
+------------------------------------------------------------------------+
|  GOOGL    Pullback50      eq     $345.53  47.9   -2.81   50MA bounce (-|
|  GOOG     Pullback50      eq     $341.95  47.6   -3.02   50MA bounce (-|
|  AMZN     Pullback50      eq     $253.91  41.2   -2.68   50MA bounce (-|
|  AES      Pullback50      eq     $14.81   62.3   -2.40   50MA bounce (+|
|  TECH     Pullback50      eq     $72.28   45.9   -2.34   50MA bounce (+|
|  XYZ      Pullback50      eq     $79.90   46.5   -2.28   50MA bounce (-|
|  BF-B     Pullback50      eq     $26.90   37.8   -2.49   50MA bounce (-|
|  CB       Pullback50      eq     $343.62  47.3   -2.74   50MA bounce (-|
|  EBAY     Pullback50      eq     $108.63  53.2   -2.03   50MA bounce (-|
|  BEN      Pullback50      eq     $33.47   39.4   -2.28   50MA bounce (-|
|  FCX      Pullback50      eq     $68.11   30.6   -2.11   50MA bounce (+|
|  HIG      Pullback50      eq     $138.65  49.1   -2.25   50MA bounce (-|
|  PANW     Pullback50      eq     $351.10  50.1   -1.76   50MA bounce (+|
|  PAYX     Pullback50      eq     $117.95  31.3   -2.68   50MA bounce (+|
|  PRU      Pullback50      eq     $119.97  43.3   -2.82   50MA bounce (-|
|  SYF      Pullback50      eq     $76.20   36.1   -2.95   50MA bounce (-|
|  USB      Pullback50      eq     $63.03   54.5   -3.46   50MA bounce (-|
|  VLTO     Pullback50      eq     $96.58   37.4   -2.44   50MA bounce (+|
|  VTRS     Pullback50      eq     $16.65   52.1   -2.46   50MA bounce (-|
|  WRB      Pullback50      eq     $71.25   60.4   -1.89   50MA bounce (+|
|  ZBH      Pullback50      eq     $96.20   37.0   -2.40   50MA bounce (+|
|  AN       Pullback50      eq     $206.62  69.6   -2.15   50MA bounce (+|
|  BJ       Pullback50      eq     $93.41   37.5   -1.68   50MA bounce (+|
|  CBSH     Pullback50      eq     $58.78   51.7   -3.03   50MA bounce (-|
|  CFR      Pullback50      eq     $164.60  50.6   -3.22   50MA bounce (+|
|  FAF      Pullback50      eq     $72.67   51.6   -2.35   50MA bounce (-|13:56:29  INFO        place_all_stops: checking 2 positions...
13:56:29  INFO        STOP skipped ALL: fractional (0.1317 shares) — software exit will handle it
13:56:29  INFO        STOP skipped ALLE: fractional (0.2206 shares) — software exit will handle it
13:56:29  INFO        Daily log -> logs/daily/2026-09-14.md
13:56:29  INFO        Dashboard written → logs/dashboard.md

|  FLR      Pullback50      eq     $52.42   53.7   -2.55   50MA bounce (+|
|  GEF      Pullback50      eq     $82.92   37.1   -2.25   50MA bounce (+|
|  HRB      Pullback50      eq     $46.55   17.0   -2.23   50MA bounce (+|
|  HWC      Pullback50      eq     $75.72   55.2   -2.90   50MA bounce (-|
|  HOMB     Pullback50      eq     $30.20   52.4   -3.11   50MA bounce (-|
|  LEA      Pullback50      eq     $130.24  64.3   -2.56   50MA bounce (-|
|  LIVN     Pullback50      eq     $79.52   55.2   -2.85   50MA bounce (-|
|  MOH      Pullback50      eq     $209.66  64.2   -2.18   50MA bounce (+|
|  ORI      Pullback50      eq     $41.82   48.5   -2.83   50MA bounce (-|
|  PATH     Pullback50      eq     $14.29   37.3   -3.01   50MA bounce (+|
|  SBRA     Pullback50      eq     $20.68   54.0   -1.52   50MA bounce (-|
|  SHC      Pullback50      eq     $18.57   38.7   -1.41   50MA bounce (+|
|  SIRI     Pullback50      eq     $29.62   59.9   -2.38   50MA bounce (-|
|  SLAB     Pullback50      eq     $219.50  60.1   -2.02   50MA bounce (+|
|  TCBI     Pullback50      eq     $99.41   56.7   -3.19   50MA bounce (-|
|  UBSI     Pullback50      eq     $47.65   48.5   -3.30   50MA bounce (-|
|  ZION     Pullback50      eq     $69.72   60.4   -2.53   50MA bounce (+|
|                                                                        |
+========================================================================+

+========================================================================+
|                              ENTRY ORDERS                              |
+========================================================================+
|  Skipped                                  no entry slots (max_trades=0)|
+========================================================================+

+========================================================================+
|                            SESSION SUMMARY                             |
+========================================================================+
|  Regime                                                            BULL|
|  Universe                                                          both|
|  Strategy  GapDown + VolumeSpike (display only — schedule not enforced)|
|  Scanned                                                            899|
|  Signals                                                             43|
|  Entries                                                              0|
|  Buy submits                              0 confirmed  |  0 unconfirmed|
|  Exits                                                                1|
|  Open pos                                                             2|
|  Equity                                                         $226.30|
|  Cash                                                           $158.29|
+========================================================================+
