20:26:15  INFO      Mode: ext_exits
20:26:15  INFO        Daily log -> logs/daily/2026-09-24.md
20:26:15  INFO        Daily log reconciled -> logs/daily/2026-09-24.md (5 ledger rows)
20:26:16  INFO        SELL order cancelled KNF  type=OrderType.LIMIT  id=69ce9030-b6b5-4d9a-8655-63d9ef8ac9fa
20:26:16  INFO        SELL LIMIT [EXT HRS] KNF  qty=0.628632096  limit=$53.29  id=bfeef4f4-f976-4e74-864e-de1ea7ad3d0f
20:26:21  INFO        SELL LIMIT[EXT] pending for KNF — 9:35am will follow up
20:26:21  INFO        Daily log -> logs/daily/2026-09-24.md

+========================================================================+
|  RUBBER BAND BOT  v8                                                   |
+------------------------------------------------------------------------+
|  Mode                                                         EXT_EXITS|
|  Time                                                         20:26 UTC|
|  Regime                                                            BULL|
|  Universe                                                          both|
|  Equity                                                         $224.88|
+========================================================================+

+========================================================================+
|                           STOCKS EXIT CHECK                            |
+========================================================================+
|  Exit log~  stop-0.5% / 3d max  (midline skipped — close already final)|
+------------------------------------------------------------------------+
|  KNF  P&L -0.6%  $-0.20          EXIT [EXTENDED HRS]: stop_loss (-0.6%)|
|  KNF                              SELL pending (after-hours limit open)|
|  COP  P&L +1.2%  $+0.42          HOLDING until 9:35am scan (Pullback50)|
+========================================================================+

+========================================================================+
|                          EXTENDED HOURS SELLS                          |
+========================================================================+
|                                                                        |
|  No extended-hours sells this run.                                     |
|                                                                        |
+========================================================================+

+========================================================================+
|                            EXIT RUN SUMMARY                            |
+========================================================================+
|  Mode                                                         ext_exits|
|  Candidates                                                           2|
|  Deferred/Skipped                                      already logged 0|
|  Data skips                                             no price data 0|
|  Se~  1 attempted  |  0 filled  |  0 partial  |  1 pending  |  0 failed|
|  Holds                                                                1|
|  Logged exits                                                         0|
+========================================================================+

+========================================================================+
|            OPTIONS SLEEVE  (managed by options_live_micro)             |
+========================================================================+
|                                                                        |
|  No open option positions.                                             |
|                                                                        |
+========================================================================+

+========================================================================+
|                      STOP-LOSS BREACHES THIS RUN                       |
+========================================================================+
|  KNF                                         -0.59%  (threshold -0.50%)|
|  Count                                                                1|
+========================================================================+
|  Stop-loss look file                  logs/stop_losses_to_look_into.txt|
|  New investigations added                                             1|
+========================================================================+
