13:52:13  INFO      Mode: morning_scan
13:52:15  INFO        [positions] 3/3 (3 valid)
13:52:15  INFO        Universe cache hit: 903 tickers (tickers_2026-09-08.json)
13:52:16  INFO        [universe] 40/900 (40 valid)
13:52:17  INFO        [universe] 80/900 (80 valid)
13:52:19  INFO        [universe] 120/900 (120 valid)
13:52:20  INFO        [universe] 160/900 (160 valid)
13:52:22  INFO        [universe] 200/900 (199 valid)
13:52:29  INFO        [universe] 240/900 (238 valid)
13:52:42  INFO        [universe] 280/900 (278 valid)
13:52:53  INFO        [universe] 320/900 (318 valid)
13:53:06  INFO        [universe] 360/900 (358 valid)
13:53:16  INFO        [universe] 400/900 (397 valid)
13:53:30  INFO        [universe] 440/900 (437 valid)
13:53:40  INFO        [universe] 480/900 (477 valid)
13:53:53  INFO        [universe] 520/900 (517 valid)
13:54:07  INFO        [universe] 560/900 (557 valid)
13:54:17  INFO        [universe] 600/900 (597 valid)
13:54:30  INFO        [universe] 640/900 (637 valid)
13:54:40  INFO        [universe] 680/900 (677 valid)
13:54:54  INFO        [universe] 720/900 (717 valid)
13:55:04  INFO        [universe] 760/900 (757 valid)
13:55:17  INFO        [universe] 800/900 (797 valid)
13:55:31  INFO        [universe] 840/900 (837 valid)
13:55:41  INFO        [universe] 880/900 (877 valid)
13:55:48  INFO        [universe] 900/900 (897 valid)

+========================================================================+
|  RUBBER BAND BOT  v8                                                   |
+------------------------------------------------------------------------+
|  Mode                                                      MORNING_SCAN|
|  Time                                                         13:52 UTC|
|  Regime                                                            BULL|
|  Universe                                                          both|
|  Equity                                                         $230.47|
+========================================================================+

+========================================================================+
|                   RUBBER BAND BOT v8  --  DAILY SCAN                   |
+========================================================================+
|  Mode                                                      *** LIVE ***|
|  Date                                                        2026-09-08|
|  Universe                                                          both|
|  Mo~  Sep: GapDown + VolumeSpike (display only — schedule not enforced)|
|  Disabled  GapDown, GoldenPocket, VolumeSpike (see DISABLED_STRATEGIES)|
|  Regime                                                            BULL|
|  Exit                                      midline / stop-0.5% / 3d max|
+========================================================================+

+========================================================================+
|                                ACCOUNT                                 |
+========================================================================+
|  Equity (total)                                                 $230.47|
|  Cash                                                           $126.88|
|  Reserve                                          $11.52  (always kept)|
|  Stock~  $103.60 / $172.85  (75% equity; 25% reserved for live options)|
|  Options MV                        $0.00  open P&L $+0.00  (0 contract)|
|  Available                                     $69.25  (new stock buys)|
|  Trade size             $34.57  (15% per signal — all strategies equal)|
+========================================================================+

+========================================================================+
|                        STOCK HOLDINGS  (3 open)                        |
+========================================================================+
|  TICKER   STRATEGY        INVESTED   ENTRY    NOW      P&L%    P&L$    |
+------------------------------------------------------------------------+
|  ABBV     Pullback50      $34.43     $252.64  $251.47  -0.5%   $-0.16  |
|  AMCR     Pullback50      $34.56     $44.84   $44.80   -0.1%   $-0.03  |
|  APD      Pullback50      $34.61     $299.77  $299.92  +0.0%   $+0.02  |
|                                                                        |
|  Total invested                                                 $103.60|
|  Total open P&L                                                  $-0.17|
|  Buys today: 0  |  entry cap: 0  |  max open: 3                        |
+========================================================================+

+========================================================================+
|                               PLAN CACHE                               |
+========================================================================+
|  Mode                                                           morning|
|  File                                      logs/plans/morning_plan.json|
|  Use cached plan                                  no (stale (18736.7m))|
+========================================================================+

+========================================================================+
|          EXIT EVALUATION  (EOD -- midline + stop + max-hold)           |
+========================================================================+
|  ABBV  P&L -0.5%  $-0.16                                           HOLD|
|  AMCR  P&L -0.1%  $-0.03                                           HOLD|
|  APD  P&L +0.0%  $+0.02                                            HOLD|
+========================================================================+

+========================================================================+
|                           EXIT EVAL SUMMARY                            |
+========================================================================+
|  Exit eval    attempted 0 | filled 0 | partial 0 | pending 0 | failed 0|
|  Other skips     already logged today 0  |  no price data 0  |  holds 3|
|  Stop-loss breaches                                                none|
|  Stop-loss look file                  logs/stop_losses_to_look_into.txt|
|  New investigations added                                             0|
+========================================================================+

+========================================================================+
|                             DATA DOWNLOAD                              |
+========================================================================+
|  Universe: both  |  Alpaca primary / yfinance fallback                 |
+========================================================================+

+========================================================================+
|                              SIGNAL SCAN                               |
+========================================================================+
|  Month: Sep  |  Regime: BULL                                           |
|  Primary: GapDown  |  Secondary: VolumeSpike (display only — schedule ~|
|  Source                                                       live scan|
+========================================================================+

+========================================================================+
|                         SIGNALS FOUND  --  48                          |
+========================================================================+
|  TICKER   STRATEGY        TIER   PRICE    RSI    VOL_Z   TRIGGER       |
+------------------------------------------------------------------------+
|  AES      Pullback50      eq     $14.79   58.6   -1.96   50MA bounce (+|
|  AMD      Pullback50      eq     $493.89  53.4   -2.75   50MA bounce (-|
|  ALL      Pullback50      eq     $256.86  44.9   -2.18   50MA bounce (-|
|  TECH     Pullback50      eq     $72.38   55.7   -2.43   50MA bounce (+|
|  BRK-B    Pullback50      eq     $503.98  51.6   -2.75   50MA bounce (+|
|  BF-B     Pullback50      eq     $26.85   49.4   -2.18   50MA bounce (-|
|  GLW      Pullback50      eq     $163.35  53.5   -2.79   50MA bounce (-|
|  ECL      Pullback50      eq     $279.66  49.5   -2.16   50MA bounce (+|
|  EQIX     Pullback50      eq     $1040.~  36.3   -2.56   50MA bounce (-|
|  EG       Pullback50      eq     $375.86  58.5   -2.72   50MA bounce (+|
|  GRMN     Pullback50      eq     $275.41  16.0   -1.97   50MA bounce (+|
|  INTC     Pullback50      eq     $100.92  57.2   -2.10   50MA bounce (+|
|  IBKR     Pullback50      eq     $92.82   54.2   -2.42   50MA bounce (+|
|  JBHT     Pullback50      eq     $273.69  49.6   -2.37   50MA bounce (-|
|  JCI      Pullback50      eq     $145.86  42.1   -2.92   50MA bounce (+|
|  MTB      Pullback50      eq     $242.53  38.7   -2.04   50MA bounce (-|
|  NTRS     Pullback50      eq     $185.82  40.7   -2.60   50MA bounce (+|
|  STLD     Pullback50      eq     $242.86  45.2   -1.74   50MA bounce (+|
|  TER      Pullback50      eq     $371.44  38.2   -2.15   50MA bounce (+|
|  TFC      Pullback50      eq     $51.43   43.5   -3.33   50MA bounce (-|
|  TRV      Pullback50      eq     $366.06  47.9   -2.54   50MA bounce (+|
|  USB      Pullback50      eq     $63.05   39.9   -2.93   50MA bounce (-|
|  VLTO     Pullback50      eq     $95.89   49.2   -2.27   50MA bounce (+|
|  VTRS     Pullback50      eq     $16.73   60.5   -2.15   50MA bounce (-|
|  WAB      Pullback50      eq     $283.15  34.0   -2.48   50MA bounce (-|
|  WELL     Pullback50      eq     $237.77  54.4   -2.19   50MA bounce (+|13:55:50  INFO        place_all_stops: checking 3 positions...
13:55:50  INFO        STOP skipped ABBV: fractional (0.1369 shares) — software exit will handle it
13:55:50  INFO        STOP skipped AMCR: fractional (0.7714 shares) — software exit will handle it
13:55:50  INFO        STOP skipped APD: fractional (0.1154 shares) — software exit will handle it
13:55:51  INFO        Daily log -> logs/daily/2026-09-08.md
13:55:51  INFO        Dashboard written → logs/dashboard.md

|  AFG      Pullback50      eq     $142.53  38.9   -3.12   50MA bounce (-|
|  AHR      Pullback50      eq     $54.90   53.0   -1.45   50MA bounce (-|
|  ARMK     Pullback50      eq     $57.93   34.9   -2.09   50MA bounce (+|
|  ASB      Pullback50      eq     $30.95   40.1   -2.51   50MA bounce (-|
|  BKH      Pullback50      eq     $73.67   53.2   -2.92   50MA bounce (+|
|  CBSH     Pullback50      eq     $58.97   44.4   -3.18   50MA bounce (+|
|  CHE      Pullback50      eq     $517.92  42.6   -1.84   50MA bounce (+|
|  EPR      Pullback50      eq     $60.46   50.7   -2.43   50MA bounce (-|
|  FAF      Pullback50      eq     $72.65   50.8   -2.27   50MA bounce (-|
|  KNX      Pullback50      eq     $72.20   54.0   -2.88   50MA bounce (+|
|  MSM      Pullback50      eq     $121.39  47.5   -3.09   50MA bounce (-|
|  NLY      Pullback50      eq     $22.87   38.6   -2.61   50MA bounce (-|
|  NVST     Pullback50      eq     $27.17   42.5   -2.44   50MA bounce (-|
|  NOVT     Pullback50      eq     $150.89  42.0   -2.75   50MA bounce (-|
|  NWE      Pullback50      eq     $71.24   53.8   -2.92   50MA bounce (+|
|  OGE      Pullback50      eq     $47.40   53.3   -2.68   50MA bounce (-|
|  PB       Pullback50      eq     $72.40   37.4   -2.85   50MA bounce (-|
|  SBRA     Pullback50      eq     $20.73   58.0   -1.44   50MA bounce (+|
|  SCI      Pullback50      eq     $82.13   48.8   -3.62   50MA bounce (+|
|  TREX     Pullback50      eq     $46.19   41.7   -2.42   50MA bounce (-|
|  UBSI     Pullback50      eq     $47.65   37.3   -3.12   50MA bounce (+|
|  ZION     Pullback50      eq     $69.15   40.9   -2.66   50MA bounce (-|
|                                                                        |
+========================================================================+

+========================================================================+
|                              ENTRY ORDERS                              |
+========================================================================+
|  Skipped                                  no entry slots (max_trades=0)|
+========================================================================+

+========================================================================+
|                            SESSION SUMMARY                             |
+========================================================================+
|  Regime                                                            BULL|
|  Universe                                                          both|
|  Strategy  GapDown + VolumeSpike (display only — schedule not enforced)|
|  Scanned                                                            897|
|  Signals                                                             48|
|  Entries                                                              0|
|  Buy submits                              0 confirmed  |  0 unconfirmed|
|  Exits                                                                0|
|  Open pos                                                             3|
|  Equity                                                         $230.46|
|  Cash                                                           $126.88|
+========================================================================+
