19:50:57  INFO      Mode: scan
19:50:58  INFO        [positions] 1/1 (1 valid)
19:50:58  INFO        Universe cache hit: 903 tickers (tickers_2026-07-17.json)
19:50:59  INFO        [universe] 40/902 (40 valid)
19:51:01  INFO        [universe] 80/902 (80 valid)
19:51:02  INFO        [universe] 120/902 (120 valid)
19:51:12  INFO        [universe] 160/902 (160 valid)
19:51:23  INFO        [universe] 200/902 (199 valid)
19:51:36  INFO        [universe] 240/902 (238 valid)
19:51:47  INFO        [universe] 280/902 (278 valid)
19:52:00  INFO        [universe] 320/902 (318 valid)
19:52:13  INFO        [universe] 360/902 (358 valid)
19:52:24  INFO        [universe] 400/902 (397 valid)
19:52:37  INFO        [universe] 440/902 (437 valid)
19:52:47  INFO        [universe] 480/902 (477 valid)
19:53:00  INFO        [universe] 520/902 (517 valid)
19:53:11  INFO        [universe] 560/902 (556 valid)
19:53:24  INFO        [universe] 600/902 (596 valid)
19:53:35  INFO        [universe] 640/902 (636 valid)
19:53:48  INFO        [universe] 680/902 (676 valid)
19:53:59  INFO        [universe] 720/902 (716 valid)
19:54:12  INFO        [universe] 760/902 (756 valid)
19:54:22  INFO        [universe] 800/902 (796 valid)
19:54:36  INFO        [universe] 840/902 (835 valid)
19:54:49  INFO        [universe] 880/902 (875 valid)
19:54:53  INFO        [universe] 902/902 (897 valid)

+========================================================================+
|  RUBBER BAND BOT  v8                                                   |
+------------------------------------------------------------------------+
|  Mode                                                              SCAN|
|  Time                                                         19:50 UTC|
|  Regime                                                            BULL|
|  Universe                                                          both|
|  Equity                                                         $483.99|
+========================================================================+

+========================================================================+
|                   RUBBER BAND BOT v8  --  DAILY SCAN                   |
+========================================================================+
|  Mode                                                      *** LIVE ***|
|  Date                                                        2026-07-17|
|  Universe                                                          both|
|  Month                                        Jul: 52wkLow + Pullback50|
|  Regime                                                            BULL|
|  Exit                                      midline / stop-0.5% / 3d max|
+========================================================================+

+========================================================================+
|                                ACCOUNT                                 |
+========================================================================+
|  Equity                                                         $483.99|
|  Cash                                                           $396.79|
|  Reserve                                          $24.20  (always kept)|
|  Available                                    $372.59  (for new trades)|
|  Seasonal trade                   $96.80  (20% -- scheduled strategies)|
|  Off-sched trade                      $96.80  (20% -- other strategies)|
+========================================================================+

+========================================================================+
|                           HOLDINGS  (1 open)                           |
+========================================================================+
|  TICKER   STRATEGY        INVESTED   ENTRY    NOW      P&L%    P&L$    |
+------------------------------------------------------------------------+
|  CARR     Pullback50      $87.20     $67.89   $68.82   +1.4%   $+1.18  |
|                                                                        |
|  Total invested                                                  $87.20|
|  Total open P&L                                                  $+1.18|
|  Buys today: 0  |  entry cap: 4  |  max open: 5                        |
+========================================================================+

+========================================================================+
|                               PLAN CACHE                               |
+========================================================================+
|  Mode                                                           evening|
|  File                                      logs/plans/evening_plan.json|
|  Use cached plan                                  no (stale (43216.8m))|
+========================================================================+

+========================================================================+
|          EXIT EVALUATION  (EOD -- midline + stop + max-hold)           |
+========================================================================+
|  CARR  P&L +1.4%  $+1.18                                           HOLD|
+========================================================================+

+========================================================================+
|                           EXIT EVAL SUMMARY                            |
+========================================================================+
|  Exit eval    attempted 0 | filled 0 | partial 0 | pending 0 | failed 0|
|  Other skips     already logged today 0  |  no price data 0  |  holds 1|
|  Stop-loss breaches                                                none|
|  Stop-loss look file                  logs/stop_losses_to_look_into.txt|
|  New investigations added                                             0|
+========================================================================+

+========================================================================+
|                             DATA DOWNLOAD                              |
+========================================================================+
|  Universe: both  |  Alpaca primary / yfinance fallback                 |
+========================================================================+

+========================================================================+
|                              SIGNAL SCAN                               |
+========================================================================+
|  Month: Jul  |  Regime: BULL                                           |
|  Primary: 52wkLow  |  Secondary: Pullback50                            |
|  Source                                                       live scan|
+========================================================================+

+========================================================================+
|                         SIGNALS FOUND  --  87                          |
+========================================================================+
|  TICKER   STRATEGY        TIER   PRICE    RSI    VOL_Z   TRIGGER       |
+------------------------------------------------------------------------+
|  AMD      Pullback50      SEAS   $498.43  46.4   -0.43   50MA bounce (-|
|  AMD      GapDown         off    $498.43  46.4   -0.43   gap -4.8% reco|
|  ANET     GapDown         off    $168.62  56.6   -1.90   gap -3.2% reco|
|  APP      GapDown         off    $423.49  40.5   -0.35   gap -3.0% reco|
|  BG       Pullback50      SEAS   $118.66  65.6   -1.60   50MA bounce (-|
|  CCL      GapDown         off    $26.43   27.9   -1.25   gap -3.2% reco|
|  CAT      GapDown         off    $884.56  32.5   -0.49   gap -4.0% reco|
|  CIEN     GapDown         off    $376.38  28.4   -0.04   gap -4.6% reco|
|  FIX      GapDown         off    $1666.~  38.7   0.24    gap -6.2% reco|
|  COIN     GapDown         off    $157.35  56.6   -1.12   gap -4.4% reco|
|  COHR     GapDown         off    $278.89  20.3   -0.69   gap -4.4% reco|
|  GLW      GapDown         off    $155.42  29.6   -0.56   gap -4.8% reco|
|  DELL     GapDown         off    $399.95  50.1   -0.76   gap -3.7% reco|
|  EBAY     Pullback50      SEAS   $111.77  59.5   -0.61   50MA bounce (+|
|  ETN      Pullback50      SEAS   $401.85  49.7   -0.42   50MA bounce (-|
|  EMR      Pullback50      SEAS   $139.34  40.8   -0.19   50MA bounce (-|
|  FLEX     GapDown         off    $119.21  33.7   -0.31   gap -4.0% reco|
|  F        Pullback50      SEAS   $14.28   52.7   -1.12   50MA bounce (+|
|  GEV      GapDown         off    $1056.~  51.2   -0.45   gap -4.0% reco|
|  FCX      GapDown         off    $58.56   40.0   -0.93   gap -3.2% reco|
|  HUBB     Pullback50      SEAS   $486.49  36.8   -0.88   50MA bounce (-|
|  INTC     GapDown         off    $95.77   27.6   -0.31   gap -5.0% reco|
|  JCI      Pullback50      SEAS   $140.64  54.1   -1.59   50MA bounce (-|
|  KLAC     GapDown         off    $213.57  40.7   -1.17   gap -5.0% reco|
|  LRCX     GapDown         off    $313.58  37.4   -1.05   gap -5.3% reco|
|  LITE     GapDown         off    $738.43  42.6   -0.37   gap -3.9% reco|
|  MCHP     GapDown         off    $81.39   40.3   -0.80   gap -3.3% reco|
|  MRVL     GapDown         off    $189.19  29.0   -0.36   gap -3.2% reco|
|  MU       GapDown         off    $861.43  25.3   0.23    gap -3.6% reco|
|  MPWR     GapDown         off    $1315.~  50.2   -0.83   gap -4.6% reco|
|  NFLX     GapDown         off    $68.58   37.3   2.85    gap -11.9% rec|
|  NUE      Pullback50      SEAS   $236.80  47.1   -0.79   50MA bounce (-|19:54:55  INFO        BUY  AMD  $93.15  [Pullback50]  id=a5e3b33d-da4b-4d9f-9ecd-2c3a5d631206
19:54:55  ERROR       BUY FAILED BG: {"code":40010001,"message":"client_order_id must be unique"}
19:54:55  INFO        BUY  EBAY  $93.15  [Pullback50]  id=edf73caf-7ae1-4364-93b8-bffc925e06cb
19:54:55  INFO        BUY  ETN  $93.15  [Pullback50]  id=14fdb78c-f29d-4bd0-819b-d3f41c7de57e
19:54:55  INFO        BUY  EMR  $93.15  [Pullback50]  id=aff294da-2094-4694-9cc0-dc77014feef4

|  OXY      Pullback50      SEAS   $54.77   67.1   -1.11   50MA bounce (-|
|  NXPI     GapDown         off    $268.94  44.9   -1.53   gap -3.9% reco|
|  ON       GapDown         off    $87.80   46.6   -0.87   gap -4.2% reco|
|  HOOD     GapDown         off    $100.75  51.9   -0.40   gap -5.3% reco|
|  ROK      Pullback50      SEAS   $461.35  43.7   -0.47   50MA bounce (+|
|  ROK      GapDown         off    $461.35  43.7   -0.47   gap -3.0% reco|
|  RCL      Pullback50      SEAS   $287.89  30.9   -0.68   50MA bounce (+|
|  STX      GapDown         off    $792.49  41.6   0.54    gap -3.3% reco|
|  SNDK     GapDown         off    $1393.~  31.7   1.40    gap -3.3% reco|
|  SNDK     RSIRecovery     off    $1393.~  31.7   1.40    RSI 28.4→31.7 |
|  TER      GapDown         off    $324.88  31.1   -0.70   gap -5.1% reco|
|  TT       Pullback50      SEAS   $470.84  45.3   -0.48   50MA bounce (+|
|  TXT      Pullback50      SEAS   $91.31   50.3   -0.72   50MA bounce (+|
|  VRSN     Pullback50      SEAS   $277.74  83.4   -1.03   50MA bounce (-|
|  VRT      GapDown         off    $290.93  45.6   -0.42   gap -5.1% reco|
|  WAB      Pullback50      SEAS   $262.20  35.4   -1.07   50MA bounce (-|
|  WDC      GapDown         off    $479.17  38.2   0.06    gap -3.4% reco|
|  AAON     GapDown         off    $111.90  29.4   -0.53   gap -3.5% reco|
|  AGCO     Pullback50      SEAS   $115.83  45.1   -1.60   50MA bounce (+|
|  AEIS     GapDown         off    $284.35  31.2   -0.43   gap -4.8% reco|
|  ALGM     GapDown         off    $46.92   39.3   -1.14   gap -6.0% reco|
|  ALV      GapDown         off    $120.47  52.3   2.29    gap -4.5% reco|
|  AMKR     GapDown         off    $63.16   35.4   -1.32   gap -4.5% reco|
|  BDC      GapDown         off    $101.81  21.2   -0.99   gap -3.0% reco|
|  CNH      Pullback50      SEAS   $10.66   41.8   -1.31   50MA bounce (+|
|  DOCN     GapDown         off    $119.69  38.8   -0.72   gap -4.1% reco|
|  ENS      GapDown         off    $195.82  35.0   -0.73   gap -3.5% reco|
|  ENTG     GapDown         off    $138.02  38.0   -0.46   gap -5.1% reco|
|  ESAB     MomReversal     off    $90.11   35.1   0.43    -14.7% drop/60|
|  FIVE     Pullback50      SEAS   $202.16  64.7   -0.99   50MA bounce (+|
|  FNB      GapDown         off    $19.09   47.8   0.21    gap -3.5% reco|
|  FLR      Pullback50      SEAS   $49.17   36.0   -0.92   50MA bounce (+|
|  FOUR     GapDown         off    $50.48   59.2   -1.27   gap -3.3% reco|
|  HIMS     GapDown         off    $33.01   47.4   -1.09   gap -4.8% reco|
|  IDCC     GapDown         off    $261.70  35.6   -0.99   gap -3.4% reco|
|  JEF      Pullback50      SEAS   $55.02   65.6   -0.81   50MA bounce (+|
|  LSCC     GapDown         off    $125.38  40.3   -0.42   gap -4.1% reco|
|  MKSI     GapDown         off    $326.74  36.6   -0.06   gap -5.1% reco|
|  MUR      Pullback50      SEAS   $36.73   59.4   -1.16   50MA bounce (+|
|  MTSI     GapDown         off    $267.92  21.0   -0.90   gap -4.3% reco|
|  NOVT     GapDown         off    $148.61  41.3   -1.36   gap -3.3% reco|
|  NVT      GapDown         off    $154.92  42.9   -1.02   gap -3.1% reco|
|  ONTO     GapDown         off    $277.91  41.4   -0.71   gap -5.9% reco|
|  P        GapDown         off    $69.24   50.1   -0.91   gap -3.6% reco|
|  RMBS     GapDown         off    $101.80  40.9   -0.20   gap -6.0% reco|
|  RRX      GapDown         off    $207.64  41.6   -0.83   gap -5.3% reco|
|  SANM     GapDown         off    $199.31  31.1   -0.43   gap -3.1% reco|
|  SITM     GapDown         off    $559.04  37.2   -0.39   gap -4.3% reco|
|  SMTC     GapDown         off    $125.94  37.6   -0.39   gap -7.1% reco|
|  SLAB     Pullback50      SEAS   $217.86  44.4   -0.52   50MA bounce (-|
|  STRL     GapDown         off    $634.35  28.9   -0.30   gap -4.9% reco|
|  SYNA     GapDown         off    $114.31  44.6   -0.33   gap -4.5% reco|
|  TTMI     GapDown         off    $131.47  16.5   -0.43   gap -4.2% reco|
|  VIAV     GapDown         off    $38.06   27.9   -0.31   gap -4.2% reco|
|  VICR     GapDown         off    $236.91  33.8   -0.11   gap -6.6% reco|
|                                                                        |
+========================================================================+

+========================================================================+
|                              ENTRY ORDERS                              |
+========================================================================+
|  Signal scaling: 87 signals / 4 slots → sea=$93 off=$93  (max sea=$97 ~|
|    ENTER [S] AMD  Pullback50                                     $93.15|
|    BUY SUBMITTED [S~  fill pending — batched confirmation after entries|
|    ENTER [S] BG  Pullback50                                      $93.15|
|    ENTER [S] EBAY  Pullback50                                    $93.15|
|    BUY SUBMITTED [S~  fill pending — batched confirmation after entries|
|    ENTER [S] ETN  Pullback50                                     $93.15|
|    BUY SUBMITTED [S~  fill pending — batched confirmation after entries|
|    ENTER [S] EMR  Pullback50                                     $93.15|
|    BUY SUBMITTED [S~  fill pending — batched confirmation after entries|
|    SKIP [S] F  Pullback50                                         cap 5|
|    SKIP [S] HUBB  Pullback50                                      cap 5|
|    SKIP [S] JCI  Pullback50                                       cap 5|
|    SKIP [S] NUE  Pullback50                                       cap 5|
|    SKIP [S] OXY  Pullback50                                       cap 5|
|    SKIP [S] ROK  Pullback50                                       cap 5|
|    SKIP [S] RCL  Pullback50                                       cap 5|
|    SKIP [S] TT  Pullback50                                        cap 5|
|    SKIP [S] TXT  Pullback50                                       cap 5|
|    SKIP [S] VRSN  Pullback50                                      cap 5|
|    SKIP [S] WAB  Pullback50                                       cap 5|
|    SKIP [S] AGCO  Pullback50                                      cap 5|
|    SKIP [S] CNH  Pullback50                                       cap 5|
|    SKIP [S] FIVE  Pullback50                                      cap 5|
|    SKIP [S] FLR  Pullback50                                       cap 5|
|    SKIP [S] JEF  Pullback50                                       cap 5|
|    SKIP [S] MUR  Pullback50                                       cap 5|
|    SKIP [S] SLAB  Pullback50                                      cap 5|
|    SKIP [o] AMD  GapDown                                          cap 5|
|    SKIP [o] ANET  GapDown                                         cap 5|
|    SKIP [o] APP  GapDown                                          cap 5|
|    SKIP [o] CCL  GapDown                                          cap 5|
|    SKIP [o] CAT  GapDown                                          cap 5|
|    SKIP [o] CIEN  GapDown                                         cap 5|
|    SKIP [o] FIX  GapDown                                          cap 5|
|    SKIP [o] COIN  GapDown                                         cap 5|
|    SKIP [o] COHR  GapDown                                         cap 5|
|    SKIP [o] GLW  GapDown                                          cap 5|
|    SKIP [o] DELL  GapDown                                         cap 5|
|    SKIP [o] FLEX  GapDown                                         cap 5|
|    SKIP [o] GEV  GapDown                                          cap 5|
|    SKIP [o] FCX  GapDown                                          cap 5|
|    SKIP [o] INTC  GapDown                                         cap 5|
|    SKIP [o] KLAC  GapDown                                         cap 5|
|    SKIP [o] LRCX  GapDown                                         cap 5|
|    SKIP [o] LITE  GapDown                                         cap 5|
|    SKIP [o] MCHP  GapDown                                         cap 5|
|    SKIP [o] MRVL  GapDown                                         cap 5|
|    SKIP [o] MU  GapDown                                           cap 5|
|    SKIP [o] MPWR  GapDown                                         cap 5|