Trial layout: /home/runner/work/TradingBot/TradingBot/logs/options_trial
Docs:         /home/runner/work/TradingBot/TradingBot/docs/options_trial
Buckets:      100
=== options_morning_bot (PAPER) 2026-07-09T09:59:18.864109-04:00 ===

[Run context]
Paper auth OK — equity $151686.79, account PA36KS87UPRS

[Setup]
Active buckets: 100 | Strategies: S173, S174, S165, S166, S163

[Scan + entries]
Scanning 903 symbols for [S173, S174, S165, S166, S163] …
Fetched daily bars for 903/903 symbols
Found 72 signal(s); top: ['S173:ACN', 'S173:ADBE', 'S173:GOOGL', 'S173:GOOG', 'S173:AMZN', 'S173:APP', 'S173:ADSK', 'S173:ADP']
Paper lab: $150583 broker equity -> 100 bucket(s) ($500 virtual each, unlimited paper)
  Skipped: 25 no tradeable call, 335 already attempted today
Placed 0 new entry order(s).

[Portfolio snapshot]
+========================================================================+
|  OPTIONS BOT SUMMARY                                                   |
+------------------------------------------------------------------------+
|  Mode                          entry+manage                            |
|  Equity                        $151,682.99                             |
|  Signals this run              72                                      |
|  Entries placed                0                                       |
|  Open option positions         15                                      |
|  Pending orders                0                                       |
+========================================================================+
+========================================================================+
|  OPEN OPTIONS (15)                                                     |
+------------------------------------------------------------------------+
|  SYMBOL                      QTY    RET%        OPEN P&L               |
|------------------------------------------------------------------------|
|  AVGO260710C00400000          49   +436.5%   $+11,960.00               |
|  ANET260710C00185000          22  +1256.7%   $ +7,540.00               |
|  INTC260710C00118000          25    +79.4%   $ +1,792.00               |
|  MRNA260710C00085000          54    -90.3%   $ -1,505.00               |
|  CCL260717C00026000           93    +21.2%   $ +1,482.00               |
|  INTC260710C00119000          24    +74.9%   $ +1,336.00               |
|  GOOGL260710C00365000         75    -20.7%   $ -1,268.99               |
|  BA260710C00237500            22    -90.6%   $   -422.00               |
|  ... 7 more position(s)                                                |
+========================================================================+
Full detail: logs/options_trial/runs/2026-07-09.log
elapsed=38.5s reconcile=0.37s cancel=0.07s manage=0.09s scan=33.82s entries=3.65s
STATUS: options_morning_bot run complete (PAPER) elapsed=38.5s.
Wrote /home/runner/work/TradingBot/TradingBot/logs/options_trial/reports/2026-07-09_buckets.md
Wrote /home/runner/work/TradingBot/TradingBot/logs/options_trial/reports/2026-07-09_buckets.csv
Summary: 0 buckets closed trades, $+0.00 realized
Wrote /home/runner/work/TradingBot/TradingBot/logs/options_trial/reports/2026-07-09_strategy_selection.md
Wrote /home/runner/work/TradingBot/TradingBot/logs/options_trial/reports/2026-07-09_strategy_selection.csv
Summary: keep=0 watch=5 drop=0
