15:55:50  INFO      Mode: exits
15:55:51  INFO        Daily log -> logs/daily/2026-08-17.md
15:55:51  INFO        Daily log reconciled -> logs/daily/2026-08-17.md (4 ledger rows)
15:55:51  INFO        place_all_stops: checking 2 positions...
15:55:51  INFO        STOP skipped AFL: fractional (0.5761 shares) — software exit will handle it
15:55:51  INFO        STOP skipped AXP: fractional (0.2064 shares) — software exit will handle it
15:55:51  INFO        [positions] 2/2 (2 valid)
15:55:51  INFO        Daily log -> logs/daily/2026-08-17.md

+========================================================================+
|  RUBBER BAND BOT  v8                                                   |
+------------------------------------------------------------------------+
|  Mode                                                             EXITS|
|  Time                                                         15:55 UTC|
|  Regime                                                            BULL|
|  Universe                                                          both|
|  Equity                                                         $467.88|
+========================================================================+

+========================================================================+
|                               EXIT CHECK                               |
+========================================================================+
|  Exit logic                   stop-0.5% / 3d max  (midline at EOD only)|
+------------------------------------------------------------------------+
|  AXP  P&L -0.5%  $-0.34                                            HOLD|
|  AFL  P&L -0.5%  $-0.33                                            HOLD|
+========================================================================+

+========================================================================+
|                            EXIT RUN SUMMARY                            |
+========================================================================+
|  Mode                                                             exits|
|  Candidates                                                           2|
|  Deferred/Skipped                                      already logged 0|
|  Data skips                                             no price data 0|
|  Se~  0 attempted  |  0 filled  |  0 partial  |  0 pending  |  0 failed|
|  Holds                                                                2|
|  Logged exits                                                         0|
+========================================================================+

+========================================================================+
|                      STOP-LOSS BREACHES THIS RUN                       |
+========================================================================+
|  None                                                                  |
+========================================================================+
|  Stop-loss look file                  logs/stop_losses_to_look_into.txt|
|  New investigations added                                             0|
+========================================================================+
