19:56:25  INFO      Mode: scan
19:56:25  INFO        [positions] 2/2 (2 valid)
19:56:25  INFO        Universe cache hit: 903 tickers (tickers_2026-08-24.json)
19:56:26  INFO        [universe] 40/901 (40 valid)
19:56:27  INFO        [universe] 80/901 (80 valid)
19:56:28  INFO        [universe] 120/901 (120 valid)
19:56:29  INFO        [universe] 160/901 (160 valid)
19:56:31  INFO        [universe] 200/901 (199 valid)
19:56:41  INFO        [universe] 240/901 (238 valid)
19:56:54  INFO        [universe] 280/901 (278 valid)
19:57:06  INFO        [universe] 320/901 (318 valid)
19:57:16  INFO        [universe] 360/901 (358 valid)
19:57:29  INFO        [universe] 400/901 (397 valid)
19:57:42  INFO        [universe] 440/901 (437 valid)
19:57:55  INFO        [universe] 480/901 (477 valid)
19:58:05  INFO        [universe] 520/901 (517 valid)
19:58:18  INFO        [universe] 560/901 (557 valid)
19:58:30  INFO        [universe] 600/901 (597 valid)
19:58:41  INFO        [universe] 640/901 (637 valid)
19:58:54  INFO        [universe] 680/901 (677 valid)
19:59:06  INFO        [universe] 720/901 (717 valid)
19:59:16  INFO        [universe] 760/901 (757 valid)
19:59:29  INFO        [universe] 800/901 (797 valid)
19:59:42  INFO        [universe] 840/901 (836 valid)
19:59:55  INFO        [universe] 880/901 (876 valid)
19:59:59  INFO        [universe] 901/901 (897 valid)

+========================================================================+
|  RUBBER BAND BOT  v8                                                   |
+------------------------------------------------------------------------+
|  Mode                                                              SCAN|
|  Time                                                         19:56 UTC|
|  Regime                                                            BULL|
|  Universe                                                          both|
|  Equity                                                         $307.93|
+========================================================================+

+========================================================================+
|                   RUBBER BAND BOT v8  --  DAILY SCAN                   |
+========================================================================+
|  Mode                                                      *** LIVE ***|
|  Date                                                        2026-08-24|
|  Universe                                                          both|
|  Mo~  Aug: VolumeSpike + 52wkLow (display only — schedule not enforced)|
|  Disabled  GapDown, GoldenPocket, VolumeSpike (see DISABLED_STRATEGIES)|
|  Regime                                                            BULL|
|  Exit                                      midline / stop-0.5% / 3d max|
+========================================================================+

+========================================================================+
|                                ACCOUNT                                 |
+========================================================================+
|  Equity (total)                                                 $307.93|
|  Cash                                                           $215.60|
|  Reserve                                          $15.40  (always kept)|
|  Stocks~  $92.33 / $230.95  (75% equity; 25% reserved for live options)|
|  Options MV                        $0.00  open P&L $+0.00  (0 contract)|
|  Available                                    $138.62  (new stock buys)|
|  Trade size             $46.19  (15% per signal — all strategies equal)|
+========================================================================+

+========================================================================+
|                        STOCK HOLDINGS  (2 open)                        |
+========================================================================+
|  TICKER   STRATEGY        INVESTED   ENTRY    NOW      P&L%    P&L$    |
+------------------------------------------------------------------------+
|  AIG      Pullback50      $46.14     $77.37   $77.28   -0.1%   $-0.05  |
|  GOOGL    Pullback50      $46.19     $348.41  $348.41  +0.0%   $+0.00  |
|                                                                        |
|  Total invested                                                  $92.33|
|  Total open P&L                                                  $-0.05|
|  Buys today: 0  |  entry cap: 1  |  max open: 3                        |
+========================================================================+

+========================================================================+
|                               PLAN CACHE                               |
+========================================================================+
|  Mode                                                           evening|
|  File                                      logs/plans/evening_plan.json|
|  Use cached plan                                  no (stale (97942.3m))|
+========================================================================+

+========================================================================+
|          EXIT EVALUATION  (EOD -- midline + stop + max-hold)           |
+========================================================================+
|  AIG  P&L -0.1%  $-0.05                                            HOLD|
|  GOOGL  P&L +0.0%  $+0.00                                          HOLD|
+========================================================================+

+========================================================================+
|                           EXIT EVAL SUMMARY                            |
+========================================================================+
|  Exit eval    attempted 0 | filled 0 | partial 0 | pending 0 | failed 0|
|  Other skips     already logged today 0  |  no price data 0  |  holds 2|
|  Stop-loss breaches                                                none|
|  Stop-loss look file                  logs/stop_losses_to_look_into.txt|
|  New investigations added                                             0|
+========================================================================+

+========================================================================+
|                             DATA DOWNLOAD                              |
+========================================================================+
|  Universe: both  |  Alpaca primary / yfinance fallback                 |
+========================================================================+

+========================================================================+
|                              SIGNAL SCAN                               |
+========================================================================+
|  Month: Aug  |  Regime: BULL                                           |
|  Primary: VolumeSpike  |  Secondary: 52wkLow (display only — schedule ~|
|  Source                                                       live scan|
+========================================================================+

+========================================================================+
|                         SIGNALS FOUND  --  41                          |
+========================================================================+
|  TICKER   STRATEGY        TIER   PRICE    RSI    VOL_Z   TRIGGER       |
+------------------------------------------------------------------------+
|  AES      Pullback50      eq     $14.76   63.2   1.48    50MA bounce (+|
|  AES      VWAP_Reclaim    eq     $14.76   63.2   1.48    VWAP reclaim V|
|  AME      Pullback50      eq     $241.94  32.7   0.14    50MA bounce (+|
|  BRK-B    Pullback50      eq     $503.65  40.1   -2.11   50MA bounce (+|
|  CAH      Pullback50      eq     $231.46  47.1   -1.81   50MA bounce (-|
|  CNC      Pullback50      eq     $65.56   53.6   -0.85   50MA bounce (+|
|  CB       Pullback50      eq     $345.30  46.1   0.91    50MA bounce (-|
|  CL       Pullback50      eq     $92.06   47.8   -1.84   50MA bounce (+|
|  CTVA     Pullback50      eq     $82.51   67.8   0.93    50MA bounce (+|
|  EIX      Pullback50      eq     $73.84   58.1   -1.54   50MA bounce (-|
|  EXR      Pullback50      eq     $146.17  34.4   -1.07   50MA bounce (-|
|  HIG      Pullback50      eq     $139.00  42.2   -1.48   50MA bounce (+|
|  HLT      Pullback50      eq     $329.91  63.4   -2.14   50MA bounce (+|
|  DOC      Pullback50      eq     $21.61   49.8   -1.48   50MA bounce (+|
|  HUM      Pullback50      eq     $386.48  64.6   -0.28   50MA bounce (+|
|  MTB      Pullback50      eq     $241.57  28.4   -1.78   50MA bounce (-|
|  PFG      Pullback50      eq     $112.02  36.9   -1.21   50MA bounce (+|
|  PLD      Pullback50      eq     $142.92  64.3   -0.84   50MA bounce (+|
|  PSA      Pullback50      eq     $324.23  45.4   -1.08   50MA bounce (+|
|  RF       Pullback50      eq     $30.61   28.8   0.35    50MA bounce (-|
|  O        Pullback50      eq     $63.16   52.5   -1.22   50MA bounce (-|
|  SO       RSIRecovery     eq     $90.17   32.3   0.66    RSI 24.3→32.3 |
|  USB      Pullback50      eq     $62.37   35.1   -1.24   50MA bounce (-|
|  VTRS     Pullback50      eq     $16.54   29.2   -1.60   50MA bounce (-|
|  WM       Pullback50      eq     $226.17  52.7   -1.40   50MA bounce (-|
|  AM       Pullback50      eq     $22.14   53.3   -1.35   50MA bounce (-|
|  AMG      Pullback50      eq     $359.36  32.3   -0.89   50MA bounce (-|20:00:01  INFO        BUY  AES  $46.19  [Pullback50]  id=7740f361-e4a3-41fa-880a-eb5f47505e68
20:00:14  INFO        place_all_stops: checking 2 positions...
20:00:14  INFO        STOP skipped AIG: fractional (0.5970 shares) — software exit will handle it
20:00:14  INFO        STOP skipped GOOGL: fractional (0.1326 shares) — software exit will handle it
20:00:14  INFO        Daily log -> logs/daily/2026-08-24.md
20:00:14  INFO        Dashboard written → logs/dashboard.md

|  ASB      Pullback50      eq     $30.93   38.4   -1.58   50MA bounce (+|
|  BC       Pullback50      eq     $81.38   42.2   -1.74   50MA bounce (+|
|  CBSH     Pullback50      eq     $58.59   36.6   -1.70   50MA bounce (+|
|  CUZ      Pullback50      eq     $30.00   38.9   -1.81   50MA bounce (-|
|  ELAN     Pullback50      eq     $24.45   44.4   -1.00   50MA bounce (-|
|  EXEL     Pullback50      eq     $54.59   45.7   -1.19   50MA bounce (+|
|  GATX     Pullback50      eq     $178.60  40.7   -1.52   50MA bounce (-|
|  GHC      Pullback50      eq     $1174.~  38.8   2.24    50MA bounce (+|
|  GHC      VWAP_Reclaim    eq     $1174.~  38.8   2.24    VWAP reclaim V|
|  MZTI     VWAP_Reclaim    eq     $115.98  62.1   1.73    VWAP reclaim V|
|  ORI      Pullback50      eq     $41.98   28.2   -1.86   50MA bounce (+|
|  SLAB     Pullback50      eq     $218.04  46.8   -0.98   50MA bounce (-|
|  UNM      Pullback50      eq     $89.49   44.9   -1.23   50MA bounce (+|
|  VNO      Pullback50      eq     $38.86   38.2   -0.87   50MA bounce (-|
|                                                                        |
+========================================================================+

+========================================================================+
|                              ENTRY ORDERS                              |
+========================================================================+
|    ENTER [eq] AES  Pullback50                                    $46.19|
|    BUY SUBMITTED [e~  fill pending — batched confirmation after entries|
|    SKIP [eq] AME  Pullback50                                      cap 3|
|    SKIP [eq] BRK-B  Pullback50                                    cap 3|
|    SKIP [eq] CAH  Pullback50                                      cap 3|
|    SKIP [eq] CNC  Pullback50                                      cap 3|
|    SKIP [eq] CB  Pullback50                                       cap 3|
|    SKIP [eq] CL  Pullback50                                       cap 3|
|    SKIP [eq] CTVA  Pullback50                                     cap 3|
|    SKIP [eq] EIX  Pullback50                                      cap 3|
|    SKIP [eq] EXR  Pullback50                                      cap 3|
|    SKIP [eq] HIG  Pullback50                                      cap 3|
|    SKIP [eq] HLT  Pullback50                                      cap 3|
|    SKIP [eq] DOC  Pullback50                                      cap 3|
|    SKIP [eq] HUM  Pullback50                                      cap 3|
|    SKIP [eq] MTB  Pullback50                                      cap 3|
|    SKIP [eq] PFG  Pullback50                                      cap 3|
|    SKIP [eq] PLD  Pullback50                                      cap 3|
|    SKIP [eq] PSA  Pullback50                                      cap 3|
|    SKIP [eq] RF  Pullback50                                       cap 3|
|    SKIP [eq] O  Pullback50                                        cap 3|
|    SKIP [eq] USB  Pullback50                                      cap 3|
|    SKIP [eq] VTRS  Pullback50                                     cap 3|
|    SKIP [eq] WM  Pullback50                                       cap 3|
|    SKIP [eq] AM  Pullback50                                       cap 3|
|    SKIP [eq] AMG  Pullback50                                      cap 3|
|    SKIP [eq] ASB  Pullback50                                      cap 3|
|    SKIP [eq] BC  Pullback50                                       cap 3|
|    SKIP [eq] CBSH  Pullback50                                     cap 3|
|    SKIP [eq] CUZ  Pullback50                                      cap 3|
|    SKIP [eq] ELAN  Pullback50                                     cap 3|
|    SKIP [eq] EXEL  Pullback50                                     cap 3|
|    SKIP [eq] GATX  Pullback50                                     cap 3|
|    SKIP [eq] GHC  Pullback50                                      cap 3|
|    SKIP [eq] ORI  Pullback50                                      cap 3|
|    SKIP [eq] SLAB  Pullback50                                     cap 3|
|    SKIP [eq] UNM  Pullback50                                      cap 3|
|    SKIP [eq] VNO  Pullback50                                      cap 3|
|    SKIP [eq] SO  RSIRecovery                                      cap 3|
|    SKIP [eq] AES  VWAP_Reclaim                                    cap 3|
|    SKIP [eq] GHC  VWAP_Reclaim                                    cap 3|
|    SKIP [eq] MZTI  VWAP_Reclaim                                   cap 3|

+========================================================================+
|                         BUY FILL CONFIRMATION                          |
+========================================================================+
|  Pending submits                                                      1|
+------------------------------------------------------------------------+
|  AES                                                  still unconfirmed|
+========================================================================+
+========================================================================+

+========================================================================+
|                           GTC STOP PLACEMENT                           |
+========================================================================+
|  Waiting 5s for 1 buy submit(s) to settle...                           |
+========================================================================+

+========================================================================+
|                            SESSION SUMMARY                             |
+========================================================================+
|  Regime                                                            BULL|
|  Universe                                                          both|
|  Strategy  VolumeSpike + 52wkLow (display only — schedule not enforced)|
|  Scanned                                                            897|
|  Signals                                                             41|
|  Entries                                                              0|
|  Buy submits                              0 confirmed  |  1 unconfirmed|
|  Exits                                                                0|
|  Open pos                                                             2|
|  Equity                                                         $307.95|
|  Cash                                                           $215.60|
+========================================================================+
