13:41:05  INFO      Mode: morning_prep
13:41:07  INFO        [prep_positions] 4/4 (4 valid)
13:41:07  INFO        Universe cache hit: 903 tickers (tickers_2026-07-22.json)
13:41:08  INFO        [prep_universe] 40/899 (40 valid)
13:41:09  INFO        [prep_universe] 80/899 (80 valid)
13:41:10  INFO        [prep_universe] 120/899 (120 valid)
13:41:11  INFO        [prep_universe] 160/899 (160 valid)
13:41:12  INFO        [prep_universe] 200/899 (199 valid)
13:41:22  INFO        [prep_universe] 240/899 (238 valid)
13:41:32  INFO        [prep_universe] 280/899 (278 valid)
13:41:45  INFO        [prep_universe] 320/899 (318 valid)
13:41:58  INFO        [prep_universe] 360/899 (358 valid)
13:42:08  INFO        [prep_universe] 400/899 (397 valid)
13:42:21  INFO        [prep_universe] 440/899 (437 valid)
13:42:31  INFO        [prep_universe] 480/899 (477 valid)
13:42:45  INFO        [prep_universe] 520/899 (517 valid)
13:42:58  INFO        [prep_universe] 560/899 (556 valid)
13:43:08  INFO        [prep_universe] 600/899 (596 valid)
13:43:21  INFO        [prep_universe] 640/899 (636 valid)
13:43:34  INFO        [prep_universe] 680/899 (676 valid)
13:43:43  INFO        [prep_universe] 720/899 (715 valid)
13:43:56  INFO        [prep_universe] 760/899 (755 valid)
13:44:09  INFO        [prep_universe] 800/899 (795 valid)
13:44:19  INFO        [prep_universe] 840/899 (834 valid)
13:44:33  INFO        [prep_universe] 880/899 (874 valid)
13:44:39  INFO        [prep_universe] 899/899 (893 valid)

+========================================================================+
|  RUBBER BAND BOT  v8                                                   |
+------------------------------------------------------------------------+
|  Mode                                                      MORNING_PREP|
|  Time                                                         13:41 UTC|
|  Regime                                                            BULL|
|  Universe                                                          both|
|  Equity                                                         $482.92|
+========================================================================+

+========================================================================+
|                              MORNING PREP                              |
+========================================================================+
|  Goal                   Precompute exits/signals for next execution run|
|  Plan file                                 logs/plans/morning_plan.json|
|  Regime                                                            BULL|
+========================================================================+

+========================================================================+
|                       OPEN POSITION P&L SNAPSHOT                       |
+========================================================================+
|  Open positions                                                       4|
|  Invested                                                       $362.86|
|  Open P&L                                                        $+4.20|
|  TICKER   STRATEGY        INVESTED   ENTRY    NOW      P&L%    P&L$    |
+------------------------------------------------------------------------+
|  BIIB     Pullback50      $97.37     $201.84  $204.31  +1.2%   $+1.17  |
|  C        Pullback50      $69.99     $132.61  $132.85  +0.2%   $+0.13  |
|  DUK      Pullback50      $97.55     $125.11  $126.80  +1.3%   $+1.30  |
|  TPR      Pullback50      $97.95     $140.84  $143.18  +1.7%   $+1.60  |
+========================================================================+

+========================================================================+
|                            OPEN SELL ORDERS                            |
+========================================================================+
|  Count                                                                0|
|                                                                        |
|  No open sell orders.                                                  |
|                                                                        |
+========================================================================+

+========================================================================+
|                              PREP SUMMARY                              |
+========================================================================+
|  Saved                                                              yes|
|  Exit candidates                                                      2|
|  Signal candidates                                                   38|
|  Universe scanned                                                   899|
+========================================================================+
