19:41:57  INFO      Mode: evening_prep
19:41:58  INFO        Universe cache hit: 901 tickers (tickers_2026-09-22.json)
19:41:59  INFO        [prep_universe] 40/901 (40 valid)
19:42:01  INFO        [prep_universe] 80/901 (80 valid)
19:42:03  INFO        [prep_universe] 120/901 (120 valid)
19:42:04  INFO        [prep_universe] 160/901 (160 valid)
19:42:05  INFO        [prep_universe] 200/901 (199 valid)
19:42:12  INFO        [prep_universe] 240/901 (238 valid)
19:42:22  INFO        [prep_universe] 280/901 (278 valid)
19:42:35  INFO        [prep_universe] 320/901 (318 valid)
19:42:48  INFO        [prep_universe] 360/901 (358 valid)
19:42:59  INFO        [prep_universe] 400/901 (398 valid)
19:43:12  INFO        [prep_universe] 440/901 (438 valid)
19:43:25  INFO        [prep_universe] 480/901 (478 valid)
19:43:35  INFO        [prep_universe] 520/901 (518 valid)
19:43:48  INFO        [prep_universe] 560/901 (558 valid)
19:43:58  INFO        [prep_universe] 600/901 (598 valid)
19:44:11  INFO        [prep_universe] 640/901 (638 valid)
19:44:24  INFO        [prep_universe] 680/901 (678 valid)
19:44:34  INFO        [prep_universe] 720/901 (718 valid)
19:44:47  INFO        [prep_universe] 760/901 (758 valid)
19:45:01  INFO        [prep_universe] 800/901 (798 valid)
19:45:11  INFO        [prep_universe] 840/901 (838 valid)
19:45:24  INFO        [prep_universe] 880/901 (878 valid)
19:45:31  INFO        [prep_universe] 901/901 (899 valid)

+========================================================================+
|  RUBBER BAND BOT  v8                                                   |
+------------------------------------------------------------------------+
|  Mode                                                      EVENING_PREP|
|  Time                                                         19:41 UTC|
|  Regime                                                            BULL|
|  Universe                                                          both|
|  Equity                                                         $225.79|
+========================================================================+

+========================================================================+
|                              EVENING PREP                              |
+========================================================================+
|  Goal                   Precompute exits/signals for next execution run|
|  Plan file                                 logs/plans/evening_plan.json|
|  Regime                                                            BULL|
+========================================================================+

+========================================================================+
|                       OPEN POSITION P&L SNAPSHOT                       |
+========================================================================+
|  Open positions                                                       0|
|  Invested                                                         $0.00|
|  Open P&L                                                        $+0.00|
|                                                                        |
|  No open positions.                                                    |
|                                                                        |
+========================================================================+

+========================================================================+
|                            OPEN SELL ORDERS                            |
+========================================================================+
|  Count                                                                0|
|                                                                        |
|  No open sell orders.                                                  |
|                                                                        |
+========================================================================+

+========================================================================+
|                              PREP SUMMARY                              |
+========================================================================+
|  Saved                                                              yes|
|  Exit candidates                                                      0|
|  Signal candidates                                                   41|
|  Universe scanned                                                   901|
+========================================================================+
