19:21:47  INFO      Mode: exits
19:21:48  INFO        Daily log -> logs/daily/2026-08-14.md
19:21:48  INFO        Daily log reconciled -> logs/daily/2026-08-14.md (2 ledger rows)
19:21:48  INFO        place_all_stops: checking 2 positions...
19:21:48  INFO        STOP skipped ACGL: fractional (0.7073 shares) — software exit will handle it
19:21:48  INFO        STOP skipped AFL: fractional (0.7729 shares) — software exit will handle it
19:21:49  INFO        [positions] 2/2 (2 valid)
19:21:49  INFO        Daily log -> logs/daily/2026-08-14.md

+========================================================================+
|  RUBBER BAND BOT  v8                                                   |
+------------------------------------------------------------------------+
|  Mode                                                             EXITS|
|  Time                                                         19:21 UTC|
|  Regime                                                            BULL|
|  Universe                                                          both|
|  Equity                                                         $467.31|
+========================================================================+

+========================================================================+
|                               EXIT CHECK                               |
+========================================================================+
|  Exit logic                   stop-0.5% / 3d max  (midline at EOD only)|
+------------------------------------------------------------------------+
|  AFL  P&L +1.1%  $+1.03                                            HOLD|
|  ACGL  P&L +1.3%  $+0.91                                           HOLD|
+========================================================================+

+========================================================================+
|                            EXIT RUN SUMMARY                            |
+========================================================================+
|  Mode                                                             exits|
|  Candidates                                                           2|
|  Deferred/Skipped                                      already logged 0|
|  Data skips                                             no price data 0|
|  Se~  0 attempted  |  0 filled  |  0 partial  |  0 pending  |  0 failed|
|  Holds                                                                2|
|  Logged exits                                                         0|
+========================================================================+

+========================================================================+
|                      STOP-LOSS BREACHES THIS RUN                       |
+========================================================================+
|  None                                                                  |
+========================================================================+
|  Stop-loss look file                  logs/stop_losses_to_look_into.txt|
|  New investigations added                                             0|
+========================================================================+
