=== options_live_micro LIVE 2026-08-21T13:20:54.928297-04:00 share=25% ===
2026-08-21 13:20:54,928 INFO === options_live_micro LIVE 2026-08-21T13:20:54.928297-04:00 share=25% ===
Live account equity $317.19 cash $201.38 #225458845 options_level=3
2026-08-21 13:20:55,146 INFO Live account equity $317.19 cash $201.38 #225458845 options_level=3
Live micro cancel-scan WMT260821C00110000: symbol-scoped n=1
2026-08-21 13:20:55,266 INFO Live micro cancel-scan WMT260821C00110000: symbol-scoped n=1
Live micro cancel stale sell WMT260821C00110000 id=46bd0091-3272-4c4d-9423-444ff6f3f236 cid=OLX|f64b10054731 broker_sym='WMT260821C00110000'
2026-08-21 13:20:55,324 INFO Live micro cancel stale sell WMT260821C00110000 id=46bd0091-3272-4c4d-9423-444ff6f3f236 cid=OLX|f64b10054731 broker_sym='WMT260821C00110000'
Live micro orphan_adopt WMT260821C00110000 x1 entry=0.09
2026-08-21 13:20:55,325 INFO Live micro orphan_adopt WMT260821C00110000 x1 entry=0.09
Live micro hold ORPHAN COST260828C01000000 -28.6% (tp +50% / sl -40%)
2026-08-21 13:20:55,384 INFO Live micro hold ORPHAN COST260828C01000000 -28.6% (tp +50% / sl -40%)
Live micro cancel-scan WMT260821C00110000: symbol-scoped n=1
2026-08-21 13:20:55,506 INFO Live micro cancel-scan WMT260821C00110000: symbol-scoped n=1
Live micro cancel stale sell WMT260821C00110000 id=46bd0091-3272-4c4d-9423-444ff6f3f236 cid=OLX|f64b10054731 broker_sym='WMT260821C00110000'
2026-08-21 13:20:55,563 INFO Live micro cancel stale sell WMT260821C00110000 id=46bd0091-3272-4c4d-9423-444ff6f3f236 cid=OLX|f64b10054731 broker_sym='WMT260821C00110000'
LIVE EXIT stop_loss (-100.0%) WMT260821C00110000 x1 limit=0.01 id=b9a257b0-f729-4976-a2f7-609c4cdc0afe
2026-08-21 13:20:56,165 INFO LIVE EXIT stop_loss (-100.0%) WMT260821C00110000 x1 limit=0.01 id=b9a257b0-f729-4976-a2f7-609c4cdc0afe
Live micro cancel-scan COST260828C01000000: symbol-scoped n=1
2026-08-21 13:20:56,223 INFO Live micro cancel-scan COST260828C01000000: symbol-scoped n=1
Live micro cancel-scan COST260828C01000000: no non-OLS sell to cancel
2026-08-21 13:20:56,224 INFO Live micro cancel-scan COST260828C01000000: no non-OLS sell to cancel
LIVE PROT check COST260828C01000000: have_ols=True open_matched=1 ols_id=ab9b8a23-2f03-4a3a-b25a-799118f49712 ols_type=stop
2026-08-21 13:20:56,342 INFO LIVE PROT check COST260828C01000000: have_ols=True open_matched=1 ols_id=ab9b8a23-2f03-4a3a-b25a-799118f49712 ols_type=stop
Live micro: manage/exits only
2026-08-21 13:20:56,342 INFO Live micro: manage/exits only
Live micro done. open_options=2 lots=1
2026-08-21 13:20:56,403 INFO Live micro done. open_options=2 lots=1
