Layout: controlled:100:c000_s173_w1_0928_1005_r1
Trial layout: /home/runner/work/TradingBot/TradingBot/logs/options_trial
Docs:         skipped (local docs unavailable on this runner)
Buckets:      100
=== options_morning_bot (PAPER) 2026-07-16T13:15:38.601476-04:00 ===

[Run context]
Paper auth OK — equity $126204.17, account PA36KS87UPRS

[Setup]
Active buckets: 100 | Strategies: S173, S165, S166, S163
Dropped (no new entries; ex-reflected P&L): S174
2026-07-16 13:15:41,431 INFO   EXIT [b62|c062_s173_w3_1045_1120_r4|S173] stop_loss (-66.4%) SELL 1 LULU260717C00122000 @<= 0.21
2026-07-16 13:15:41,940 INFO   EXIT [b50|c050_s165_w3_1045_1120_r3|S165] stop_loss (-59.8%) SELL 1 AVGO260717C00400000 @<= 0.26

[Manage only]
Past entry window; manage/exit only.

[Portfolio snapshot]
+========================================================================+
|  OPTIONS BOT SUMMARY                                                   |
+------------------------------------------------------------------------+
|  Mode                          manage-only                             |
|  Equity                        $126,204.17                             |
|  Signals this run              0                                       |
|  Orders submitted (session)    32                                      |
|  Orders filled today (ledger)  35                                      |
|  Entries placed this run       0                                       |
|  Open virtual lots             13                                      |
|  Broker option positions       4                                       |
|  Pending orders                0                                       |
+========================================================================+
+========================================================================+
|  BUCKET LEADERBOARD (reflected ex-S174)                                |
+------------------------------------------------------------------------+
|  Reflected trades=244  buckets=46  win=39%                             |
|  Returns   avg=+20.5%  med=-17.7%  p10=-73.1%  p90=+96.5%              |
|  Realized  $+5,032.77                                                  |
|  Raw incl dropped  trades=347  real=$+3,909.58                         |
|  Today     trades=34  avg=-33.7%  med=-55.4%  real=$-853.00            |
+------------------------------------------------------------------------+
|  BKT PROFILE               N  WIN  AVG%   MED%   BEST%  REAL$          |
+------------------------------------------------------------------------+
|  b29  c029_s165_w2_1005_  2  50% +100.0 +100.0 +250.0 $    +20         |
|  b28  c028_s165_w1_0928_  5 100% +85.7 +94.1 +102.0 $   +221           |
|  b92  c092_s166_w1_0928_  1 100% +70.8 +70.8 +70.8 $    +71            |
|  b93  c093_s166_w2_1005_  1 100% +70.8 +70.8 +70.8 $    +71            |
|  b95  c095_s166_w4_1120_  1 100% +70.8 +70.8 +70.8 $    +71            |
|  b96  c096_s163_w1_0928_  1 100% +70.8 +70.8 +70.8 $    +71            |
|  b98  c098_s163_w3_1045_  1 100% +70.8 +70.8 +70.8 $    +71            |
|  b99  c099_s163_w4_1120_  1 100% +70.8 +70.8 +70.8 $    +71            |
|  ... 38 more bucket(s) with exits                                      |
+------------------------------------------------------------------------+
|  Low  b21  c021_s173_w2_1005_ 11   0% -61.2 -74.0 -98.5 $   -446       |
+========================================================================+
+========================================================================+
|  PENDING EXITS (3)                                                     |
+------------------------------------------------------------------------+
|  b80  S173 UAL260717C00122000 x1 take_profit (+53.8%)                  |
|  b62  S173 LULU260717C00122000 x1 stop_loss (-66.4%)                   |
|  b50  S165 AVGO260717C00400000 x1 stop_loss (-59.8%)                   |
+========================================================================+
+========================================================================+
|  OPEN OPTIONS (4)                                                      |
+------------------------------------------------------------------------+
|  SYMBOL                      QTY    RET%        OPEN P&L               |
|------------------------------------------------------------------------|
|  LULU260717C00122000           3    -66.4%   $   -118.80               |
|  AVGO260717C00400000           3    -59.8%   $   -111.50               |
|  UAL260717C00122000            3    -30.8%   $    -60.00               |
|  ADBE260717C00240000           4    +15.9%   $    +28.00               |
+========================================================================+
Full detail: logs/options_trial/runs/2026-07-16.log
elapsed=3.5s reconcile=2.22s cancel=0.02s manage=1.05s
STATUS: options_morning_bot run complete (PAPER) elapsed=3.5s. run=#4159 https://github.com/28twagg-ops/TradingBot/actions/runs/29518989793
Wrote /home/runner/work/TradingBot/TradingBot/logs/options_trial/reports/2026-07-16_buckets.md
Wrote /home/runner/work/TradingBot/TradingBot/logs/options_trial/reports/2026-07-16_buckets.csv
Summary: 25 buckets closed trades, $-853.00 realized
Wrote /home/runner/work/TradingBot/TradingBot/logs/options_trial/reports/2026-07-16_strategy_selection.md
Wrote /home/runner/work/TradingBot/TradingBot/logs/options_trial/reports/2026-07-16_strategy_selection.csv
Summary: keep=0 watch=2 drop=3
Orphan rate: 6.3% (22/347)
