19:31:12  INFO      Mode: evening_prep
19:31:13  INFO        [prep_positions] 2/2 (2 valid)
19:31:13  INFO        Universe cache hit: 901 tickers (tickers_2026-09-21.json)
19:31:14  INFO        [prep_universe] 40/899 (40 valid)
19:31:15  INFO        [prep_universe] 80/899 (80 valid)
19:31:16  INFO        [prep_universe] 120/899 (120 valid)
19:31:17  INFO        [prep_universe] 160/899 (160 valid)
19:31:19  INFO        [prep_universe] 200/899 (199 valid)
19:31:26  INFO        [prep_universe] 240/899 (238 valid)
19:31:39  INFO        [prep_universe] 280/899 (278 valid)
19:31:52  INFO        [prep_universe] 320/899 (318 valid)
19:32:02  INFO        [prep_universe] 360/899 (358 valid)
19:32:15  INFO        [prep_universe] 400/899 (398 valid)
19:32:27  INFO        [prep_universe] 440/899 (438 valid)
19:32:40  INFO        [prep_universe] 480/899 (478 valid)
19:32:50  INFO        [prep_universe] 520/899 (518 valid)
19:33:03  INFO        [prep_universe] 560/899 (558 valid)
19:33:16  INFO        [prep_universe] 600/899 (598 valid)
19:33:26  INFO        [prep_universe] 640/899 (638 valid)
19:33:39  INFO        [prep_universe] 680/899 (678 valid)
19:33:52  INFO        [prep_universe] 720/899 (718 valid)
19:34:02  INFO        [prep_universe] 760/899 (758 valid)
19:34:15  INFO        [prep_universe] 800/899 (798 valid)
19:34:27  INFO        [prep_universe] 840/899 (838 valid)
19:34:40  INFO        [prep_universe] 880/899 (878 valid)
19:34:44  INFO        [prep_universe] 899/899 (897 valid)

+========================================================================+
|  RUBBER BAND BOT  v8                                                   |
+------------------------------------------------------------------------+
|  Mode                                                      EVENING_PREP|
|  Time                                                         19:31 UTC|
|  Regime                                                            BULL|
|  Universe                                                          both|
|  Equity                                                         $226.91|
+========================================================================+

+========================================================================+
|                              EVENING PREP                              |
+========================================================================+
|  Goal                   Precompute exits/signals for next execution run|
|  Plan file                                 logs/plans/evening_plan.json|
|  Regime                                                            BULL|
+========================================================================+

+========================================================================+
|                       OPEN POSITION P&L SNAPSHOT                       |
+========================================================================+
|  Open positions                                                       2|
|  Invested                                                        $68.80|
|  Open P&L                                                        $+1.00|
|  TICKER   STRATEGY        INVESTED   ENTRY    NOW      P&L%    P&L$    |
+------------------------------------------------------------------------+
|  EQIX     Pullback50      $34.63     $1035.~  $1058.~  +2.1%   $+0.73  |
|  SCHW     Pullback50      $34.17     $106.15  $107.00  +0.8%   $+0.27  |
+========================================================================+

+========================================================================+
|                            OPEN SELL ORDERS                            |
+========================================================================+
|  Count                                                                0|
|                                                                        |
|  No open sell orders.                                                  |
|                                                                        |
+========================================================================+

+========================================================================+
|                              PREP SUMMARY                              |
+========================================================================+
|  Saved                                                              yes|
|  Exit candidates                                                      1|
|  Signal candidates                                                   36|
|  Universe scanned                                                   899|
+========================================================================+
