13:30:48  INFO      Mode: morning_prep
13:30:48  INFO        [prep_positions] 5/5 (5 valid)
13:30:48  INFO      Fetching tickers (universe=both)...
13:30:49  INFO        S&P 500: 503
13:30:49  INFO        MidCap 400: 400
13:30:49  INFO        Total: 903 tickers
13:30:50  INFO        [prep_universe] 40/898 (40 valid)
13:30:52  INFO        [prep_universe] 80/898 (80 valid)
13:30:53  INFO        [prep_universe] 120/898 (120 valid)
13:30:54  INFO        [prep_universe] 160/898 (160 valid)
13:30:56  INFO        [prep_universe] 200/898 (199 valid)
13:31:04  INFO        [prep_universe] 240/898 (238 valid)
13:31:14  INFO        [prep_universe] 280/898 (278 valid)
13:31:27  INFO        [prep_universe] 320/898 (318 valid)
13:31:40  INFO        [prep_universe] 360/898 (358 valid)
13:31:50  INFO        [prep_universe] 400/898 (397 valid)
13:32:03  INFO        [prep_universe] 440/898 (437 valid)
13:32:16  INFO        [prep_universe] 480/898 (477 valid)
13:32:26  INFO        [prep_universe] 520/898 (517 valid)
13:32:40  INFO        [prep_universe] 560/898 (557 valid)
13:32:53  INFO        [prep_universe] 600/898 (597 valid)
13:33:03  INFO        [prep_universe] 640/898 (637 valid)
13:33:16  INFO        [prep_universe] 680/898 (677 valid)
13:33:28  INFO        [prep_universe] 720/898 (717 valid)
13:33:39  INFO        [prep_universe] 760/898 (757 valid)
13:33:51  INFO        [prep_universe] 800/898 (797 valid)
13:34:04  INFO        [prep_universe] 840/898 (836 valid)
13:34:14  INFO        [prep_universe] 880/898 (876 valid)
13:34:21  INFO        [prep_universe] 898/898 (894 valid)

+========================================================================+
|  RUBBER BAND BOT  v8                                                   |
+------------------------------------------------------------------------+
|  Mode                                                      MORNING_PREP|
|  Time                                                         13:30 UTC|
|  Regime                                                            BULL|
|  Universe                                                          both|
|  Equity                                                         $477.81|
+========================================================================+

+========================================================================+
|                              MORNING PREP                              |
+========================================================================+
|  Goal                   Precompute exits/signals for next execution run|
|  Plan file                                 logs/plans/morning_plan.json|
|  Regime                                                            BULL|
+========================================================================+

+========================================================================+
|                       OPEN POSITION P&L SNAPSHOT                       |
+========================================================================+
|  Open positions                                                       5|
|  Invested                                                       $453.40|
|  Open P&L                                                        $-6.57|
|  TICKER   STRATEGY        INVESTED   ENTRY    NOW      P&L%    P&L$    |
+------------------------------------------------------------------------+
|  ALGN     Pullback50      $99.06     $171.32  $174.53  +1.9%   $+1.83  |
|  EQR      Pullback50      $73.59     $67.78   $68.41   +0.9%   $+0.67  |
|  FFIV     Pullback50      $98.49     $400.57  $405.71  +1.3%   $+1.25  |
|  HLT      GoldenPocket    $96.55     $322.61  $319.36  -1.0%   $-0.98  |
|  LII      GoldenPocket    $85.71     $544.48  $491.00  -9.8%   $-9.34  |
+========================================================================+

+========================================================================+
|                            OPEN SELL ORDERS                            |
+========================================================================+
|  Count                                                                1|
|  TICKER    TYPE              QTY       LIMIT       STOP                |
+------------------------------------------------------------------------+
|  EQR       OrderType.STOP    1         None        67.89               |
+========================================================================+

+========================================================================+
|                              PREP SUMMARY                              |
+========================================================================+
|  Saved                                                              yes|
|  Exit candidates                                                      2|
|  Signal candidates                                                   36|
|  Universe scanned                                                   898|
+========================================================================+
