13:46:03  INFO      Mode: morning_scan
13:46:04  INFO        [positions] 4/4 (4 valid)
13:46:04  INFO        SELL MARKET [urgent] PWR closed
13:46:06  INFO        TX logged: SELL PWR  P&L -0.71%
13:46:06  INFO        SELL LIMIT MP  qty=2.269176014  limit=$41.47  id=fc08e2f0-37a5-4627-95f0-d62cb5bc5f26
13:46:26  INFO        SELL LIMIT filled MP (confirmed by position check)
13:46:26  INFO        TX logged: SELL MP  P&L 0.49%
13:46:26  INFO        SELL LIMIT APG  qty=0.813828965  limit=$39.14  id=38274bfa-34e6-4e02-97b6-8114c5e910b3
13:46:46  INFO        SELL LIMIT filled APG (confirmed by position check)
13:46:46  INFO        TX logged: SELL APG  P&L 0.86%
13:46:46  INFO        SELL LIMIT CINF  qty=0.536665067  limit=$178.18  id=dee305e6-7801-45e8-9fdb-e2800c2adcfe
13:47:06  INFO        SELL LIMIT filled CINF (confirmed by position check)
13:47:06  INFO        TX logged: SELL CINF  P&L 1.91%
13:47:06  INFO        Universe cache hit: 903 tickers (tickers_2026-08-03.json)
13:47:07  INFO        [universe] 40/903 (40 valid)
13:47:09  INFO        [universe] 80/903 (80 valid)
13:47:10  INFO        [universe] 120/903 (120 valid)
13:47:12  INFO        [universe] 160/903 (160 valid)
13:47:13  INFO        [universe] 200/903 (199 valid)
13:47:20  INFO        [universe] 240/903 (238 valid)
13:47:31  INFO        [universe] 280/903 (278 valid)
13:47:44  INFO        [universe] 320/903 (318 valid)
13:47:57  INFO        [universe] 360/903 (358 valid)
13:48:07  INFO        [universe] 400/903 (397 valid)
13:48:20  INFO        [universe] 440/903 (437 valid)
13:48:33  INFO        [universe] 480/903 (477 valid)
13:48:43  INFO        [universe] 520/903 (517 valid)
13:48:56  INFO        [universe] 560/903 (557 valid)
13:49:09  INFO        [universe] 600/903 (597 valid)
13:49:19  INFO        [universe] 640/903 (637 valid)
13:49:32  INFO        [universe] 680/903 (677 valid)
13:49:44  INFO        [universe] 720/903 (717 valid)
13:49:57  INFO        [universe] 760/903 (757 valid)
13:50:07  INFO        [universe] 800/903 (797 valid)
