15:25:36  INFO      Mode: exits
15:25:36  INFO        Daily log -> logs/daily/2026-07-10.md
15:25:36  INFO        Daily log reconciled -> logs/daily/2026-07-10.md (1 ledger rows)
15:25:36  INFO        place_all_stops: checking 5 positions...
15:25:36  INFO        STOP skipped AME: fractional (0.3706 shares) — software exit will handle it
15:25:36  INFO        STOP already live CARR @ $67.55
15:25:36  INFO        STOP skipped CHD: fractional (0.9797 shares) — software exit will handle it
15:25:36  INFO        STOP skipped CMI: fractional (0.1399 shares) — software exit will handle it
15:25:37  INFO        STOP already live HST @ $23.04
15:25:37  INFO        [positions] 5/5 (5 valid)
15:25:37  INFO        Daily log -> logs/daily/2026-07-10.md

+========================================================================+
|  RUBBER BAND BOT  v8                                                   |
+------------------------------------------------------------------------+
|  Mode                                                             EXITS|
|  Time                                                         15:25 UTC|
|  Regime                                                            BULL|
|  Universe                                                          both|
|  Equity                                                         $486.54|
+========================================================================+

+========================================================================+
|                               EXIT CHECK                               |
+========================================================================+
|  Exit logic                   stop-0.5% / 3d max  (midline at EOD only)|
+------------------------------------------------------------------------+
|  CHD  P&L +0.2%  $+0.17                                            HOLD|
|  HST  P&L +0.2%  $+0.19                                            HOLD|
|  AME  P&L +0.9%  $+0.79                                            HOLD|
|  CMI  P&L +1.3%  $+1.20                                            HOLD|
|  CARR  P&L +3.3%  $+3.13                                           HOLD|
+========================================================================+

+========================================================================+
|                            EXIT RUN SUMMARY                            |
+========================================================================+
|  Mode                                                             exits|
|  Candidates                                                           5|
|  Deferred/Skipped                                      already logged 0|
|  Data skips                                             no price data 0|
|  Se~  0 attempted  |  0 filled  |  0 partial  |  0 pending  |  0 failed|
|  Holds                                                                5|
|  Logged exits                                                         0|
+========================================================================+

+========================================================================+
|                      STOP-LOSS BREACHES THIS RUN                       |
+========================================================================+
|  None                                                                  |
+========================================================================+
|  Stop-loss look file                  logs/stop_losses_to_look_into.txt|
|  New investigations added                                             0|
+========================================================================+
