15:10:52  INFO      Mode: exits
15:10:53  INFO        Daily log -> logs/daily/2026-08-05.md
15:10:53  INFO        Daily log reconciled -> logs/daily/2026-08-05.md (2 ledger rows)
15:10:53  INFO        place_all_stops: checking 3 positions...
15:10:53  INFO        STOP already live AES @ $14.62
15:10:53  INFO        STOP skipped ALGN: fractional (0.5456 shares) — software exit will handle it
15:10:53  INFO        STOP skipped AVB: fractional (0.5001 shares) — software exit will handle it
15:10:53  INFO        [positions] 3/3 (3 valid)
15:10:54  INFO        Daily log -> logs/daily/2026-08-05.md

+========================================================================+
|  RUBBER BAND BOT  v8                                                   |
+------------------------------------------------------------------------+
|  Mode                                                             EXITS|
|  Time                                                         15:10 UTC|
|  Regime                                                            BULL|
|  Universe                                                          both|
|  Equity                                                         $473.43|
+========================================================================+

+========================================================================+
|                               EXIT CHECK                               |
+========================================================================+
|  Exit logic                   stop-0.5% / 3d max  (midline at EOD only)|
+------------------------------------------------------------------------+
|  ALGN  P&L -0.2%  $-0.19                                           HOLD|
|  AES  P&L -0.0%  $-0.04                                            HOLD|
|  AVB  P&L +0.9%  $+0.87                                            HOLD|
+========================================================================+

+========================================================================+
|                            EXIT RUN SUMMARY                            |
+========================================================================+
|  Mode                                                             exits|
|  Candidates                                                           3|
|  Deferred/Skipped                                      already logged 0|
|  Data skips                                             no price data 0|
|  Se~  0 attempted  |  0 filled  |  0 partial  |  0 pending  |  0 failed|
|  Holds                                                                3|
|  Logged exits                                                         0|
+========================================================================+

+========================================================================+
|                      STOP-LOSS BREACHES THIS RUN                       |
+========================================================================+
|  None                                                                  |
+========================================================================+
|  Stop-loss look file                  logs/stop_losses_to_look_into.txt|
|  New investigations added                                             0|
+========================================================================+
