14:12:01  INFO      Mode: exits
14:12:01  INFO        place_all_stops: checking 3 positions...
14:12:01  INFO        STOP skipped AAPL: fractional (0.2496 shares) — software exit will handle it
14:12:01  INFO        STOP skipped CDW: fractional (0.5749 shares) — software exit will handle it
14:12:01  INFO        STOP already live MNST @ $47.17
14:12:02  INFO        [positions] 3/3 (3 valid)
14:12:02  INFO        Daily log -> logs/daily/2026-08-19.md

+========================================================================+
|  RUBBER BAND BOT  v8                                                   |
+------------------------------------------------------------------------+
|  Mode                                                             EXITS|
|  Time                                                         14:12 UTC|
|  Regime                                                            BULL|
|  Universe                                                          both|
|  Equity                                                         $445.06|
+========================================================================+

+========================================================================+
|                           STOCKS EXIT CHECK                            |
+========================================================================+
|  Exit logic                   stop-0.5% / 3d max  (midline at EOD only)|
+------------------------------------------------------------------------+
|  CDW  P&L +0.2%  $+0.17                                            HOLD|
|  MNST  P&L +0.8%  $+0.59                                           HOLD|
|  AAPL  P&L +2.0%  $+1.58                                           HOLD|
+========================================================================+

+========================================================================+
|                            EXIT RUN SUMMARY                            |
+========================================================================+
|  Mode                                                             exits|
|  Candidates                                                           3|
|  Deferred/Skipped                                      already logged 0|
|  Data skips                                             no price data 0|
|  Se~  0 attempted  |  0 filled  |  0 partial  |  0 pending  |  0 failed|
|  Holds                                                                3|
|  Logged exits                                                         0|
+========================================================================+

+========================================================================+
|            OPTIONS SLEEVE  (managed by options_live_micro)             |
+========================================================================+
|                                                                        |
|  No open option positions.                                             |
|                                                                        |
+========================================================================+

+========================================================================+
|                      STOP-LOSS BREACHES THIS RUN                       |
+========================================================================+
|  None                                                                  |
+========================================================================+
|  Stop-loss look file                  logs/stop_losses_to_look_into.txt|
|  New investigations added                                             0|
+========================================================================+
