14:05:43  INFO      Mode: exits
14:05:44  INFO        Daily log -> logs/daily/2026-08-07.md
14:05:44  INFO        Daily log reconciled -> logs/daily/2026-08-07.md (3 ledger rows)
14:05:44  INFO        place_all_stops: checking 5 positions...
14:05:44  INFO        STOP skipped AAPL: fractional (0.3033 shares) — software exit will handle it
14:05:44  INFO        STOP already live AES @ $14.65
14:05:44  INFO        STOP already live BBY @ $79.72
14:05:44  INFO        STOP skipped ESS: fractional (0.2445 shares) — software exit will handle it
14:05:44  INFO        STOP skipped GOOG: fractional (0.2661 shares) — software exit will handle it
14:05:44  INFO        [positions] 5/5 (5 valid)
14:05:44  INFO        Daily log -> logs/daily/2026-08-07.md

+========================================================================+
|  RUBBER BAND BOT  v8                                                   |
+------------------------------------------------------------------------+
|  Mode                                                             EXITS|
|  Time                                                         14:05 UTC|
|  Regime                                                            BULL|
|  Universe                                                          both|
|  Equity                                                         $472.87|
+========================================================================+

+========================================================================+
|                               EXIT CHECK                               |
+========================================================================+
|  Exit logic                   stop-0.5% / 3d max  (midline at EOD only)|
+------------------------------------------------------------------------+
|  ESS  P&L -0.3%  $-0.22                                            HOLD|
|  GOOG  P&L -0.1%  $-0.06                                           HOLD|
|  AES  P&L +0.0%  $+0.00                                            HOLD|
|  AAPL  P&L +0.2%  $+0.23                                           HOLD|
|  BBY  P&L +1.4%  $+1.36                                            HOLD|
+========================================================================+

+========================================================================+
|                            EXIT RUN SUMMARY                            |
+========================================================================+
|  Mode                                                             exits|
|  Candidates                                                           5|
|  Deferred/Skipped                                      already logged 0|
|  Data skips                                             no price data 0|
|  Se~  0 attempted  |  0 filled  |  0 partial  |  0 pending  |  0 failed|
|  Holds                                                                5|
|  Logged exits                                                         0|
+========================================================================+

+========================================================================+
|                      STOP-LOSS BREACHES THIS RUN                       |
+========================================================================+
|  None                                                                  |
+========================================================================+
|  Stop-loss look file                  logs/stop_losses_to_look_into.txt|
|  New investigations added                                             0|
+========================================================================+
