13:52:33  INFO      Mode: morning_scan
13:52:34  INFO        [positions] 3/3 (3 valid)
13:52:34  INFO        SELL order cancelled AES  type=OrderType.STOP  id=ecfb107e-4d6d-43e3-80f5-219b4e122f6a
13:52:34  INFO        SELL LIMIT AES  qty=2.253255645  limit=$14.89  id=bb22b6c0-725d-4b80-b506-4efbbe95eac3
13:53:04  INFO        SELL LIMIT filled AES (confirmed by position check)
13:53:04  INFO        TX logged: SELL AES  P&L -0.05%
13:53:04  INFO        Universe cache hit: 903 tickers (tickers_2026-09-29.json)
13:53:05  INFO        [universe] 40/901 (40 valid)
13:53:06  INFO        [universe] 80/901 (80 valid)
13:53:07  INFO        [universe] 120/901 (120 valid)
13:53:09  INFO        [universe] 160/901 (160 valid)
13:53:10  INFO        [universe] 200/901 (199 valid)
13:53:17  INFO        [universe] 240/901 (238 valid)
13:53:30  INFO        [universe] 280/901 (278 valid)
13:53:43  INFO        [universe] 320/901 (318 valid)
13:53:53  INFO        [universe] 360/901 (358 valid)
13:54:06  INFO        [universe] 400/901 (398 valid)
13:54:19  INFO        [universe] 440/901 (438 valid)
13:54:29  INFO        [universe] 480/901 (478 valid)
13:54:42  INFO        [universe] 520/901 (518 valid)
13:54:52  INFO        [universe] 560/901 (558 valid)
13:55:05  INFO        [universe] 600/901 (598 valid)
13:55:18  INFO        [universe] 640/901 (638 valid)
