Trial layout: /home/runner/work/TradingBot/TradingBot/logs/options_trial
Docs:         /home/runner/work/TradingBot/TradingBot/docs/options_trial
Buckets:      100
=== options_morning_bot (PAPER) 2026-07-09T11:35:46.794381-04:00 ===

[Run context]
Paper auth OK — equity $159344.05, account PA36KS87UPRS

[Setup]
Active buckets: 100 | Strategies: S173, S174, S165, S166, S163

[Scan + entries]
Scanning 903 symbols for [S173, S174, S165, S166, S163] …
Fetched daily bars for 903/903 symbols
Found 74 signal(s); top: ['S173:ACN', 'S173:ADBE', 'S173:AMZN', 'S173:APP', 'S173:ADSK', 'S173:ADP', 'S173:CHTR', 'S173:KO']
Paper lab: $160720 broker equity -> 100 bucket(s) ($500 virtual each, unlimited paper)
  Skipped: 366 already attempted today, 4 pending order
Placed 0 new entry order(s).

[Portfolio snapshot]
+========================================================================+
|  OPTIONS BOT SUMMARY                                                   |
+------------------------------------------------------------------------+
|  Mode                          entry+manage                            |
|  Equity                        $159,336.05                             |
|  Signals this run              74                                      |
|  Entries placed                0                                       |
|  Open option positions         19                                      |
|  Pending orders                2                                       |
+========================================================================+
+========================================================================+
|  OPEN OPTIONS (19)                                                     |
+------------------------------------------------------------------------+
|  SYMBOL                      QTY    RET%        OPEN P&L               |
|------------------------------------------------------------------------|
|  AVGO260710C00400000          49   +919.3%   $+25,190.00               |
|  ANET260710C00185000          22  +1256.7%   $ +7,540.00               |
|  GOOGL260710C00365000         75    -63.4%   $ -3,893.99               |
|  CCL260717C00026000           93    +47.9%   $ +3,342.00               |
|  MRNA260710C00085000          54   -100.0%   $ -1,667.00               |
|  PLTR260710C00136000          24    -81.5%   $   -636.00               |
|  GOOGL260710C00367500         24    -58.1%   $   -600.00               |
|  BA260710C00237500            22    -90.6%   $   -422.00               |
|  ... 11 more position(s)                                               |
+========================================================================+
Full detail: logs/options_trial/runs/2026-07-09.log
elapsed=33.4s reconcile=0.32s cancel=0.06s manage=0.07s scan=32.23s entries=0.15s
STATUS: options_morning_bot run complete (PAPER) elapsed=33.4s.
Wrote /home/runner/work/TradingBot/TradingBot/logs/options_trial/reports/2026-07-09_buckets.md
Wrote /home/runner/work/TradingBot/TradingBot/logs/options_trial/reports/2026-07-09_buckets.csv
Summary: 0 buckets closed trades, $+0.00 realized
Wrote /home/runner/work/TradingBot/TradingBot/logs/options_trial/reports/2026-07-09_strategy_selection.md
Wrote /home/runner/work/TradingBot/TradingBot/logs/options_trial/reports/2026-07-09_strategy_selection.csv
Summary: keep=0 watch=5 drop=0
