13:42:12  INFO      Mode: morning_prep
13:42:13  INFO        [prep_positions] 2/2 (2 valid)
13:42:13  INFO      Fetching tickers (universe=both)...
13:42:13  INFO        S&P 500: 503
13:42:13  INFO        MidCap 400: 400
13:42:13  INFO        Total: 903 tickers
13:42:14  INFO        [prep_universe] 40/901 (40 valid)
13:42:16  INFO        [prep_universe] 80/901 (80 valid)
13:42:17  INFO        [prep_universe] 120/901 (120 valid)
13:42:18  INFO        [prep_universe] 160/901 (160 valid)
13:42:20  INFO        [prep_universe] 200/901 (199 valid)
13:42:27  INFO        [prep_universe] 240/901 (238 valid)
13:42:40  INFO        [prep_universe] 280/901 (278 valid)
13:42:50  INFO        [prep_universe] 320/901 (318 valid)
13:43:03  INFO        [prep_universe] 360/901 (358 valid)
13:43:16  INFO        [prep_universe] 400/901 (397 valid)
13:43:26  INFO        [prep_universe] 440/901 (437 valid)
13:43:39  INFO        [prep_universe] 480/901 (477 valid)
13:43:49  INFO        [prep_universe] 520/901 (517 valid)
13:44:02  INFO        [prep_universe] 560/901 (557 valid)
13:44:15  INFO        [prep_universe] 600/901 (597 valid)
13:44:26  INFO        [prep_universe] 640/901 (637 valid)
13:44:39  INFO        [prep_universe] 680/901 (677 valid)
13:44:52  INFO        [prep_universe] 720/901 (717 valid)
13:45:02  INFO        [prep_universe] 760/901 (757 valid)
13:45:15  INFO        [prep_universe] 800/901 (797 valid)
