options_reconcile: state=/home/runner/work/TradingBot/TradingBot/logs/options_trial/_state/lab_state.json
  open_lots=73 paper_keys=yes dry_run=False
  alpaca positions=26
options_reconcile: done
Layout: controlled:1164:live_1to1+variations (layout changed controlled:100:c000_s173_w1_0928_1005_r1 -> controlled:1164:live_1to1+variations)
Trial layout: /home/runner/work/TradingBot/TradingBot/logs/options_trial
Docs:         skipped (local docs unavailable on this runner)
Buckets:      1164
PROBE OK: paper account status=AccountStatus.ACTIVE equity=$1,003,266.50
  buying_power=$3,929,493.60 cash=$1,037,072.50
  open option orders: 20
    UNH260911C00402500 OrderSide.SELL qty=2 status=OrderStatus.NEW limit=None
    NFLX260911C00078000 OrderSide.SELL qty=2 status=OrderStatus.NEW limit=None
    C260911C00138000 OrderSide.SELL qty=2 status=OrderStatus.NEW limit=None
    TSLA260911C00395000 OrderSide.SELL qty=4 status=OrderStatus.NEW limit=None
    ZS260911C00180000 OrderSide.SELL qty=1 status=OrderStatus.NEW limit=0.13
  open option positions: 25
    AVGO260909C00372500 qty=-1 mkt=$-11.00
    AVGO260909C00375000 qty=-1 mkt=$-6.00
    AVGO260909C00380000 qty=-1 mkt=$-3.00
    AVGO260911C00400000 qty=3 mkt=$18.00
    C260911C00138000 qty=2 mkt=$152.00
PROBE: check-only pass (use --smoke-entry to place a test order)
=== options_morning_bot (PAPER) 2026-09-09T10:11:07.898579-04:00 ===

[Run context]
Paper auth OK — equity $1003267.00, account PA33P8KT02IL

[Setup]
LIVE 1:1 bucket b90 live_1to1 — S218, S404, S406 | TP+50%/SL-40% | stop-mkt | min $20
Variation study: 1163 lab/promising bucket(s) | cohort: all paper strategies | max 400 new entries/run
Dropped (no new entries; ex-reflected P&L): S203, S207, S212, S360, S405, S407
  EXIT [b330|lab0330_s357_w2_1005_1045_r1|S357] stop_loss (-77.8%) SELL failed PATH260925C00017000: {"code":40310000,"message":"account not eligible to trade uncovered option contracts"}
2026-09-09 10:11:11,306 INFO   EXIT [b857|lab0857_s408_w1_0928_1005_r2|S408] stop_loss (-50.0%) SELL 1 MARA260911C00013500 @<= 0.04
  EXIT [b164|lab0164_s216_w1_0928_1005_r1|S216] stop_loss (-85.2%) SELL failed AVGO260911C00400000: {"code":40310000,"message":"account not eligible to trade uncovered option contracts"}
  EXIT [b167|lab0167_s216_w2_1005_1045_r2|S216] stop_loss (-85.2%) SELL failed AVGO260911C00400000: {"code":40310000,"message":"account not eligible to trade uncovered option contracts"}
  EXIT [b166|lab0166_s216_w2_1005_1045_r1|S216] stop_loss (-85.2%) SELL failed AVGO260911C00400000: {"code":40310000,"message":"account not eligible to trade uncovered option contracts"}
  EXIT [b1055|lab1055_s165_w2_1005_1045_r2|S165] stop_loss (-98.2%) SELL failed SHOP260911C00146000: {"code":40310000,"message":"account not eligible to trade uncovered option contracts"}
  EXIT [b1054|lab1054_s165_w2_1005_1045_r1|S165] stop_loss (-98.2%) SELL failed SHOP260911C00146000: {"code":40310000,"message":"account not eligible to trade uncovered option contracts"}
Protective stops: placed=0 upgraded=0 already=15 failed=5 (market-first)

[Scan + entries]
Scanning 117 symbols for [S165, S164, S168, S167, S166, S163, S169, S170, S171, S172, S175, S200, S201, S202, S204, S205, S206, S208, S209, S210, S211, S213, S214, S215, S216, S217, S218, S219, S220, S221, S400, S401, S402, S403, S350, S351, S352, S353, S354, S355, S356, S357, S358, S359, S361, S362, S363, S364, S365, S366, S367, S368, S369, S370, S371, S372, S373, S374, S375, S376, S377, S378, S379, S380, S381, S382, S383, S384, S385, S386, S387, S388, S389, S390, S391, S392, S393, S394, S413, S414, S415, S416, S417, S418, S395, S396, S397, S398, S399, S404, S406, S408, S409, S410, S411, S412, S413, S414, S415, S416, S417, S418, S419] …
Fetched daily bars for 113/117 symbols
Found 35 signal(s); top: ['S401:NFLX', 'S401:DDOG', 'S218:ZS', 'S401:DOCN', 'S217:HD', 'S218:HD', 'S401:HD', 'S210:C']
Paper lab: $1003267 broker equity -> 1164 bucket(s) ($500 virtual each, unlimited paper)
  [b236 NFLX] ENTRY failed: {"code":40310000,"existing_order_id":"159cae08-02f8-423f-913a-fbbdbb9d5a75","message":"potential wash trade detected. use complex orders","reject_reason":"opposite side market/stop order exists"}
  [b237 NFLX] ENTRY failed: {"code":40310000,"existing_order_id":"159cae08-02f8-423f-913a-fbbdbb9d5a75","message":"potential wash trade detected. use complex orders","reject_reason":"opposite side market/stop order exists"}
  Skipped: 48 no tradeable call, 2 already attempted today, 4 pending order
Placed 2 new entry order(s).
Protective stops: placed=0 upgraded=0 already=15 failed=5 (market-first)

[Portfolio snapshot]
+========================================================================+
|[OPTIONS BOT DAILY VITALS (MATRIX EXPERIMENT)]                          |
+========================================================================+
|-- ACCOUNT STATUS (entry+manage) --                                     |
|Equity       : $1,003,267.00                                            |
|Open Risk    : 73 lots (25 broker pos)                                  |
|Today's Run  : 35 signals -> 2 orders submitted                         |
|                                                                        |
|-- SYSTEM HEALTH --                                                     |
|Zombies      : 0 (Ledger is clean)                                      |
|Lab Status   : 73 Active Lots | 2 Pending Orders                        |
|Auto-Matrix  : (Pending EOD report generation)                          |
+========================================================================+
+========================================================================+
|[DATA QUALITY: CLEAN vs ERRORS vs KEEP-ONLY]                            |
+========================================================================+
|  CLEAN              n=1104  win= 50.4%  med= +15.5%  $+15,982          |
|  TAINTED            n=1802  win= 33.6%  med= -38.4%  $-8,695           |
|  KEEP-only          n=628   win= 63.7%  med= +51.6%  $+11,103          |
|  KEEP recent        n=420   win= 61.0%  med= +53.4%  $+5,846           |
|  KEEP(25): S163,S168,S173,S174,S210,S218,S350,S352...                  |
|  KILL(18): ORPHAN,S164,S202,S203,S207,S211,S212,S216...                |
+========================================================================+
+========================================================================+
|[+++ OVERPERFORMING STRATEGIES (n>=10)]                                 |
+========================================================================+
|  BKT  PROFILE                   WIN%   MED%   TOTAL TRADES             |
|  ---------------------------------------------------------             |
|  b832 lab0832_s406_w3_1045..  85%  +126.9%    13                       |
|  b238 lab0238_s401_w3_1045..  81%  +115.2%    16                       |
|  b861 lab0861_s408_w3_1045..  73%  +100.0%    11                       |
|  b365 lab0365_s361_w2_1005..  91%  +82.8%    11                        |
+========================================================================+
|[--- UNDERPERFORMING STRATEGIES (n>=10)]                                |
+========================================================================+
|  BKT  PROFILE                   WIN%   MED%   TOTAL TRADES             |
|  ---------------------------------------------------------             |
|  b47  lab0047_s205_w4_1120..   4%  -78.0%    28                        |
|  b307 lab0307_s354_w2_1005..  30%  -69.9%    10                        |
|  b84  lab0084_s210_w3_1045..  42%  -67.4%    12                        |
|  b1   lab0001_s200_w1_0928..   0%  -65.8%    10                        |
+========================================================================+
+========================================================================+
|[PENDING ORDERS (2)]                                                    |
+========================================================================+
|  Top groups: S217:LLY(2)                                               |
|  ---------------------------------------------------------             |
|  b180 S217 LLY      limit=0.57                                         |
|  b181 S217 LLY      limit=0.57                                         |
+========================================================================+
+========================================================================+
|[PENDING EXITS (3)]                                                     |
+========================================================================+
|  b863 S408 CRWD260911C00235000 x1 stop_loss (-61.5%)                   |
|  b281 S351 ZS260911C00180000 x1 stop_loss (-65.1%)                     |
|  b857 S408 MARA260911C00013500 x1 stop_loss (-50.0%)                   |
+========================================================================+
+========================================================================+
|[OPEN OPTIONS (25)]                                                     |
+========================================================================+
|  SYMBOL                      QTY    RET%        OPEN P&L               |
|  ---------------------------------------------------------             |
|  ZS260911C00180000            16    -65.1%   $   -357.89               |
|  MARA260918C00012000          10    +24.4%   $   +110.00               |
|  SHOP260911C00146000           2    -98.2%   $   -110.00               |
|  AVGO260911C00400000           3    -82.7%   $   -100.50               |
|  CRWD260911C00225000           7    -27.2%   $    -89.00               |
|  CRWD260911C00227500           4    -47.5%   $    -76.00               |
|  CRWD260911C00222500           3    -20.3%   $    -42.00               |
|  PATH260925C00017000           1    -77.8%   $    -35.00               |
|  ... 17 more position(s)                                               |
+========================================================================+
Full detail: logs/options_trial/runs/2026-09-09.log
elapsed=67.3s reconcile=0.26s cancel=0.06s manage=5.93s scan=52.95s entries=4.8s
STATUS: options_morning_bot run complete (PAPER) elapsed=67.3s. run=#9462 https://github.com/28twagg-ops/TradingBot/actions/runs/34361814237
Evaluation complete: 100 strategies evaluated, 0 killed, 0 promote candidates.
Wrote /home/runner/work/TradingBot/TradingBot/logs/options_trial/reports/2026-09-09_buckets.md
Wrote /home/runner/work/TradingBot/TradingBot/logs/options_trial/reports/2026-09-09_buckets.csv
Summary: 14 buckets closed trades, $-151.00 realized
STALE WARNING: 1 bucket(s) with open lots and last_entry >5d
Wrote /home/runner/work/TradingBot/TradingBot/logs/options_trial/reports/2026-09-09_strategy_selection.md
Wrote /home/runner/work/TradingBot/TradingBot/logs/options_trial/reports/2026-09-09_strategy_selection.csv
Summary: keep=0 watch=83 drop=22
Orphan rate: 12.3% (357/2906) ALERT
# Options signal frequency

_Generated 2026-09-09T10:12:21.318738_

Headline counts are **unique (strategy, underlying, date)** from `ENTRY` lines in `logs/options_trial/runs/*.log`.
Raw log-line counts (multi-bucket duplicates) are shown below for debug.

### Unique underlying symbols per day (headline)

| Date       | S163 | S164 | S165 | S166 | S167 | S168 | S169 | S170 | S171 | S172 | S175 | S173 | S174 | Total |
|------------|-----:|-----:|-----:|-----:|-----:|-----:|-----:|-----:|-----:|-----:|-----:|-----:|-----:|------:|
| 2026-07-07 |    0 |    0 |    0 |    0 |    0 |    0 |    0 |    0 |    0 |    0 |    0 |    1 |    0 |     1 |
| 2026-07-08 |    0 |    0 |    3 |    0 |    0 |    0 |    0 |    0 |    0 |    0 |    0 |    2 |    1 |     6 |
| 2026-07-09 |    0 |    0 |    1 |    0 |    0 |    0 |    0 |    0 |    0 |    0 |    0 |    2 |    3 |     6 |
| 2026-07-10 |    0 |    0 |    1 |    0 |    0 |    0 |    0 |    0 |    0 |    0 |    0 |    1 |    1 |     3 |
| 2026-07-13 |    0 |    0 |    2 |    0 |    0 |    0 |    0 |    0 |    0 |    0 |    0 |    3 |    2 |     7 |
| 2026-07-14 |    0 |    0 |    3 |    0 |    0 |    0 |    0 |    0 |    0 |    0 |    0 |    2 |    0 |     5 |
| 2026-07-16 |    0 |    0 |    2 |    0 |    0 |    0 |    0 |    0 |    0 |    0 |    0 |    3 |    0 |     5 |
| 2026-07-17 |    0 |    0 |    2 |    0 |    0 |    0 |    0 |    0 |    0 |    0 |    0 |    2 |    0 |     4 |
| 2026-07-20 |    0 |    0 |    0 |    0 |    0 |    0 |    0 |    0 |    0 |    0 |    0 |    1 |    0 |     1 |
| 2026-07-21 |    1 |    2 |    1 |    1 |    2 |    2 |    0 |    0 |    0 |    0 |    0 |    0 |    0 |     9 |
| 2026-07-22 |    1 |    1 |    1 |    0 |    1 |    0 |    0 |    0 |    0 |    0 |    0 |    0 |    0 |     4 |
| 2026-07-24 |    1 |    1 |    1 |    0 |    1 |    1 |    0 |    0 |    0 |    0 |    0 |    0 |    0 |     5 |
| 2026-07-27 |    1 |    0 |    1 |    1 |    1 |    1 |    0 |    0 |    0 |    0 |    0 |    0 |    0 |     5 |
| 2026-07-28 |    1 |    1 |    1 |    1 |    1 |    1 |    0 |    0 |    0 |    0 |    0 |    0 |    0 |     6 |
| 2026-07-29 |    1 |    2 |    1 |    1 |    1 |    0 |    0 |    0 |    0 |    0 |    0 |    0 |    0 |     6 |
| 2026-09-01 |    2 |    2 |    2 |    1 |    2 |    2 |    0 |    0 |    0 |    0 |    0 |    0 |    0 |    11 |
| 2026-09-02 |    1 |    1 |    1 |    1 |    1 |    1 |    0 |    0 |    0 |    0 |    0 |    0 |    0 |     6 |
| 2026-09-03 |    1 |    1 |    1 |    1 |    1 |    1 |    0 |    0 |    0 |    0 |    0 |    0 |    0 |     6 |
| 2026-09-04 |    2 |    2 |    2 |    2 |    2 |    2 |    0 |    0 |    0 |    0 |    0 |    0 |    0 |    12 |
| 2026-09-08 |    1 |    2 |    2 |    0 |    2 |    2 |    0 |    0 |    0 |    0 |    0 |    0 |    0 |     9 |

## Per-strategy summary (unique underlyings)

| Strategy | Unique entries | Active days | Avg unique / active day | Est. active days to n=30 exits* |
|----------|---------------:|------------:|------------------------:|--------------------------------|
| S163 | 13 | 11 | 1.2 | ~32 active signal-days |
| S164 | 15 | 10 | 1.5 | ~25 active signal-days |
| S165 | 28 | 18 | 1.6 | ~25 active signal-days |
| S166 | 9 | 8 | 1.1 | ~34 active signal-days |
| S167 | 15 | 11 | 1.4 | ~28 active signal-days |
| S168 | 13 | 9 | 1.4 | ~26 active signal-days |
| S169 | 0 | 0 | 0.0 | inf (no unique entries yet) |
| S170 | 0 | 0 | 0.0 | inf (no unique entries yet) |
| S171 | 0 | 0 | 0.0 | inf (no unique entries yet) |
| S172 | 0 | 0 | 0.0 | inf (no unique entries yet) |
| S175 | 0 | 0 | 0.0 | inf (no unique entries yet) |
| S173 | 17 | 9 | 1.9 | ~20 active signal-days |
| S174 | 7 | 4 | 1.8 | ~22 active signal-days |

\* Formula: `ceil(30 / (avg_unique_per_active_day * 80%))`. Update when real exit rates are known.

## Signal frequency by window (all time, unique strategy×symbol×date×window)

| Window | S163 | S164 | S165 | S166 | S167 | S168 | S169 | S170 | S171 | S172 | S175 | S173 | S174 | Total |
|--------|-----:|-----:|-----:|-----:|-----:|-----:|-----:|-----:|-----:|-----:|-----:|-----:|-----:|------:|
| w1     |    6 |    5 |    9 |    3 |    5 |    5 |    0 |    0 |    0 |    0 |    0 |    7 |    1 |    41 |
| w2     |    7 |    7 |   13 |    7 |    8 |    7 |    0 |    0 |    0 |    0 |    0 |    6 |    3 |    58 |
| w3     |    9 |    7 |   14 |    6 |    8 |    6 |    0 |    0 |    0 |    0 |    0 |    7 |    4 |    61 |
| w4     |    6 |    4 |   10 |    3 |    5 |    7 |    0 |    0 |    0 |    0 |    0 |    6 |    3 |    44 |

Windows (ET): w1 09:28–10:05 · w2 10:05–10:45 · w3 10:45–11:20 · w4 11:20–11:35. Parsed from controlled-layout profile names in ENTRY log lines.

## Raw vs unique totals

| Strategy | Raw log lines (includes multi-bucket duplicates) | Unique underlying symbols |
|----------|-------------------------------------------------:|--------------------------:|
| S163 | 249 | 13 |
| S164 | 271 | 15 |
| S165 | 1711 | 28 |
| S166 | 135 | 9 |
| S167 | 265 | 15 |
| S168 | 198 | 13 |
| S169 | 0 | 0 |
| S170 | 0 | 0 |
| S171 | 0 | 0 |
| S172 | 0 | 0 |
| S175 | 0 | 0 |
| S173 | 1911 | 17 |
| S174 | 891 | 7 |

### Raw log lines per day (debug / multi-bucket)

| Date       | S163 | S164 | S165 | S166 | S167 | S168 | S169 | S170 | S171 | S172 | S175 | S173 | S174 | Total |
|------------|-----:|-----:|-----:|-----:|-----:|-----:|-----:|-----:|-----:|-----:|-----:|-----:|-----:|------:|
| 2026-07-07 |    0 |    0 |    0 |    0 |    0 |    0 |    0 |    0 |    0 |    0 |    0 |  100 |    0 |   100 |
| 2026-07-08 |    0 |    0 |  100 |    0 |    0 |    0 |    0 |    0 |    0 |    0 |    0 |  100 |  100 |   300 |
| 2026-07-09 |    0 |    0 |   24 |    0 |    0 |    0 |    0 |    0 |    0 |    0 |    0 |  100 |   15 |   139 |
| 2026-07-10 |    0 |    0 |  242 |    0 |    0 |    0 |    0 |    0 |    0 |    0 |    0 |  230 |  202 |   674 |
| 2026-07-13 |    0 |    0 |  190 |    0 |    0 |    0 |    0 |    0 |    0 |    0 |    0 |  212 |  188 |   590 |
| 2026-07-14 |    0 |    0 |  194 |    0 |    0 |    0 |    0 |    0 |    0 |    0 |    0 |  185 |  106 |   485 |
| 2026-07-15 |    0 |    0 |  146 |    0 |    0 |    0 |    0 |    0 |    0 |    0 |    0 |  154 |   58 |   358 |
| 2026-07-16 |    0 |    0 |  179 |    0 |    0 |    0 |    0 |    0 |    0 |    0 |    0 |  205 |   58 |   442 |
| 2026-07-17 |    0 |    0 |  127 |    0 |    0 |    0 |    0 |    0 |    0 |    0 |    0 |  207 |   58 |   392 |
| 2026-07-20 |    0 |    0 |  107 |    0 |    0 |    0 |    0 |    0 |    0 |    0 |    0 |  143 |   58 |   308 |
| 2026-07-21 |   30 |   35 |  113 |   30 |   35 |   35 |    0 |    0 |    0 |    0 |    0 |  118 |   48 |   444 |
| 2026-07-22 |   40 |   47 |   86 |   15 |   45 |   20 |    0 |    0 |    0 |    0 |    0 |   77 |    0 |   330 |
| 2026-07-23 |   30 |   42 |   50 |   15 |   40 |   20 |    0 |    0 |    0 |    0 |    0 |   40 |    0 |   237 |
| 2026-07-24 |   75 |   87 |   85 |   15 |   77 |   55 |    0 |    0 |    0 |    0 |    0 |   40 |    0 |   434 |
| 2026-07-27 |   14 |    0 |   14 |   14 |   14 |   14 |    0 |    0 |    0 |    0 |    0 |    0 |    0 |    70 |
| 2026-07-28 |    6 |    8 |    8 |    8 |    8 |    6 |    0 |    0 |    0 |    0 |    0 |    0 |    0 |    44 |
| 2026-07-29 |   10 |   10 |   10 |    8 |   10 |    0 |    0 |    0 |    0 |    0 |    0 |    0 |    0 |    48 |
| 2026-09-01 |    8 |    6 |    6 |    2 |    6 |    6 |    0 |    0 |    0 |    0 |    0 |    0 |    0 |    34 |
| 2026-09-02 |   10 |   10 |   10 |    2 |   10 |   14 |    0 |    0 |    0 |    0 |    0 |    0 |    0 |    56 |
| 2026-09-03 |   10 |    4 |    4 |   16 |    4 |   10 |    0 |    0 |    0 |    0 |    0 |    0 |    0 |    48 |
| 2026-09-04 |   12 |   14 |    8 |   10 |    8 |   10 |    0 |    0 |    0 |    0 |    0 |    0 |    0 |    62 |
| 2026-09-08 |    4 |    8 |    8 |    0 |    8 |    8 |    0 |    0 |    0 |    0 |    0 |    0 |    0 |    36 |

## Notes

- Pre-router-fix (before 2026-07-17 commit `56660c9e`): S163/S166 were starved — expect zeros until a post-fix entry-window gap-down day.
- Controlled layout places one ENTRY per matching bucket×strategy; raw counts inflate, unique underlyings do not.


Wrote /home/runner/work/TradingBot/TradingBot/logs/options_trial/reports/signal_frequency.md
## Ledger health — 2026-09-09
| Check                       | Count | Status |
|-----------------------------|------:|--------|
| Current stuck (state)       |     0 | OK |
| Orphaned lots (post-stable) |  1071 | WARN | <<<
| Missing exit records (post) |  1071 | WARN | <<<
| State/ledger mismatches     |     3 | WARN | <<<
| Total open lots             |    73 | INFO |
| Total closed lots           |  2082 | INFO |
| Pre-cutoff audit debt       |     0 | INFO |
| Transition audit debt       |   744 | INFO |

Wrote /home/runner/work/TradingBot/TradingBot/logs/options_trial/reports/ledger_health.md
Wrote /home/runner/work/TradingBot/TradingBot/logs/options_trial/reports/2026-09-09_data_quality.md
Wrote /home/runner/work/TradingBot/TradingBot/logs/options_trial/reports/2026-09-09_data_quality.csv
Wrote /home/runner/work/TradingBot/TradingBot/logs/options_trial/reports/latest_data_quality.json
Wrote /home/runner/work/TradingBot/TradingBot/logs/options_trial/reports/latest_data_quality_snippet.md
CLEAN n=1104 med=+15.5% | TAINTED n=1802 med=-38.4% | KEEP-only n=628 med=+51.6% | KILL=18 KEEP=25
Wrote /home/runner/work/TradingBot/TradingBot/logs/dashboard.html
equity=229.08 router=CONFIRMED leaderboard_rows=105
Wrote /home/runner/work/TradingBot/TradingBot/logs/rubber_band_report.md
| 1 | MA_Squeeze | 2 | 100% | +0.56% | +0.56% | +0.17% | 999.00 | 0.0d | $+0.80 | WATCH |
| 2 | unknown | 32 | 19% | -0.03% | -0.59% | -1.27% | 1.44 | 0.0d | $+0.29 | ACTIVE |
