00:58:36  INFO      Mode: weekly
00:58:37  INFO        Weekly summary -> logs/weekly/2026-W29.md

+========================================================================+
|  RUBBER BAND BOT  v8                                                   |
+------------------------------------------------------------------------+
|  Mode                                                            WEEKLY|
|  Time                                                         00:58 UTC|
|  Regime                                                            BULL|
|  Universe                                                          both|
|  Equity                                                         $482.98|
+========================================================================+

+========================================================================+
|              RUBBER BAND BOT  |  Week 29 / 2026  |  LIVE               |
+========================================================================+
+------------------------------------------------------------------------+
|  Date                                                 2026-07-18  (Jul)|
|  Regime                                                            BULL|
|  Strategy                                        52wkLow  +  Pullback50|
|  Execution                      Summary mode only (no orders submitted)|
|  Buys today                                                           0|
|  Cash-based cap            27850 max trades with current available cash|
+------------------------------------------------------------------------+
|  Equity           $482.98       Cash             $302.65               |
|  Invested         $180.33       Available        $278.50               |
|  Open P&L         $+1.17        Realized P&L     $-4.62                |
+------------------------------------------------------------------------+
|  This week          0 buys  |  32 sells  |  Win rate 38%  |  P&L $+5.38|
|  All time  990 trades  |  Avg hold 1.8d  |  Return -5.1%  |  P&L $-4.62|
+------------------------------------------------------------------------+
|  TICKER  STRATEGY       INVESTED   ENTRY     NOW       P&L%      P&L$  |
+------------------------------------------------------------------------+
|  CARR    Pullback50     $87.03     $67.89    $68.69    +1.2%     $+1.01|
|  EMR     Pullback50     $93.30     $139.30   $139.54   +0.2%     $+0.16|
+------------------------------------------------------------------------+
|  Next month                               Aug:  VolumeSpike  +  52wkLow|
+========================================================================+

+========================================================================+
|                        YEAR-BY-YEAR PERFORMANCE                        |
+========================================================================+
|  YEAR   START     END       RETURN    P&L $       TRADES   WIN%        |
+------------------------------------------------------------------------+
|  2026   $509      $484      -4.8%     $-24.44     990      31.2% ✗     |
+------------------------------------------------------------------------+
|  Profitable years                                             0/1  (0%)|
|  Best  year                                      2026   -4.8%   $-24.44|
|  Worst year                                      2026   -4.8%   $-24.44|
+========================================================================+
