options_reconcile: state=/home/runner/work/TradingBot/TradingBot/logs/options_trial/_state/lab_state.json
  open_lots=18 paper_keys=yes dry_run=False
  alpaca positions=15
options_reconcile: done
Layout: controlled:1024:lab0000_s200_w1_0928_1005_r1 (layout changed controlled:100:c000_s173_w1_0928_1005_r1 -> controlled:1024:lab0000_s200_w1_0928_1005_r1)
Trial layout: /home/runner/work/TradingBot/TradingBot/logs/options_trial
Docs:         skipped (local docs unavailable on this runner)
Buckets:      1024
=== options_morning_bot (PAPER) 2026-08-14T09:34:33.196655-04:00 ===

[Run context]
Paper auth OK — equity $129094.78, account PA36KS87UPRS

[Setup]
Active buckets: 1024 | Strategies: S165, S164, S168, S167, S166, S163, S169, S170, S171, S172, S175, S200, S201, S202, S203, S204, S205, S206, S207, S208, S209, S210, S211, S212, S213, S214, S215, S216, S217, S218, S219, S220, S221, S400, S401, S402, S403, S350, S351, S352, S353, S354, S355, S356, S357, S358, S359, S360, S361, S362, S363, S364, S365, S366, S367, S368, S369, S370, S371, S372, S373, S374, S375, S376, S377, S378, S379, S380, S381, S382, S383, S384, S385, S386, S387, S388, S389, S390, S391, S392, S393, S394, S413, S414, S415, S416, S417, S418, S395, S396, S397, S398, S399, S404, S405, S406, S407, S408, S409, S410, S411, S412, S413, S414, S415, S416, S417, S418, S419
2026-08-14 09:34:36,096 INFO   EXIT [b419|lab0419_s365_w1_0928_1005_r2|S365] stop_loss (-54.0%) SELL 1 MARA260828C00010000 @<= 0.20
  EXIT [b0|orphan_reconcile|ORPHAN] take_profit (+139.6%) SELL failed DIS260814C00104000: {"code":40310000,"message":"account not eligible to trade uncovered option contracts"}
2026-08-14 09:34:37,127 INFO   EXIT [b81|lab0081_s210_w1_0928_1005_r2|S210] stop_loss (-51.6%) SELL 1 DKNG260821C00027000 @<= 0.16
  EXIT [b0|orphan_reconcile|ORPHAN] stop_loss (-66.7%) SELL failed XOM260814C00170000: {"code":40310000,"message":"account not eligible to trade uncovered option contracts"}
Protective stops: placed=0 already=6 failed=3

[Scan + entries]
Scanning 117 symbols for [S165, S164, S168, S167, S166, S163, S169, S170, S171, S172, S175, S200, S201, S202, S203, S204, S205, S206, S207, S208, S209, S210, S211, S212, S213, S214, S215, S216, S217, S218, S219, S220, S221, S400, S401, S402, S403, S350, S351, S352, S353, S354, S355, S356, S357, S358, S359, S360, S361, S362, S363, S364, S365, S366, S367, S368, S369, S370, S371, S372, S373, S374, S375, S376, S377, S378, S379, S380, S381, S382, S383, S384, S385, S386, S387, S388, S389, S390, S391, S392, S393, S394, S413, S414, S415, S416, S417, S418, S395, S396, S397, S398, S399, S404, S405, S406, S407, S408, S409, S410, S411, S412, S413, S414, S415, S416, S417, S418, S419] …
Fetched daily bars for 114/117 symbols
