options_reconcile: state=/home/runner/work/TradingBot/TradingBot/logs/options_trial/_state/lab_state.json
  open_lots=50 paper_keys=yes dry_run=False
  alpaca positions=16
options_reconcile: done
Layout: controlled:1164:live_1to1+variations (layout changed controlled:100:c000_s173_w1_0928_1005_r1 -> controlled:1164:live_1to1+variations)
Trial layout: /home/runner/work/TradingBot/TradingBot/logs/options_trial
Docs:         skipped (local docs unavailable on this runner)
Buckets:      1164
PROBE FAIL: {"code":50010000,"message":"internal server error occurred"}
paper probe failed (non-fatal)
=== options_morning_bot (PAPER) 2026-09-21T15:40:32.757118-04:00 ===

[Run context]
2026-09-21 15:40:32,816 WARNING paper get_account failed attempt 1/3 (transient): {"code":50010000,"message":"internal server error occurred"}; sleep 2s
2026-09-21 15:40:34,846 WARNING paper get_account failed attempt 2/3 (transient): {"code":50010000,"message":"internal server error occurred"}; sleep 4s
2026-09-21 15:40:38,861 ERROR paper get_account failed after 3 attempts: {"code":50010000,"message":"internal server error occurred"}
WARN: get_account failed ({"code":50010000,"message":"internal server error occurred"}) but positions OK (n=16). Keys are fine; Alpaca account endpoint is flaky. Using cached equity $997158.09.
2026-09-21 15:40:38,888 WARNING paper get_account failed attempt 1/2 (transient): {"code":50010000,"message":"internal server error occurred"}; sleep 2s
2026-09-21 15:40:40,907 ERROR paper get_account failed after 2 attempts: {"code":50010000,"message":"internal server error occurred"}
WARN: using cached paper equity $997158.09 (get_account: {"code":50010000,"message":"internal server error occurred"})
2026-09-21 15:40:40,978 WARNING lab get_account failed attempt 1/2: {"code":50010000,"message":"internal server error occurred"}
2026-09-21 15:40:42,995 ERROR lab get_account failed after 2 attempts: {"code":50010000,"message":"internal server error occurred"}

[Setup]
LIVE 1:1 bucket b90 live_1to1 — S218, S404, S406 | TP+50%/SL-40% | stop-mkt | min $20
Variation study: 1163 lab/promising bucket(s) | cohort: all paper strategies | max 400 new entries/run
Dropped (no new entries; ex-reflected P&L): S203, S207, S212, S360, S405, S407
  EXIT [b434|lab0434_s366_w2_1005_1045_r1|S366] take_profit (+97.3%) SELL failed MARA260925C00012500: {"code":40310000,"message":"account not eligible to trade uncovered option contracts"}
  EXIT [b433|lab0433_s366_w1_0928_1005_r2|S366] take_profit (+97.3%) SELL failed MARA260925C00012500: {"code":40310000,"message":"account not eligible to trade uncovered option contracts"}
  EXIT [b432|lab0432_s366_w1_0928_1005_r1|S366] take_profit (+97.3%) SELL failed MARA260925C00012500: {"code":40310000,"message":"account not eligible to trade uncovered option contracts"}
  EXIT [b239|lab0239_s401_w3_1045_1120_r2|S401] stop_loss (-63.8%) SELL failed MDT260925C00094000: {"code":50010000,"message":"internal server error occurred"}
  EXIT [b238|lab0238_s401_w3_1045_1120_r1|S401] stop_loss (-63.8%) SELL failed MDT260925C00094000: {"code":50010000,"message":"internal server error occurred"}
  EXIT [b241|lab0241_s401_w4_1120_1135_r2|S401] stop_loss (-63.8%) SELL failed MDT260925C00094000: {"code":50010000,"message":"internal server error occurred"}
  EXIT [b240|lab0240_s401_w4_1120_1135_r1|S401] stop_loss (-63.8%) SELL failed MDT260925C00094000: {"code":50010000,"message":"internal server error occurred"}
