Trial layout: /home/runner/work/TradingBot/TradingBot/logs/options_trial
Docs:         /home/runner/work/TradingBot/TradingBot/docs/options_trial
Buckets:      100
=== options_morning_bot (PAPER) 2026-07-09T14:00:47.691519-04:00 ===

[Run context]
Paper auth OK — equity $176413.01, account PA36KS87UPRS

[Setup]
Active buckets: 100 | Strategies: S173, S174, S165, S166, S163

[Manage only]
Past entry window; manage/exit only.

[Portfolio snapshot]
+========================================================================+
|  OPTIONS BOT SUMMARY                                                   |
+------------------------------------------------------------------------+
|  Mode                          manage-only                             |
|  Equity                        $176,413.01                             |
|  Signals this run              0                                       |
|  Entries placed                0                                       |
|  Open option positions         19                                      |
|  Pending orders                0                                       |
+========================================================================+
+========================================================================+
|  OPEN OPTIONS (19)                                                     |
+------------------------------------------------------------------------+
|  SYMBOL                      QTY    RET%        OPEN P&L               |
|------------------------------------------------------------------------|
|  AVGO260710C00400000          49  +1402.2%   $+38,420.00               |
|  CCL260717C00026000           93    +75.8%   $ +5,295.00               |
|  ANET260710C00185000          22   +853.3%   $ +5,120.00               |
|  GOOGL260710C00365000         75    -54.8%   $ -3,368.99               |
|  MRNA260710C00085000          54   -100.0%   $ -1,667.00               |
|  INTC260710C00118000          25    -29.1%   $   -658.00               |
|  INTC260710C00119000          24    -34.1%   $   -608.00               |
|  PLTR260710C00136000          24    -75.4%   $   -588.00               |
|  ... 11 more position(s)                                               |
+========================================================================+
Full detail: logs/options_trial/runs/2026-07-09.log
elapsed=0.2s reconcile=0.07s cancel=0.02s manage=0.03s
STATUS: options_morning_bot run complete (PAPER) elapsed=0.2s.
Wrote /home/runner/work/TradingBot/TradingBot/logs/options_trial/reports/2026-07-09_buckets.md
Wrote /home/runner/work/TradingBot/TradingBot/logs/options_trial/reports/2026-07-09_buckets.csv
Summary: 0 buckets closed trades, $+0.00 realized
Wrote /home/runner/work/TradingBot/TradingBot/logs/options_trial/reports/2026-07-09_strategy_selection.md
Wrote /home/runner/work/TradingBot/TradingBot/logs/options_trial/reports/2026-07-09_strategy_selection.csv
Summary: keep=0 watch=5 drop=0
