22:21:22  INFO      Mode: ext_exits
22:21:23  INFO        Daily log -> logs/daily/2026-10-02.md
22:21:23  INFO        Daily log reconciled -> logs/daily/2026-10-02.md (3 ledger rows)
22:21:23  INFO        SELL order cancelled LNT  type=OrderType.LIMIT  id=66396bc2-9fed-48ae-b59c-b1699c50217c
22:21:23  INFO        SELL LIMIT [EXT HRS] LNT  qty=0.521843151  limit=$63.85  id=eebe7a05-4868-43bf-888f-ee144aa24805
22:21:28  INFO        SELL LIMIT[EXT] pending for LNT — 9:35am will follow up
22:21:29  INFO        Daily log -> logs/daily/2026-10-02.md

+========================================================================+
|  RUBBER BAND BOT  v8                                                   |
+------------------------------------------------------------------------+
|  Mode                                                         EXT_EXITS|
|  Time                                                         22:21 UTC|
|  Regime                                                            BULL|
|  Universe                                                          both|
|  Equity                                                         $223.72|
+========================================================================+

+========================================================================+
|                           STOCKS EXIT CHECK                            |
+========================================================================+
|  Exit log~  stop-0.5% / 3d max  (midline skipped — close already final)|
+------------------------------------------------------------------------+
|  LNT  P&L -0.6%  $-0.22          EXIT [EXTENDED HRS]: stop_loss (-0.6%)|
|  LNT                              SELL pending (after-hours limit open)|
|  CMI  P&L +1.1%  $+0.37         HOLDING until 9:35am scan (MomReversal)|
+========================================================================+

+========================================================================+
|                          EXTENDED HOURS SELLS                          |
+========================================================================+
|                                                                        |
|  No extended-hours sells this run.                                     |
|                                                                        |
+========================================================================+

+========================================================================+
|                            EXIT RUN SUMMARY                            |
+========================================================================+
|  Mode                                                         ext_exits|
|  Candidates                                                           2|
|  Deferred/Skipped                                      already logged 0|
|  Data skips                                             no price data 0|
|  Se~  1 attempted  |  0 filled  |  0 partial  |  1 pending  |  0 failed|
|  Holds                                                                1|
|  Logged exits                                                         0|
+========================================================================+

+========================================================================+
|            OPTIONS SLEEVE  (managed by options_live_micro)             |
+========================================================================+
|                                                                        |
|  No open option positions.                                             |
|                                                                        |
+========================================================================+

+========================================================================+
|                      STOP-LOSS BREACHES THIS RUN                       |
+========================================================================+
|  LNT                                         -0.65%  (threshold -0.50%)|
|  Count                                                                1|
+========================================================================+
|  Stop-loss look file                  logs/stop_losses_to_look_into.txt|
|  New investigations added                                             1|
+========================================================================+
