13:31:02  INFO      Mode: morning_prep
13:31:03  INFO        [prep_positions] 3/3 (3 valid)
13:31:03  INFO      Fetching tickers (universe=both)...
13:31:03  INFO        S&P 500: 503
13:31:03  INFO        MidCap 400: 400
13:31:03  INFO        Total: 903 tickers
13:31:04  INFO        [prep_universe] 40/900 (40 valid)
13:31:06  INFO        [prep_universe] 80/900 (80 valid)
13:31:07  INFO        [prep_universe] 120/900 (120 valid)
13:31:09  INFO        [prep_universe] 160/900 (160 valid)
13:31:10  INFO        [prep_universe] 200/900 (199 valid)
13:31:17  INFO        [prep_universe] 240/900 (238 valid)
13:31:30  INFO        [prep_universe] 280/900 (278 valid)
13:31:43  INFO        [prep_universe] 320/900 (318 valid)
13:31:53  INFO        [prep_universe] 360/900 (358 valid)
13:32:06  INFO        [prep_universe] 400/900 (397 valid)
13:32:19  INFO        [prep_universe] 440/900 (437 valid)
13:32:29  INFO        [prep_universe] 480/900 (477 valid)
13:32:42  INFO        [prep_universe] 520/900 (517 valid)
13:32:55  INFO        [prep_universe] 560/900 (557 valid)
13:33:05  INFO        [prep_universe] 600/900 (597 valid)
13:33:18  INFO        [prep_universe] 640/900 (637 valid)
13:33:31  INFO        [prep_universe] 680/900 (677 valid)
13:33:41  INFO        [prep_universe] 720/900 (717 valid)
13:33:54  INFO        [prep_universe] 760/900 (757 valid)
13:34:06  INFO        [prep_universe] 800/900 (797 valid)
13:34:16  INFO        [prep_universe] 840/900 (836 valid)
13:34:29  INFO        [prep_universe] 880/900 (876 valid)
13:34:36  INFO        [prep_universe] 900/900 (896 valid)

+========================================================================+
|  RUBBER BAND BOT  v8                                                   |
+------------------------------------------------------------------------+
|  Mode                                                      MORNING_PREP|
|  Time                                                         13:31 UTC|
|  Regime                                                            BULL|
|  Universe                                                          both|
|  Equity                                                         $232.54|
+========================================================================+

+========================================================================+
|                              MORNING PREP                              |
+========================================================================+
|  Goal                   Precompute exits/signals for next execution run|
|  Plan file                                 logs/plans/morning_plan.json|
|  Regime                                                            BULL|
+========================================================================+

+========================================================================+
|                       OPEN POSITION P&L SNAPSHOT                       |
+========================================================================+
|  Open positions                                                       3|
|  Invested                                                       $104.76|
|  Open P&L                                                        $+0.18|
|  TICKER   STRATEGY        INVESTED   ENTRY    NOW      P&L%    P&L$    |
+------------------------------------------------------------------------+
|  DLR      Pullback50      $34.83     $185.67  $185.43  -0.1%   $-0.05  |
|  EQIX     Pullback50      $34.83     $1040.~  $1040.~  +0.0%   $+0.01  |
|  NVT      MomReversal     $35.10     $149.50  $150.43  +0.6%   $+0.22  |
+========================================================================+

+========================================================================+
|                            OPEN SELL ORDERS                            |
+========================================================================+
|  Count                                                                0|
|                                                                        |
|  No open sell orders.                                                  |
|                                                                        |
+========================================================================+

+========================================================================+
|                              PREP SUMMARY                              |
+========================================================================+
|  Saved                                                              yes|
|  Exit candidates                                                      0|
|  Signal candidates                                                   28|
|  Universe scanned                                                   900|
+========================================================================+
