23:06:16  INFO      Mode: ext_exits
23:06:17  INFO        Daily log -> logs/daily/2026-09-24.md
23:06:17  INFO        Daily log reconciled -> logs/daily/2026-09-24.md (5 ledger rows)
23:06:17  INFO        SELL order cancelled KNF  type=OrderType.LIMIT  id=919b7307-7299-4a78-b23e-ca6e6a4c4bb0
23:06:17  INFO        SELL LIMIT [EXT HRS] KNF  qty=0.628632096  limit=$53.29  id=644a30aa-1d33-424b-8536-96cab90d7ea1
23:06:22  INFO        SELL LIMIT[EXT] pending for KNF — 9:35am will follow up
23:06:23  INFO        Daily log -> logs/daily/2026-09-24.md

+========================================================================+
|  RUBBER BAND BOT  v8                                                   |
+------------------------------------------------------------------------+
|  Mode                                                         EXT_EXITS|
|  Time                                                         23:06 UTC|
|  Regime                                                            BULL|
|  Universe                                                          both|
|  Equity                                                         $224.88|
+========================================================================+

+========================================================================+
|                           STOCKS EXIT CHECK                            |
+========================================================================+
|  Exit log~  stop-0.5% / 3d max  (midline skipped — close already final)|
+------------------------------------------------------------------------+
|  KNF  P&L -0.6%  $-0.20          EXIT [EXTENDED HRS]: stop_loss (-0.6%)|
|  KNF                              SELL pending (after-hours limit open)|
|  COP  P&L +1.2%  $+0.42          HOLDING until 9:35am scan (Pullback50)|
+========================================================================+

+========================================================================+
|                          EXTENDED HOURS SELLS                          |
+========================================================================+
|                                                                        |
|  No extended-hours sells this run.                                     |
|                                                                        |
+========================================================================+

+========================================================================+
|                            EXIT RUN SUMMARY                            |
+========================================================================+
|  Mode                                                         ext_exits|
|  Candidates                                                           2|
|  Deferred/Skipped                                      already logged 0|
|  Data skips                                             no price data 0|
|  Se~  1 attempted  |  0 filled  |  0 partial  |  1 pending  |  0 failed|
|  Holds                                                                1|
|  Logged exits                                                         0|
+========================================================================+

+========================================================================+
|            OPTIONS SLEEVE  (managed by options_live_micro)             |
+========================================================================+
|                                                                        |
|  No open option positions.                                             |
|                                                                        |
+========================================================================+

+========================================================================+
|                      STOP-LOSS BREACHES THIS RUN                       |
+========================================================================+
|  KNF                                         -0.59%  (threshold -0.50%)|
|  Count                                                                1|
+========================================================================+
|  Stop-loss look file                  logs/stop_losses_to_look_into.txt|
|  New investigations added                                             1|
+========================================================================+
