15:35:42  INFO      Mode: exits
15:35:42  INFO        Daily log -> logs/daily/2026-08-03.md
15:35:42  INFO        Daily log reconciled -> logs/daily/2026-08-03.md (6 ledger rows)
15:35:42  INFO        place_all_stops: checking 3 positions...
15:35:42  INFO        STOP already live AES @ $14.62
15:35:42  INFO        STOP skipped AVB: fractional (0.5001 shares) — software exit will handle it
15:35:42  INFO        STOP skipped ED: fractional (0.6468 shares) — software exit will handle it
15:35:42  INFO        [positions] 3/3 (3 valid)
15:35:43  INFO        SELL MARKET [urgent] ED closed
15:35:45  INFO        TX logged: SELL ED  P&L -0.53%
15:35:45  INFO        Daily log -> logs/daily/2026-08-03.md

+========================================================================+
|  RUBBER BAND BOT  v8                                                   |
+------------------------------------------------------------------------+
|  Mode                                                             EXITS|
|  Time                                                         15:35 UTC|
|  Regime                                                            BULL|
|  Universe                                                          both|
|  Equity                                                         $466.70|
+========================================================================+

+========================================================================+
|                               EXIT CHECK                               |
+========================================================================+
|  Exit logic                   stop-0.5% / 3d max  (midline at EOD only)|
+------------------------------------------------------------------------+
|  ED  P&L -0.5%  $-0.37                          EXIT: stop_loss (-0.5%)|
|  AVB  P&L -0.2%  $-0.20                                            HOLD|
|  AES  P&L -0.0%  $-0.04                                            HOLD|
+========================================================================+

+========================================================================+
|                            EXIT RUN SUMMARY                            |
+========================================================================+
|  Mode                                                             exits|
|  Candidates                                                           3|
|  Deferred/Skipped                                      already logged 0|
|  Data skips                                             no price data 0|
|  Se~  1 attempted  |  1 filled  |  0 partial  |  0 pending  |  0 failed|
|  Holds                                                                2|
|  Logged exits                                                         1|
+========================================================================+

+========================================================================+
|                      STOP-LOSS BREACHES THIS RUN                       |
+========================================================================+
|  ED                                          -0.53%  (threshold -0.50%)|
|  Count                                                                1|
+========================================================================+
|  Stop-loss look file                  logs/stop_losses_to_look_into.txt|
|  New investigations added                                             0|
+========================================================================+
