options_reconcile: state=/home/runner/work/TradingBot/TradingBot/logs/options_trial/_state/lab_state.json
  open_lots=57 paper_keys=yes dry_run=False
  alpaca positions=17
  FLAG b263|S403|6d60396d missing from Alpaca
  FLAG b262|S403|2ab6f725 missing from Alpaca
  FLAG b859|S408|c6e24356 missing from Alpaca
  FLAG b863|S408|96caf8a7 missing from Alpaca
  FLAG b862|S408|392891dd missing from Alpaca
  State updated with reconciled lots.
options_reconcile: done
Layout: controlled:1164:live_1to1+variations (layout changed controlled:100:c000_s173_w1_0928_1005_r1 -> controlled:1164:live_1to1+variations)
Trial layout: /home/runner/work/TradingBot/TradingBot/logs/options_trial
Docs:         skipped (local docs unavailable on this runner)
Buckets:      1164
PROBE FAIL: {"code":50010000,"message":"internal server error occurred"}
paper probe failed (non-fatal)
=== options_morning_bot (PAPER) 2026-09-21T09:45:39.259381-04:00 ===

[Run context]
2026-09-21 09:45:39,490 WARNING paper get_account failed attempt 1/3 (transient): {"code":50010000,"message":"internal server error occurred"}; sleep 2s
2026-09-21 09:45:41,566 WARNING paper get_account failed attempt 2/3 (transient): {"code":50010000,"message":"internal server error occurred"}; sleep 4s
2026-09-21 09:45:45,651 ERROR paper get_account failed after 3 attempts: {"code":50010000,"message":"internal server error occurred"}
WARN: get_account failed ({"code":50010000,"message":"internal server error occurred"}) but positions OK (n=17). Keys are fine; Alpaca account endpoint is flaky. Using cached equity $997158.09.
2026-09-21 09:45:45,812 WARNING paper get_account failed attempt 1/2 (transient): {"code":50010000,"message":"internal server error occurred"}; sleep 2s
2026-09-21 09:45:47,885 ERROR paper get_account failed after 2 attempts: {"code":50010000,"message":"internal server error occurred"}
WARN: using cached paper equity $997158.09 (get_account: {"code":50010000,"message":"internal server error occurred"})
2026-09-21 09:45:48,004 WARNING lab get_account failed attempt 1/2: {"code":50010000,"message":"internal server error occurred"}
2026-09-21 09:45:50,081 ERROR lab get_account failed after 2 attempts: {"code":50010000,"message":"internal server error occurred"}

[Setup]
LIVE 1:1 bucket b90 live_1to1 — S218, S404, S406 | TP+50%/SL-40% | stop-mkt | min $20
Variation study: 1163 lab/promising bucket(s) | cohort: all paper strategies | max 400 new entries/run
Dropped (no new entries; ex-reflected P&L): S203, S207, S212, S360, S405, S407
  EXIT [b165|lab0165_s216_w1_0928_1005_r2|S216] stop_loss (-50.9%) SELL failed CELH260925C00029000: {"code":50010000,"message":"internal server error occurred"}
  EXIT [b164|lab0164_s216_w1_0928_1005_r1|S216] stop_loss (-50.9%) SELL failed CELH260925C00029000: {"code":50010000,"message":"internal server error occurred"}
