13:36:45  INFO      Mode: morning_prep
13:36:46  INFO        [prep_positions] 1/1 (1 valid)
13:36:46  INFO      Fetching tickers (universe=both)...
13:36:47  INFO        S&P 500: 503
13:36:47  INFO        MidCap 400: 400
13:36:47  INFO        Total: 903 tickers
13:36:48  INFO        [prep_universe] 40/902 (40 valid)
13:36:49  INFO        [prep_universe] 80/902 (80 valid)
13:36:50  INFO        [prep_universe] 120/902 (120 valid)
13:36:52  INFO        [prep_universe] 160/902 (160 valid)
13:36:53  INFO        [prep_universe] 200/902 (199 valid)
13:37:01  INFO        [prep_universe] 240/902 (238 valid)
13:37:11  INFO        [prep_universe] 280/902 (278 valid)
13:37:26  INFO        [prep_universe] 320/902 (318 valid)
13:37:36  INFO        [prep_universe] 360/902 (358 valid)
13:37:47  INFO        [prep_universe] 400/902 (397 valid)
13:38:01  INFO        [prep_universe] 440/902 (437 valid)
13:38:11  INFO        [prep_universe] 480/902 (476 valid)
13:38:24  INFO        [prep_universe] 520/902 (516 valid)
13:38:38  INFO        [prep_universe] 560/902 (556 valid)
13:38:48  INFO        [prep_universe] 600/902 (596 valid)
13:39:02  INFO        [prep_universe] 640/902 (636 valid)
13:39:12  INFO        [prep_universe] 680/902 (676 valid)
13:39:26  INFO        [prep_universe] 720/902 (716 valid)
13:39:36  INFO        [prep_universe] 760/902 (756 valid)
13:39:50  INFO        [prep_universe] 800/902 (796 valid)
13:40:00  INFO        [prep_universe] 840/902 (835 valid)
13:40:12  INFO        [prep_universe] 880/902 (875 valid)
13:40:19  INFO        [prep_universe] 902/902 (897 valid)

+========================================================================+
|  RUBBER BAND BOT  v8                                                   |
+------------------------------------------------------------------------+
|  Mode                                                      MORNING_PREP|
|  Time                                                         13:36 UTC|
|  Regime                                                            BULL|
|  Universe                                                          both|
|  Equity                                                         $467.82|
+========================================================================+

+========================================================================+
|                              MORNING PREP                              |
+========================================================================+
|  Goal                   Precompute exits/signals for next execution run|
|  Plan file                                 logs/plans/morning_plan.json|
|  Regime                                                            BULL|
+========================================================================+

+========================================================================+
|                       OPEN POSITION P&L SNAPSHOT                       |
+========================================================================+
|  Open positions                                                       1|
|  Invested                                                        $70.27|
|  Open P&L                                                        $+0.11|
|  TICKER   STRATEGY        INVESTED   ENTRY    NOW      P&L%    P&L$    |
+------------------------------------------------------------------------+
|  AES      Pullback50      $70.27     $14.75   $14.77   +0.2%   $+0.11  |
+========================================================================+

+========================================================================+
|                            OPEN SELL ORDERS                            |
+========================================================================+
|  Count                                                                0|
|                                                                        |
|  No open sell orders.                                                  |
|                                                                        |
+========================================================================+

+========================================================================+
|                              PREP SUMMARY                              |
+========================================================================+
|  Saved                                                              yes|
|  Exit candidates                                                      1|
|  Signal candidates                                                   25|
|  Universe scanned                                                   902|
+========================================================================+
