14:01:33  INFO      Mode: exits
14:01:34  INFO        Daily log -> logs/daily/2026-08-20.md
14:01:34  INFO        Daily log reconciled -> logs/daily/2026-08-20.md (2 ledger rows)
14:01:34  INFO        place_all_stops: checking 4 positions...
14:01:34  INFO        STOP skipped AON: fractional (0.1994 shares) — software exit will handle it
14:01:34  INFO        STOP skipped MNST: fractional (0.6350 shares) — software exit will handle it
14:01:35  INFO        [positions] 2/2 (2 valid)
14:01:35  INFO        Daily log -> logs/daily/2026-08-20.md

+========================================================================+
|  RUBBER BAND BOT  v8                                                   |
+------------------------------------------------------------------------+
|  Mode                                                             EXITS|
|  Time                                                         14:01 UTC|
|  Regime                                                            BULL|
|  Universe                                                          both|
|  Equity                                                         $451.16|
+========================================================================+

+========================================================================+
|                           STOCKS EXIT CHECK                            |
+========================================================================+
|  Exit logic                   stop-0.5% / 3d max  (midline at EOD only)|
+------------------------------------------------------------------------+
|  AON  P&L -0.0%  $-0.02                                            HOLD|
|  MNST  P&L +0.5%  $+0.15                                           HOLD|
+========================================================================+

+========================================================================+
|                            EXIT RUN SUMMARY                            |
+========================================================================+
|  Mode                                                             exits|
|  Candidates                                                           2|
|  Deferred/Skipped                                      already logged 0|
|  Data skips                                             no price data 0|
|  Se~  0 attempted  |  0 filled  |  0 partial  |  0 pending  |  0 failed|
|  Holds                                                                2|
|  Logged exits                                                         0|
+========================================================================+

+========================================================================+
|            OPTIONS SLEEVE  (managed by options_live_micro)             |
+========================================================================+
|  CONTRACT                ENTRY    NOW      P&L%     P&L$      MV       |
+------------------------------------------------------------------------+
|  CPB260821C00023000      $0.60    $0.45    -25.0%   $-15.00   $45.00   |
|  WMT260821C00110000      $0.09    $0.03    -66.7%   $-6.00    $3.00    |
|                                                                        |
|  Options open P&L                                               $-21.00|
+========================================================================+

+========================================================================+
|                      STOP-LOSS BREACHES THIS RUN                       |
+========================================================================+
|  None                                                                  |
+========================================================================+
|  Stop-loss look file                  logs/stop_losses_to_look_into.txt|
|  New investigations added                                             0|
+========================================================================+
