options_reconcile: state=/home/runner/work/TradingBot/TradingBot/logs/options_trial/_state/lab_state.json
  open_lots=77 paper_keys=yes dry_run=False
  alpaca positions=20
  FLAG b165|S216|5d7c0be9 missing from Alpaca
  FLAG b164|S216|5ffa0bf9 missing from Alpaca
  FLAG b235|S401|f217bb6f missing from Alpaca
  FLAG b234|S401|fbe8f114 missing from Alpaca
  FLAG b193|S218|2903f4ed missing from Alpaca
  FLAG b0|ORPHAN|7b0f4512 missing from Alpaca
  FLAG b179|S217|29d1def0 missing from Alpaca
  FLAG b178|S217|e851d44d missing from Alpaca
  State updated with reconciled lots.
options_reconcile: done
Layout: controlled:1164:live_1to1+variations (layout changed controlled:100:c000_s173_w1_0928_1005_r1 -> controlled:1164:live_1to1+variations)
Trial layout: /home/runner/work/TradingBot/TradingBot/logs/options_trial
Docs:         skipped (local docs unavailable on this runner)
Buckets:      1164
PROBE OK: paper account status=AccountStatus.ACTIVE equity=$995,925.10
  buying_power=$3,852,911.19 cash=$975,894.11
  open option orders: 8
    XOM261002C00170000 OrderSide.SELL qty=1 status=OrderStatus.NEW limit=None
    DKNG261002C00021500 OrderSide.SELL qty=22 status=OrderStatus.NEW limit=None
    DKNG261009C00022500 OrderSide.SELL qty=2 status=OrderStatus.NEW limit=None
    NKE261002C00039500 OrderSide.SELL qty=2 status=OrderStatus.NEW limit=None
    NKE261002C00038500 OrderSide.SELL qty=6 status=OrderStatus.NEW limit=None
  open option positions: 16
    DKNG261002C00021000 qty=4 mkt=$320.00
    DKNG261002C00021500 qty=22 mkt=$1,386.00
    DKNG261002C00022000 qty=4 mkt=$176.00
    DKNG261002C00022500 qty=2 mkt=$42.00
    DKNG261009C00022500 qty=2 mkt=$84.00
PROBE: check-only pass (use --smoke-entry to place a test order)
=== options_morning_bot (PAPER) 2026-09-28T09:35:04.631133-04:00 ===

[Run context]
Paper auth OK — equity $995930.11, account PA33P8KT02IL

[Setup]
LIVE 1:1 bucket b90 live_1to1 — S218, S404, S406 | TP+50%/SL-40% | stop-mkt | min $20
Variation study: 1163 lab/promising bucket(s) | cohort: all paper strategies | max 400 new entries/run
Dropped (no new entries; ex-reflected P&L): S203, S207, S212, S360, S405, S407
2026-09-28 09:35:07,016 INFO   EXIT [b318|lab0318_s355_w4_1120_1135_r1|S355] stop_loss (-57.1%) SELL 1 MARA261002C00013500 @<= 0.19
  EXIT [b86|lab0086_s210_w4_1120_1135_r1|S210] stop_loss (-89.3%) SELL failed SPY260928C00775000: {"code":40310000,"message":"account not eligible to trade uncovered option contracts"}
Protective stops: placed=5 upgraded=0 already=9 failed=1 (market-first)

[Scan + entries]
Scanning 117 symbols for [S165, S164, S168, S167, S166, S163, S169, S170, S171, S172, S175, S200, S201, S202, S204, S205, S206, S208, S209, S210, S211, S213, S214, S215, S216, S217, S218, S219, S220, S221, S400, S401, S402, S403, S350, S351, S352, S353, S354, S355, S356, S357, S358, S359, S361, S362, S363, S364, S365, S366, S367, S368, S369, S370, S371, S372, S373, S374, S375, S376, S377, S378, S379, S380, S381, S382, S383, S384, S385, S386, S387, S388, S389, S390, S391, S392, S393, S394, S413, S414, S415, S416, S417, S418, S395, S396, S397, S398, S399, S404, S406, S408, S409, S410, S411, S412, S413, S414, S415, S416, S417, S418, S419] …
Fetched daily bars for 113/117 symbols
