14:46:35  INFO      Mode: exits
14:46:36  INFO        Daily log -> logs/daily/2026-09-08.md
14:46:36  INFO        Daily log reconciled -> logs/daily/2026-09-08.md (1 ledger rows)
14:46:36  INFO        place_all_stops: checking 2 positions...
14:46:36  INFO        STOP skipped AMCR: fractional (0.7714 shares) — software exit will handle it
14:46:36  INFO        STOP skipped APD: fractional (0.1154 shares) — software exit will handle it
14:46:37  INFO        [positions] 2/2 (2 valid)
14:46:37  INFO        Daily log -> logs/daily/2026-09-08.md

+========================================================================+
|  RUBBER BAND BOT  v8                                                   |
+------------------------------------------------------------------------+
|  Mode                                                             EXITS|
|  Time                                                         14:46 UTC|
|  Regime                                                            BULL|
|  Universe                                                          both|
|  Equity                                                         $230.75|
+========================================================================+

+========================================================================+
|                           STOCKS EXIT CHECK                            |
+========================================================================+
|  Exit logic                   stop-0.5% / 3d max  (midline at EOD only)|
+------------------------------------------------------------------------+
|  AMCR  P&L +0.0%  $+0.00                                           HOLD|
|  APD  P&L +1.0%  $+0.34                                            HOLD|
+========================================================================+

+========================================================================+
|                            EXIT RUN SUMMARY                            |
+========================================================================+
|  Mode                                                             exits|
|  Candidates                                                           2|
|  Deferred/Skipped                                      already logged 0|
|  Data skips                                             no price data 0|
|  Se~  0 attempted  |  0 filled  |  0 partial  |  0 pending  |  0 failed|
|  Holds                                                                2|
|  Logged exits                                                         0|
+========================================================================+

+========================================================================+
|            OPTIONS SLEEVE  (managed by options_live_micro)             |
+========================================================================+
|                                                                        |
|  No open option positions.                                             |
|                                                                        |
+========================================================================+

+========================================================================+
|                      STOP-LOSS BREACHES THIS RUN                       |
+========================================================================+
|  None                                                                  |
+========================================================================+
|  Stop-loss look file                  logs/stop_losses_to_look_into.txt|
|  New investigations added                                             0|
+========================================================================+
