14:01:34  INFO      Mode: exits
14:01:34  INFO        Daily log -> logs/daily/2026-10-08.md
14:01:34  INFO        Daily log reconciled -> logs/daily/2026-10-08.md (1 ledger rows)
14:01:34  INFO        place_all_stops: checking 2 positions...
14:01:34  INFO        STOP skipped KTOS: fractional (0.7976 shares) — software exit will handle it
14:01:34  INFO        STOP skipped OC: fractional (0.2968 shares) — software exit will handle it
14:01:35  INFO        [positions] 2/2 (2 valid)
14:01:35  INFO        Daily log -> logs/daily/2026-10-08.md

+========================================================================+
|  RUBBER BAND BOT  v8                                                   |
+------------------------------------------------------------------------+
|  Mode                                                             EXITS|
|  Time                                                         14:01 UTC|
|  Regime                                                            BULL|
|  Universe                                                          both|
|  Equity                                                         $225.66|
+========================================================================+

+========================================================================+
|                           STOCKS EXIT CHECK                            |
+========================================================================+
|  Exit logic                   stop-0.5% / 3d max  (midline at EOD only)|
+------------------------------------------------------------------------+
|  KTOS  P&L +1.0%  $+0.33                                           HOLD|
|  OC  P&L +1.9%  $+0.63                                             HOLD|
+========================================================================+

+========================================================================+
|                            EXIT RUN SUMMARY                            |
+========================================================================+
|  Mode                                                             exits|
|  Candidates                                                           2|
|  Deferred/Skipped                                      already logged 0|
|  Data skips                                             no price data 0|
|  Se~  0 attempted  |  0 filled  |  0 partial  |  0 pending  |  0 failed|
|  Holds                                                                2|
|  Logged exits                                                         0|
+========================================================================+

+========================================================================+
|            OPTIONS SLEEVE  (managed by options_live_micro)             |
+========================================================================+
|                                                                        |
|  No open option positions.                                             |
|                                                                        |
+========================================================================+

+========================================================================+
|                      STOP-LOSS BREACHES THIS RUN                       |
+========================================================================+
|  None                                                                  |
+========================================================================+
|  Stop-loss look file                  logs/stop_losses_to_look_into.txt|
|  New investigations added                                             0|
+========================================================================+
