14:21:01  INFO      Mode: exits
14:21:01  INFO        place_all_stops: checking 3 positions...
14:21:01  INFO        STOP skipped AMZN: fractional (0.1353 shares) — software exit will handle it
14:21:01  INFO        STOP skipped FLEX: fractional (0.3161 shares) — software exit will handle it
14:21:01  INFO        STOP skipped LII: fractional (0.0895 shares) — software exit will handle it
14:21:01  INFO        [positions] 3/3 (3 valid)
14:21:01  INFO        SELL order cancelled FLEX  type=OrderType.MARKET  id=c89d6f17-3a98-4a44-bc74-88889d1d3ba4
14:21:01  INFO        SELL LIMIT FLEX  qty=0.31607724  limit=$109.29  id=aa7d49c6-f582-411d-ba8b-8f78401043b5
14:21:21  INFO        SELL LIMIT not filled for FLEX, falling back to market
14:21:21  INFO        SELL MARKET FLEX closed
14:21:23  INFO        SELL order cancelled LII  type=OrderType.MARKET  id=8b549bf4-447a-4bab-a937-784af4ddbc8f
14:21:23  INFO        SELL LIMIT LII  qty=0.089467389  limit=$389.75  id=37f722a9-a3d6-4578-9ccc-52403109b648
14:21:44  INFO        SELL LIMIT not filled for LII, falling back to market
14:21:44  INFO        SELL MARKET LII closed
14:21:46  INFO        SELL order cancelled AMZN  type=OrderType.MARKET  id=9070e648-d3af-4179-9b0c-785356b88b9c
14:21:46  INFO        SELL LIMIT AMZN  qty=0.135349882  limit=$257.99  id=ab6282ab-6b25-4bfe-bf5e-7de03840c79c
14:22:06  INFO        SELL LIMIT not filled for AMZN, falling back to market
14:22:06  INFO        SELL MARKET AMZN closed
14:22:08  INFO        Daily log -> logs/daily/2026-09-07.md

+========================================================================+
|  RUBBER BAND BOT  v8                                                   |
+------------------------------------------------------------------------+
|  Mode                                                             EXITS|
|  Time                                                         14:21 UTC|
|  Regime                                                            BULL|
|  Universe                                                          both|
|  Equity                                                         $230.56|
+========================================================================+

+========================================================================+
|                           STOCKS EXIT CHECK                            |
+========================================================================+
|  Exit logic                   stop-0.5% / 3d max  (midline at EOD only)|
+------------------------------------------------------------------------+
|  FLEX  P&L +0.1%  $+0.04                      EXIT: max_hold 3d (+0.1%)|
|  FLEX         PARTIAL SELL (0.3161 sh remain) — will retry this session|
|  LII  P&L +1.1%  $+0.38                       EXIT: max_hold 4d (+1.1%)|
|  LII          PARTIAL SELL (0.0895 sh remain) — will retry this session|
|  AMZN  P&L +1.2%  $+0.41                      EXIT: max_hold 5d (+1.2%)|
|  AMZN         PARTIAL SELL (0.1353 sh remain) — will retry this session|
+========================================================================+

+========================================================================+
|                            EXIT RUN SUMMARY                            |
+========================================================================+
|  Mode                                                             exits|
|  Candidates                                                           3|
|  Deferred/Skipped                                      already logged 0|
|  Data skips                                             no price data 0|
|  Se~  3 attempted  |  0 filled  |  3 partial  |  0 pending  |  0 failed|
|  Holds                                                                0|
|  Logged exits                                                         0|
+========================================================================+

+========================================================================+
|            OPTIONS SLEEVE  (managed by options_live_micro)             |
+========================================================================+
|                                                                        |
|  No open option positions.                                             |
|                                                                        |
+========================================================================+

+========================================================================+
|                      STOP-LOSS BREACHES THIS RUN                       |
+========================================================================+
|  None                                                                  |
+========================================================================+
|  Stop-loss look file                  logs/stop_losses_to_look_into.txt|
|  New investigations added                                             0|
+========================================================================+
