14:25:43  INFO      Mode: exits
14:25:44  INFO        Daily log -> logs/daily/2026-07-13.md
14:25:44  INFO        Daily log reconciled -> logs/daily/2026-07-13.md (5 ledger rows)
14:25:44  INFO        place_all_stops: checking 5 positions...
14:25:44  INFO        STOP skipped AME: fractional (0.4145 shares) — software exit will handle it
14:25:44  INFO        STOP skipped DOV: fractional (0.4467 shares) — software exit will handle it
14:25:44  INFO        STOP skipped ETN: fractional (0.2397 shares) — software exit will handle it
14:25:44  INFO        STOP skipped EXR: fractional (0.6671 shares) — software exit will handle it
14:25:44  INFO        STOP already live HST @ $23.13
14:25:44  INFO        [positions] 5/5 (5 valid)
14:25:45  INFO        Daily log -> logs/daily/2026-07-13.md

+========================================================================+
|  RUBBER BAND BOT  v8                                                   |
+------------------------------------------------------------------------+
|  Mode                                                             EXITS|
|  Time                                                         14:25 UTC|
|  Regime                                                            BULL|
|  Universe                                                          both|
|  Equity                                                         $484.34|
+========================================================================+

+========================================================================+
|                               EXIT CHECK                               |
+========================================================================+
|  Exit logic                   stop-0.5% / 3d max  (midline at EOD only)|
+------------------------------------------------------------------------+
|  DOV  P&L -0.1%  $-0.11                                            HOLD|
|  HST  P&L +0.0%  $+0.00                                            HOLD|
|  AME  P&L +0.0%  $+0.02                                            HOLD|
|  ETN  P&L +0.1%  $+0.14                                            HOLD|
|  EXR  P&L +0.4%  $+0.40                                            HOLD|
+========================================================================+

+========================================================================+
|                            EXIT RUN SUMMARY                            |
+========================================================================+
|  Mode                                                             exits|
|  Candidates                                                           5|
|  Deferred/Skipped                                      already logged 0|
|  Data skips                                             no price data 0|
|  Se~  0 attempted  |  0 filled  |  0 partial  |  0 pending  |  0 failed|
|  Holds                                                                5|
|  Logged exits                                                         0|
+========================================================================+

+========================================================================+
|                      STOP-LOSS BREACHES THIS RUN                       |
+========================================================================+
|  None                                                                  |
+========================================================================+
|  Stop-loss look file                  logs/stop_losses_to_look_into.txt|
|  New investigations added                                             0|
+========================================================================+
