13:31:29  INFO      Mode: morning_prep
13:31:30  INFO      Fetching tickers (universe=both)...
13:31:30  INFO        S&P 500: 503
13:31:30  INFO        MidCap 400: 400
13:31:30  INFO        Total: 903 tickers
13:31:31  INFO        [prep_universe] 40/903 (40 valid)
13:31:33  INFO        [prep_universe] 80/903 (80 valid)
13:31:34  INFO        [prep_universe] 120/903 (120 valid)
13:31:35  INFO        [prep_universe] 160/903 (160 valid)
13:31:37  INFO        [prep_universe] 200/903 (199 valid)
13:31:45  INFO        [prep_universe] 240/903 (238 valid)
13:31:55  INFO        [prep_universe] 280/903 (278 valid)
13:32:08  INFO        [prep_universe] 320/903 (318 valid)
13:32:21  INFO        [prep_universe] 360/903 (358 valid)
13:32:32  INFO        [prep_universe] 400/903 (398 valid)
13:32:45  INFO        [prep_universe] 440/903 (438 valid)
13:32:55  INFO        [prep_universe] 480/903 (478 valid)
13:33:08  INFO        [prep_universe] 520/903 (518 valid)
13:33:19  INFO        [prep_universe] 560/903 (558 valid)
13:33:32  INFO        [prep_universe] 600/903 (598 valid)
13:33:45  INFO        [prep_universe] 640/903 (638 valid)
13:33:55  INFO        [prep_universe] 680/903 (678 valid)
13:34:08  INFO        [prep_universe] 720/903 (718 valid)
13:34:19  INFO        [prep_universe] 760/903 (758 valid)
13:34:32  INFO        [prep_universe] 800/903 (798 valid)
13:34:45  INFO        [prep_universe] 840/903 (838 valid)
13:34:55  INFO        [prep_universe] 880/903 (878 valid)
13:35:02  INFO        [prep_universe] 903/903 (901 valid)

+========================================================================+
|  RUBBER BAND BOT  v8                                                   |
+------------------------------------------------------------------------+
|  Mode                                                      MORNING_PREP|
|  Time                                                         13:31 UTC|
|  Regime                                                            BULL|
|  Universe                                                          both|
|  Equity                                                         $222.98|
+========================================================================+

+========================================================================+
|                              MORNING PREP                              |
+========================================================================+
|  Goal                   Precompute exits/signals for next execution run|
|  Plan file                                 logs/plans/morning_plan.json|
|  Regime                                                            BULL|
+========================================================================+

+========================================================================+
|                       OPEN POSITION P&L SNAPSHOT                       |
+========================================================================+
|  Open positions                                                       0|
|  Invested                                                         $0.00|
|  Open P&L                                                        $+0.00|
|                                                                        |
|  No open positions.                                                    |
|                                                                        |
+========================================================================+

+========================================================================+
|                            OPEN SELL ORDERS                            |
+========================================================================+
|  Count                                                                0|
|                                                                        |
|  No open sell orders.                                                  |
|                                                                        |
+========================================================================+

+========================================================================+
|                              PREP SUMMARY                              |
+========================================================================+
|  Saved                                                              yes|
|  Exit candidates                                                      0|
|  Signal candidates                                                   33|
|  Universe scanned                                                   903|
+========================================================================+
