18:50:43  INFO      Mode: exits
18:50:44  INFO        Daily log -> logs/daily/2026-07-20.md
18:50:44  INFO        Daily log reconciled -> logs/daily/2026-07-20.md (7 ledger rows)
18:50:44  INFO        place_all_stops: checking 1 positions...
18:50:44  INFO        STOP skipped COP: fractional (0.7700 shares) — software exit will handle it
18:50:45  INFO        [positions] 1/1 (1 valid)
18:50:45  INFO        Daily log -> logs/daily/2026-07-20.md

+========================================================================+
|  RUBBER BAND BOT  v8                                                   |
+------------------------------------------------------------------------+
|  Mode                                                             EXITS|
|  Time                                                         18:50 UTC|
|  Regime                                                            BULL|
|  Universe                                                          both|
|  Equity                                                         $482.05|
+========================================================================+

+========================================================================+
|                               EXIT CHECK                               |
+========================================================================+
|  Exit logic                   stop-0.5% / 3d max  (midline at EOD only)|
+------------------------------------------------------------------------+
|  COP  P&L +1.3%  $+1.11                                            HOLD|
+========================================================================+

+========================================================================+
|                            EXIT RUN SUMMARY                            |
+========================================================================+
|  Mode                                                             exits|
|  Candidates                                                           1|
|  Deferred/Skipped                                      already logged 0|
|  Data skips                                             no price data 0|
|  Se~  0 attempted  |  0 filled  |  0 partial  |  0 pending  |  0 failed|
|  Holds                                                                1|
|  Logged exits                                                         0|
+========================================================================+

+========================================================================+
|                      STOP-LOSS BREACHES THIS RUN                       |
+========================================================================+
|  None                                                                  |
+========================================================================+
|  Stop-loss look file                  logs/stop_losses_to_look_into.txt|
|  New investigations added                                             0|
+========================================================================+
