13:36:54  INFO      Mode: morning_prep
13:36:55  INFO        [prep_positions] 2/2 (2 valid)
13:36:55  INFO      Fetching tickers (universe=both)...
13:36:55  INFO        S&P 500: 503
13:36:55  INFO        MidCap 400: 400
13:36:55  INFO        Total: 903 tickers
13:36:57  INFO        [prep_universe] 40/901 (40 valid)
13:36:58  INFO        [prep_universe] 80/901 (80 valid)
13:36:59  INFO        [prep_universe] 120/901 (120 valid)
13:37:00  INFO        [prep_universe] 160/901 (160 valid)
13:37:02  INFO        [prep_universe] 200/901 (199 valid)
13:37:09  INFO        [prep_universe] 240/901 (238 valid)
13:37:22  INFO        [prep_universe] 280/901 (278 valid)
13:37:33  INFO        [prep_universe] 320/901 (318 valid)
13:37:46  INFO        [prep_universe] 360/901 (358 valid)
13:37:56  INFO        [prep_universe] 400/901 (398 valid)
13:38:10  INFO        [prep_universe] 440/901 (438 valid)
13:38:23  INFO        [prep_universe] 480/901 (478 valid)
13:38:33  INFO        [prep_universe] 520/901 (518 valid)
13:38:46  INFO        [prep_universe] 560/901 (558 valid)
13:38:57  INFO        [prep_universe] 600/901 (598 valid)
13:39:10  INFO        [prep_universe] 640/901 (638 valid)
13:39:20  INFO        [prep_universe] 680/901 (678 valid)
13:39:33  INFO        [prep_universe] 720/901 (718 valid)
13:39:47  INFO        [prep_universe] 760/901 (758 valid)
13:39:57  INFO        [prep_universe] 800/901 (798 valid)
13:40:10  INFO        [prep_universe] 840/901 (838 valid)
13:40:21  INFO        [prep_universe] 880/901 (878 valid)
13:40:27  INFO        [prep_universe] 901/901 (899 valid)

+========================================================================+
|  RUBBER BAND BOT  v8                                                   |
+------------------------------------------------------------------------+
|  Mode                                                      MORNING_PREP|
|  Time                                                         13:36 UTC|
|  Regime                                                            BULL|
|  Universe                                                          both|
|  Equity                                                         $225.28|
+========================================================================+

+========================================================================+
|                              MORNING PREP                              |
+========================================================================+
|  Goal                   Precompute exits/signals for next execution run|
|  Plan file                                 logs/plans/morning_plan.json|
|  Regime                                                            BULL|
+========================================================================+

+========================================================================+
|                       OPEN POSITION P&L SNAPSHOT                       |
+========================================================================+
|  Open positions                                                       2|
|  Invested                                                        $68.19|
|  Open P&L                                                        $+0.17|
|  TICKER   STRATEGY        INVESTED   ENTRY    NOW      P&L%    P&L$    |
+------------------------------------------------------------------------+
|  AAL      MomReversal     $33.95     $12.91   $12.86   -0.4%   $-0.15  |
|  ALLE     Pullback50      $34.24     $153.74  $155.17  +0.9%   $+0.32  |
+========================================================================+

+========================================================================+
|                            OPEN SELL ORDERS                            |
+========================================================================+
|  Count                                                                1|
|  TICKER    TYPE              QTY       LIMIT       STOP                |
+------------------------------------------------------------------------+
|  AAL       OrderType.STOP    2         None        12.7                |
+========================================================================+

+========================================================================+
|                              PREP SUMMARY                              |
+========================================================================+
|  Saved                                                              yes|
|  Exit candidates                                                      0|
|  Signal candidates                                                   27|
|  Universe scanned                                                   901|
+========================================================================+
