13:57:43  INFO      Mode: morning_scan
13:57:43  INFO        [positions] 4/4 (4 valid)
13:57:43  INFO        Universe cache hit: 903 tickers (tickers_2026-07-13.json)
13:57:44  INFO        [universe] 40/899 (40 valid)
13:57:46  INFO        [universe] 80/899 (80 valid)
13:57:47  INFO        [universe] 120/899 (120 valid)
13:57:48  INFO        [universe] 160/899 (160 valid)
13:57:50  INFO        [universe] 200/899 (199 valid)
13:57:57  INFO        [universe] 240/899 (238 valid)
13:58:10  INFO        [universe] 280/899 (278 valid)
13:58:23  INFO        [universe] 320/899 (318 valid)
13:58:33  INFO        [universe] 360/899 (358 valid)
13:58:46  INFO        [universe] 400/899 (397 valid)
13:58:59  INFO        [universe] 440/899 (437 valid)
13:59:09  INFO        [universe] 480/899 (477 valid)
13:59:22  INFO        [universe] 520/899 (517 valid)
13:59:33  INFO        [universe] 560/899 (557 valid)
13:59:46  INFO        [universe] 600/899 (597 valid)
13:59:59  INFO        [universe] 640/899 (637 valid)
14:00:09  INFO        [universe] 680/899 (677 valid)
14:00:22  INFO        [universe] 720/899 (717 valid)
14:00:34  INFO        [universe] 760/899 (757 valid)
14:00:45  INFO        [universe] 800/899 (797 valid)
14:00:58  INFO        [universe] 840/899 (836 valid)
14:01:09  INFO        [universe] 880/899 (876 valid)
14:01:16  INFO        [universe] 899/899 (895 valid)

+========================================================================+
|  RUBBER BAND BOT  v8                                                   |
+------------------------------------------------------------------------+
|  Mode                                                      MORNING_SCAN|
|  Time                                                         13:57 UTC|
|  Regime                                                            BULL|
|  Universe                                                          both|
|  Equity                                                         $484.42|
+========================================================================+

+========================================================================+
|                   RUBBER BAND BOT v8  --  DAILY SCAN                   |
+========================================================================+
|  Mode                                                      *** LIVE ***|
|  Date                                                        2026-07-13|
|  Universe                                                          both|
|  Month                                        Jul: 52wkLow + Pullback50|
|  Regime                                                            BULL|
|  Exit                                      midline / stop-0.5% / 3d max|
+========================================================================+

+========================================================================+
|                                ACCOUNT                                 |
+========================================================================+
|  Equity                                                         $484.42|
|  Cash                                                            $96.56|
|  Reserve                                          $24.22  (always kept)|
|  Available                                     $72.34  (for new trades)|
|  Seasonal trade                   $96.88  (20% -- scheduled strategies)|
|  Off-sched trade                      $96.88  (20% -- other strategies)|
+========================================================================+

+========================================================================+
|                           HOLDINGS  (4 open)                           |
+========================================================================+
|  TICKER   STRATEGY        INVESTED   ENTRY    NOW      P&L%    P&L$    |
+------------------------------------------------------------------------+
|  AME      Pullback50      $97.03     $233.74  $234.09  +0.1%   $+0.14  |
|  DOV      Pullback50      $97.03     $216.89  $217.20  +0.1%   $+0.14  |
|  ETN      Pullback50      $96.67     $403.26  $403.31  +0.0%   $+0.01  |
|  EXR      Pullback50      $97.12     $145.24  $145.59  +0.2%   $+0.23  |
|                                                                        |
|  Total invested                                                 $387.86|
|  Total open P&L                                                  $+0.53|
|  Buys today: 0  |  entry cap: 1  |  max open: 5                        |
+========================================================================+

+========================================================================+
|                               PLAN CACHE                               |
+========================================================================+
|  Mode                                                           morning|
|  File                                      logs/plans/morning_plan.json|
|  Use cached plan                                   no (stale (5772.2m))|
+========================================================================+

+========================================================================+
|          EXIT EVALUATION  (EOD -- midline + stop + max-hold)           |
+========================================================================+
|  ETN  P&L +0.0%  $+0.01                                            HOLD|
|  DOV  P&L +0.1%  $+0.14                                            HOLD|
|  AME  P&L +0.1%  $+0.14                                            HOLD|
|  EXR  P&L +0.2%  $+0.23                                            HOLD|
+========================================================================+

+========================================================================+
|                           EXIT EVAL SUMMARY                            |
+========================================================================+
|  Exit eval    attempted 0 | filled 0 | partial 0 | pending 0 | failed 0|
|  Other skips     already logged today 0  |  no price data 0  |  holds 4|
|  Stop-loss breaches                                                none|
|  Stop-loss look file                  logs/stop_losses_to_look_into.txt|
|  New investigations added                                             0|
+========================================================================+

+========================================================================+
|                             DATA DOWNLOAD                              |
+========================================================================+
|  Universe: both  |  Alpaca primary / yfinance fallback                 |
+========================================================================+

+========================================================================+
|                              SIGNAL SCAN                               |
+========================================================================+
|  Month: Jul  |  Regime: BULL                                           |
|  Primary: 52wkLow  |  Secondary: Pullback50                            |
|  Source                                                       live scan|
+========================================================================+

+========================================================================+
|                         SIGNALS FOUND  --  39                          |
+========================================================================+
|  TICKER   STRATEGY        TIER   PRICE    RSI    VOL_Z   TRIGGER       |
+------------------------------------------------------------------------+
|  CVX      Pullback50      SEAS   $181.06  58.8   -2.09   50MA bounce (-|
|  HST      Pullback50      SEAS   $23.27   27.0   -2.48   50MA bounce (+|
|  HUBB     Pullback50      SEAS   $487.87  34.1   -2.49   50MA bounce (-|
|  KLAC     GapDown         off    $222.77  39.4   -2.32   gap -4.3% reco|
|  MAR      Pullback50      SEAS   $376.29  41.8   -2.72   50MA bounce (+|
|  MDLZ     Pullback50      SEAS   $60.69   53.6   -2.04   50MA bounce (-|
|  NDSN     Pullback50      SEAS   $289.94  45.1   -1.45   50MA bounce (+|
|  NI       Pullback50      SEAS   $47.25   47.6   -2.09   50MA bounce (+|
|  NEE      Pullback50      SEAS   $88.62   60.9   -3.04   50MA bounce (-|
|  NXPI     GapDown         off    $283.49  31.8   -2.14   gap -3.0% reco|
|  PLD      Pullback50      SEAS   $142.19  46.6   -2.45   50MA bounce (-|
|  RMD      GapDown         off    $199.93  58.5   -1.60   gap -5.0% reco|
|  TXT      Pullback50      SEAS   $91.34   64.1   -1.84   50MA bounce (+|
|  TDY      Pullback50      SEAS   $632.61  57.2   -2.31   50MA bounce (+|
|  TER      GapDown         off    $345.46  34.9   -1.34   gap -4.1% reco|
|  WBD      Pullback50      SEAS   $26.93   49.8   -1.75   50MA bounce (+|
|  WAB      Pullback50      SEAS   $263.52  36.6   -2.15   50MA bounce (-|
|  ALV      Pullback50      SEAS   $121.29  55.6   -2.70   50MA bounce (-|
|  AVT      Pullback50      SEAS   $86.40   39.2   -2.17   50MA bounce (+|
|  AVNT     Pullback50      SEAS   $36.31   45.5   -1.87   50MA bounce (+|
|  COKE     Pullback50      SEAS   $181.93  52.7   -1.79   50MA bounce (-|
|  CUBE     Pullback50      SEAS   $40.55   50.4   -3.20   50MA bounce (+|
|  CW       Pullback50      SEAS   $750.51  39.2   -1.23   50MA bounce (+|
|  DKS      Pullback50      SEAS   $223.18  36.0   -2.60   50MA bounce (-|
|  GNTX     Pullback50      SEAS   $24.25   36.9   -2.65   50MA bounce (+|
|  ITT      Pullback50      SEAS   $195.75  47.0   -2.61   50MA bounce (-|14:01:18  ERROR       BUY FAILED CVX: {"code":40010001,"message":"client_order_id must be unique"}
14:01:18  INFO        BUY  HST  $72.34  [Pullback50]  id=45e5d0a2-3f59-44b8-b921-c4491d5f9a21
14:01:32  INFO        place_all_stops: checking 5 positions...
14:01:32  INFO        STOP skipped AME: fractional (0.4145 shares) — software exit will handle it
14:01:32  INFO        STOP skipped DOV: fractional (0.4467 shares) — software exit will handle it
14:01:32  INFO        STOP skipped ETN: fractional (0.2397 shares) — software exit will handle it
14:01:32  INFO        STOP skipped EXR: fractional (0.6671 shares) — software exit will handle it
14:01:32  INFO        STOP-MARKET placed HST  qty=3 (pos=3.1116)  stop=$23.13  id=6e171533-8b45-4537-a75e-703752141d0b
14:01:32  INFO        Daily log -> logs/daily/2026-07-13.md
14:01:32  INFO        Dashboard written → logs/dashboard.md

|  KNF      Pullback50      SEAS   $80.89   38.7   -1.73   50MA bounce (-|
|  LEA      Pullback50      SEAS   $137.21  44.0   -2.25   50MA bounce (-|
|  PEN      Pullback50      SEAS   $318.68  60.7   -1.94   50MA bounce (-|
|  RBC      Pullback50      SEAS   $597.15  30.4   -1.98   50MA bounce (-|
|  SBRA     Pullback50      SEAS   $19.87   73.5   -1.82   50MA bounce (+|
|  SITM     GapDown         off    $608.50  33.2   -0.89   gap -3.5% reco|
|  SMTC     GapDown         off    $132.07  29.5   -0.89   gap -4.4% reco|
|  SSD      Pullback50      SEAS   $190.08  39.5   -2.04   50MA bounce (-|
|  SPXC     Pullback50      SEAS   $219.87  35.5   -0.62   50MA bounce (-|
|  SNX      Pullback50      SEAS   $252.26  31.9   -2.33   50MA bounce (-|
|  TTMI     GapDown         off    $143.06  7.5    -0.84   gap -3.2% reco|
|  WSO      Pullback50      SEAS   $390.84  46.6   -2.65   50MA bounce (-|
|  XPO      Pullback50      SEAS   $209.93  63.6   -1.80   50MA bounce (+|
|                                                                        |
+========================================================================+

+========================================================================+
|                              ENTRY ORDERS                              |
+========================================================================+
|  Signal scaling: 39 signals / 1 slots → sea=$72 off=$72  (max sea=$97 ~|
|    ENTER [S] CVX  Pullback50                                     $72.34|
|    ENTER [S] HST  Pullback50                                     $72.34|
|    BUY SUBMITTED [S~  fill pending — batched confirmation after entries|
|    SKIP [S] HUBB  Pullback50                                      cap 5|
|    SKIP [S] MAR  Pullback50                                       cap 5|
|    SKIP [S] MDLZ  Pullback50                                      cap 5|
|    SKIP [S] NDSN  Pullback50                                      cap 5|
|    SKIP [S] NI  Pullback50                                        cap 5|
|    SKIP [S] NEE  Pullback50                                       cap 5|
|    SKIP [S] PLD  Pullback50                                       cap 5|
|    SKIP [S] TXT  Pullback50                                       cap 5|
|    SKIP [S] TDY  Pullback50                                       cap 5|
|    SKIP [S] WBD  Pullback50                                       cap 5|
|    SKIP [S] WAB  Pullback50                                       cap 5|
|    SKIP [S] ALV  Pullback50                                       cap 5|
|    SKIP [S] AVT  Pullback50                                       cap 5|
|    SKIP [S] AVNT  Pullback50                                      cap 5|
|    SKIP [S] COKE  Pullback50                                      cap 5|
|    SKIP [S] CUBE  Pullback50                                      cap 5|
|    SKIP [S] CW  Pullback50                                        cap 5|
|    SKIP [S] DKS  Pullback50                                       cap 5|
|    SKIP [S] GNTX  Pullback50                                      cap 5|
|    SKIP [S] ITT  Pullback50                                       cap 5|
|    SKIP [S] KNF  Pullback50                                       cap 5|
|    SKIP [S] LEA  Pullback50                                       cap 5|
|    SKIP [S] PEN  Pullback50                                       cap 5|
|    SKIP [S] RBC  Pullback50                                       cap 5|
|    SKIP [S] SBRA  Pullback50                                      cap 5|
|    SKIP [S] SSD  Pullback50                                       cap 5|
|    SKIP [S] SPXC  Pullback50                                      cap 5|
|    SKIP [S] SNX  Pullback50                                       cap 5|
|    SKIP [S] WSO  Pullback50                                       cap 5|
|    SKIP [S] XPO  Pullback50                                       cap 5|
|    SKIP [o] KLAC  GapDown                                         cap 5|
|    SKIP [o] NXPI  GapDown                                         cap 5|
|    SKIP [o] RMD  GapDown                                          cap 5|
|    SKIP [o] TER  GapDown                                          cap 5|
|    SKIP [o] SITM  GapDown                                         cap 5|
|    SKIP [o] SMTC  GapDown                                         cap 5|
|    SKIP [o] TTMI  GapDown                                         cap 5|

+========================================================================+
|                         BUY FILL CONFIRMATION                          |
+========================================================================+
|  Pending submits                                                      1|
+------------------------------------------------------------------------+
|  HST                                                  still unconfirmed|
+========================================================================+
+========================================================================+

+========================================================================+
|                           GTC STOP PLACEMENT                           |
+========================================================================+
|  Waiting 5s for 1 buy submit(s) to settle...                           |
+========================================================================+

+========================================================================+
|                            SESSION SUMMARY                             |
+========================================================================+
|  Regime                                                            BULL|
|  Universe                                                          both|
|  Strategy                                          52wkLow + Pullback50|
|  Scanned                                                            895|
|  Signals                                                             39|
|  Entries                                                              0|
|  Buy submits                              0 confirmed  |  1 unconfirmed|
|  Exits                                                                0|
|  Open pos                                                             5|
|  Equity                                                         $484.25|
|  Cash                                                            $24.23|
+========================================================================+
