15:20:34  INFO      Mode: exits
15:20:36  INFO        Daily log -> logs/daily/2026-07-16.md
15:20:36  INFO        Daily log reconciled -> logs/daily/2026-07-16.md (5 ledger rows)
15:20:36  INFO        place_all_stops: checking 2 positions...
15:20:36  INFO        STOP skipped AME: fractional (0.3685 shares) — software exit will handle it
15:20:36  INFO        STOP already live CARR @ $67.55
15:20:36  INFO        [positions] 2/2 (2 valid)
15:20:36  INFO        Daily log -> logs/daily/2026-07-16.md

+========================================================================+
|  RUBBER BAND BOT  v8                                                   |
+------------------------------------------------------------------------+
|  Mode                                                             EXITS|
|  Time                                                         15:20 UTC|
|  Regime                                                            BULL|
|  Universe                                                          both|
|  Equity                                                         $482.83|
+========================================================================+

+========================================================================+
|                               EXIT CHECK                               |
+========================================================================+
|  Exit logic                   stop-0.5% / 3d max  (midline at EOD only)|
+------------------------------------------------------------------------+
|  AME  P&L +0.8%  $+0.72                                            HOLD|
|  CARR  P&L +1.0%  $+0.90                                           HOLD|
+========================================================================+

+========================================================================+
|                            EXIT RUN SUMMARY                            |
+========================================================================+
|  Mode                                                             exits|
|  Candidates                                                           2|
|  Deferred/Skipped                                      already logged 0|
|  Data skips                                             no price data 0|
|  Se~  0 attempted  |  0 filled  |  0 partial  |  0 pending  |  0 failed|
|  Holds                                                                2|
|  Logged exits                                                         0|
+========================================================================+

+========================================================================+
|                      STOP-LOSS BREACHES THIS RUN                       |
+========================================================================+
|  None                                                                  |
+========================================================================+
|  Stop-loss look file                  logs/stop_losses_to_look_into.txt|
|  New investigations added                                             0|
+========================================================================+
