=== options_live_micro LIVE 2026-08-21T12:55:52.504962-04:00 share=25% ===
2026-08-21 12:55:52,505 INFO === options_live_micro LIVE 2026-08-21T12:55:52.504962-04:00 share=25% ===
Live account equity $317.17 cash $201.38 #225458845 options_level=3
2026-08-21 12:55:52,583 INFO Live account equity $317.17 cash $201.38 #225458845 options_level=3
Live micro cancel-scan WMT260821C00110000: symbol-scoped n=1
2026-08-21 12:55:52,608 INFO Live micro cancel-scan WMT260821C00110000: symbol-scoped n=1
Live micro cancel stale sell WMT260821C00110000 id=4582846c-9325-4dfb-bf97-1cf6fca60fc6 cid=OLX|dea837c1e092 broker_sym='WMT260821C00110000'
2026-08-21 12:55:52,619 INFO Live micro cancel stale sell WMT260821C00110000 id=4582846c-9325-4dfb-bf97-1cf6fca60fc6 cid=OLX|dea837c1e092 broker_sym='WMT260821C00110000'
Live micro orphan_adopt WMT260821C00110000 x1 entry=0.09
2026-08-21 12:55:52,620 INFO Live micro orphan_adopt WMT260821C00110000 x1 entry=0.09
Live micro hold ORPHAN COST260828C01000000 -28.6% (tp +50% / sl -40%)
2026-08-21 12:55:52,632 INFO Live micro hold ORPHAN COST260828C01000000 -28.6% (tp +50% / sl -40%)
Live micro cancel-scan WMT260821C00110000: symbol-scoped n=1
2026-08-21 12:55:52,657 INFO Live micro cancel-scan WMT260821C00110000: symbol-scoped n=1
Live micro cancel stale sell WMT260821C00110000 id=4582846c-9325-4dfb-bf97-1cf6fca60fc6 cid=OLX|dea837c1e092 broker_sym='WMT260821C00110000'
2026-08-21 12:55:52,668 INFO Live micro cancel stale sell WMT260821C00110000 id=4582846c-9325-4dfb-bf97-1cf6fca60fc6 cid=OLX|dea837c1e092 broker_sym='WMT260821C00110000'
LIVE EXIT stop_loss (-100.0%) WMT260821C00110000 x1 limit=0.01 id=e9982362-2b87-4035-b704-9857af1a5bc5
2026-08-21 12:55:52,894 INFO LIVE EXIT stop_loss (-100.0%) WMT260821C00110000 x1 limit=0.01 id=e9982362-2b87-4035-b704-9857af1a5bc5
Live micro cancel-scan COST260828C01000000: symbol-scoped n=1
2026-08-21 12:55:52,906 INFO Live micro cancel-scan COST260828C01000000: symbol-scoped n=1
Live micro cancel-scan COST260828C01000000: no non-OLS sell to cancel
2026-08-21 12:55:52,906 INFO Live micro cancel-scan COST260828C01000000: no non-OLS sell to cancel
LIVE PROT check COST260828C01000000: have_ols=True open_matched=1 ols_id=ab9b8a23-2f03-4a3a-b25a-799118f49712 ols_type=stop
2026-08-21 12:55:52,931 INFO LIVE PROT check COST260828C01000000: have_ols=True open_matched=1 ols_id=ab9b8a23-2f03-4a3a-b25a-799118f49712 ols_type=stop
Live micro: manage/exits only
2026-08-21 12:55:52,931 INFO Live micro: manage/exits only
Live micro done. open_options=2 lots=1
2026-08-21 12:55:52,944 INFO Live micro done. open_options=2 lots=1
