options_reconcile: state=/home/runner/work/TradingBot/TradingBot/logs/options_trial/_state/lab_state.json
  open_lots=0 pending_exits=0 paper_keys=yes dry_run=False
  alpaca open sell orders=0 positions=2
  zombies_flagged=0
options_reconcile: done
Layout: controlled:140:c000_s173_w1_0928_1005_r1 (layout changed controlled:100:c000_s173_w1_0928_1005_r1 -> controlled:140:c000_s173_w1_0928_1005_r1)
Trial layout: /home/runner/work/TradingBot/TradingBot/logs/options_trial
Docs:         skipped (local docs unavailable on this runner)
Buckets:      140
=== options_morning_bot (PAPER) 2026-07-23T11:26:02.494604-04:00 ===

[Run context]
Paper auth OK — equity $132915.89, account PA36KS87UPRS

[Setup]
Active buckets: 140 | Strategies: S165, S164, S168, S167, S166, S163
Dropped (no new entries; ex-reflected P&L): S173, S174

[Scan + entries]
Scanning 903 symbols for [S165, S164, S168, S167, S166, S163] …
Fetched daily bars for 903/903 symbols
Found 430 signal(s); top: ['S165:GOOGL', 'S165:GOOG', 'S165:AMZN', 'S165:ADI', 'S165:BKNG', 'S165:BLDR', 'S165:CCL', 'S165:CNC']
Paper lab: $132725 broker equity -> 140 bucket(s) ($500 virtual each, unlimited paper)
  [b11 GOOGL] ENTRY failed: {"code":40310000,"cost_basis":"44.01","message":"insufficient options buying power","options_buying_power":"0"}
  [b39 GOOGL] ENTRY failed: {"code":40310000,"cost_basis":"44.01","message":"insufficient options buying power","options_buying_power":"0"}
  [b67 GOOGL] ENTRY failed: {"code":40310000,"cost_basis":"44.01","message":"insufficient options buying power","options_buying_power":"0"}
  [b95 GOOGL] ENTRY failed: {"code":40310000,"cost_basis":"44.01","message":"insufficient options buying power","options_buying_power":"0"}
  [b123 GOOGL] ENTRY failed: {"code":40310000,"cost_basis":"44.01","message":"insufficient options buying power","options_buying_power":"0"}
  [b11 GOOG] ENTRY failed: {"code":40310000,"cost_basis":"45.01","message":"insufficient options buying power","options_buying_power":"0"}
  [b39 GOOG] ENTRY failed: {"code":40310000,"cost_basis":"45.01","message":"insufficient options buying power","options_buying_power":"0"}
  [b67 GOOG] ENTRY failed: {"code":40310000,"cost_basis":"45.01","message":"insufficient options buying power","options_buying_power":"0"}
  [b95 GOOG] ENTRY failed: {"code":40310000,"cost_basis":"45.01","message":"insufficient options buying power","options_buying_power":"0"}
  [b123 GOOG] ENTRY failed: {"code":40310000,"cost_basis":"45.01","message":"insufficient options buying power","options_buying_power":"0"}
  [b11 AMZN] ENTRY failed: {"code":40310000,"cost_basis":"64.01","message":"insufficient options buying power","options_buying_power":"0"}
  [b39 AMZN] ENTRY failed: {"code":40310000,"cost_basis":"64.01","message":"insufficient options buying power","options_buying_power":"0"}
  [b67 AMZN] ENTRY failed: {"code":40310000,"cost_basis":"64.01","message":"insufficient options buying power","options_buying_power":"0"}
  [b95 AMZN] ENTRY failed: {"code":40310000,"cost_basis":"64.01","message":"insufficient options buying power","options_buying_power":"0"}
  [b123 AMZN] ENTRY failed: {"code":40310000,"cost_basis":"64.01","message":"insufficient options buying power","options_buying_power":"0"}
  [b11 CCL] ENTRY failed: {"code":40310000,"cost_basis":"44.01","message":"insufficient options buying power","options_buying_power":"0"}
  [b39 CCL] ENTRY failed: {"code":40310000,"cost_basis":"44.01","message":"insufficient options buying power","options_buying_power":"0"}
  [b67 CCL] ENTRY failed: {"code":40310000,"cost_basis":"44.01","message":"insufficient options buying power","options_buying_power":"0"}
  [b95 CCL] ENTRY failed: {"code":40310000,"cost_basis":"44.01","message":"insufficient options buying power","options_buying_power":"0"}
  [b123 CCL] ENTRY failed: {"code":40310000,"cost_basis":"44.01","message":"insufficient options buying power","options_buying_power":"0"}
  [b11 META] ENTRY failed: {"code":40310000,"cost_basis":"72.01","message":"insufficient options buying power","options_buying_power":"0"}
  [b39 META] ENTRY failed: {"code":40310000,"cost_basis":"72.01","message":"insufficient options buying power","options_buying_power":"0"}
  [b67 META] ENTRY failed: {"code":40310000,"cost_basis":"72.01","message":"insufficient options buying power","options_buying_power":"0"}
  [b95 META] ENTRY failed: {"code":40310000,"cost_basis":"72.01","message":"insufficient options buying power","options_buying_power":"0"}
  [b123 META] ENTRY failed: {"code":40310000,"cost_basis":"72.01","message":"insufficient options buying power","options_buying_power":"0"}
  [b11 NEM] ENTRY failed: {"code":40310000,"cost_basis":"37.01","message":"insufficient options buying power","options_buying_power":"0"}
  [b39 NEM] ENTRY failed: {"code":40310000,"cost_basis":"37.01","message":"insufficient options buying power","options_buying_power":"0"}
  [b67 NEM] ENTRY failed: {"code":40310000,"cost_basis":"37.01","message":"insufficient options buying power","options_buying_power":"0"}
  [b95 NEM] ENTRY failed: {"code":40310000,"cost_basis":"37.01","message":"insufficient options buying power","options_buying_power":"0"}
  [b123 NEM] ENTRY failed: {"code":40310000,"cost_basis":"37.01","message":"insufficient options buying power","options_buying_power":"0"}
  [b11 PG] ENTRY failed: {"code":40310000,"cost_basis":"6.01","message":"insufficient options buying power","options_buying_power":"0"}
  [b39 PG] ENTRY failed: {"code":40310000,"cost_basis":"6.01","message":"insufficient options buying power","options_buying_power":"0"}
  [b67 PG] ENTRY failed: {"code":40310000,"cost_basis":"6.01","message":"insufficient options buying power","options_buying_power":"0"}
  [b95 PG] ENTRY failed: {"code":40310000,"cost_basis":"6.01","message":"insufficient options buying power","options_buying_power":"0"}
  [b123 PG] ENTRY failed: {"code":40310000,"cost_basis":"6.01","message":"insufficient options buying power","options_buying_power":"0"}
  [b11 QCOM] ENTRY failed: {"code":40310000,"cost_basis":"51.01","message":"insufficient options buying power","options_buying_power":"0"}
  [b39 QCOM] ENTRY failed: {"code":40310000,"cost_basis":"51.01","message":"insufficient options buying power","options_buying_power":"0"}
  [b67 QCOM] ENTRY failed: {"code":40310000,"cost_basis":"51.01","message":"insufficient options buying power","options_buying_power":"0"}
  [b95 QCOM] ENTRY failed: {"code":40310000,"cost_basis":"51.01","message":"insufficient options buying power","options_buying_power":"0"}
  [b123 QCOM] ENTRY failed: {"code":40310000,"cost_basis":"51.01","message":"insufficient options buying power","options_buying_power":"0"}
  [b11 HOOD] ENTRY failed: {"code":40310000,"cost_basis":"50.01","message":"insufficient options buying power","options_buying_power":"0"}
  [b39 HOOD] ENTRY failed: {"code":40310000,"cost_basis":"50.01","message":"insufficient options buying power","options_buying_power":"0"}
  [b67 HOOD] ENTRY failed: {"code":40310000,"cost_basis":"50.01","message":"insufficient options buying power","options_buying_power":"0"}
  [b95 HOOD] ENTRY failed: {"code":40310000,"cost_basis":"50.01","message":"insufficient options buying power","options_buying_power":"0"}
  [b123 HOOD] ENTRY failed: {"code":40310000,"cost_basis":"50.01","message":"insufficient options buying power","options_buying_power":"0"}
  [b11 TSLA] ENTRY failed: {"code":40310000,"cost_basis":"49.01","message":"insufficient options buying power","options_buying_power":"0"}
  [b39 TSLA] ENTRY failed: {"code":40310000,"cost_basis":"49.01","message":"insufficient options buying power","options_buying_power":"0"}
  [b67 TSLA] ENTRY failed: {"code":40310000,"cost_basis":"49.01","message":"insufficient options buying power","options_buying_power":"0"}
  [b95 TSLA] ENTRY failed: {"code":40310000,"cost_basis":"49.01","message":"insufficient options buying power","options_buying_power":"0"}
  [b123 TSLA] ENTRY failed: {"code":40310000,"cost_basis":"49.01","message":"insufficient options buying power","options_buying_power":"0"}
  [b11 AAL] ENTRY failed: {"code":40310000,"cost_basis":"10.01","message":"insufficient options buying power","options_buying_power":"0"}
  [b39 AAL] ENTRY failed: {"code":40310000,"cost_basis":"10.01","message":"insufficient options buying power","options_buying_power":"0"}
  [b67 AAL] ENTRY failed: {"code":40310000,"cost_basis":"10.01","message":"insufficient options buying power","options_buying_power":"0"}
  [b95 AAL] ENTRY failed: {"code":40310000,"cost_basis":"10.01","message":"insufficient options buying power","options_buying_power":"0"}
  [b123 AAL] ENTRY failed: {"code":40310000,"cost_basis":"10.01","message":"insufficient options buying power","options_buying_power":"0"}
  [b11 CDE] ENTRY failed: {"code":40310000,"cost_basis":"7.01","message":"insufficient options buying power","options_buying_power":"0"}
  [b39 CDE] ENTRY failed: {"code":40310000,"cost_basis":"7.01","message":"insufficient options buying power","options_buying_power":"0"}
  [b67 CDE] ENTRY failed: {"code":40310000,"cost_basis":"7.01","message":"insufficient options buying power","options_buying_power":"0"}
  [b95 CDE] ENTRY failed: {"code":40310000,"cost_basis":"7.01","message":"insufficient options buying power","options_buying_power":"0"}
  [b123 CDE] ENTRY failed: {"code":40310000,"cost_basis":"7.01","message":"insufficient options buying power","options_buying_power":"0"}
  [b11 CHWY] ENTRY failed: {"code":40310000,"cost_basis":"5.01","message":"insufficient options buying power","options_buying_power":"0"}
  [b39 CHWY] ENTRY failed: {"code":40310000,"cost_basis":"5.01","message":"insufficient options buying power","options_buying_power":"0"}
  [b67 CHWY] ENTRY failed: {"code":40310000,"cost_basis":"5.01","message":"insufficient options buying power","options_buying_power":"0"}
  [b95 CHWY] ENTRY failed: {"code":40310000,"cost_basis":"5.01","message":"insufficient options buying power","options_buying_power":"0"}
  [b123 CHWY] ENTRY failed: {"code":40310000,"cost_basis":"5.01","message":"insufficient options buying power","options_buying_power":"0"}
  [b11 HL] ENTRY failed: {"code":40310000,"cost_basis":"27.01","message":"insufficient options buying power","options_buying_power":"0"}
  [b39 HL] ENTRY failed: {"code":40310000,"cost_basis":"27.01","message":"insufficient options buying power","options_buying_power":"0"}
  [b67 HL] ENTRY failed: {"code":40310000,"cost_basis":"27.01","message":"insufficient options buying power","options_buying_power":"0"}
  [b95 HL] ENTRY failed: {"code":40310000,"cost_basis":"27.01","message":"insufficient options buying power","options_buying_power":"0"}
  [b123 HL] ENTRY failed: {"code":40310000,"cost_basis":"27.01","message":"insufficient options buying power","options_buying_power":"0"}
  [b23 GOOGL] ENTRY failed: {"code":40310000,"cost_basis":"46.01","message":"insufficient options buying power","options_buying_power":"0"}
  [b51 GOOGL] ENTRY failed: {"code":40310000,"cost_basis":"46.01","message":"insufficient options buying power","options_buying_power":"0"}
  [b79 GOOGL] ENTRY failed: {"code":40310000,"cost_basis":"46.01","message":"insufficient options buying power","options_buying_power":"0"}
  [b107 GOOGL] ENTRY failed: {"code":40310000,"cost_basis":"46.01","message":"insufficient options buying power","options_buying_power":"0"}
  [b135 GOOGL] ENTRY failed: {"code":40310000,"cost_basis":"46.01","message":"insufficient options buying power","options_buying_power":"0"}
  [b23 GOOG] ENTRY failed: {"code":40310000,"cost_basis":"47.01","message":"insufficient options buying power","options_buying_power":"0"}
  [b51 GOOG] ENTRY failed: {"code":40310000,"cost_basis":"47.01","message":"insufficient options buying power","options_buying_power":"0"}
  [b79 GOOG] ENTRY failed: {"code":40310000,"cost_basis":"47.01","message":"insufficient options buying power","options_buying_power":"0"}
  [b107 GOOG] ENTRY failed: {"code":40310000,"cost_basis":"47.01","message":"insufficient options buying power","options_buying_power":"0"}
  [b135 GOOG] ENTRY failed: {"code":40310000,"cost_basis":"47.01","message":"insufficient options buying power","options_buying_power":"0"}
  [b23 AMZN] ENTRY failed: {"code":40310000,"cost_basis":"59.01","message":"insufficient options buying power","options_buying_power":"0"}
  [b51 AMZN] ENTRY failed: {"code":40310000,"cost_basis":"59.01","message":"insufficient options buying power","options_buying_power":"0"}
  [b79 AMZN] ENTRY failed: {"code":40310000,"cost_basis":"59.01","message":"insufficient options buying power","options_buying_power":"0"}
  [b107 AMZN] ENTRY failed: {"code":40310000,"cost_basis":"59.01","message":"insufficient options buying power","options_buying_power":"0"}
  [b135 AMZN] ENTRY failed: {"code":40310000,"cost_basis":"59.01","message":"insufficient options buying power","options_buying_power":"0"}
  [b23 CCL] ENTRY failed: {"code":40310000,"cost_basis":"48.01","message":"insufficient options buying power","options_buying_power":"0"}
  [b51 CCL] ENTRY failed: {"code":40310000,"cost_basis":"48.01","message":"insufficient options buying power","options_buying_power":"0"}
  [b79 CCL] ENTRY failed: {"code":40310000,"cost_basis":"48.01","message":"insufficient options buying power","options_buying_power":"0"}
  [b107 CCL] ENTRY failed: {"code":40310000,"cost_basis":"48.01","message":"insufficient options buying power","options_buying_power":"0"}
  [b135 CCL] ENTRY failed: {"code":40310000,"cost_basis":"48.01","message":"insufficient options buying power","options_buying_power":"0"}
  [b23 META] ENTRY failed: {"code":40310000,"cost_basis":"54.01","message":"insufficient options buying power","options_buying_power":"0"}
  [b51 META] ENTRY failed: {"code":40310000,"cost_basis":"54.01","message":"insufficient options buying power","options_buying_power":"0"}
  [b79 META] ENTRY failed: {"code":40310000,"cost_basis":"54.01","message":"insufficient options buying power","options_buying_power":"0"}
  [b107 META] ENTRY failed: {"code":40310000,"cost_basis":"54.01","message":"insufficient options buying power","options_buying_power":"0"}
  [b135 META] ENTRY failed: {"code":40310000,"cost_basis":"54.01","message":"insufficient options buying power","options_buying_power":"0"}
  [b23 NEM] ENTRY failed: {"code":40310000,"cost_basis":"37.01","message":"insufficient options buying power","options_buying_power":"0"}
  [b51 NEM] ENTRY failed: {"code":40310000,"cost_basis":"37.01","message":"insufficient options buying power","options_buying_power":"0"}
  [b79 NEM] ENTRY failed: {"code":40310000,"cost_basis":"37.01","message":"insufficient options buying power","options_buying_power":"0"}
  [b107 NEM] ENTRY failed: {"code":40310000,"cost_basis":"37.01","message":"insufficient options buying power","options_buying_power":"0"}
  [b135 NEM] ENTRY failed: {"code":40310000,"cost_basis":"37.01","message":"insufficient options buying power","options_buying_power":"0"}
  [b23 PG] ENTRY failed: {"code":40310000,"cost_basis":"10.01","message":"insufficient options buying power","options_buying_power":"0"}
  [b51 PG] ENTRY failed: {"code":40310000,"cost_basis":"10.01","message":"insufficient options buying power","options_buying_power":"0"}
  [b79 PG] ENTRY failed: {"code":40310000,"cost_basis":"10.01","message":"insufficient options buying power","options_buying_power":"0"}
  [b107 PG] ENTRY failed: {"code":40310000,"cost_basis":"10.01","message":"insufficient options buying power","options_buying_power":"0"}
  [b135 PG] ENTRY failed: {"code":40310000,"cost_basis":"10.01","message":"insufficient options buying power","options_buying_power":"0"}
  [b23 QCOM] ENTRY failed: {"code":40310000,"cost_basis":"51.01","message":"insufficient options buying power","options_buying_power":"0"}
  [b51 QCOM] ENTRY failed: {"code":40310000,"cost_basis":"51.01","message":"insufficient options buying power","options_buying_power":"0"}
  [b79 QCOM] ENTRY failed: {"code":40310000,"cost_basis":"51.01","message":"insufficient options buying power","options_buying_power":"0"}
  [b107 QCOM] ENTRY failed: {"code":40310000,"cost_basis":"51.01","message":"insufficient options buying power","options_buying_power":"0"}
  [b135 QCOM] ENTRY failed: {"code":40310000,"cost_basis":"51.01","message":"insufficient options buying power","options_buying_power":"0"}
  [b23 HOOD] ENTRY failed: {"code":40310000,"cost_basis":"72.01","message":"insufficient options buying power","options_buying_power":"0"}
  [b51 HOOD] ENTRY failed: {"code":40310000,"cost_basis":"72.01","message":"insufficient options buying power","options_buying_power":"0"}
  [b79 HOOD] ENTRY failed: {"code":40310000,"cost_basis":"72.01","message":"insufficient options buying power","options_buying_power":"0"}
  [b107 HOOD] ENTRY failed: {"code":40310000,"cost_basis":"72.01","message":"insufficient options buying power","options_buying_power":"0"}
  [b135 HOOD] ENTRY failed: {"code":40310000,"cost_basis":"72.01","message":"insufficient options buying power","options_buying_power":"0"}
  [b23 TSLA] ENTRY failed: {"code":40310000,"cost_basis":"53.01","message":"insufficient options buying power","options_buying_power":"0"}
  [b51 TSLA] ENTRY failed: {"code":40310000,"cost_basis":"53.01","message":"insufficient options buying power","options_buying_power":"0"}
  [b79 TSLA] ENTRY failed: {"code":40310000,"cost_basis":"53.01","message":"insufficient options buying power","options_buying_power":"0"}
  [b107 TSLA] ENTRY failed: {"code":40310000,"cost_basis":"53.01","message":"insufficient options buying power","options_buying_power":"0"}
  [b135 TSLA] ENTRY failed: {"code":40310000,"cost_basis":"53.01","message":"insufficient options buying power","options_buying_power":"0"}
  [b23 AAL] ENTRY failed: {"code":40310000,"cost_basis":"8.01","message":"insufficient options buying power","options_buying_power":"0"}
  [b51 AAL] ENTRY failed: {"code":40310000,"cost_basis":"8.01","message":"insufficient options buying power","options_buying_power":"0"}
  [b79 AAL] ENTRY failed: {"code":40310000,"cost_basis":"8.01","message":"insufficient options buying power","options_buying_power":"0"}
  [b107 AAL] ENTRY failed: {"code":40310000,"cost_basis":"8.01","message":"insufficient options buying power","options_buying_power":"0"}
  [b135 AAL] ENTRY failed: {"code":40310000,"cost_basis":"8.01","message":"insufficient options buying power","options_buying_power":"0"}
  [b23 HIMS] ENTRY failed: {"code":40310000,"cost_basis":"74.01","message":"insufficient options buying power","options_buying_power":"0"}
  [b51 HIMS] ENTRY failed: {"code":40310000,"cost_basis":"74.01","message":"insufficient options buying power","options_buying_power":"0"}
  [b79 HIMS] ENTRY failed: {"code":40310000,"cost_basis":"74.01","message":"insufficient options buying power","options_buying_power":"0"}
  [b107 HIMS] ENTRY failed: {"code":40310000,"cost_basis":"74.01","message":"insufficient options buying power","options_buying_power":"0"}
  [b135 HIMS] ENTRY failed: {"code":40310000,"cost_basis":"74.01","message":"insufficient options buying power","options_buying_power":"0"}
