13:56:56  INFO      Mode: morning_scan
13:56:56  INFO        [positions] 3/3 (3 valid)
13:56:56  INFO        SELL LIMIT AXP  qty=0.134956824  limit=$342.17  id=a415152d-9aac-45dc-b85a-34311e9e7c6a
13:57:27  INFO        SELL LIMIT filled AXP (confirmed by position check)
13:57:27  INFO        TX logged: SELL AXP  P&L -0.07%
13:57:27  INFO        SELL LIMIT AES  qty=3.130984227  limit=$14.76  id=7788959c-93d5-4f52-b17a-9ef93d367fda
13:57:57  INFO        SELL LIMIT filled AES (confirmed by position check)
13:57:57  INFO        TX logged: SELL AES  P&L -0.04%
13:57:57  INFO        Universe cache hit: 903 tickers (tickers_2026-08-24.json)
13:57:58  INFO        [universe] 40/902 (40 valid)
13:57:59  INFO        [universe] 80/902 (80 valid)
13:58:00  INFO        [universe] 120/902 (120 valid)
13:58:01  INFO        [universe] 160/902 (160 valid)
13:58:03  INFO        [universe] 200/902 (199 valid)
13:58:10  INFO        [universe] 240/902 (238 valid)
13:58:23  INFO        [universe] 280/902 (278 valid)
13:58:33  INFO        [universe] 320/902 (318 valid)
13:58:46  INFO        [universe] 360/902 (358 valid)
13:58:59  INFO        [universe] 400/902 (397 valid)
13:59:12  INFO        [universe] 440/902 (437 valid)
13:59:22  INFO        [universe] 480/902 (477 valid)
13:59:35  INFO        [universe] 520/902 (517 valid)
13:59:48  INFO        [universe] 560/902 (557 valid)
13:59:58  INFO        [universe] 600/902 (597 valid)
14:00:11  INFO        [universe] 640/902 (637 valid)
