19:42:28  INFO      Mode: evening_prep
19:42:28  INFO        [prep_positions] 1/1 (1 valid)
19:42:28  INFO        Universe cache hit: 902 tickers (tickers_2026-10-08.json)
19:42:29  INFO        [prep_universe] 40/901 (40 valid)
19:42:31  INFO        [prep_universe] 80/901 (80 valid)
19:42:32  INFO        [prep_universe] 120/901 (120 valid)
19:42:33  INFO        [prep_universe] 160/901 (160 valid)
19:42:34  INFO        [prep_universe] 200/901 (199 valid)
19:42:41  INFO        [prep_universe] 240/901 (238 valid)
19:42:54  INFO        [prep_universe] 280/901 (278 valid)
19:43:07  INFO        [prep_universe] 320/901 (318 valid)
19:43:18  INFO        [prep_universe] 360/901 (358 valid)
19:43:31  INFO        [prep_universe] 400/901 (398 valid)
19:43:43  INFO        [prep_universe] 440/901 (438 valid)
19:43:54  INFO        [prep_universe] 480/901 (477 valid)
19:44:07  INFO        [prep_universe] 520/901 (517 valid)
19:44:20  INFO        [prep_universe] 560/901 (557 valid)
19:44:30  INFO        [prep_universe] 600/901 (597 valid)
19:44:43  INFO        [prep_universe] 640/901 (637 valid)
19:44:56  INFO        [prep_universe] 680/901 (677 valid)
19:45:06  INFO        [prep_universe] 720/901 (717 valid)
19:45:19  INFO        [prep_universe] 760/901 (757 valid)
19:45:30  INFO        [prep_universe] 800/901 (797 valid)
19:45:43  INFO        [prep_universe] 840/901 (837 valid)
19:45:54  INFO        [prep_universe] 880/901 (877 valid)
19:46:00  INFO        [prep_universe] 901/901 (898 valid)

+========================================================================+
|  RUBBER BAND BOT  v8                                                   |
+------------------------------------------------------------------------+
|  Mode                                                      EVENING_PREP|
|  Time                                                         19:42 UTC|
|  Regime                                                            BULL|
|  Universe                                                          both|
|  Equity                                                         $225.60|
+========================================================================+

+========================================================================+
|                              EVENING PREP                              |
+========================================================================+
|  Goal                   Precompute exits/signals for next execution run|
|  Plan file                                 logs/plans/evening_plan.json|
|  Regime                                                            BULL|
+========================================================================+

+========================================================================+
|                       OPEN POSITION P&L SNAPSHOT                       |
+========================================================================+
|  Open positions                                                       1|
|  Invested                                                        $34.85|
|  Open P&L                                                        $+1.20|
|  TICKER   STRATEGY        INVESTED   ENTRY    NOW      P&L%    P&L$    |
+------------------------------------------------------------------------+
|  OC       MomReversal     $34.85     $113.39  $117.43  +3.6%   $+1.20  |
+========================================================================+

+========================================================================+
|                            OPEN SELL ORDERS                            |
+========================================================================+
|  Count                                                                0|
|                                                                        |
|  No open sell orders.                                                  |
|                                                                        |
+========================================================================+

+========================================================================+
|                              PREP SUMMARY                              |
+========================================================================+
|  Saved                                                              yes|
|  Exit candidates                                                      0|
|  Signal candidates                                                   55|
|  Universe scanned                                                   901|
+========================================================================+
