14:26:02  INFO      Mode: exits
14:26:03  INFO        Daily log -> logs/daily/2026-08-25.md
14:26:03  INFO        Daily log reconciled -> logs/daily/2026-08-25.md (3 ledger rows)
14:26:03  INFO        place_all_stops: checking 2 positions...
14:26:03  INFO        STOP skipped AAPL: fractional (0.1482 shares) — software exit will handle it
14:26:03  INFO        STOP skipped GOOGL: fractional (0.1326 shares) — software exit will handle it
14:26:03  INFO        [positions] 2/2 (2 valid)
14:26:04  INFO        Daily log -> logs/daily/2026-08-25.md

+========================================================================+
|  RUBBER BAND BOT  v8                                                   |
+------------------------------------------------------------------------+
|  Mode                                                             EXITS|
|  Time                                                         14:26 UTC|
|  Regime                                                            BULL|
|  Universe                                                          both|
|  Equity                                                         $307.26|
+========================================================================+

+========================================================================+
|                           STOCKS EXIT CHECK                            |
+========================================================================+
|  Exit logic                   stop-0.5% / 3d max  (midline at EOD only)|
+------------------------------------------------------------------------+
|  GOOGL  P&L -0.4%  $-0.17                                          HOLD|
|  AAPL  P&L -0.3%  $-0.13                                           HOLD|
+========================================================================+

+========================================================================+
|                            EXIT RUN SUMMARY                            |
+========================================================================+
|  Mode                                                             exits|
|  Candidates                                                           2|
|  Deferred/Skipped                                      already logged 0|
|  Data skips                                             no price data 0|
|  Se~  0 attempted  |  0 filled  |  0 partial  |  0 pending  |  0 failed|
|  Holds                                                                2|
|  Logged exits                                                         0|
+========================================================================+

+========================================================================+
|            OPTIONS SLEEVE  (managed by options_live_micro)             |
+========================================================================+
|                                                                        |
|  No open option positions.                                             |
|                                                                        |
+========================================================================+

+========================================================================+
|                      STOP-LOSS BREACHES THIS RUN                       |
+========================================================================+
|  None                                                                  |
+========================================================================+
|  Stop-loss look file                  logs/stop_losses_to_look_into.txt|
|  New investigations added                                             0|
+========================================================================+
