14:50:58  INFO      Mode: exits
14:50:58  INFO        Daily log -> logs/daily/2026-08-24.md
14:50:58  INFO        Daily log reconciled -> logs/daily/2026-08-24.md (5 ledger rows)
14:50:58  INFO        place_all_stops: checking 1 positions...
14:50:58  INFO        STOP skipped AIG: fractional (0.5947 shares) — software exit will handle it
14:50:58  INFO        [positions] 1/1 (1 valid)
14:50:58  INFO        Daily log -> logs/daily/2026-08-24.md

+========================================================================+
|  RUBBER BAND BOT  v8                                                   |
+------------------------------------------------------------------------+
|  Mode                                                             EXITS|
|  Time                                                         14:50 UTC|
|  Regime                                                            BULL|
|  Universe                                                          both|
|  Equity                                                         $308.15|
+========================================================================+

+========================================================================+
|                           STOCKS EXIT CHECK                            |
+========================================================================+
|  Exit logic                   stop-0.5% / 3d max  (midline at EOD only)|
+------------------------------------------------------------------------+
|  AIG  P&L -0.2%  $-0.10                                            HOLD|
+========================================================================+

+========================================================================+
|                            EXIT RUN SUMMARY                            |
+========================================================================+
|  Mode                                                             exits|
|  Candidates                                                           1|
|  Deferred/Skipped                                      already logged 0|
|  Data skips                                             no price data 0|
|  Se~  0 attempted  |  0 filled  |  0 partial  |  0 pending  |  0 failed|
|  Holds                                                                1|
|  Logged exits                                                         0|
+========================================================================+

+========================================================================+
|            OPTIONS SLEEVE  (managed by options_live_micro)             |
+========================================================================+
|                                                                        |
|  No open option positions.                                             |
|                                                                        |
+========================================================================+

+========================================================================+
|                      STOP-LOSS BREACHES THIS RUN                       |
+========================================================================+
|  None                                                                  |
+========================================================================+
|  Stop-loss look file                  logs/stop_losses_to_look_into.txt|
|  New investigations added                                             0|
+========================================================================+
