21:30:39  INFO      Mode: ext_exits
21:30:40  INFO        Daily log -> logs/daily/2026-07-29.md
21:30:40  INFO        Daily log reconciled -> logs/daily/2026-07-29.md (9 ledger rows)
21:30:40  INFO        Daily log -> logs/daily/2026-07-29.md

+========================================================================+
|  RUBBER BAND BOT  v8                                                   |
+------------------------------------------------------------------------+
|  Mode                                                         EXT_EXITS|
|  Time                                                         21:30 UTC|
|  Regime                                                            BULL|
|  Universe                                                          both|
|  Equity                                                         $485.34|
+========================================================================+

+========================================================================+
|                       EXIT CHECK [EXTENDED HRS]                        |
+========================================================================+
|  Exit log~  stop-0.5% / 3d max  (midline skipped — close already final)|
+------------------------------------------------------------------------+
|  APG  P&L -0.3%  $-0.04         HOLDING until 9:35am scan (MomReversal)|
|  DVN  P&L -0.1%  $-0.07          HOLDING until 9:35am scan (Pullback50)|
|  ODFL  P&L +0.1%  $+0.13       HOLDING until 9:35am scan (GoldenPocket)|
|  WING  P&L +0.6%  $+0.60        HOLDING until 9:35am scan (MomReversal)|
|  FTNT  P&L +12.4%  $+11.76     HOLDING until 9:35am scan (GoldenPocket)|
+========================================================================+

+========================================================================+
|                          EXTENDED HOURS SELLS                          |
+========================================================================+
|                                                                        |
|  No extended-hours sells this run.                                     |
|                                                                        |
+========================================================================+

+========================================================================+
|                            EXIT RUN SUMMARY                            |
+========================================================================+
|  Mode                                                         ext_exits|
|  Candidates                                                           5|
|  Deferred/Skipped                                      already logged 0|
|  Data skips                                             no price data 0|
|  Se~  0 attempted  |  0 filled  |  0 partial  |  0 pending  |  0 failed|
|  Holds                                                                5|
|  Logged exits                                                         0|
+========================================================================+

+========================================================================+
|                      STOP-LOSS BREACHES THIS RUN                       |
+========================================================================+
|  None                                                                  |
+========================================================================+
|  Stop-loss look file                  logs/stop_losses_to_look_into.txt|
|  New investigations added                                             0|
+========================================================================+
