options_reconcile: state=/home/runner/work/TradingBot/TradingBot/logs/options_trial/_state/lab_state.json
  open_lots=133 paper_keys=yes dry_run=False
  alpaca positions=42
  FLAG b264|S403|30220b42 missing from Alpaca
  FLAG b798|S399|349a2224 missing from Alpaca
  State updated with reconciled lots.
options_reconcile: done
Layout: controlled:1164:live_1to1+variations (layout changed controlled:100:c000_s173_w1_0928_1005_r1 -> controlled:1164:live_1to1+variations)
Trial layout: /home/runner/work/TradingBot/TradingBot/logs/options_trial
Docs:         skipped (local docs unavailable on this runner)
Buckets:      1164
PROBE OK: paper account status=AccountStatus.ACTIVE equity=$996,060.06
  buying_power=$3,911,582.84 cash=$1,023,997.56
  open option orders: 20
    ARM260925C00337500 OrderSide.SELL qty=1 status=OrderStatus.NEW limit=None
    MCD260925C00250000 OrderSide.SELL qty=1 status=OrderStatus.NEW limit=0.04
    HOOD260925C00124000 OrderSide.SELL qty=4 status=OrderStatus.NEW limit=None
    AMD260925C00642500 OrderSide.SELL qty=6 status=OrderStatus.NEW limit=None
    MARA260925C00014000 OrderSide.SELL qty=2 status=OrderStatus.NEW limit=None
  open option positions: 41
    AMD260925C00642500 qty=6 mkt=$576.00
    AMZN260928C00252500 qty=1 mkt=$88.00
    AMZN260928C00255000 qty=1 mkt=$47.00
    AMZN260928C00257500 qty=3 mkt=$75.00
    ARM260925C00337500 qty=1 mkt=$40.00
PROBE: check-only pass (use --smoke-entry to place a test order)
=== options_morning_bot (PAPER) 2026-09-24T12:21:58.234148-04:00 ===

[Run context]
Paper auth OK — equity $996051.06, account PA33P8KT02IL

[Setup]
LIVE 1:1 bucket b90 live_1to1 — S218, S404, S406 | TP+50%/SL-40% | stop-mkt | min $20
Variation study: 1163 lab/promising bucket(s) | cohort: all paper strategies | max 400 new entries/run
Dropped (no new entries; ex-reflected P&L): S203, S207, S212, S360, S405, S407
2026-09-24 12:22:01,193 INFO   EXIT [b267|lab0267_s403_w3_1045_1120_r2|S403] take_profit (+52.8%) SELL 1 SPY260928C00773000 @<= 1.07
2026-09-24 12:22:02,228 INFO   EXIT [b903|lab0903_s411_w3_1045_1120_r2|S411] take_profit (+70.1%) SELL 1 SMCI260925C00041000 @<= 0.67
2026-09-24 12:22:04,555 INFO   EXIT [b269|lab0269_s403_w4_1120_1135_r2|S403] take_profit (+88.9%) SELL 1 SPY260928C00772000 @<= 1.35
2026-09-24 12:22:04,994 INFO   EXIT [b834|lab0834_s406_w4_1120_1135_r1|S406] take_profit (+93.8%) SELL 1 SMCI260925C00042000 @<= 0.28
2026-09-24 12:22:06,362 INFO   EXIT [b241|lab0241_s401_w4_1120_1135_r2|S401] take_profit (+50.0%) SELL 1 COIN260925C00210000 @<= 0.62
2026-09-24 12:22:08,966 INFO   EXIT [b905|lab0905_s411_w4_1120_1135_r2|S411] take_profit (+52.4%) SELL 1 AMD260925C00642500 @<= 0.94
2026-09-24 12:22:09,363 INFO   EXIT [b875|lab0875_s409_w3_1045_1120_r2|S409] take_profit (+75.0%) SELL 1 SMCI260925C00040000 @<= 1.26
2026-09-24 12:22:10,049 INFO   EXIT [b917|lab0917_s412_w3_1045_1120_r2|S412] take_profit (+67.3%) SELL 1 SMCI260925C00041500 @<= 0.45
Protective stops: placed=1 upgraded=0 already=27 failed=10 (market-first)

[Manage only]
Past entry window; manage/exit only.

[Portfolio snapshot]
+========================================================================+
|[OPTIONS BOT DAILY VITALS (MATRIX EXPERIMENT)]                          |
+========================================================================+
|-- ACCOUNT STATUS (manage-only) --                                      |
|Equity       : $996,051.06                                              |
|Open Risk    : 130 lots (40 broker pos)                                 |
|Today's Run  : 0 signals -> 0 orders submitted                          |
|                                                                        |
|-- SYSTEM HEALTH --                                                     |
|Zombies      : 0 (Ledger is clean)                                      |
|Lab Status   : 130 Active Lots | 0 Pending Orders                       |
|Auto-Matrix  : (Pending EOD report generation)                          |
+========================================================================+
+========================================================================+
|[DATA QUALITY: CLEAN vs ERRORS vs KEEP-ONLY]                            |
+========================================================================+
|  CLEAN              n=1436  win= 48.5%  med= -23.7%  $+17,214          |
|  TAINTED            n=1897  win= 33.3%  med= -39.0%  $-9,668           |
|  KEEP-only          n=711   win= 62.3%  med= +51.6%  $+11,649          |
|  KEEP recent        n=520   win= 60.6%  med= +54.3%  $+7,493           |
|  KEEP(23): S163,S167,S168,S173,S174,S210,S218,S350...                  |
|  KILL(19): ORPHAN,S164,S202,S203,S207,S211,S212,S216...                |
+========================================================================+
+========================================================================+
|[+++ OVERPERFORMING STRATEGIES (n>=10)]                                 |
+========================================================================+
|  BKT  PROFILE                   WIN%   MED%   TOTAL TRADES             |
|  ---------------------------------------------------------             |
|  b276 lab0276_s350_w1_0928..  70%  +102.9%    10                       |
|  b238 lab0238_s401_w3_1045..  80%  +92.1%    20                        |
|  b365 lab0365_s361_w2_1005..  92%  +82.8%    12                        |
|  b28  lab0028_s203_w3_1045..  77%  +80.0%    22                        |
+========================================================================+
|[--- UNDERPERFORMING STRATEGIES (n>=10)]                                |
+========================================================================+
|  BKT  PROFILE                   WIN%   MED%   TOTAL TRADES             |
|  ---------------------------------------------------------             |
|  b47  lab0047_s205_w4_1120..   4%  -78.0%    28                        |
|  b307 lab0307_s354_w2_1005..  30%  -69.9%    10                        |
|  b1   lab0001_s200_w1_0928..   0%  -65.8%    10                        |
|  b41  lab0041_s205_w1_0928..  12%  -65.3%    16                        |
+========================================================================+
+========================================================================+
|[PENDING EXITS (12)]                                                    |
+========================================================================+
|  b166 S216 MCD260925C00272500 x1 stop_loss (-100.0%)                   |
|  b97  S211 ARM260925C00347500 x1 stop_loss (-58.3%)                    |
|  b0   ORPHAN ARM260925C00345000 x1 stop_loss (-46.5%)                  |
|  b76  S209 MARA260925C00014500 x1 stop_loss (-66.7%)                   |
|  b267 S403 SPY260928C00773000 x1 take_profit (+52.8%)                  |
|  ... 7 more pending exit(s)                                            |
+========================================================================+
+========================================================================+
|[OPEN OPTIONS (40)]                                                     |
+========================================================================+
|  SYMBOL                      QTY    RET%        OPEN P&L               |
|  ---------------------------------------------------------             |
|  SMCI260925C00041000          14    +80.4%   $   +436.80               |
|  SMCI261002C00043500          12    +36.1%   $   +264.00               |
|  AMD260925C00642500            5    +61.9%   $   +195.00               |
|  SMCI260925C00040000           3    +81.9%   $   +177.00               |
|  MARA261002C00014000          20    -20.4%   $   -154.00               |
|  HOOD260925C00124000           4    +52.1%   $   +148.00               |
|  MARA260925C00011500          -1   -912.5%   $   -146.00               |
|  MARA260925C00012000          -1   -293.1%   $    -85.00               |
|  ... 32 more position(s)                                               |
+========================================================================+
Full detail: logs/options_trial/runs/2026-09-24.log
elapsed=15.2s reconcile=0.15s cancel=0.04s manage=13.6s
STATUS: options_morning_bot run complete (PAPER) elapsed=15.2s. run=#10939 https://github.com/28twagg-ops/TradingBot/actions/runs/36026617640
Evaluation complete: 100 strategies evaluated, 0 killed, 0 promote candidates.
Wrote /home/runner/work/TradingBot/TradingBot/logs/options_trial/reports/2026-09-24_buckets.md
Wrote /home/runner/work/TradingBot/TradingBot/logs/options_trial/reports/2026-09-24_buckets.csv
Summary: 33 buckets closed trades, $-229.00 realized
STALE WARNING: 1 bucket(s) with open lots and last_entry >5d
Wrote /home/runner/work/TradingBot/TradingBot/logs/options_trial/reports/2026-09-24_strategy_selection.md
Wrote /home/runner/work/TradingBot/TradingBot/logs/options_trial/reports/2026-09-24_strategy_selection.csv
Summary: keep=0 watch=81 drop=24
Orphan rate: 12.1% (404/3333) ALERT
# Options signal frequency

_Generated 2026-09-24T12:22:20.068035_

Headline counts are **unique (strategy, underlying, date)** from `ENTRY` lines in `logs/options_trial/runs/*.log`.
Raw log-line counts (multi-bucket duplicates) are shown below for debug.

### Unique underlying symbols per day (headline)

| Date       | S163 | S164 | S165 | S166 | S167 | S168 | S169 | S170 | S171 | S172 | S175 | S173 | S174 | Total |
|------------|-----:|-----:|-----:|-----:|-----:|-----:|-----:|-----:|-----:|-----:|-----:|-----:|-----:|------:|
| 2026-07-07 |    0 |    0 |    0 |    0 |    0 |    0 |    0 |    0 |    0 |    0 |    0 |    1 |    0 |     1 |
| 2026-07-08 |    0 |    0 |    3 |    0 |    0 |    0 |    0 |    0 |    0 |    0 |    0 |    2 |    1 |     6 |
| 2026-07-09 |    0 |    0 |    1 |    0 |    0 |    0 |    0 |    0 |    0 |    0 |    0 |    2 |    3 |     6 |
| 2026-07-10 |    0 |    0 |    1 |    0 |    0 |    0 |    0 |    0 |    0 |    0 |    0 |    1 |    1 |     3 |
| 2026-07-13 |    0 |    0 |    2 |    0 |    0 |    0 |    0 |    0 |    0 |    0 |    0 |    3 |    2 |     7 |
| 2026-07-14 |    0 |    0 |    3 |    0 |    0 |    0 |    0 |    0 |    0 |    0 |    0 |    2 |    0 |     5 |
| 2026-07-16 |    0 |    0 |    2 |    0 |    0 |    0 |    0 |    0 |    0 |    0 |    0 |    3 |    0 |     5 |
| 2026-07-17 |    0 |    0 |    2 |    0 |    0 |    0 |    0 |    0 |    0 |    0 |    0 |    2 |    0 |     4 |
| 2026-07-20 |    0 |    0 |    0 |    0 |    0 |    0 |    0 |    0 |    0 |    0 |    0 |    1 |    0 |     1 |
| 2026-07-21 |    1 |    2 |    1 |    1 |    2 |    2 |    0 |    0 |    0 |    0 |    0 |    0 |    0 |     9 |
| 2026-07-22 |    1 |    1 |    1 |    0 |    1 |    0 |    0 |    0 |    0 |    0 |    0 |    0 |    0 |     4 |
| 2026-07-24 |    1 |    1 |    1 |    0 |    1 |    1 |    0 |    0 |    0 |    0 |    0 |    0 |    0 |     5 |
| 2026-07-27 |    1 |    0 |    1 |    1 |    1 |    1 |    0 |    0 |    0 |    0 |    0 |    0 |    0 |     5 |
| 2026-07-28 |    1 |    1 |    1 |    1 |    1 |    1 |    0 |    0 |    0 |    0 |    0 |    0 |    0 |     6 |
| 2026-07-29 |    1 |    2 |    1 |    1 |    1 |    0 |    0 |    0 |    0 |    0 |    0 |    0 |    0 |     6 |
| 2026-09-01 |    2 |    2 |    2 |    1 |    2 |    2 |    0 |    0 |    0 |    0 |    0 |    0 |    0 |    11 |
| 2026-09-02 |    1 |    1 |    1 |    1 |    1 |    1 |    0 |    0 |    0 |    0 |    0 |    0 |    0 |     6 |
| 2026-09-03 |    1 |    1 |    1 |    1 |    1 |    1 |    0 |    0 |    0 |    0 |    0 |    0 |    0 |     6 |
| 2026-09-04 |    2 |    2 |    2 |    2 |    2 |    2 |    0 |    0 |    0 |    0 |    0 |    0 |    0 |    12 |
| 2026-09-08 |    1 |    2 |    2 |    0 |    2 |    2 |    0 |    0 |    0 |    0 |    0 |    0 |    0 |     9 |
| 2026-09-10 |    1 |    3 |    2 |    0 |    2 |    1 |    0 |    0 |    0 |    0 |    0 |    0 |    0 |     9 |
| 2026-09-15 |    1 |    2 |    2 |    0 |    2 |    2 |    0 |    0 |    0 |    0 |    0 |    0 |    0 |     9 |
| 2026-09-16 |    1 |    1 |    1 |    0 |    1 |    0 |    0 |    0 |    0 |    0 |    0 |    0 |    0 |     4 |
| 2026-09-18 |    1 |    1 |    0 |    1 |    0 |    0 |    0 |    0 |    0 |    0 |    0 |    0 |    0 |     3 |
| 2026-09-24 |    2 |    1 |    1 |    0 |    1 |    2 |    0 |    0 |    0 |    0 |    0 |    0 |    0 |     7 |

## Per-strategy summary (unique underlyings)

| Strategy | Unique entries | Active days | Avg unique / active day | Est. active days to n=30 exits* |
|----------|---------------:|------------:|------------------------:|--------------------------------|
| S163 | 19 | 16 | 1.2 | ~32 active signal-days |
| S164 | 23 | 15 | 1.5 | ~25 active signal-days |
| S165 | 34 | 22 | 1.5 | ~25 active signal-days |
| S166 | 10 | 9 | 1.1 | ~34 active signal-days |
| S167 | 21 | 15 | 1.4 | ~27 active signal-days |
| S168 | 18 | 12 | 1.5 | ~25 active signal-days |
| S169 | 0 | 0 | 0.0 | inf (no unique entries yet) |
| S170 | 0 | 0 | 0.0 | inf (no unique entries yet) |
| S171 | 0 | 0 | 0.0 | inf (no unique entries yet) |
| S172 | 0 | 0 | 0.0 | inf (no unique entries yet) |
| S175 | 0 | 0 | 0.0 | inf (no unique entries yet) |
| S173 | 17 | 9 | 1.9 | ~20 active signal-days |
| S174 | 7 | 4 | 1.8 | ~22 active signal-days |

\* Formula: `ceil(30 / (avg_unique_per_active_day * 80%))`. Update when real exit rates are known.

## Signal frequency by window (all time, unique strategy×symbol×date×window)

| Window | S163 | S164 | S165 | S166 | S167 | S168 | S169 | S170 | S171 | S172 | S175 | S173 | S174 | Total |
|--------|-----:|-----:|-----:|-----:|-----:|-----:|-----:|-----:|-----:|-----:|-----:|-----:|-----:|------:|
| w1     |    7 |    6 |   10 |    4 |    6 |    6 |    0 |    0 |    0 |    0 |    0 |    7 |    1 |    47 |
| w2     |   11 |   12 |   16 |    7 |   12 |   10 |    0 |    0 |    0 |    0 |    0 |    6 |    3 |    77 |
| w3     |   11 |   12 |   18 |    6 |   11 |    8 |    0 |    0 |    0 |    0 |    0 |    7 |    4 |    77 |
| w4     |    6 |    5 |   11 |    3 |    6 |    7 |    0 |    0 |    0 |    0 |    0 |    6 |    3 |    47 |

Windows (ET): w1 09:28–10:05 · w2 10:05–10:45 · w3 10:45–11:20 · w4 11:20–11:35. Parsed from controlled-layout profile names in ENTRY log lines.

## Raw vs unique totals

| Strategy | Raw log lines (includes multi-bucket duplicates) | Unique underlying symbols |
|----------|-------------------------------------------------:|--------------------------:|
| S163 | 281 | 19 |
| S164 | 319 | 23 |
| S165 | 1747 | 34 |
| S166 | 139 | 10 |
| S167 | 304 | 21 |
| S168 | 224 | 18 |
| S169 | 0 | 0 |
| S170 | 0 | 0 |
| S171 | 0 | 0 |
| S172 | 0 | 0 |
| S175 | 0 | 0 |
| S173 | 1911 | 17 |
| S174 | 891 | 7 |

### Raw log lines per day (debug / multi-bucket)

| Date       | S163 | S164 | S165 | S166 | S167 | S168 | S169 | S170 | S171 | S172 | S175 | S173 | S174 | Total |
|------------|-----:|-----:|-----:|-----:|-----:|-----:|-----:|-----:|-----:|-----:|-----:|-----:|-----:|------:|
| 2026-07-07 |    0 |    0 |    0 |    0 |    0 |    0 |    0 |    0 |    0 |    0 |    0 |  100 |    0 |   100 |
| 2026-07-08 |    0 |    0 |  100 |    0 |    0 |    0 |    0 |    0 |    0 |    0 |    0 |  100 |  100 |   300 |
| 2026-07-09 |    0 |    0 |   24 |    0 |    0 |    0 |    0 |    0 |    0 |    0 |    0 |  100 |   15 |   139 |
| 2026-07-10 |    0 |    0 |  242 |    0 |    0 |    0 |    0 |    0 |    0 |    0 |    0 |  230 |  202 |   674 |
| 2026-07-13 |    0 |    0 |  190 |    0 |    0 |    0 |    0 |    0 |    0 |    0 |    0 |  212 |  188 |   590 |
| 2026-07-14 |    0 |    0 |  194 |    0 |    0 |    0 |    0 |    0 |    0 |    0 |    0 |  185 |  106 |   485 |
| 2026-07-15 |    0 |    0 |  146 |    0 |    0 |    0 |    0 |    0 |    0 |    0 |    0 |  154 |   58 |   358 |
| 2026-07-16 |    0 |    0 |  179 |    0 |    0 |    0 |    0 |    0 |    0 |    0 |    0 |  205 |   58 |   442 |
| 2026-07-17 |    0 |    0 |  127 |    0 |    0 |    0 |    0 |    0 |    0 |    0 |    0 |  207 |   58 |   392 |
| 2026-07-20 |    0 |    0 |  107 |    0 |    0 |    0 |    0 |    0 |    0 |    0 |    0 |  143 |   58 |   308 |
| 2026-07-21 |   30 |   35 |  113 |   30 |   35 |   35 |    0 |    0 |    0 |    0 |    0 |  118 |   48 |   444 |
| 2026-07-22 |   40 |   47 |   86 |   15 |   45 |   20 |    0 |    0 |    0 |    0 |    0 |   77 |    0 |   330 |
| 2026-07-23 |   30 |   42 |   50 |   15 |   40 |   20 |    0 |    0 |    0 |    0 |    0 |   40 |    0 |   237 |
| 2026-07-24 |   75 |   87 |   85 |   15 |   77 |   55 |    0 |    0 |    0 |    0 |    0 |   40 |    0 |   434 |
| 2026-07-27 |   14 |    0 |   14 |   14 |   14 |   14 |    0 |    0 |    0 |    0 |    0 |    0 |    0 |    70 |
| 2026-07-28 |    6 |    8 |    8 |    8 |    8 |    6 |    0 |    0 |    0 |    0 |    0 |    0 |    0 |    44 |
| 2026-07-29 |   10 |   10 |   10 |    8 |   10 |    0 |    0 |    0 |    0 |    0 |    0 |    0 |    0 |    48 |
| 2026-09-01 |    8 |    6 |    6 |    2 |    6 |    6 |    0 |    0 |    0 |    0 |    0 |    0 |    0 |    34 |
| 2026-09-02 |   10 |   10 |   10 |    2 |   10 |   14 |    0 |    0 |    0 |    0 |    0 |    0 |    0 |    56 |
| 2026-09-03 |   10 |    4 |    4 |   16 |    4 |   10 |    0 |    0 |    0 |    0 |    0 |    0 |    0 |    48 |
| 2026-09-04 |   12 |   14 |    8 |   10 |    8 |   10 |    0 |    0 |    0 |    0 |    0 |    0 |    0 |    62 |
| 2026-09-08 |    4 |    8 |    8 |    0 |    8 |    8 |    0 |    0 |    0 |    0 |    0 |    0 |    0 |    36 |
| 2026-09-10 |   10 |   10 |    6 |    0 |   10 |    8 |    0 |    0 |    0 |    0 |    0 |    0 |    0 |    44 |
| 2026-09-15 |    4 |   14 |   14 |    0 |   14 |    8 |    0 |    0 |    0 |    0 |    0 |    0 |    0 |    54 |
| 2026-09-16 |    4 |    4 |    4 |    0 |    4 |    0 |    0 |    0 |    0 |    0 |    0 |    0 |    0 |    16 |
| 2026-09-18 |    4 |    8 |    0 |    4 |    0 |    0 |    0 |    0 |    0 |    0 |    0 |    0 |    0 |    16 |
| 2026-09-24 |   10 |   12 |   12 |    0 |   11 |   10 |    0 |    0 |    0 |    0 |    0 |    0 |    0 |    55 |

## Notes

- Pre-router-fix (before 2026-07-17 commit `56660c9e`): S163/S166 were starved — expect zeros until a post-fix entry-window gap-down day.
- Controlled layout places one ENTRY per matching bucket×strategy; raw counts inflate, unique underlyings do not.


Wrote /home/runner/work/TradingBot/TradingBot/logs/options_trial/reports/signal_frequency.md
## Ledger health — 2026-09-24
| Check                       | Count | Status |
|-----------------------------|------:|--------|
| Current stuck (state)       |     0 | OK |
| Orphaned lots (post-stable) |  1578 | WARN | <<<
| Missing exit records (post) |  1578 | WARN | <<<
| State/ledger mismatches     |     5 | WARN | <<<
| Total open lots             |   130 | INFO |
| Total closed lots           |  2462 | INFO |
| Pre-cutoff audit debt       |     0 | INFO |
| Transition audit debt       |   744 | INFO |

Wrote /home/runner/work/TradingBot/TradingBot/logs/options_trial/reports/ledger_health.md
Wrote /home/runner/work/TradingBot/TradingBot/logs/options_trial/reports/2026-09-24_data_quality.md
Wrote /home/runner/work/TradingBot/TradingBot/logs/options_trial/reports/2026-09-24_data_quality.csv
Wrote /home/runner/work/TradingBot/TradingBot/logs/options_trial/reports/latest_data_quality.json
Wrote /home/runner/work/TradingBot/TradingBot/logs/options_trial/reports/latest_data_quality_snippet.md
CLEAN n=1436 med=-23.7% | TAINTED n=1897 med=-39.0% | KEEP-only n=711 med=+51.6% | KILL=19 KEEP=23
Wrote /home/runner/work/TradingBot/TradingBot/logs/dashboard.html
equity=225.1 router=CONFIRMED leaderboard_rows=105
Wrote /home/runner/work/TradingBot/TradingBot/logs/rubber_band_report.md
| 1 | MA_Squeeze | 3 | 100% | +0.80% | +1.05% | +0.27% | 999.00 | 0.0d | $+1.23 | WATCH |
| 2 | unknown | 32 | 19% | -0.03% | -0.59% | -1.27% | 1.44 | 0.0d | $+0.29 | ACTIVE |
