14:15:44  INFO      Mode: exits
14:15:46  INFO        Daily log -> logs/daily/2026-07-31.md
14:15:46  INFO        Daily log reconciled -> logs/daily/2026-07-31.md (3 ledger rows)
14:15:46  INFO        place_all_stops: checking 4 positions...
14:15:46  INFO        STOP already live APG @ $38.65
14:15:46  INFO        STOP skipped AVB: fractional (0.5044 shares) — software exit will handle it
14:15:46  INFO        STOP skipped CI: fractional (0.3285 shares) — software exit will handle it
14:15:46  INFO        STOP skipped CINF: fractional (0.5367 shares) — software exit will handle it
14:15:46  INFO        [positions] 4/4 (4 valid)
14:15:47  INFO        SELL MARKET [urgent] CI closed
14:15:49  INFO        TX logged: SELL CI  P&L -0.52%
14:15:49  INFO        Daily log -> logs/daily/2026-07-31.md

+========================================================================+
|  RUBBER BAND BOT  v8                                                   |
+------------------------------------------------------------------------+
|  Mode                                                             EXITS|
|  Time                                                         14:15 UTC|
|  Regime                                                            BULL|
|  Universe                                                          both|
|  Equity                                                         $467.25|
+========================================================================+

+========================================================================+
|                               EXIT CHECK                               |
+========================================================================+
|  Exit logic                   stop-0.5% / 3d max  (midline at EOD only)|
+------------------------------------------------------------------------+
|  CI  P&L -0.5%  $-0.49                          EXIT: stop_loss (-0.5%)|
|  AVB  P&L -0.3%  $-0.27                                            HOLD|
|  CINF  P&L +0.1%  $+0.11                                           HOLD|
|  APG  P&L +0.7%  $+0.52                                            HOLD|
+========================================================================+

+========================================================================+
|                            EXIT RUN SUMMARY                            |
+========================================================================+
|  Mode                                                             exits|
|  Candidates                                                           4|
|  Deferred/Skipped                                      already logged 0|
|  Data skips                                             no price data 0|
|  Se~  1 attempted  |  1 filled  |  0 partial  |  0 pending  |  0 failed|
|  Holds                                                                3|
|  Logged exits                                                         1|
+========================================================================+

+========================================================================+
|                      STOP-LOSS BREACHES THIS RUN                       |
+========================================================================+
|  CI                                          -0.52%  (threshold -0.50%)|
|  Count                                                                1|
+========================================================================+
|  Stop-loss look file                  logs/stop_losses_to_look_into.txt|
|  New investigations added                                             0|
+========================================================================+
