13:25:39  INFO      Mode: summary

+========================================================================+
|  RUBBER BAND BOT  v8                                                   |
+------------------------------------------------------------------------+
|  Mode                                                           SUMMARY|
|  Time                                                         13:25 UTC|
|  Regime                                                            BULL|
|  Universe                                                          both|
|  Equity                                                         $481.86|
+========================================================================+

+========================================================================+
|                             ACCOUNT STATUS                             |
+========================================================================+
|  Equity                                                         $481.86|
|  Cash                                                           $213.66|
|  Regime                                                            BULL|
|  Universe                                                          both|
|  Total invested                                                 $268.20|
|  Open P&L                                                        $+0.19|
+========================================================================+

+========================================================================+
|                        HOLDINGS  (3 positions)                         |
+========================================================================+
|  TICKER   STRATEGY        INVESTED   ENTRY    NOW      P&L%    P&L$    |
+------------------------------------------------------------------------+
|  AME      Pullback50      $86.35     $233.44  $232.99  -0.2%   $-0.17  |
|  CARR     Pullback50      $95.14     $67.90   $68.01   +0.2%   $+0.16  |
|  HST      Pullback50      $86.71     $23.03   $23.08   +0.2%   $+0.19  |
|                                                                        |
|  Total invested                                                 $268.20|
|  Total open P&L                                                  $+0.19|
+========================================================================+

+========================================================================+
|                        EXIT LOGIC ACTIVE  (v8)                         |
+========================================================================+
|  Profit target                              price > 20-day MA (midline)|
|  Stop loss                                             -0.5% from entry|
|  Time stop                                          max 3 calendar days|
+========================================================================+

+========================================================================+
|                          RECENT TRANSACTIONS                           |
+========================================================================+
|  2026-07-09  SELL  CSCO  Pullback50  $99.56  P&L $+4.33                |
|  2026-07-09  SELL  CDNS  Pullback50  $88.40  P&L $+1.86                |
|  2026-07-09  SELL  AES  Pullback50  $97.24  P&L $+0.76                 |
|  2026-07-08  SELL  ATO  Pullback50  $96.20  P&L $-0.35                 |
|  2026-07-08  SELL  MAR  Pullback50  $96.50  P&L $-0.52                 |
|  2026-07-08  SELL  DECK  Pullback50  $87.47  P&L $-2.12                |
+========================================================================+
