14:51:36  INFO      Mode: exits
14:51:37  INFO        Daily log -> logs/daily/2026-09-30.md
14:51:37  INFO        Daily log reconciled -> logs/daily/2026-09-30.md (2 ledger rows)
14:51:37  INFO        place_all_stops: checking 3 positions...
14:51:37  INFO        STOP already live AES @ $14.8
14:51:37  INFO        STOP skipped CMS: fractional (0.0542 shares) — software exit will handle it
14:51:37  INFO        STOP skipped EBAY: fractional (0.3130 shares) — software exit will handle it
14:51:37  INFO        [positions] 3/3 (3 valid)
14:51:37  INFO        Daily log -> logs/daily/2026-09-30.md

+========================================================================+
|  RUBBER BAND BOT  v8                                                   |
+------------------------------------------------------------------------+
|  Mode                                                             EXITS|
|  Time                                                         14:51 UTC|
|  Regime                                                            BULL|
|  Universe                                                          both|
|  Equity                                                         $223.23|
+========================================================================+

+========================================================================+
|                           STOCKS EXIT CHECK                            |
+========================================================================+
|  Exit logic                   stop-0.5% / 3d max  (midline at EOD only)|
+------------------------------------------------------------------------+
|  CMS  P&L -0.4%  $-0.02                                            HOLD|
|  AES  P&L +0.1%  $+0.04                                            HOLD|
|  EBAY  P&L +1.0%  $+0.34                                           HOLD|
+========================================================================+

+========================================================================+
|                            EXIT RUN SUMMARY                            |
+========================================================================+
|  Mode                                                             exits|
|  Candidates                                                           3|
|  Deferred/Skipped                                      already logged 0|
|  Data skips                                             no price data 0|
|  Se~  0 attempted  |  0 filled  |  0 partial  |  0 pending  |  0 failed|
|  Holds                                                                3|
|  Logged exits                                                         0|
+========================================================================+

+========================================================================+
|            OPTIONS SLEEVE  (managed by options_live_micro)             |
+========================================================================+
|                                                                        |
|  No open option positions.                                             |
|                                                                        |
+========================================================================+

+========================================================================+
|                      STOP-LOSS BREACHES THIS RUN                       |
+========================================================================+
|  None                                                                  |
+========================================================================+
|  Stop-loss look file                  logs/stop_losses_to_look_into.txt|
|  New investigations added                                             0|
+========================================================================+
