options_reconcile: state=/home/runner/work/TradingBot/TradingBot/logs/options_trial/_state/lab_state.json
  open_lots=45 paper_keys=yes dry_run=False
  alpaca positions=17
options_reconcile: done
Layout: controlled:1024:lab0000_s200_w1_0928_1005_r1 (layout changed controlled:100:c000_s173_w1_0928_1005_r1 -> controlled:1024:lab0000_s200_w1_0928_1005_r1)
Trial layout: /home/runner/work/TradingBot/TradingBot/logs/options_trial
Docs:         skipped (local docs unavailable on this runner)
Buckets:      1024
=== options_morning_bot (PAPER) 2026-08-17T18:41:24.346481-04:00 ===

[Run context]
After hours (18:41 ET) — exit summary only.
2026-08-17 18:41:24,474 WARNING paper get_account failed attempt 1/6 (transient): {"code":50010000,"message":"internal server error occurred"}; sleep 8s
2026-08-17 18:41:32,506 WARNING paper get_account failed attempt 2/6 (transient): {"code":50010000,"message":"internal server error occurred"}; sleep 16s
2026-08-17 18:41:48,535 WARNING paper get_account failed attempt 3/6 (transient): {"code":50010000,"message":"internal server error occurred"}; sleep 24s
2026-08-17 18:42:12,566 WARNING paper get_account failed attempt 4/6 (transient): {"code":50010000,"message":"internal server error occurred"}; sleep 32s
2026-08-17 18:42:44,596 WARNING paper get_account failed attempt 5/6 (transient): {"code":50010000,"message":"internal server error occurred"}; sleep 40s
2026-08-17 18:43:24,627 ERROR paper get_account failed after 6 attempts: {"code":50010000,"message":"internal server error occurred"}
WARN: get_account failed ({"code":50010000,"message":"internal server error occurred"}) but positions OK (n=17). Keys are fine; Alpaca account endpoint is flaky. Continuing manage/exits; skipping new entries until equity is readable.
2026-08-17 18:43:24,688 WARNING paper get_account failed attempt 1/6 (transient): {"code":50010000,"message":"internal server error occurred"}; sleep 8s
2026-08-17 18:43:32,718 WARNING paper get_account failed attempt 2/6 (transient): {"code":50010000,"message":"internal server error occurred"}; sleep 16s
2026-08-17 18:43:48,748 WARNING paper get_account failed attempt 3/6 (transient): {"code":50010000,"message":"internal server error occurred"}; sleep 24s
2026-08-17 18:44:12,778 WARNING paper get_account failed attempt 4/6 (transient): {"code":50010000,"message":"internal server error occurred"}; sleep 32s
2026-08-17 18:44:44,809 WARNING paper get_account failed attempt 5/6 (transient): {"code":50010000,"message":"internal server error occurred"}; sleep 40s
