13:31:04  INFO      Mode: morning_prep
13:31:06  INFO        [prep_positions] 3/3 (3 valid)
13:31:06  INFO      Fetching tickers (universe=both)...
13:31:06  INFO        S&P 500: 503
13:31:07  INFO        MidCap 400: 400
13:31:07  INFO        Total: 903 tickers
13:31:08  INFO        [prep_universe] 40/900 (40 valid)
13:31:10  INFO        [prep_universe] 80/900 (80 valid)
13:31:12  INFO        [prep_universe] 120/900 (120 valid)
13:31:14  INFO        [prep_universe] 160/900 (160 valid)
13:31:17  INFO        [prep_universe] 200/900 (199 valid)
13:31:21  INFO        [prep_universe] 240/900 (238 valid)
13:31:32  INFO        [prep_universe] 280/900 (278 valid)
13:31:45  INFO        [prep_universe] 320/900 (318 valid)
13:31:56  INFO        [prep_universe] 360/900 (358 valid)
13:32:09  INFO        [prep_universe] 400/900 (397 valid)
13:32:20  INFO        [prep_universe] 440/900 (437 valid)
13:32:33  INFO        [prep_universe] 480/900 (477 valid)
13:32:44  INFO        [prep_universe] 520/900 (517 valid)
13:32:58  INFO        [prep_universe] 560/900 (557 valid)
13:33:08  INFO        [prep_universe] 600/900 (597 valid)
13:33:22  INFO        [prep_universe] 640/900 (637 valid)
13:33:32  INFO        [prep_universe] 680/900 (677 valid)
13:33:43  INFO        [prep_universe] 720/900 (717 valid)
13:33:56  INFO        [prep_universe] 760/900 (757 valid)
13:34:10  INFO        [prep_universe] 800/900 (797 valid)
13:34:20  INFO        [prep_universe] 840/900 (837 valid)
13:34:34  INFO        [prep_universe] 880/900 (877 valid)
13:34:38  INFO        [prep_universe] 900/900 (897 valid)

+========================================================================+
|  RUBBER BAND BOT  v8                                                   |
+------------------------------------------------------------------------+
|  Mode                                                      MORNING_PREP|
|  Time                                                         13:31 UTC|
|  Regime                                                            BULL|
|  Universe                                                          both|
|  Equity                                                         $230.56|
+========================================================================+

+========================================================================+
|                              MORNING PREP                              |
+========================================================================+
|  Goal                   Precompute exits/signals for next execution run|
|  Plan file                                 logs/plans/morning_plan.json|
|  Regime                                                            BULL|
+========================================================================+

+========================================================================+
|                       OPEN POSITION P&L SNAPSHOT                       |
+========================================================================+
|  Open positions                                                       3|
|  Invested                                                       $103.89|
|  Open P&L                                                        $+0.29|
|  TICKER   STRATEGY        INVESTED   ENTRY    NOW      P&L%    P&L$    |
+------------------------------------------------------------------------+
|  AES      Pullback50      $34.51     $14.82   $14.82   +0.0%   $+0.00  |
|  AMZN     Pullback50      $34.71     $255.49  $256.46  +0.4%   $+0.13  |
|  CNM      MomReversal     $34.67     $44.25   $44.45   +0.5%   $+0.16  |
+========================================================================+

+========================================================================+
|                            OPEN SELL ORDERS                            |
+========================================================================+
|  Count                                                                0|
|                                                                        |
|  No open sell orders.                                                  |
|                                                                        |
+========================================================================+

+========================================================================+
|                              PREP SUMMARY                              |
+========================================================================+
|  Saved                                                              yes|
|  Exit candidates                                                      1|
|  Signal candidates                                                   29|
|  Universe scanned                                                   900|
+========================================================================+
