19:35:51  INFO      Mode: evening_prep
19:35:52  INFO        [prep_positions] 2/2 (2 valid)
19:35:52  INFO        Universe cache hit: 903 tickers (tickers_2026-08-05.json)
19:35:53  INFO        [prep_universe] 40/901 (40 valid)
19:35:54  INFO        [prep_universe] 80/901 (80 valid)
19:35:56  INFO        [prep_universe] 120/901 (120 valid)
19:35:57  INFO        [prep_universe] 160/901 (160 valid)
19:35:58  INFO        [prep_universe] 200/901 (199 valid)
19:36:06  INFO        [prep_universe] 240/901 (238 valid)
19:36:17  INFO        [prep_universe] 280/901 (278 valid)
19:36:30  INFO        [prep_universe] 320/901 (318 valid)
19:36:41  INFO        [prep_universe] 360/901 (358 valid)
19:36:54  INFO        [prep_universe] 400/901 (397 valid)
19:37:07  INFO        [prep_universe] 440/901 (437 valid)
19:37:17  INFO        [prep_universe] 480/901 (477 valid)
19:37:30  INFO        [prep_universe] 520/901 (517 valid)
19:37:43  INFO        [prep_universe] 560/901 (557 valid)
19:37:54  INFO        [prep_universe] 600/901 (597 valid)
19:38:07  INFO        [prep_universe] 640/901 (637 valid)
19:38:17  INFO        [prep_universe] 680/901 (677 valid)
19:38:30  INFO        [prep_universe] 720/901 (717 valid)
19:38:41  INFO        [prep_universe] 760/901 (757 valid)
19:38:55  INFO        [prep_universe] 800/901 (797 valid)
19:39:05  INFO        [prep_universe] 840/901 (836 valid)
19:39:18  INFO        [prep_universe] 880/901 (876 valid)
19:39:25  INFO        [prep_universe] 901/901 (897 valid)

+========================================================================+
|  RUBBER BAND BOT  v8                                                   |
+------------------------------------------------------------------------+
|  Mode                                                      EVENING_PREP|
|  Time                                                         19:35 UTC|
|  Regime                                                            BULL|
|  Universe                                                          both|
|  Equity                                                         $472.60|
+========================================================================+

+========================================================================+
|                              EVENING PREP                              |
+========================================================================+
|  Goal                   Precompute exits/signals for next execution run|
|  Plan file                                 logs/plans/evening_plan.json|
|  Regime                                                            BULL|
+========================================================================+

+========================================================================+
|                       OPEN POSITION P&L SNAPSHOT                       |
+========================================================================+
|  Open positions                                                       2|
|  Invested                                                       $187.98|
|  Open P&L                                                        $+0.70|
|  TICKER   STRATEGY        INVESTED   ENTRY    NOW      P&L%    P&L$    |
+------------------------------------------------------------------------+
|  AES      Pullback50      $93.67     $14.70   $14.70   +0.0%   $+0.03  |
|  AVB      Pullback50      $94.31     $187.24  $188.59  +0.7%   $+0.67  |
+========================================================================+

+========================================================================+
|                            OPEN SELL ORDERS                            |
+========================================================================+
|  Count                                                                1|
|  TICKER    TYPE              QTY       LIMIT       STOP                |
+------------------------------------------------------------------------+
|  AES       OrderType.STOP    6         None        14.62               |
+========================================================================+

+========================================================================+
|                              PREP SUMMARY                              |
+========================================================================+
|  Saved                                                              yes|
|  Exit candidates                                                      0|
|  Signal candidates                                                   30|
|  Universe scanned                                                   901|
+========================================================================+
