18:05:59  INFO      Mode: exits
18:06:00  INFO        Daily log -> logs/daily/2026-08-18.md
18:06:00  INFO        Daily log reconciled -> logs/daily/2026-08-18.md (5 ledger rows)
18:06:00  INFO        place_all_stops: checking 3 positions...

+========================================================================+
|  RUBBER BAND BOT  v8                                                   |
+------------------------------------------------------------------------+
|  Mode                                                             EXITS|
|  Time                                                         18:06 UTC|
|  Regime                                                            BULL|
|  Universe                                                          both|
|  Equity                                                         $480.93|
+========================================================================+

+========================================================================+
|                             MORNING CHECK                              |
+========================================================================+
|                                                                        |
|  No open positions.                                                    |
|                                                                        |
+========================================================================+
