options_reconcile: state=/home/runner/work/TradingBot/TradingBot/logs/options_trial/_state/lab_state.json
  open_lots=26 pending_exits=0 paper_keys=yes dry_run=False
  alpaca open sell orders=0 positions=10
  zombies_flagged=24
  FLAG b7|S163|40225cab zombie age_min=937 notional=$45.00 occ=CCL260731C00028000 action=submitted:c10d5107-75f1-40ca-a490-a431f3224741
  FLAG b6|S163|5833092c zombie age_min=937 notional=$45.00 occ=CCL260731C00028000 action=submitted:a5591c27-d18b-4180-adf7-91d6689099ae
  FLAG b191|S212|fe3f9f6c zombie age_min=937 notional=$47.00 occ=CCL260731C00028000 action=submitted:6fa49658-6d93-49d4-b40b-1e9516f73346
  FLAG b190|S212|062cca5b zombie age_min=937 notional=$47.00 occ=CCL260731C00028000 action=submitted:30eadcf8-8cf8-472e-b9ad-a8d28b3e99e8
  FLAG b151|S207|acda745c zombie age_min=937 notional=$47.00 occ=CCL260731C00028000 action=submitted:4570c701-7238-4354-9025-eddb977daf4e
  FLAG b150|S207|4db883ff zombie age_min=937 notional=$47.00 occ=CCL260731C00028000 action=submitted:63b9ddca-89fd-43f6-8857-2198444c3cad
  FLAG b119|S203|7f5938c5 zombie age_min=937 notional=$55.00 occ=APA260731P00036000 action=error:{"bid":"0.47","buy_limit_price":"0.49","code":40310000,"existing_order_id":"17de61df-cf96-4e3d-b495-964eb4369bc9","message":"potential wash trade detected. use complex orders","reject_reason":"buy order exists, quote bid should be greater than existing buy limit price"}
  FLAG b118|S203|cae878bd zombie age_min=937 notional=$55.00 occ=APA260731P00036000 action=error:{"bid":"0.47","buy_limit_price":"0.49","code":40310000,"existing_order_id":"17de61df-cf96-4e3d-b495-964eb4369bc9","message":"potential wash trade detected. use complex orders","reject_reason":"buy order exists, quote bid should be greater than existing buy limit price"}
  FLAG b111|S202|918f0a26 zombie age_min=937 notional=$25.00 occ=PG260731C00150000 action=error:{"bid":"0.2","buy_limit_price":"0.22","code":40310000,"existing_order_id":"5de783c7-9112-4906-a966-fdae956d7984","message":"potential wash trade detected. use complex orders","reject_reason":"buy order exists, quote bid should be greater than existing buy limit price"}
  FLAG b110|S202|e7ad3273 zombie age_min=937 notional=$25.00 occ=PG260731C00150000 action=error:{"bid":"0.2","buy_limit_price":"0.22","code":40310000,"existing_order_id":"5de783c7-9112-4906-a966-fdae956d7984","message":"potential wash trade detected. use complex orders","reject_reason":"buy order exists, quote bid should be greater than existing buy limit price"}
  FLAG b7|S163|e8dabd10 zombie age_min=937 notional=$45.00 occ=CCL260731C00028000 action=submitted:62472971-eb64-475c-ab7b-81bd77058d64
  FLAG b6|S163|64ab2ba6 zombie age_min=937 notional=$45.00 occ=CCL260731C00028000 action=submitted:befe0ee1-e987-405f-ae37-ea5bfc41af87
  FLAG b31|S166|91ba1f4d zombie age_min=937 notional=$72.00 occ=AAL260731C00014500 action=submitted:2f54c173-91b4-4848-a807-bc3ed00b448e
  FLAG b30|S166|a5e060f0 zombie age_min=937 notional=$72.00 occ=AAL260731C00014500 action=submitted:d83e1f88-6bb6-4304-9c7f-24835a5b47b5
  FLAG b39|S167|f5bcc5de zombie age_min=937 notional=$45.00 occ=CCL260731C00028000 action=submitted:cd9cf814-e338-49e8-ba66-4805242540fe
  FLAG b38|S167|b50f8c0a zombie age_min=937 notional=$45.00 occ=CCL260731C00028000 action=submitted:750d59f5-87a5-4dd5-a4fd-504c8232c451
  FLAG b15|S164|3a5fa45c zombie age_min=937 notional=$45.00 occ=CCL260731C00028000 action=submitted:f7c8e422-3654-4db7-8cf4-a3f662cb59fa
  FLAG b14|S164|928da7db zombie age_min=937 notional=$45.00 occ=CCL260731C00028000 action=submitted:daab7825-e43d-4f79-b49a-ccd296491825
  FLAG b23|S165|d201e633 zombie age_min=937 notional=$45.00 occ=CCL260731C00028000 action=submitted:cbac7df9-12da-4ea6-b704-4f44229c9bb5
  FLAG b22|S165|c2575b72 zombie age_min=937 notional=$45.00 occ=CCL260731C00028000 action=submitted:3df4767f-aedc-4751-80b4-ad82f3bf6f6a
  FLAG b223|S216|ea72f4d6 zombie age_min=937 notional=$41.00 occ=HAL260731C00031500 action=submitted:ca2a3838-7ecf-4f36-bd83-93bf0fdbd9de
  FLAG b222|S216|f36236af zombie age_min=937 notional=$41.00 occ=HAL260731C00031500 action=submitted:a7b8273a-2ad3-40d4-8a17-d2013fb86233
  FLAG b183|S211|3626ba4c zombie age_min=937 notional=$52.00 occ=HPQ260731C00028500 action=submitted:2456f859-1751-449d-9e9e-0cbcda08e9d9
  FLAG b182|S211|d5811203 zombie age_min=937 notional=$52.00 occ=HPQ260731C00028500 action=submitted:b285284d-2acb-4f9e-8dc6-00fdb003830d
options_reconcile: done
Layout: controlled:248:c000_s163_w1_0928_1005_r1 (layout changed controlled:100:c000_s173_w1_0928_1005_r1 -> controlled:248:c000_s163_w1_0928_1005_r1)
Trial layout: /home/runner/work/TradingBot/TradingBot/logs/options_trial
Docs:         skipped (local docs unavailable on this runner)
Buckets:      248
=== options_morning_bot (PAPER) 2026-07-29T11:37:21.290793-04:00 ===

[Run context]
Paper auth OK — equity $125106.28, account PA36KS87UPRS

[Setup]
Active buckets: 248 | Strategies: S165, S164, S168, S167, S166, S163, S169, S170, S171, S172, S175, S200, S201, S202, S203, S204, S205, S206, S207, S208, S209, S210, S211, S212, S213, S214, S215, S216, S217, S218, S219
Dropped (no new entries; ex-reflected P&L): S173, S174
Cancelled 20 unfilled LAB entry order(s).
2026-07-29 11:37:21,840 INFO   EXIT [b236|c236_s218_w3_1045_1120_r1|S218] stop_loss (-66.7%) SELL 1 PG260731C00155000 @<= 0.02

[Manage only]
Past entry window; manage/exit only.

[Portfolio snapshot]
+========================================================================+
|  OPTIONS BOT SUMMARY                                                   |
+------------------------------------------------------------------------+
|  Mode                          manage-only                             |
|  Equity                        $125,106.28                             |
|  Signals this run              0                                       |
|  Orders submitted (session)    83                                      |
|  Orders filled today (ledger)  77                                      |
|  Entries placed this run       0                                       |
|  Open virtual lots             8                                       |
|  Broker option positions       4                                       |
|  Pending orders                14                                      |
+========================================================================+
+========================================================================+
|  BUCKET LEADERBOARD (reflected ex-S173,S174)                           |
+------------------------------------------------------------------------+
|  Reflected trades=275  buckets=29  win=30%                             |
|  Returns   avg=-5.4%  med=-40.0%  p10=-66.2%  p90=+81.8%               |
|  Realized  $+4,420.13                                                  |
|  Raw incl dropped  trades=809  real=$+2,824.58                         |
|  Today     trades=2  avg=-50.0%  med=-50.0%  real=$-3.00               |
+------------------------------------------------------------------------+
|  BKT PROFILE               N  WIN  AVG%   MED%   BEST%  REAL$          |
+------------------------------------------------------------------------+
|  b51  c051_s169_w2_1005_  1 100% +263.6 +263.6 +263.6 $   +174         |
|  b91  c091_s200_w2_1005_  2 100% +222.0 +222.0 +247.0 $   +293         |
|  b31  c031_s166_w4_1120_  2 100% +145.5 +145.5 +175.8 $   +192         |
|  b28  c028_s166_w3_1045_ 22  77% +50.0 +80.0 +102.0 $   +590           |
|  b58  c058_s170_w2_1005_  1 100% +59.1 +59.1 +59.1 $    +25            |
|  b56  c056_s170_w1_0928_  1 100% +47.7 +47.7 +47.7 $    +21            |
|  b57  c057_s170_w1_0928_  1 100% +47.7 +47.7 +47.7 $    +21            |
|  b89  c089_s200_w1_0928_  9  56% +84.4 +30.9 +790.0 $    +45           |
|  ... 21 more bucket(s) with exits                                      |
+------------------------------------------------------------------------+
|  Low  b20  c020_s165_w3_1045_  1   0% -88.9 -88.9 -88.9 $     -8       |
+========================================================================+
+========================================================================+
|  PENDING ORDERS (14)                                                   |
+------------------------------------------------------------------------+
|  Top groups                    S202:BSX(2), S166:NCLH(2), S203:APA(2)  |
+------------------------------------------------------------------------+
|  b106 S202 BSX      limit=0.07                                         |
|  b107 S202 BSX      limit=0.07                                         |
|  b28  S166 NCLH     limit=0.49                                         |
|  b29  S166 NCLH     limit=0.49                                         |
|  b116 S203 APA      limit=0.49                                         |
|  ... 9 more pending order(s)                                           |
+========================================================================+
+========================================================================+
|  PENDING EXITS (1)                                                     |
+------------------------------------------------------------------------+
|  b236 S218 PG260731C00155000 x1 stop_loss (-66.7%)                     |
+========================================================================+
+========================================================================+
|  OPEN OPTIONS (4)                                                      |
+------------------------------------------------------------------------+
|  SYMBOL                      QTY    RET%        OPEN P&L               |
|------------------------------------------------------------------------|
|  BSX260731C00048000            2    -27.3%   $    -30.00               |
|  APA260731P00036000            2    -14.5%   $    -16.00               |
|  PG260731C00150000             2    -20.0%   $    -10.00               |
|  PG260731C00155000             2    -66.7%   $     -4.00               |
+========================================================================+
Full detail: logs/options_trial/runs/2026-07-29.log
elapsed=1.0s reconcile=0.1s cancel=0.19s manage=0.44s
STATUS: options_morning_bot run complete (PAPER) elapsed=1.0s. run=#5423 https://github.com/28twagg-ops/TradingBot/actions/runs/30466559454
Evaluation complete: 30 strategies evaluated, 0 killed, 0 promote candidates.
Wrote /home/runner/work/TradingBot/TradingBot/logs/options_trial/reports/2026-07-29_buckets.md
Wrote /home/runner/work/TradingBot/TradingBot/logs/options_trial/reports/2026-07-29_buckets.csv
Summary: 2 buckets closed trades, $-3.00 realized
Wrote /home/runner/work/TradingBot/TradingBot/logs/options_trial/reports/2026-07-29_strategy_selection.md
Wrote /home/runner/work/TradingBot/TradingBot/logs/options_trial/reports/2026-07-29_strategy_selection.csv
Summary: keep=0 watch=30 drop=3
Orphan rate: 2.7% (22/809)
# Options signal frequency

_Generated 2026-07-29T11:37:26.926354_

Headline counts are **unique (strategy, underlying, date)** from `ENTRY` lines in `logs/options_trial/runs/*.log`.
Raw log-line counts (multi-bucket duplicates) are shown below for debug.

### Unique underlying symbols per day (headline)

| Date       | S163 | S164 | S165 | S166 | S167 | S168 | S169 | S170 | S171 | S172 | S175 | S173 | S174 | Total |
|------------|-----:|-----:|-----:|-----:|-----:|-----:|-----:|-----:|-----:|-----:|-----:|-----:|-----:|------:|
| 2026-07-07 |    0 |    0 |    0 |    0 |    0 |    0 |    0 |    0 |    0 |    0 |    0 |    1 |    0 |     1 |
| 2026-07-08 |    0 |    0 |    3 |    0 |    0 |    0 |    0 |    0 |    0 |    0 |    0 |    2 |    1 |     6 |
| 2026-07-09 |    0 |    0 |    1 |    0 |    0 |    0 |    0 |    0 |    0 |    0 |    0 |    2 |    3 |     6 |
| 2026-07-10 |    0 |    0 |    1 |    0 |    0 |    0 |    0 |    0 |    0 |    0 |    0 |    1 |    1 |     3 |
| 2026-07-13 |    0 |    0 |    2 |    0 |    0 |    0 |    0 |    0 |    0 |    0 |    0 |    3 |    2 |     7 |
| 2026-07-14 |    0 |    0 |    3 |    0 |    0 |    0 |    0 |    0 |    0 |    0 |    0 |    2 |    0 |     5 |
| 2026-07-16 |    0 |    0 |    2 |    0 |    0 |    0 |    0 |    0 |    0 |    0 |    0 |    3 |    0 |     5 |
| 2026-07-17 |    0 |    0 |    2 |    0 |    0 |    0 |    0 |    0 |    0 |    0 |    0 |    2 |    0 |     4 |
| 2026-07-20 |    0 |    0 |    0 |    0 |    0 |    0 |    0 |    0 |    0 |    0 |    0 |    1 |    0 |     1 |
| 2026-07-21 |    1 |    2 |    1 |    1 |    2 |    2 |    0 |    0 |    0 |    0 |    0 |    0 |    0 |     9 |
| 2026-07-22 |    1 |    1 |    1 |    0 |    1 |    0 |    0 |    0 |    0 |    0 |    0 |    0 |    0 |     4 |
| 2026-07-24 |    1 |    1 |    1 |    0 |    1 |    1 |    0 |    0 |    0 |    0 |    0 |    0 |    0 |     5 |
| 2026-07-27 |    1 |    0 |    1 |    1 |    1 |    1 |    0 |    0 |    0 |    0 |    0 |    0 |    0 |     5 |
| 2026-07-28 |    1 |    1 |    1 |    1 |    1 |    1 |    0 |    0 |    0 |    0 |    0 |    0 |    0 |     6 |
| 2026-07-29 |    1 |    2 |    1 |    1 |    1 |    0 |    0 |    0 |    0 |    0 |    0 |    0 |    0 |     6 |

## Per-strategy summary (unique underlyings)

| Strategy | Unique entries | Active days | Avg unique / active day | Est. active days to n=30 exits* |
|----------|---------------:|------------:|------------------------:|--------------------------------|
| S163 | 6 | 6 | 1.0 | ~38 active signal-days |
| S164 | 7 | 5 | 1.4 | ~27 active signal-days |
| S165 | 20 | 13 | 1.5 | ~25 active signal-days |
| S166 | 4 | 4 | 1.0 | ~38 active signal-days |
| S167 | 7 | 6 | 1.2 | ~33 active signal-days |
| S168 | 5 | 4 | 1.2 | ~30 active signal-days |
| S169 | 0 | 0 | 0.0 | inf (no unique entries yet) |
| S170 | 0 | 0 | 0.0 | inf (no unique entries yet) |
| S171 | 0 | 0 | 0.0 | inf (no unique entries yet) |
| S172 | 0 | 0 | 0.0 | inf (no unique entries yet) |
| S175 | 0 | 0 | 0.0 | inf (no unique entries yet) |
| S173 | 17 | 9 | 1.9 | ~20 active signal-days |
| S174 | 7 | 4 | 1.8 | ~22 active signal-days |

\* Formula: `ceil(30 / (avg_unique_per_active_day * 80%))`. Update when real exit rates are known.

## Signal frequency by window (all time, unique strategy×symbol×date×window)

| Window | S163 | S164 | S165 | S166 | S167 | S168 | S169 | S170 | S171 | S172 | S175 | S173 | S174 | Total |
|--------|-----:|-----:|-----:|-----:|-----:|-----:|-----:|-----:|-----:|-----:|-----:|-----:|-----:|------:|
| w1     |    2 |    1 |    6 |    1 |    2 |    1 |    0 |    0 |    0 |    0 |    0 |    7 |    1 |    21 |
| w2     |    5 |    4 |   10 |    4 |    5 |    4 |    0 |    0 |    0 |    0 |    0 |    6 |    3 |    41 |
| w3     |    5 |    4 |   11 |    3 |    5 |    3 |    0 |    0 |    0 |    0 |    0 |    7 |    4 |    42 |
| w4     |    4 |    2 |    8 |    2 |    3 |    3 |    0 |    0 |    0 |    0 |    0 |    6 |    3 |    31 |

Windows (ET): w1 09:28–10:05 · w2 10:05–10:45 · w3 10:45–11:20 · w4 11:20–11:35. Parsed from controlled-layout profile names in ENTRY log lines.

## Raw vs unique totals

| Strategy | Raw log lines (includes multi-bucket duplicates) | Unique underlying symbols |
|----------|-------------------------------------------------:|--------------------------:|
| S163 | 205 | 6 |
| S164 | 229 | 7 |
| S165 | 1675 | 20 |
| S166 | 105 | 4 |
| S167 | 229 | 7 |
| S168 | 150 | 5 |
| S169 | 0 | 0 |
| S170 | 0 | 0 |
| S171 | 0 | 0 |
| S172 | 0 | 0 |
| S175 | 0 | 0 |
| S173 | 1911 | 17 |
| S174 | 891 | 7 |

### Raw log lines per day (debug / multi-bucket)

| Date       | S163 | S164 | S165 | S166 | S167 | S168 | S169 | S170 | S171 | S172 | S175 | S173 | S174 | Total |
|------------|-----:|-----:|-----:|-----:|-----:|-----:|-----:|-----:|-----:|-----:|-----:|-----:|-----:|------:|
| 2026-07-07 |    0 |    0 |    0 |    0 |    0 |    0 |    0 |    0 |    0 |    0 |    0 |  100 |    0 |   100 |
| 2026-07-08 |    0 |    0 |  100 |    0 |    0 |    0 |    0 |    0 |    0 |    0 |    0 |  100 |  100 |   300 |
| 2026-07-09 |    0 |    0 |   24 |    0 |    0 |    0 |    0 |    0 |    0 |    0 |    0 |  100 |   15 |   139 |
| 2026-07-10 |    0 |    0 |  242 |    0 |    0 |    0 |    0 |    0 |    0 |    0 |    0 |  230 |  202 |   674 |
| 2026-07-13 |    0 |    0 |  190 |    0 |    0 |    0 |    0 |    0 |    0 |    0 |    0 |  212 |  188 |   590 |
| 2026-07-14 |    0 |    0 |  194 |    0 |    0 |    0 |    0 |    0 |    0 |    0 |    0 |  185 |  106 |   485 |
| 2026-07-15 |    0 |    0 |  146 |    0 |    0 |    0 |    0 |    0 |    0 |    0 |    0 |  154 |   58 |   358 |
| 2026-07-16 |    0 |    0 |  179 |    0 |    0 |    0 |    0 |    0 |    0 |    0 |    0 |  205 |   58 |   442 |
| 2026-07-17 |    0 |    0 |  127 |    0 |    0 |    0 |    0 |    0 |    0 |    0 |    0 |  207 |   58 |   392 |
| 2026-07-20 |    0 |    0 |  107 |    0 |    0 |    0 |    0 |    0 |    0 |    0 |    0 |  143 |   58 |   308 |
| 2026-07-21 |   30 |   35 |  113 |   30 |   35 |   35 |    0 |    0 |    0 |    0 |    0 |  118 |   48 |   444 |
| 2026-07-22 |   40 |   47 |   86 |   15 |   45 |   20 |    0 |    0 |    0 |    0 |    0 |   77 |    0 |   330 |
| 2026-07-23 |   30 |   42 |   50 |   15 |   40 |   20 |    0 |    0 |    0 |    0 |    0 |   40 |    0 |   237 |
| 2026-07-24 |   75 |   87 |   85 |   15 |   77 |   55 |    0 |    0 |    0 |    0 |    0 |   40 |    0 |   434 |
| 2026-07-27 |   14 |    0 |   14 |   14 |   14 |   14 |    0 |    0 |    0 |    0 |    0 |    0 |    0 |    70 |
| 2026-07-28 |    6 |    8 |    8 |    8 |    8 |    6 |    0 |    0 |    0 |    0 |    0 |    0 |    0 |    44 |
| 2026-07-29 |   10 |   10 |   10 |    8 |   10 |    0 |    0 |    0 |    0 |    0 |    0 |    0 |    0 |    48 |

## Notes

- Pre-router-fix (before 2026-07-17 commit `56660c9e`): S163/S166 were starved — expect zeros until a post-fix entry-window gap-down day.
- Controlled layout places one ENTRY per matching bucket×strategy; raw counts inflate, unique underlyings do not.


Wrote /home/runner/work/TradingBot/TradingBot/logs/options_trial/reports/signal_frequency.md
## Ledger health — 2026-07-29
| Check                       | Count | Status |
|-----------------------------|------:|--------|
| Current stuck (state)       |     0 | OK |
| Orphaned lots (post-stable) |    60 | WARN | <<<
| Missing exit records (post) |    60 | WARN | <<<
| State/ledger mismatches     |     0 | OK |
| Total open lots             |     8 | INFO |
| Total closed lots           |   320 | INFO |
| Pre-cutoff audit debt       |     0 | INFO |
| Transition audit debt       |   744 | INFO |

Wrote /home/runner/work/TradingBot/TradingBot/logs/options_trial/reports/ledger_health.md
Wrote /home/runner/work/TradingBot/TradingBot/logs/dashboard.html
equity=473.18 router=CONFIRMED leaderboard_rows=33
Wrote /home/runner/work/TradingBot/TradingBot/logs/rubber_band_report.md
| 1 | MomReversal | 9 | 33% | +0.31% | -0.78% | -1.14% | 4.09 | 1.3d | $+1.33 | WATCH |
| 2 | unknown | 32 | 19% | -0.03% | -0.59% | -1.27% | 1.44 | 0.0d | $+0.29 | ACTIVE |
