15:55:54  INFO      Mode: exits
15:55:55  INFO        Daily log -> logs/daily/2026-08-18.md
15:55:55  INFO        Daily log reconciled -> logs/daily/2026-08-18.md (2 ledger rows)
15:55:55  INFO        place_all_stops: checking 7 positions...
15:55:55  INFO        STOP skipped AEE: fractional (0.6341 shares) — software exit will handle it
15:55:55  INFO        STOP skipped AFL: fractional (0.5726 shares) — software exit will handle it
15:55:55  INFO        STOP skipped AON: fractional (0.2011 shares) — software exit will handle it
15:55:55  INFO        [positions] 3/3 (3 valid)
15:55:55  INFO        SELL MARKET [urgent] AFL closed
15:55:58  INFO        TX logged: SELL AFL  P&L -0.52%
15:55:58  INFO        Daily log -> logs/daily/2026-08-18.md

+========================================================================+
|  RUBBER BAND BOT  v8                                                   |
+------------------------------------------------------------------------+
|  Mode                                                             EXITS|
|  Time                                                         15:55 UTC|
|  Regime                                                            BULL|
|  Universe                                                          both|
|  Equity                                                         $480.29|
+========================================================================+

+========================================================================+
|                           STOCKS EXIT CHECK                            |
+========================================================================+
|  Exit logic                   stop-0.5% / 3d max  (midline at EOD only)|
+------------------------------------------------------------------------+
|  AFL  P&L -0.5%  $-0.36                         EXIT: stop_loss (-0.5%)|
|  AEE  P&L -0.4%  $-0.31                                            HOLD|
|  AON  P&L -0.3%  $-0.20                                            HOLD|
+========================================================================+

+========================================================================+
|                            EXIT RUN SUMMARY                            |
+========================================================================+
|  Mode                                                             exits|
|  Candidates                                                           3|
|  Deferred/Skipped                                      already logged 0|
|  Data skips                                             no price data 0|
|  Se~  1 attempted  |  1 filled  |  0 partial  |  0 pending  |  0 failed|
|  Holds                                                                2|
|  Logged exits                                                         1|
+========================================================================+

+========================================================================+
|            OPTIONS SLEEVE  (managed by options_live_micro)             |
+========================================================================+
|  CONTRACT                ENTRY    NOW      P&L%     P&L$      MV       |
+------------------------------------------------------------------------+
|  AVGO260821C00412500     $0.31    $0.19    -38.7%   $-12.00   $19.00   |
|  CELH260821C00030000     $0.70    $0.51    -27.1%   $-19.00   $51.00   |
|  NKE260821C00040000      $0.54    $0.63    +16.7%   $+9.00    $63.00   |
|  TSLA260821C00357500     $0.62    $0.96    +54.8%   $+34.00   $96.00   |
|                                                                        |
|  Options open P&L                                               $+12.00|
+========================================================================+

+========================================================================+
|                      STOP-LOSS BREACHES THIS RUN                       |
+========================================================================+
|  AFL                                         -0.52%  (threshold -0.50%)|
|  Count                                                                1|
+========================================================================+
|  Stop-loss look file                  logs/stop_losses_to_look_into.txt|
|  New investigations added                                             0|
+========================================================================+
