options_reconcile: state=/home/runner/work/TradingBot/TradingBot/logs/options_trial/_state/lab_state.json
  open_lots=58 paper_keys=yes dry_run=False
  alpaca positions=20
options_reconcile: done
Layout: controlled:1164:live_1to1+variations (layout changed controlled:100:c000_s173_w1_0928_1005_r1 -> controlled:1164:live_1to1+variations)
Trial layout: /home/runner/work/TradingBot/TradingBot/logs/options_trial
Docs:         skipped (local docs unavailable on this runner)
Buckets:      1164
PROBE OK: paper account status=AccountStatus.ACTIVE equity=$1,006,565.10
  buying_power=$4,007,876.40 cash=$1,003,019.10
  open option orders: 17
    AVGO260909C00375000 OrderSide.SELL qty=1 status=OrderStatus.NEW limit=None
    AVGO260911C00385000 OrderSide.SELL qty=2 status=OrderStatus.NEW limit=None
    AVGO260904C00357500 OrderSide.SELL qty=1 status=OrderStatus.NEW limit=None
    META260904C00645000 OrderSide.SELL qty=2 status=OrderStatus.NEW limit=None
    AVGO260909C00380000 OrderSide.SELL qty=8 status=OrderStatus.NEW limit=None
  open option positions: 20
    AVGO260904C00360000 qty=1 mkt=$151.00
    AVGO260904C00362500 qty=10 mkt=$1,080.00
    AVGO260904C00367500 qty=1 mkt=$52.00
    AVGO260909C00372500 qty=6 mkt=$618.00
    AVGO260909C00380000 qty=8 mkt=$408.00
PROBE: check-only pass (use --smoke-entry to place a test order)
=== options_morning_bot (PAPER) 2026-09-03T11:56:09.000873-04:00 ===

[Run context]
Paper auth OK — equity $1006569.10, account PA33P8KT02IL

[Setup]
LIVE 1:1 bucket b90 live_1to1 — S218, S404, S406 | TP+50%/SL-40% | stop-mkt | min $20
Variation study: 1163 lab/promising bucket(s) | cohort: all paper strategies | max 400 new entries/run
Dropped (no new entries; ex-reflected P&L): S203, S207, S212, S360, S405, S407
2026-09-03 11:56:11,261 INFO   EXIT [b277|lab0277_s350_w1_0928_1005_r2|S350] take_profit (+114.9%) SELL 1 AVGO260904C00362500 @<= 1.05
2026-09-03 11:56:12,229 INFO   EXIT [b0|orphan_reconcile|ORPHAN] take_profit (+73.3%) SELL 1 AVGO260904C00367500 @<= 0.49
2026-09-03 11:56:13,562 INFO   EXIT [b305|lab0305_s354_w1_0928_1005_r2|S354] take_profit (+77.6%) SELL 1 AVGO260909C00372500 @<= 1.00
  EXIT [b439|lab0439_s366_w4_1120_1135_r2|S366] take_profit (+166.0%) SELL failed MARA260925C00011000: {"code":40310000,"message":"account not eligible to trade uncovered option contracts"}
  EXIT [b438|lab0438_s366_w4_1120_1135_r1|S366] take_profit (+166.0%) SELL failed MARA260925C00011000: {"code":40310000,"message":"account not eligible to trade uncovered option contracts"}
  EXIT [b85|lab0085_s210_w3_1045_1120_r2|S210] take_profit (+52.0%) SELL failed NVDA260904C00232500: {"code":40310000,"message":"account not eligible to trade uncovered option contracts"}
  EXIT [b84|lab0084_s210_w3_1045_1120_r1|S210] take_profit (+52.0%) SELL failed NVDA260904C00232500: {"code":40310000,"message":"account not eligible to trade uncovered option contracts"}
2026-09-03 11:56:15,681 INFO   EXIT [b0|orphan_reconcile|ORPHAN] take_profit (+130.9%) SELL 1 AVGO260904C00360000 @<= 1.56
2026-09-03 11:56:16,098 INFO   EXIT [b366|lab0366_s361_w3_1045_1120_r1|S361] take_profit (+1028.6%) SELL 1 MARA260904C00011000 @<= 0.80
  EXIT [b901|lab0901_s411_w2_1005_1045_r2|S411] take_profit (+61.5%) SELL failed RBLX260904C00042000: {"code":40310000,"message":"account not eligible to trade uncovered option contracts"}
  EXIT [b900|lab0900_s411_w2_1005_1045_r1|S411] take_profit (+61.5%) SELL failed RBLX260904C00042000: {"code":40310000,"message":"account not eligible to trade uncovered option contracts"}
Protective stops: placed=1 upgraded=0 already=10 failed=6 (market-first)

[Manage only]
Past entry window; manage/exit only.

[Portfolio snapshot]
+========================================================================+
|[OPTIONS BOT DAILY VITALS (MATRIX EXPERIMENT)]                          |
+========================================================================+
|-- ACCOUNT STATUS (manage-only) --                                      |
|Equity       : $1,006,569.10                                            |
|Open Risk    : 53 lots (19 broker pos)                                  |
|Today's Run  : 0 signals -> 0 orders submitted                          |
|                                                                        |
|-- SYSTEM HEALTH --                                                     |
|Zombies      : 0 (Ledger is clean)                                      |
|Lab Status   : 53 Active Lots | 0 Pending Orders                        |
|Auto-Matrix  : (Pending EOD report generation)                          |
+========================================================================+
+========================================================================+
|[DATA QUALITY: CLEAN vs ERRORS vs KEEP-ONLY]                            |
+========================================================================+
|  CLEAN              n=983   win= 48.6%  med= -17.2%  $+14,020          |
|  TAINTED            n=1772  win= 33.2%  med= -39.0%  $-9,135           |
|  KEEP-only          n=519   win= 63.6%  med= +50.0%  $+9,413           |
|  KEEP recent        n=318   win= 60.7%  med= +53.4%  $+4,608           |
|  KEEP(21): S173,S174,S210,S218,S350,S352,S355,S357...                  |
|  KILL(16): ORPHAN,S203,S207,S211,S212,S216,S217,S351...                |
+========================================================================+
+========================================================================+
|[+++ OVERPERFORMING STRATEGIES (n>=10)]                                 |
+========================================================================+
|  BKT  PROFILE                   WIN%   MED%   TOTAL TRADES             |
|  ---------------------------------------------------------             |
|  b832 lab0832_s406_w3_1045..  83%  +138.5%    12                       |
|  b238 lab0238_s401_w3_1045..  81%  +115.2%    16                       |
|  b861 lab0861_s408_w3_1045..  73%  +100.0%    11                       |
|  b833 lab0833_s406_w3_1045..  86%  +98.1%    14                        |
+========================================================================+
|[--- UNDERPERFORMING STRATEGIES (n>=10)]                                |
+========================================================================+
|  BKT  PROFILE                   WIN%   MED%   TOTAL TRADES             |
|  ---------------------------------------------------------             |
|  b47  lab0047_s205_w4_1120..   4%  -78.0%    28                        |
|  b307 lab0307_s354_w2_1005..  30%  -69.9%    10                        |
|  b84  lab0084_s210_w3_1045..  42%  -67.4%    12                        |
|  b1   lab0001_s200_w1_0928..   0%  -65.8%    10                        |
+========================================================================+
+========================================================================+
|[PENDING EXITS (6)]                                                     |
+========================================================================+
|  b96  S211 DKNG260904C00026500 x1 stop_loss (-66.7%)                   |
|  b277 S350 AVGO260904C00362500 x1 take_profit (+114.9%                 |
|  b0   ORPHAN AVGO260904C00367500 x1 take_profit (+73.3%)               |
|  b305 S354 AVGO260909C00372500 x1 take_profit (+77.6%)                 |
|  b0   ORPHAN AVGO260904C00360000 x1 take_profit (+130.9%               |
|  ... 1 more pending exit(s)                                            |
+========================================================================+
+========================================================================+
|[OPEN OPTIONS (19)]                                                     |
+========================================================================+
|  SYMBOL                      QTY    RET%        OPEN P&L               |
|  ---------------------------------------------------------             |
|  AVGO260904C00362500           9   +116.9%   $   +519.00               |
|  MARA260904C00011000           5  +1028.6%   $   +360.00               |
|  AVGO260909C00372500           5    +77.6%   $   +225.00               |
|  MARA260925C00011000           2   +166.0%   $   +171.00               |
|  RBLX260904C00041000          -1   -380.6%   $   -118.00               |
|  AVGO260909C00380000           8    +37.8%   $   +112.00               |
|  AVGO260904C00360000           1   +137.0%   $    +89.60               |
|  RBLX260904C00041500          -1   -385.7%   $    -81.00               |
|  ... 11 more position(s)                                               |
+========================================================================+
Full detail: logs/options_trial/runs/2026-09-03.log
elapsed=10.2s reconcile=1.03s cancel=0.15s manage=6.39s
STATUS: options_morning_bot run complete (PAPER) elapsed=10.2s. run=#8955 https://github.com/28twagg-ops/TradingBot/actions/runs/33775479353
Evaluation complete: 100 strategies evaluated, 0 killed, 0 promote candidates.
Wrote /home/runner/work/TradingBot/TradingBot/logs/options_trial/reports/2026-09-03_buckets.md
Wrote /home/runner/work/TradingBot/TradingBot/logs/options_trial/reports/2026-09-03_buckets.csv
Summary: 116 buckets closed trades, $+5,635.60 realized
STALE WARNING: 1 bucket(s) with open lots and last_entry >5d
Wrote /home/runner/work/TradingBot/TradingBot/logs/options_trial/reports/2026-09-03_strategy_selection.md
Wrote /home/runner/work/TradingBot/TradingBot/logs/options_trial/reports/2026-09-03_strategy_selection.csv
Summary: keep=0 watch=83 drop=22
Orphan rate: 12.6% (348/2755) ALERT
# Options signal frequency

_Generated 2026-09-03T11:56:24.082239_

Headline counts are **unique (strategy, underlying, date)** from `ENTRY` lines in `logs/options_trial/runs/*.log`.
Raw log-line counts (multi-bucket duplicates) are shown below for debug.

### Unique underlying symbols per day (headline)

| Date       | S163 | S164 | S165 | S166 | S167 | S168 | S169 | S170 | S171 | S172 | S175 | S173 | S174 | Total |
|------------|-----:|-----:|-----:|-----:|-----:|-----:|-----:|-----:|-----:|-----:|-----:|-----:|-----:|------:|
| 2026-07-07 |    0 |    0 |    0 |    0 |    0 |    0 |    0 |    0 |    0 |    0 |    0 |    1 |    0 |     1 |
| 2026-07-08 |    0 |    0 |    3 |    0 |    0 |    0 |    0 |    0 |    0 |    0 |    0 |    2 |    1 |     6 |
| 2026-07-09 |    0 |    0 |    1 |    0 |    0 |    0 |    0 |    0 |    0 |    0 |    0 |    2 |    3 |     6 |
| 2026-07-10 |    0 |    0 |    1 |    0 |    0 |    0 |    0 |    0 |    0 |    0 |    0 |    1 |    1 |     3 |
| 2026-07-13 |    0 |    0 |    2 |    0 |    0 |    0 |    0 |    0 |    0 |    0 |    0 |    3 |    2 |     7 |
| 2026-07-14 |    0 |    0 |    3 |    0 |    0 |    0 |    0 |    0 |    0 |    0 |    0 |    2 |    0 |     5 |
| 2026-07-16 |    0 |    0 |    2 |    0 |    0 |    0 |    0 |    0 |    0 |    0 |    0 |    3 |    0 |     5 |
| 2026-07-17 |    0 |    0 |    2 |    0 |    0 |    0 |    0 |    0 |    0 |    0 |    0 |    2 |    0 |     4 |
| 2026-07-20 |    0 |    0 |    0 |    0 |    0 |    0 |    0 |    0 |    0 |    0 |    0 |    1 |    0 |     1 |
| 2026-07-21 |    1 |    2 |    1 |    1 |    2 |    2 |    0 |    0 |    0 |    0 |    0 |    0 |    0 |     9 |
| 2026-07-22 |    1 |    1 |    1 |    0 |    1 |    0 |    0 |    0 |    0 |    0 |    0 |    0 |    0 |     4 |
| 2026-07-24 |    1 |    1 |    1 |    0 |    1 |    1 |    0 |    0 |    0 |    0 |    0 |    0 |    0 |     5 |
| 2026-07-27 |    1 |    0 |    1 |    1 |    1 |    1 |    0 |    0 |    0 |    0 |    0 |    0 |    0 |     5 |
| 2026-07-28 |    1 |    1 |    1 |    1 |    1 |    1 |    0 |    0 |    0 |    0 |    0 |    0 |    0 |     6 |
| 2026-07-29 |    1 |    2 |    1 |    1 |    1 |    0 |    0 |    0 |    0 |    0 |    0 |    0 |    0 |     6 |
| 2026-09-01 |    2 |    2 |    2 |    1 |    2 |    2 |    0 |    0 |    0 |    0 |    0 |    0 |    0 |    11 |
| 2026-09-02 |    1 |    1 |    1 |    1 |    1 |    1 |    0 |    0 |    0 |    0 |    0 |    0 |    0 |     6 |
| 2026-09-03 |    1 |    1 |    1 |    1 |    1 |    1 |    0 |    0 |    0 |    0 |    0 |    0 |    0 |     6 |

## Per-strategy summary (unique underlyings)

| Strategy | Unique entries | Active days | Avg unique / active day | Est. active days to n=30 exits* |
|----------|---------------:|------------:|------------------------:|--------------------------------|
| S163 | 10 | 9 | 1.1 | ~34 active signal-days |
| S164 | 11 | 8 | 1.4 | ~28 active signal-days |
| S165 | 24 | 16 | 1.5 | ~25 active signal-days |
| S166 | 7 | 7 | 1.0 | ~38 active signal-days |
| S167 | 11 | 9 | 1.2 | ~31 active signal-days |
| S168 | 9 | 7 | 1.3 | ~30 active signal-days |
| S169 | 0 | 0 | 0.0 | inf (no unique entries yet) |
| S170 | 0 | 0 | 0.0 | inf (no unique entries yet) |
| S171 | 0 | 0 | 0.0 | inf (no unique entries yet) |
| S172 | 0 | 0 | 0.0 | inf (no unique entries yet) |
| S175 | 0 | 0 | 0.0 | inf (no unique entries yet) |
| S173 | 17 | 9 | 1.9 | ~20 active signal-days |
| S174 | 7 | 4 | 1.8 | ~22 active signal-days |

\* Formula: `ceil(30 / (avg_unique_per_active_day * 80%))`. Update when real exit rates are known.

## Signal frequency by window (all time, unique strategy×symbol×date×window)

| Window | S163 | S164 | S165 | S166 | S167 | S168 | S169 | S170 | S171 | S172 | S175 | S173 | S174 | Total |
|--------|-----:|-----:|-----:|-----:|-----:|-----:|-----:|-----:|-----:|-----:|-----:|-----:|-----:|------:|
| w1     |    4 |    3 |    8 |    2 |    4 |    3 |    0 |    0 |    0 |    0 |    0 |    7 |    1 |    32 |
| w2     |    6 |    5 |   11 |    6 |    6 |    5 |    0 |    0 |    0 |    0 |    0 |    6 |    3 |    48 |
| w3     |    8 |    6 |   13 |    5 |    7 |    6 |    0 |    0 |    0 |    0 |    0 |    7 |    4 |    56 |
| w4     |    6 |    4 |   10 |    3 |    5 |    6 |    0 |    0 |    0 |    0 |    0 |    6 |    3 |    43 |

Windows (ET): w1 09:28–10:05 · w2 10:05–10:45 · w3 10:45–11:20 · w4 11:20–11:35. Parsed from controlled-layout profile names in ENTRY log lines.

## Raw vs unique totals

| Strategy | Raw log lines (includes multi-bucket duplicates) | Unique underlying symbols |
|----------|-------------------------------------------------:|--------------------------:|
| S163 | 233 | 10 |
| S164 | 249 | 11 |
| S165 | 1695 | 24 |
| S166 | 125 | 7 |
| S167 | 249 | 11 |
| S168 | 180 | 9 |
| S169 | 0 | 0 |
| S170 | 0 | 0 |
| S171 | 0 | 0 |
| S172 | 0 | 0 |
| S175 | 0 | 0 |
| S173 | 1911 | 17 |
| S174 | 891 | 7 |

### Raw log lines per day (debug / multi-bucket)

| Date       | S163 | S164 | S165 | S166 | S167 | S168 | S169 | S170 | S171 | S172 | S175 | S173 | S174 | Total |
|------------|-----:|-----:|-----:|-----:|-----:|-----:|-----:|-----:|-----:|-----:|-----:|-----:|-----:|------:|
| 2026-07-07 |    0 |    0 |    0 |    0 |    0 |    0 |    0 |    0 |    0 |    0 |    0 |  100 |    0 |   100 |
| 2026-07-08 |    0 |    0 |  100 |    0 |    0 |    0 |    0 |    0 |    0 |    0 |    0 |  100 |  100 |   300 |
| 2026-07-09 |    0 |    0 |   24 |    0 |    0 |    0 |    0 |    0 |    0 |    0 |    0 |  100 |   15 |   139 |
| 2026-07-10 |    0 |    0 |  242 |    0 |    0 |    0 |    0 |    0 |    0 |    0 |    0 |  230 |  202 |   674 |
| 2026-07-13 |    0 |    0 |  190 |    0 |    0 |    0 |    0 |    0 |    0 |    0 |    0 |  212 |  188 |   590 |
| 2026-07-14 |    0 |    0 |  194 |    0 |    0 |    0 |    0 |    0 |    0 |    0 |    0 |  185 |  106 |   485 |
| 2026-07-15 |    0 |    0 |  146 |    0 |    0 |    0 |    0 |    0 |    0 |    0 |    0 |  154 |   58 |   358 |
| 2026-07-16 |    0 |    0 |  179 |    0 |    0 |    0 |    0 |    0 |    0 |    0 |    0 |  205 |   58 |   442 |
| 2026-07-17 |    0 |    0 |  127 |    0 |    0 |    0 |    0 |    0 |    0 |    0 |    0 |  207 |   58 |   392 |
| 2026-07-20 |    0 |    0 |  107 |    0 |    0 |    0 |    0 |    0 |    0 |    0 |    0 |  143 |   58 |   308 |
| 2026-07-21 |   30 |   35 |  113 |   30 |   35 |   35 |    0 |    0 |    0 |    0 |    0 |  118 |   48 |   444 |
| 2026-07-22 |   40 |   47 |   86 |   15 |   45 |   20 |    0 |    0 |    0 |    0 |    0 |   77 |    0 |   330 |
| 2026-07-23 |   30 |   42 |   50 |   15 |   40 |   20 |    0 |    0 |    0 |    0 |    0 |   40 |    0 |   237 |
| 2026-07-24 |   75 |   87 |   85 |   15 |   77 |   55 |    0 |    0 |    0 |    0 |    0 |   40 |    0 |   434 |
| 2026-07-27 |   14 |    0 |   14 |   14 |   14 |   14 |    0 |    0 |    0 |    0 |    0 |    0 |    0 |    70 |
| 2026-07-28 |    6 |    8 |    8 |    8 |    8 |    6 |    0 |    0 |    0 |    0 |    0 |    0 |    0 |    44 |
| 2026-07-29 |   10 |   10 |   10 |    8 |   10 |    0 |    0 |    0 |    0 |    0 |    0 |    0 |    0 |    48 |
| 2026-09-01 |    8 |    6 |    6 |    2 |    6 |    6 |    0 |    0 |    0 |    0 |    0 |    0 |    0 |    34 |
| 2026-09-02 |   10 |   10 |   10 |    2 |   10 |   14 |    0 |    0 |    0 |    0 |    0 |    0 |    0 |    56 |
| 2026-09-03 |   10 |    4 |    4 |   16 |    4 |   10 |    0 |    0 |    0 |    0 |    0 |    0 |    0 |    48 |

## Notes

- Pre-router-fix (before 2026-07-17 commit `56660c9e`): S163/S166 were starved — expect zeros until a post-fix entry-window gap-down day.
- Controlled layout places one ENTRY per matching bucket×strategy; raw counts inflate, unique underlyings do not.


Wrote /home/runner/work/TradingBot/TradingBot/logs/options_trial/reports/signal_frequency.md
## Ledger health — 2026-09-03
| Check                       | Count | Status |
|-----------------------------|------:|--------|
| Current stuck (state)       |     0 | OK |
| Orphaned lots (post-stable) |   981 | WARN | <<<
| Missing exit records (post) |   981 | WARN | <<<
| State/ledger mismatches     |     2 | WARN | <<<
| Total open lots             |    53 | INFO |
| Total closed lots           |  1940 | INFO |
| Pre-cutoff audit debt       |     0 | INFO |
| Transition audit debt       |   744 | INFO |

Wrote /home/runner/work/TradingBot/TradingBot/logs/options_trial/reports/ledger_health.md
Wrote /home/runner/work/TradingBot/TradingBot/logs/options_trial/reports/2026-09-03_data_quality.md
Wrote /home/runner/work/TradingBot/TradingBot/logs/options_trial/reports/2026-09-03_data_quality.csv
Wrote /home/runner/work/TradingBot/TradingBot/logs/options_trial/reports/latest_data_quality.json
Wrote /home/runner/work/TradingBot/TradingBot/logs/options_trial/reports/latest_data_quality_snippet.md
CLEAN n=983 med=-17.2% | TAINTED n=1772 med=-39.0% | KEEP-only n=519 med=+50.0% | KILL=16 KEEP=21
Wrote /home/runner/work/TradingBot/TradingBot/logs/dashboard.html
equity=230.43 router=CONFIRMED leaderboard_rows=105
Wrote /home/runner/work/TradingBot/TradingBot/logs/rubber_band_report.md
| 1 | MA_Squeeze | 2 | 100% | +0.56% | +0.56% | +0.17% | 999.00 | 0.0d | $+0.80 | WATCH |
| 2 | unknown | 32 | 19% | -0.03% | -0.59% | -1.27% | 1.44 | 0.0d | $+0.29 | ACTIVE |
