=== options_live_micro LIVE 2026-08-21T13:50:53.866797-04:00 share=25% ===
2026-08-21 13:50:53,866 INFO === options_live_micro LIVE 2026-08-21T13:50:53.866797-04:00 share=25% ===
Live account equity $316.87 cash $201.38 #225458845 options_level=3
2026-08-21 13:50:53,929 INFO Live account equity $316.87 cash $201.38 #225458845 options_level=3
Live micro cancel-scan WMT260821C00110000: symbol-scoped n=1
2026-08-21 13:50:53,955 INFO Live micro cancel-scan WMT260821C00110000: symbol-scoped n=1
Live micro cancel stale sell WMT260821C00110000 id=64a989b9-c6a8-4887-af58-e25971af21e1 cid=OLX|59e874a25b01 broker_sym='WMT260821C00110000'
2026-08-21 13:50:53,967 INFO Live micro cancel stale sell WMT260821C00110000 id=64a989b9-c6a8-4887-af58-e25971af21e1 cid=OLX|59e874a25b01 broker_sym='WMT260821C00110000'
Live micro orphan_adopt WMT260821C00110000 x1 entry=0.09
2026-08-21 13:50:53,967 INFO Live micro orphan_adopt WMT260821C00110000 x1 entry=0.09
Live micro hold ORPHAN COST260828C01000000 -28.6% (tp +50% / sl -40%)
2026-08-21 13:50:53,982 INFO Live micro hold ORPHAN COST260828C01000000 -28.6% (tp +50% / sl -40%)
Live micro cancel-scan WMT260821C00110000: symbol-scoped n=1
2026-08-21 13:50:54,007 INFO Live micro cancel-scan WMT260821C00110000: symbol-scoped n=1
Live micro cancel stale sell WMT260821C00110000 id=64a989b9-c6a8-4887-af58-e25971af21e1 cid=OLX|59e874a25b01 broker_sym='WMT260821C00110000'
2026-08-21 13:50:54,018 INFO Live micro cancel stale sell WMT260821C00110000 id=64a989b9-c6a8-4887-af58-e25971af21e1 cid=OLX|59e874a25b01 broker_sym='WMT260821C00110000'
LIVE EXIT stop_loss (-100.0%) WMT260821C00110000 x1 limit=0.01 id=1c59410a-a50e-4d63-85e8-7b2406b38b4c
2026-08-21 13:50:54,252 INFO LIVE EXIT stop_loss (-100.0%) WMT260821C00110000 x1 limit=0.01 id=1c59410a-a50e-4d63-85e8-7b2406b38b4c
Live micro cancel-scan COST260828C01000000: symbol-scoped n=1
2026-08-21 13:50:54,265 INFO Live micro cancel-scan COST260828C01000000: symbol-scoped n=1
Live micro cancel-scan COST260828C01000000: no non-OLS sell to cancel
2026-08-21 13:50:54,265 INFO Live micro cancel-scan COST260828C01000000: no non-OLS sell to cancel
LIVE PROT check COST260828C01000000: have_ols=True open_matched=1 ols_id=ab9b8a23-2f03-4a3a-b25a-799118f49712 ols_type=stop
2026-08-21 13:50:54,316 INFO LIVE PROT check COST260828C01000000: have_ols=True open_matched=1 ols_id=ab9b8a23-2f03-4a3a-b25a-799118f49712 ols_type=stop
Live micro: manage/exits only
2026-08-21 13:50:54,316 INFO Live micro: manage/exits only
Live micro done. open_options=2 lots=1
2026-08-21 13:50:54,372 INFO Live micro done. open_options=2 lots=1
