Layout: controlled:100:c000_s173_w1_0928_1005_r1
Trial layout: /home/runner/work/TradingBot/TradingBot/logs/options_trial
Docs:         skipped (local docs unavailable on this runner)
Buckets:      100
=== options_morning_bot (PAPER) 2026-07-13T10:40:47.819875-04:00 ===

[Run context]
Paper auth OK — equity $134572.33, account PA36KS87UPRS

[Setup]
Active buckets: 100 | Strategies: S173, S174, S165, S166, S163

[Scan + entries]
Scanning 903 symbols for [S173, S174, S165, S166, S163] …
Fetched daily bars for 903/903 symbols
Found 56 signal(s); top: ['S173:AMD', 'S173:AMAT', 'S173:AVGO', 'S173:CIEN', 'S173:COHR', 'S173:COIN', 'S173:FIX', 'S173:GLW']
Paper lab: $134518 broker equity -> 100 bucket(s) ($500 virtual each, unlimited paper)
  All bucket slots blocked or closed for today's signals — skip entry loop.
Placed 0 new entry order(s).

[Portfolio snapshot]
+========================================================================+
|  OPTIONS BOT SUMMARY                                                   |
+------------------------------------------------------------------------+
|  Mode                          entry+manage                            |
|  Equity                        $134,572.33                             |
|  Signals this run              56                                      |
|  Orders submitted (session)    19                                      |
|  Orders filled today (ledger)  17                                      |
|  Entries placed this run       0                                       |
|  Open virtual lots             58                                      |
|  Broker option positions       7                                       |
|  Pending orders                6                                       |
+========================================================================+
+========================================================================+
|  BUCKET LEADERBOARD                                                    |
+------------------------------------------------------------------------+
|  All-time  trades=125  buckets=48  win=64%                             |
|  Returns   avg=+14.4%  med=+30.1%  p10=-83.4%  p90=+65.1%              |
|  Realized  $+7,185.58                                                  |
|  Today     trades=13  avg=-27.9%  med=-37.5%  real=$-306.00            |
+------------------------------------------------------------------------+
|  BKT PROFILE               N  WIN  AVG%   MED%   BEST%  REAL$          |
+------------------------------------------------------------------------+
|  b70  c070_s165_w3_1045_  1 100% +59.1 +59.1 +59.1 $    +28            |
|  b58  c058_s163_w3_1045_  1 100% +59.1 +59.1 +59.1 $    +25            |
|  b73  c073_s166_w2_1005_  1 100% +55.6 +55.6 +55.6 $    +36            |
|  b92  c092_s166_w1_0928_  2 100% +53.6 +53.6 +70.8 $    +95            |
|  b93  c093_s166_w2_1005_  2 100% +53.6 +53.6 +70.8 $    +95            |
|  b95  c095_s166_w4_1120_  2 100% +50.5 +50.5 +70.8 $    +95            |
|  b96  c096_s163_w1_0928_  2 100% +50.5 +50.5 +70.8 $    +95            |
|  b98  c098_s163_w3_1045_  2 100% +50.5 +50.5 +70.8 $    +95            |
|  ... 40 more bucket(s) with exits                                      |
+------------------------------------------------------------------------+
|  Low  b46  c046_s174_w3_1045_  2   0% -89.7 -89.7 -89.7 $   -104       |
+========================================================================+
+========================================================================+
|  PENDING ORDERS (6)                                                    |
+------------------------------------------------------------------------+
|  Top groups                    S173:SMCI(5), S174:AVGO(1)              |
+------------------------------------------------------------------------+
|  b1   S173 SMCI     limit=0.61                                         |
|  b21  S173 SMCI     limit=0.61                                         |
|  b41  S173 SMCI     limit=0.61                                         |
|  b61  S173 SMCI     limit=0.61                                         |
|  b81  S173 SMCI     limit=0.61                                         |
|  ... 1 more pending order(s)                                           |
+========================================================================+
+========================================================================+
|  PENDING EXITS (3)                                                     |
+------------------------------------------------------------------------+
|  b85  S174 INTC260713C00114000 x1 stop_loss (-91.7%)                   |
|  b70  S165 INTC260713C00115000 x1 stop_loss (-98.3%)                   |
|  b80  S173 T260717C00021000 x1 take_profit (+66.7%)                    |
+========================================================================+
+========================================================================+
|  OPEN OPTIONS (7)                                                      |
+------------------------------------------------------------------------+
|  SYMBOL                      QTY    RET%        OPEN P&L               |
|------------------------------------------------------------------------|
|  INTC260713C00115000          29   -100.0%   $ -1,720.06               |
|  INTC260713C00114000           8   -100.0%   $   -575.47               |
|  T260717C00021000              8    +52.8%   $   +152.00               |
|  INTC260715C00114000           3    -33.8%   $    -72.00               |
|  INTC260715C00113000           6     +7.3%   $    +24.00               |
|  SMCI260717C00029000           3     -7.5%   $    -15.00               |
|  NEM260717C00100000            1    -21.2%   $     -7.00               |
+========================================================================+
Full detail: logs/options_trial/runs/2026-07-13.log
elapsed=29.0s reconcile=3.89s cancel=0.01s manage=1.13s scan=19.82s entries=0.05s
STATUS: options_morning_bot run complete (PAPER) elapsed=29.0s. run=#3724 https://github.com/28twagg-ops/TradingBot/actions/runs/29258932799
Wrote /home/runner/work/TradingBot/TradingBot/logs/options_trial/reports/2026-07-13_buckets.md
Wrote /home/runner/work/TradingBot/TradingBot/logs/options_trial/reports/2026-07-13_buckets.csv
Summary: 5 buckets closed trades, $-306.00 realized
Wrote /home/runner/work/TradingBot/TradingBot/logs/options_trial/reports/2026-07-13_strategy_selection.md
Wrote /home/runner/work/TradingBot/TradingBot/logs/options_trial/reports/2026-07-13_strategy_selection.csv
Summary: keep=0 watch=5 drop=0
