options_reconcile: state=/home/runner/work/TradingBot/TradingBot/logs/options_trial/_state/lab_state.json
  open_lots=128 paper_keys=yes dry_run=False
  alpaca positions=41
options_reconcile: done
Layout: controlled:1164:live_1to1+variations (layout changed controlled:100:c000_s173_w1_0928_1005_r1 -> controlled:1164:live_1to1+variations)
Trial layout: /home/runner/work/TradingBot/TradingBot/logs/options_trial
Docs:         skipped (local docs unavailable on this runner)
Buckets:      1164
PROBE OK: paper account status=AccountStatus.ACTIVE equity=$1,005,549.43
  buying_power=$3,973,057.72 cash=$1,000,564.43
  open option orders: 20
    MARA260911C00012500 OrderSide.SELL qty=6 status=OrderStatus.NEW limit=None
    CRWD260911C00235000 OrderSide.SELL qty=2 status=OrderStatus.NEW limit=None
    MARA260925C00012500 OrderSide.SELL qty=4 status=OrderStatus.NEW limit=None
    BA260911C00217500 OrderSide.SELL qty=2 status=OrderStatus.NEW limit=None
    UPST260911C00029000 OrderSide.SELL qty=4 status=OrderStatus.NEW limit=None
  open option positions: 41
    AVGO260904C00357500 qty=-1 mkt=$-55.00
    AVGO260904C00367500 qty=-1 mkt=$-1.00
    AVGO260909C00380000 qty=3 mkt=$141.00
    AVGO260911C00385000 qty=1 mkt=$73.00
    BA260904C00215000 qty=-1 mkt=$-1.00
PROBE: check-only pass (use --smoke-entry to place a test order)
=== options_morning_bot (PAPER) 2026-09-04T15:34:51.094680-04:00 ===

[Run context]
Paper auth OK — equity $1005566.43, account PA33P8KT02IL

[Setup]
LIVE 1:1 bucket b90 live_1to1 — S218, S404, S406 | TP+50%/SL-40% | stop-mkt | min $20
Variation study: 1163 lab/promising bucket(s) | cohort: all paper strategies | max 400 new entries/run
Dropped (no new entries; ex-reflected P&L): S203, S207, S212, S360, S405, S407
  EXIT [b901|lab0901_s411_w2_1005_1045_r2|S411] EOD SELL failed RBLX260904C00042000: {"code":40310000,"message":"account not eligible to trade uncovered option contracts"}
  EXIT [b900|lab0900_s411_w2_1005_1045_r1|S411] EOD SELL failed RBLX260904C00042000: {"code":40310000,"message":"account not eligible to trade uncovered option contracts"}
  EXIT [b20|lab0020_s202_w3_1045_1120_r1|S202] stop_loss (-62.5%) SELL failed PATH260911C00016500: {"code":40310000,"message":"account not eligible to trade uncovered option contracts"}
2026-09-04 15:34:54,191 INFO   EXIT [b181|lab0181_s217_w2_1005_1045_r2|S217] take_profit (+50.0%) SELL 1 BA260911C00217500 @<= 1.09
  EXIT [b85|lab0085_s210_w3_1045_1120_r2|S210] EOD SELL failed NVDA260904C00232500: {"code":40310000,"message":"account not eligible to trade uncovered option contracts"}
  EXIT [b84|lab0084_s210_w3_1045_1120_r1|S210] EOD SELL failed NVDA260904C00232500: {"code":40310000,"message":"account not eligible to trade uncovered option contracts"}
Protective stops: placed=0 upgraded=0 already=23 failed=9 (market-first)

[Manage only]
Past entry window; manage/exit only.

[Portfolio snapshot]
+========================================================================+
|[OPTIONS BOT DAILY VITALS (MATRIX EXPERIMENT)]                          |
+========================================================================+
|-- ACCOUNT STATUS (manage-only) --                                      |
|Equity       : $1,005,566.43                                            |
|Open Risk    : 128 lots (41 broker pos)                                 |
|Today's Run  : 0 signals -> 0 orders submitted                          |
|                                                                        |
|-- SYSTEM HEALTH --                                                     |
|Zombies      : 0 (Ledger is clean)                                      |
|Lab Status   : 128 Active Lots | 0 Pending Orders                       |
|Auto-Matrix  : (Pending EOD report generation)                          |
+========================================================================+
+========================================================================+
|[DATA QUALITY: CLEAN vs ERRORS vs KEEP-ONLY]                            |
+========================================================================+
|  CLEAN              n=1028  win= 50.1%  med=  +8.6%  $+15,654          |
|  TAINTED            n=1790  win= 33.5%  med= -38.3%  $-8,613           |
|  KEEP-only          n=551   win= 64.2%  med= +51.4%  $+10,279          |
|  KEEP recent        n=343   win= 61.2%  med= +53.6%  $+5,022           |
|  KEEP(22): S173,S174,S210,S218,S350,S352,S353,S354...                  |
|  KILL(18): ORPHAN,S164,S202,S203,S207,S211,S212,S216...                |
+========================================================================+
+========================================================================+
|[+++ OVERPERFORMING STRATEGIES (n>=10)]                                 |
+========================================================================+
|  BKT  PROFILE                   WIN%   MED%   TOTAL TRADES             |
|  ---------------------------------------------------------             |
|  b832 lab0832_s406_w3_1045..  83%  +138.5%    12                       |
|  b238 lab0238_s401_w3_1045..  81%  +115.2%    16                       |
|  b861 lab0861_s408_w3_1045..  73%  +100.0%    11                       |
|  b833 lab0833_s406_w3_1045..  86%  +98.1%    14                        |
+========================================================================+
|[--- UNDERPERFORMING STRATEGIES (n>=10)]                                |
+========================================================================+
|  BKT  PROFILE                   WIN%   MED%   TOTAL TRADES             |
|  ---------------------------------------------------------             |
|  b47  lab0047_s205_w4_1120..   4%  -78.0%    28                        |
|  b307 lab0307_s354_w2_1005..  30%  -69.9%    10                        |
|  b84  lab0084_s210_w3_1045..  42%  -67.4%    12                        |
|  b1   lab0001_s200_w1_0928..   0%  -65.8%    10                        |
+========================================================================+
+========================================================================+
|[PENDING EXITS (1)]                                                     |
+========================================================================+
|  b181 S217 BA260911C00217500 x1 take_profit (+50.0%)                   |
+========================================================================+
+========================================================================+
|[OPEN OPTIONS (41)]                                                     |
+========================================================================+
|  SYMBOL                      QTY    RET%        OPEN P&L               |
|  ---------------------------------------------------------             |
|  RBLX260904C00041000          -1   -706.5%   $   -219.00               |
|  RBLX260904C00041500          -1   -900.0%   $   -189.00               |
|  TSLA260909C00387500          12    -27.1%   $   -187.00               |
|  RBLX260904C00042000           2   +230.8%   $   +180.00               |
|  TSLA260909C00385000           4    -35.8%   $   -104.80               |
|  MARA260911C00011500          10    -17.4%   $    -80.00               |
|  BA260911C00217500             2    +47.2%   $    +68.00               |
|  MARA260918C00012000          17     -7.7%   $    -61.00               |
|  ... 33 more position(s)                                               |
+========================================================================+
Full detail: logs/options_trial/runs/2026-09-04.log
elapsed=22.1s reconcile=0.28s cancel=0.13s manage=18.3s
STATUS: options_morning_bot run complete (PAPER) elapsed=22.1s. run=#9130 https://github.com/28twagg-ops/TradingBot/actions/runs/33911472890
Evaluation complete: 100 strategies evaluated, 0 killed, 0 promote candidates.
Wrote /home/runner/work/TradingBot/TradingBot/logs/options_trial/reports/2026-09-04_buckets.md
Wrote /home/runner/work/TradingBot/TradingBot/logs/options_trial/reports/2026-09-04_buckets.csv
Summary: 20 buckets closed trades, $+366.08 realized
STALE WARNING: 1 bucket(s) with open lots and last_entry >5d
Wrote /home/runner/work/TradingBot/TradingBot/logs/options_trial/reports/2026-09-04_strategy_selection.md
Wrote /home/runner/work/TradingBot/TradingBot/logs/options_trial/reports/2026-09-04_strategy_selection.csv
Summary: keep=0 watch=83 drop=22
Orphan rate: 12.5% (353/2818) ALERT
