15:40:55  INFO      Mode: exits
15:40:56  INFO        Daily log -> logs/daily/2026-08-24.md
15:40:56  INFO        Daily log reconciled -> logs/daily/2026-08-24.md (5 ledger rows)
15:40:56  INFO        place_all_stops: checking 1 positions...
15:40:56  INFO        STOP skipped AIG: fractional (0.5947 shares) — software exit will handle it
15:40:56  INFO        [positions] 1/1 (1 valid)
15:40:56  INFO        SELL MARKET [urgent] AIG closed
15:40:58  INFO        TX logged: SELL AIG  P&L -0.59%
15:40:59  INFO        Daily log -> logs/daily/2026-08-24.md

+========================================================================+
|  RUBBER BAND BOT  v8                                                   |
+------------------------------------------------------------------------+
|  Mode                                                             EXITS|
|  Time                                                         15:40 UTC|
|  Regime                                                            BULL|
|  Universe                                                          both|
|  Equity                                                         $307.98|
+========================================================================+

+========================================================================+
|                           STOCKS EXIT CHECK                            |
+========================================================================+
|  Exit logic                   stop-0.5% / 3d max  (midline at EOD only)|
+------------------------------------------------------------------------+
|  AIG  P&L -0.6%  $-0.27                         EXIT: stop_loss (-0.6%)|
+========================================================================+

+========================================================================+
|                            EXIT RUN SUMMARY                            |
+========================================================================+
|  Mode                                                             exits|
|  Candidates                                                           1|
|  Deferred/Skipped                                      already logged 0|
|  Data skips                                             no price data 0|
|  Se~  1 attempted  |  1 filled  |  0 partial  |  0 pending  |  0 failed|
|  Holds                                                                0|
|  Logged exits                                                         1|
+========================================================================+

+========================================================================+
|            OPTIONS SLEEVE  (managed by options_live_micro)             |
+========================================================================+
|                                                                        |
|  No open option positions.                                             |
|                                                                        |
+========================================================================+

+========================================================================+
|                      STOP-LOSS BREACHES THIS RUN                       |
+========================================================================+
|  AIG                                         -0.59%  (threshold -0.50%)|
|  Count                                                                1|
+========================================================================+
|  Stop-loss look file                  logs/stop_losses_to_look_into.txt|
|  New investigations added                                             0|
+========================================================================+
