=== options_live_micro LIVE 2026-08-21T16:01:29.193752-04:00 share=25% ===
2026-08-21 16:01:29,193 INFO === options_live_micro LIVE 2026-08-21T16:01:29.193752-04:00 share=25% ===
Live account equity $307.09 cash $236.27 #225458845 options_level=3
2026-08-21 16:01:29,427 INFO Live account equity $307.09 cash $236.27 #225458845 options_level=3
Live micro cancel-scan WMT260821C00110000: symbol-scoped empty; open_book n=2
2026-08-21 16:01:29,636 INFO Live micro cancel-scan WMT260821C00110000: symbol-scoped empty; open_book n=2
  open_order id=f949fbdb-453d-4c82-b144-2b542aa62b29 sym='AES' side=OrderSide.BUY status=OrderStatus.ACCEPTED cid='Pullback50|AES|2026-08-21|2fe42e' type=OrderType.MARKET
2026-08-21 16:01:29,636 INFO   open_order id=f949fbdb-453d-4c82-b144-2b542aa62b29 sym='AES' side=OrderSide.BUY status=OrderStatus.ACCEPTED cid='Pullback50|AES|2026-08-21|2fe42e' type=OrderType.MARKET
  open_order id=ae3ea832-f930-4a09-b9dd-c006699a16fd sym='DE' side=OrderSide.BUY status=OrderStatus.ACCEPTED cid='EarningsDrift|DE|2026-08-21|43029e' type=OrderType.MARKET
2026-08-21 16:01:29,636 INFO   open_order id=ae3ea832-f930-4a09-b9dd-c006699a16fd sym='DE' side=OrderSide.BUY status=OrderStatus.ACCEPTED cid='EarningsDrift|DE|2026-08-21|43029e' type=OrderType.MARKET
Live micro cancel-scan WMT260821C00110000: matched n=0
2026-08-21 16:01:29,636 INFO Live micro cancel-scan WMT260821C00110000: matched n=0
Live micro cancel-scan WMT260821C00110000: no non-OLS sell to cancel
2026-08-21 16:01:29,636 INFO Live micro cancel-scan WMT260821C00110000: no non-OLS sell to cancel
Live micro orphan_adopt WMT260821C00110000 x1 entry=0.09
2026-08-21 16:01:29,637 INFO Live micro orphan_adopt WMT260821C00110000 x1 entry=0.09
Live micro cancel-scan WMT260821C00110000: symbol-scoped empty; open_book n=2
2026-08-21 16:01:29,914 INFO Live micro cancel-scan WMT260821C00110000: symbol-scoped empty; open_book n=2
  open_order id=f949fbdb-453d-4c82-b144-2b542aa62b29 sym='AES' side=OrderSide.BUY status=OrderStatus.ACCEPTED cid='Pullback50|AES|2026-08-21|2fe42e' type=OrderType.MARKET
2026-08-21 16:01:29,914 INFO   open_order id=f949fbdb-453d-4c82-b144-2b542aa62b29 sym='AES' side=OrderSide.BUY status=OrderStatus.ACCEPTED cid='Pullback50|AES|2026-08-21|2fe42e' type=OrderType.MARKET
  open_order id=ae3ea832-f930-4a09-b9dd-c006699a16fd sym='DE' side=OrderSide.BUY status=OrderStatus.ACCEPTED cid='EarningsDrift|DE|2026-08-21|43029e' type=OrderType.MARKET
2026-08-21 16:01:29,914 INFO   open_order id=ae3ea832-f930-4a09-b9dd-c006699a16fd sym='DE' side=OrderSide.BUY status=OrderStatus.ACCEPTED cid='EarningsDrift|DE|2026-08-21|43029e' type=OrderType.MARKET
Live micro cancel-scan WMT260821C00110000: matched n=0
2026-08-21 16:01:29,914 INFO Live micro cancel-scan WMT260821C00110000: matched n=0
Live micro cancel-scan WMT260821C00110000: no non-OLS sell to cancel
2026-08-21 16:01:29,914 INFO Live micro cancel-scan WMT260821C00110000: no non-OLS sell to cancel
LIVE EXIT failed WMT260821C00110000: {"code":42210000,"message":"contract \"WMT260821C00110000\" is expired"}
2026-08-21 16:01:56,172 INFO LIVE EXIT failed WMT260821C00110000: {"code":42210000,"message":"contract \"WMT260821C00110000\" is expired"}
Live micro cancel-scan WMT260821C00110000: symbol-scoped empty; open_book n=2
2026-08-21 16:01:56,318 INFO Live micro cancel-scan WMT260821C00110000: symbol-scoped empty; open_book n=2
  open_order id=f949fbdb-453d-4c82-b144-2b542aa62b29 sym='AES' side=OrderSide.BUY status=OrderStatus.ACCEPTED cid='Pullback50|AES|2026-08-21|2fe42e' type=OrderType.MARKET
2026-08-21 16:01:56,318 INFO   open_order id=f949fbdb-453d-4c82-b144-2b542aa62b29 sym='AES' side=OrderSide.BUY status=OrderStatus.ACCEPTED cid='Pullback50|AES|2026-08-21|2fe42e' type=OrderType.MARKET
  open_order id=ae3ea832-f930-4a09-b9dd-c006699a16fd sym='DE' side=OrderSide.BUY status=OrderStatus.ACCEPTED cid='EarningsDrift|DE|2026-08-21|43029e' type=OrderType.MARKET
2026-08-21 16:01:56,318 INFO   open_order id=ae3ea832-f930-4a09-b9dd-c006699a16fd sym='DE' side=OrderSide.BUY status=OrderStatus.ACCEPTED cid='EarningsDrift|DE|2026-08-21|43029e' type=OrderType.MARKET
Live micro cancel-scan WMT260821C00110000: matched n=0
2026-08-21 16:01:56,318 INFO Live micro cancel-scan WMT260821C00110000: matched n=0
Live micro cancel-scan WMT260821C00110000: no non-OLS sell to cancel
2026-08-21 16:01:56,318 INFO Live micro cancel-scan WMT260821C00110000: no non-OLS sell to cancel
LIVE PROT check WMT260821C00110000: have_ols=False open_matched=0 ols_id=- ols_type=-
2026-08-21 16:01:56,457 INFO LIVE PROT check WMT260821C00110000: have_ols=False open_matched=0 ols_id=- ols_type=-
LIVE PROT STOP-MKT rejected WMT260821C00110000: {"code":42210000,"message":"contract \"WMT260821C00110000\" is expired"}; trying stop-limit
2026-08-21 16:01:56,528 INFO LIVE PROT STOP-MKT rejected WMT260821C00110000: {"code":42210000,"message":"contract \"WMT260821C00110000\" is expired"}; trying stop-limit
LIVE PROT STOP failed WMT260821C00110000 (both market+limit): mkt={"code":42210000,"message":"contract \"WMT260821C00110000\" is expired"} lim={"code":42210000,"message":"contract \"WMT260821C00110000\" is expired"}
2026-08-21 16:01:56,599 INFO LIVE PROT STOP failed WMT260821C00110000 (both market+limit): mkt={"code":42210000,"message":"contract \"WMT260821C00110000\" is expired"} lim={"code":42210000,"message":"contract \"WMT260821C00110000\" is expired"}
Live micro: manage/exits only
2026-08-21 16:01:56,600 INFO Live micro: manage/exits only
Live micro done. open_options=1 lots=1
2026-08-21 16:01:56,784 INFO Live micro done. open_options=1 lots=1
