19:51:31  INFO      Mode: scan
19:51:32  INFO        [positions] 3/3 (3 valid)
19:51:32  INFO        SELL order cancelled AES  type=OrderType.STOP  id=e0cc99f3-6710-422b-bd8b-730bf386ad5c
19:51:33  INFO        SELL LIMIT AES  qty=2.333477517  limit=$14.78  id=8d44aed4-21ca-4a3b-9545-fc9f515809b0
19:52:03  INFO        SELL LIMIT filled AES (confirmed by position check)
19:52:03  INFO        TX logged: SELL AES  P&L -0.07%
19:52:04  INFO        SELL LIMIT MO  qty=0.494514937  limit=$69.81  id=91f5a14b-a233-4ff3-b3cf-5f3a78cdde42
19:52:34  INFO        SELL LIMIT filled MO (confirmed by position check)
19:52:34  INFO        TX logged: SELL MO  P&L 0.01%
19:52:34  INFO        Universe cache hit: 903 tickers (tickers_2026-09-02.json)
19:52:35  INFO        [universe] 40/902 (40 valid)
19:52:37  INFO        [universe] 80/902 (80 valid)
19:52:38  INFO        [universe] 120/902 (120 valid)
19:52:39  INFO        [universe] 160/902 (160 valid)
19:52:41  INFO        [universe] 200/902 (199 valid)
19:52:48  INFO        [universe] 240/902 (238 valid)
19:53:01  INFO        [universe] 280/902 (278 valid)
19:53:12  INFO        [universe] 320/902 (318 valid)
19:53:25  INFO        [universe] 360/902 (358 valid)
19:53:35  INFO        [universe] 400/902 (397 valid)
19:53:48  INFO        [universe] 440/902 (437 valid)
19:53:59  INFO        [universe] 480/902 (477 valid)
19:54:12  INFO        [universe] 520/902 (517 valid)
19:54:25  INFO        [universe] 560/902 (557 valid)
19:54:36  INFO        [universe] 600/902 (597 valid)
19:54:49  INFO        [universe] 640/902 (637 valid)
19:54:59  INFO        [universe] 680/902 (677 valid)
19:55:13  INFO        [universe] 720/902 (717 valid)
19:55:23  INFO        [universe] 760/902 (757 valid)
19:55:36  INFO        [universe] 800/902 (797 valid)
19:55:47  INFO        [universe] 840/902 (836 valid)
