13:26:12  INFO      Mode: summary

+========================================================================+
|  RUBBER BAND BOT  v8                                                   |
+------------------------------------------------------------------------+
|  Mode                                                           SUMMARY|
|  Time                                                         13:26 UTC|
|  Regime                                                            BULL|
|  Universe                                                          both|
|  Equity                                                         $224.26|
+========================================================================+

+========================================================================+
|                             ACCOUNT STATUS                             |
+========================================================================+
|  Equity                                                         $224.26|
|  Cash                                                           $156.74|
|  Regime                                                            BULL|
|  Universe                                                          both|
|  Total invested                                                  $67.52|
|  Open P&L                                                        $+0.28|
+========================================================================+

+========================================================================+
|                     STOCK HOLDINGS  (2 positions)                      |
+========================================================================+
|  TICKER   STRATEGY        INVESTED   ENTRY    NOW      P&L%    P&L$    |
+------------------------------------------------------------------------+
|  CTAS     Pullback50      $33.75     $198.92  $199.68  +0.4%   $+0.13  |
|  RBC      MomReversal     $33.77     $484.91  $487.14  +0.5%   $+0.15  |
|                                                                        |
|  Total invested                                                  $67.52|
|  Total open P&L                                                  $+0.28|
+========================================================================+

+========================================================================+
|                     OPTION HOLDINGS  (0 contracts)                     |
+========================================================================+
|                                                                        |
|  No open option positions.                                             |
|                                                                        |
+========================================================================+

+========================================================================+
|                        EXIT LOGIC ACTIVE  (v8)                         |
+========================================================================+
|  Profit target                              price > 20-day MA (midline)|
|  Stop loss                                             -0.5% from entry|
|  Time stop                                          max 3 calendar days|
+========================================================================+

+========================================================================+
|                          RECENT TRANSACTIONS                           |
+========================================================================+
|  2026-09-16  SELL  CIEN  MomReversal  $33.44  P&L $-0.18               |
|  2026-09-16  SELL  ABNB  Pullback50  $33.55  P&L $-0.22                |
|  2026-09-16  SELL  ALLE  Pullback50  $33.67  P&L $-0.25                |
|  2026-09-16  SELL  ALL  Pullback50  $33.57  P&L $-0.20                 |
|  2026-09-16  SELL  AAL  MomReversal  $33.90  P&L $-0.21                |
|  2026-09-15  SELL  MO  Pullback50  $33.72  P&L $+0.01                  |
+========================================================================+
