20:11:15  INFO      Mode: ext_exits
20:11:16  INFO        Daily log -> logs/daily/2026-09-22.md
20:11:16  INFO        Daily log reconciled -> logs/daily/2026-09-22.md (5 ledger rows)
20:11:16  INFO        SELL LIMIT [EXT HRS] ALB  qty=0.288420586  limit=$116.62  id=b1520b23-641a-4190-8223-2bf2d75c0905
20:11:21  INFO        SELL LIMIT[EXT] pending for ALB — 9:35am will follow up
20:11:21  INFO        Daily log -> logs/daily/2026-09-22.md

+========================================================================+
|  RUBBER BAND BOT  v8                                                   |
+------------------------------------------------------------------------+
|  Mode                                                         EXT_EXITS|
|  Time                                                         20:11 UTC|
|  Regime                                                            BULL|
|  Universe                                                          both|
|  Equity                                                         $225.43|
+========================================================================+

+========================================================================+
|                           STOCKS EXIT CHECK                            |
+========================================================================+
|  Exit log~  stop-0.5% / 3d max  (midline skipped — close already final)|
+------------------------------------------------------------------------+
|  ALB  P&L -0.5%  $-0.17          EXIT [EXTENDED HRS]: stop_loss (-0.5%)|
|  ALB                              SELL pending (after-hours limit open)|
|  CCL  P&L -0.1%  $-0.04         HOLDING until 9:35am scan (MomReversal)|
+========================================================================+

+========================================================================+
|                          EXTENDED HOURS SELLS                          |
+========================================================================+
|                                                                        |
|  No extended-hours sells this run.                                     |
|                                                                        |
+========================================================================+

+========================================================================+
|                            EXIT RUN SUMMARY                            |
+========================================================================+
|  Mode                                                         ext_exits|
|  Candidates                                                           2|
|  Deferred/Skipped                                      already logged 0|
|  Data skips                                             no price data 0|
|  Se~  1 attempted  |  0 filled  |  0 partial  |  1 pending  |  0 failed|
|  Holds                                                                1|
|  Logged exits                                                         0|
+========================================================================+

+========================================================================+
|            OPTIONS SLEEVE  (managed by options_live_micro)             |
+========================================================================+
|                                                                        |
|  No open option positions.                                             |
|                                                                        |
+========================================================================+

+========================================================================+
|                      STOP-LOSS BREACHES THIS RUN                       |
+========================================================================+
|  ALB                                         -0.51%  (threshold -0.50%)|
|  Count                                                                1|
+========================================================================+
|  Stop-loss look file                  logs/stop_losses_to_look_into.txt|
|  New investigations added                                             1|
+========================================================================+
