=== options_live_micro LIVE 2026-08-19T11:06:04.216128-04:00 share=50% ===
2026-08-19 11:06:04,216 INFO === options_live_micro LIVE 2026-08-19T11:06:04.216128-04:00 share=50% ===
Live account equity $441.17 cash $156.13 #225458845 options_level=3
2026-08-19 11:06:04,443 INFO Live account equity $441.17 cash $156.13 #225458845 options_level=3
Live micro hold S404 AVGO260821C00380000 -7.4% (tp +50% / sl -50%)
2026-08-19 11:06:04,585 INFO Live micro hold S404 AVGO260821C00380000 -7.4% (tp +50% / sl -50%)
Live micro sleeve $221 (50% of $441) deployed $50 open_strategies=1/4 (paper baseline $75 / tp=+50% sl=-50% / 1 contract per strategy)
2026-08-19 11:06:04,801 INFO Live micro sleeve $221 (50% of $441) deployed $50 open_strategies=1/4 (paper baseline $75 / tp=+50% sl=-50% / 1 contract per strategy)
Live micro entry order (CLEAN win): S404 100%win, S406 56%win, S218 56%win, S210 55%win
2026-08-19 11:06:04,801 INFO Live micro entry order (CLEAN win): S404 100%win, S406 56%win, S218 56%win, S210 55%win
Live micro signals: 3
2026-08-19 11:06:06,666 INFO Live micro signals: 3
  skip S404 AVGO: strategy already open (paper bucket rule)
2026-08-19 11:06:06,666 INFO   skip S404 AVGO: strategy already open (paper bucket rule)
  try S210 55%win/+47%med EOG
2026-08-19 11:06:06,666 INFO   try S210 55%win/+47%med EOG
  skip S210 EOG: no contract under $75
2026-08-19 11:06:07,340 INFO   skip S210 EOG: no contract under $75
  try S210 55%win/+47%med UNP
2026-08-19 11:06:07,340 INFO   try S210 55%win/+47%med UNP
  skip S210 UNP: no contract under $75
2026-08-19 11:06:07,710 INFO   skip S210 UNP: no contract under $75
Live micro done. open_options=1 lots=1
2026-08-19 11:06:07,917 INFO Live micro done. open_options=1 lots=1
