13:01:04  INFO      Mode: summary

+========================================================================+
|  RUBBER BAND BOT  v8                                                   |
+------------------------------------------------------------------------+
|  Mode                                                           SUMMARY|
|  Time                                                         13:01 UTC|
|  Regime                                                            BULL|
|  Universe                                                          both|
|  Equity                                                         $231.40|
+========================================================================+

+========================================================================+
|                             ACCOUNT STATUS                             |
+========================================================================+
|  Equity                                                         $231.40|
|  Cash                                                           $162.01|
|  Regime                                                            BULL|
|  Universe                                                          both|
|  Total invested                                                  $69.39|
|  Open P&L                                                        $-0.01|
+========================================================================+

+========================================================================+
|                     STOCK HOLDINGS  (2 positions)                      |
+========================================================================+
|  TICKER   STRATEGY        INVESTED   ENTRY    NOW      P&L%    P&L$    |
+------------------------------------------------------------------------+
|  BWXT     MomReversal     $34.89     $161.11  $162.00  +0.6%   $+0.19  |
|  SYNA     MomReversal     $34.50     $95.54   $95.00   -0.6%   $-0.20  |
|                                                                        |
|  Total invested                                                  $69.39|
|  Total open P&L                                                  $-0.01|
+========================================================================+

+========================================================================+
|                     OPTION HOLDINGS  (0 contracts)                     |
+========================================================================+
|                                                                        |
|  No open option positions.                                             |
|                                                                        |
+========================================================================+

+========================================================================+
|                        EXIT LOGIC ACTIVE  (v8)                         |
+========================================================================+
|  Profit target                              price > 20-day MA (midline)|
|  Stop loss                                             -0.5% from entry|
|  Time stop                                          max 3 calendar days|
+========================================================================+

+========================================================================+
|                          RECENT TRANSACTIONS                           |
+========================================================================+
|  2026-09-01  SELL  GME  EarningsDrift  $34.71  P&L $+0.02              |
|  2026-09-01  SELL  EQIX  Pullback50  $34.63  P&L $-0.19                |
|  2026-09-01  SELL  DLR  Pullback50  $34.69  P&L $-0.19                 |
|  2026-09-01  SELL  NVT  MomReversal  $34.43  P&L $-0.45                |
|  2026-08-31  SELL  ARE  Pullback50  $34.98  P&L $+0.16                 |
|  2026-08-31  SELL  FFIV  Pullback50  $34.80  P&L $+0.01                |
+========================================================================+
