13:47:25  INFO      Mode: morning_scan
13:47:25  INFO        [positions] 2/2 (2 valid)
13:47:25  INFO        SELL LIMIT NCLH  qty=2.254415055  limit=$14.91  id=d7a63cf1-74b1-46bc-8b11-5a5efa30f3ac
13:47:55  INFO        SELL LIMIT filled NCLH (confirmed by position check)
13:47:55  INFO        TX logged: SELL NCLH  P&L 0.5%
13:47:55  INFO        Universe cache hit: 903 tickers (tickers_2026-09-30.json)
13:47:56  INFO        [universe] 40/902 (40 valid)
13:47:58  INFO        [universe] 80/902 (80 valid)
13:47:59  INFO        [universe] 120/902 (120 valid)
13:48:00  INFO        [universe] 160/902 (160 valid)
13:48:01  INFO        [universe] 200/902 (199 valid)
13:48:08  INFO        [universe] 240/902 (238 valid)
13:48:21  INFO        [universe] 280/902 (278 valid)
13:48:34  INFO        [universe] 320/902 (318 valid)
13:48:44  INFO        [universe] 360/902 (358 valid)
13:48:57  INFO        [universe] 400/902 (398 valid)
13:49:08  INFO        [universe] 440/902 (438 valid)
13:49:21  INFO        [universe] 480/902 (478 valid)
13:49:34  INFO        [universe] 520/902 (518 valid)
13:49:43  INFO        [universe] 560/902 (558 valid)
13:49:56  INFO        [universe] 600/902 (598 valid)
13:50:09  INFO        [universe] 640/902 (638 valid)
13:50:19  INFO        [universe] 680/902 (678 valid)
13:50:33  INFO        [universe] 720/902 (718 valid)
13:50:45  INFO        [universe] 760/902 (758 valid)
13:50:58  INFO        [universe] 800/902 (798 valid)
13:51:09  INFO        [universe] 840/902 (838 valid)
13:51:22  INFO        [universe] 880/902 (878 valid)
