options_reconcile: state=/home/runner/work/TradingBot/TradingBot/logs/options_trial/_state/lab_state.json
  open_lots=56 paper_keys=yes dry_run=False
  alpaca positions=20
  FLAG b433|S366|ee74ae12 missing from Alpaca
  FLAG b432|S366|25078c04 missing from Alpaca
  FLAG b435|S366|b7b58e7b missing from Alpaca
  FLAG b434|S366|d629c93f missing from Alpaca
  FLAG b113|S212|4afafe62 missing from Alpaca
  State updated with reconciled lots.
options_reconcile: done
Layout: controlled:1024:lab0000_s200_w1_0928_1005_r1 (layout changed controlled:100:c000_s173_w1_0928_1005_r1 -> controlled:1024:lab0000_s200_w1_0928_1005_r1)
Trial layout: /home/runner/work/TradingBot/TradingBot/logs/options_trial
Docs:         skipped (local docs unavailable on this runner)
Buckets:      1024
=== options_morning_bot (PAPER) 2026-08-17T09:44:54.553615-04:00 ===

[Run context]
2026-08-17 09:44:54,748 WARNING paper get_account failed attempt 1/3: {"code":50010000,"message":"internal server error occurred"}
2026-08-17 09:45:04,826 WARNING paper get_account failed attempt 2/3: {"code":50010000,"message":"internal server error occurred"}
2026-08-17 09:45:14,939 ERROR paper get_account failed after 3 attempts: {"code":50010000,"message":"internal server error occurred"}
FATAL: paper API auth failed. This bot requires ALPACA_PAPER_KEY and ALPACA_PAPER_SECRET (not the live equity-bot keys). Detail: {"code":50010000,"message":"internal server error occurred"}
elapsed=20.5s
STATUS: options_morning_bot auth failed (PAPER) elapsed=20.5s. run=#7223 https://github.com/28twagg-ops/TradingBot/actions/runs/32036190083
Evaluation complete: 100 strategies evaluated, 0 killed, 0 promote candidates.
Wrote /home/runner/work/TradingBot/TradingBot/logs/options_trial/reports/2026-08-17_buckets.md
Wrote /home/runner/work/TradingBot/TradingBot/logs/options_trial/reports/2026-08-17_buckets.csv
Summary: 0 buckets closed trades, $+0.00 realized
STALE WARNING: 1 bucket(s) with open lots and last_entry >5d
Wrote /home/runner/work/TradingBot/TradingBot/logs/options_trial/reports/2026-08-17_strategy_selection.md
Wrote /home/runner/work/TradingBot/TradingBot/logs/options_trial/reports/2026-08-17_strategy_selection.csv
Summary: keep=0 watch=79 drop=26
Orphan rate: 13.4% (345/2582) ALERT
