options_reconcile: state=/home/runner/work/TradingBot/TradingBot/logs/options_trial/_state/lab_state.json
  open_lots=26 paper_keys=yes dry_run=False
  alpaca positions=14
  FLAG 15 lot(s) missing from Alpaca
    b913|S412|97e54812 NKE261002C00038000
    b912|S412|cd504ce1 NKE261002C00038000
    b405|S364|2e2b7dbe NKE261002C00038000
    b404|S364|9d0435e9 NKE261002C00038000
    b90|S404|a9ac3e75 NKE261002C00038000
    b785|S398|801e26c2 NKE261002C00038000
    b784|S398|fbdfb716 NKE261002C00038000
    b1137|S163|4d094b03 NKE261002C00038000
    b1136|S163|60d4b8ef NKE261002C00038000
    b1095|S167|31e53303 NKE261002C00038000
    b1094|S167|74d7cb42 NKE261002C00038000
    b1123|S168|934ce252 NKE261002C00038000
    b1122|S168|60824a4f NKE261002C00038000
    b1053|S165|736da7fa NKE261002C00038000
    b1052|S165|5aa2635a NKE261002C00038000
  reconcile: missing_from_broker b90|S404 NKE (no fill)
  reconcile: missing_from_broker b913|S412 NKE (no fill)
  reconcile: missing_from_broker b912|S412 NKE (no fill)
  reconcile: missing_from_broker b405|S364 NKE (no fill)
  reconcile: missing_from_broker b404|S364 NKE (no fill)
  reconcile: missing_from_broker b785|S398 NKE (no fill)
  reconcile: missing_from_broker b784|S398 NKE (no fill)
  reconcile: missing_from_broker b1137|S163 NKE (no fill)
  reconcile: missing_from_broker b1136|S163 NKE (no fill)
  reconcile: missing_from_broker b1095|S167 NKE (no fill)
  reconcile: missing_from_broker b1094|S167 NKE (no fill)
  reconcile: missing_from_broker b1123|S168 NKE (no fill)
  reconcile: missing_from_broker b1122|S168 NKE (no fill)
  reconcile: missing_from_broker b1053|S165 NKE (no fill)
  reconcile: missing_from_broker b1052|S165 NKE (no fill)
  State updated (attributed/cleared=15, leftover=0).
options_reconcile: done
Layout: controlled:77:live_1to1+variations (layout changed controlled:100:c000_s173_w1_0928_1005_r1 -> controlled:77:live_1to1+variations)
Trial layout: /home/runner/work/TradingBot/TradingBot/logs/options_trial
Docs:         skipped (local docs unavailable on this runner)
Buckets:      77
PROBE OK: paper account status=AccountStatus.ACTIVE equity=$988,650.56
  buying_power=$3,836,488.43 cash=$974,038.07
  open option orders: 2
    NKE261002C00040000 OrderSide.SELL qty=1 status=OrderStatus.NEW limit=None
    NKE261002C00038500 OrderSide.SELL qty=6 status=OrderStatus.NEW limit=None
  open option positions: 10
    CVNA261002C00066000 qty=-1 mkt=$-24.00
    CVNA261002C00068000 qty=-1 mkt=$-14.00
    CVNA261002C00069000 qty=2 mkt=$0.00
    CVX261002C00210000 qty=-1 mkt=$-9.00
    CVX261016C00220000 qty=1 mkt=$35.00
PROBE: check-only pass (use --smoke-entry to place a test order)
=== options_morning_bot (PAPER) 2026-10-02T09:35:05.091237-04:00 ===

[Run context]
Paper auth OK — equity $988605.82, account PA33P8KT02IL

[Setup]
LIVE 1:1 bucket b90 live_1to1 — S404, S406 | TP+50%/SL-40% | stop-mkt | min $20
S406-only twin b91 s406_only — S406 | TP+50%/SL-40% | paper edge test
Variation study: 75 lab/promising bucket(s) | cohort: 75 unique (S163, S164, S166, S167, S168, S169, S170, S171, S172, S175, S200, S201 … +63 more) | max 200 new entries/run
Dropped (no new entries; ex-reflected P&L): S202, S203, S207, S211, S212, S216, S217, S218, S351, S353, S354, S355, S360, S363, S366, S399, S401, S405, S407, S408
Shared-OCC entry block ON (one lab lot per contract)
2026-10-02 09:35:07,762 INFO   EXIT [b829|lab0829_s406_w1_0928_1005_r2|S406] stop_loss (-100.0%) SELL 1 NKE261002C00038500 @<= 0.01
  EXIT [b421|lab0421_s365_w2_1005_1045_r2|S365] stop_loss (-93.0%) SELL blocked (uncovered/shared OCC) DKNG261016C00023500 x1: {"code":40310000,"message":"account not eligible to trade uncovered option contracts"}
  EXIT [b418|lab0418_s365_w1_0928_1005_r1|S365] stop_loss (-51.4%) SELL blocked (uncovered/shared OCC) CVX261016C00220000 x1: {"code":40310000,"message":"account not eligible to trade uncovered option contracts"}
  EXIT [b171|lab0171_s216_w4_1120_1135_r2|S216] stop_loss (-100.0%) SELL blocked (uncovered/shared OCC) CVNA261002C00069000 x1: {"code":40310000,"message":"account not eligible to trade uncovered option contracts"}
  EXIT [b170|lab0170_s216_w4_1120_1135_r1|S216] stop_loss (-100.0%) SELL blocked (uncovered/shared OCC) CVNA261002C00069000 x1: {"code":40310000,"message":"account not eligible to trade uncovered option contracts"}
Protective stops: placed=0 upgraded=0 already=1 failed=4 (market-first)

[Scan + entries]
Scanning 117 symbols for [S164, S168, S167, S166, S163, S169, S170, S171, S172, S175, S200, S201, S204, S205, S206, S208, S210, S213, S214, S215, S219, S220, S221, S402, S403, S350, S352, S356, S357, S358, S359, S361, S362, S364, S365, S368, S369, S370, S371, S372, S373, S374, S375, S376, S377, S378, S379, S380, S381, S382, S383, S384, S385, S386, S387, S388, S389, S390, S391, S392, S393, S394, S413, S414, S415, S395, S396, S397, S398, S404, S406, S409, S410, S411, S412, S413, S414, S415] …
Fetched daily bars for 113/117 symbols
