13:36:30  INFO      Mode: morning_prep
13:36:31  INFO        [prep_positions] 2/2 (2 valid)
13:36:31  INFO      Fetching tickers (universe=both)...
13:36:31  INFO        S&P 500: 503
13:36:32  INFO        MidCap 400: 400
13:36:32  INFO        Total: 903 tickers
13:36:32  INFO        [prep_universe] 40/901 (40 valid)
13:36:34  INFO        [prep_universe] 80/901 (80 valid)
13:36:35  INFO        [prep_universe] 120/901 (120 valid)
13:36:36  INFO        [prep_universe] 160/901 (160 valid)
13:36:37  INFO        [prep_universe] 200/901 (199 valid)
13:36:44  INFO        [prep_universe] 240/901 (238 valid)
13:36:57  INFO        [prep_universe] 280/901 (278 valid)
13:37:10  INFO        [prep_universe] 320/901 (318 valid)
13:37:20  INFO        [prep_universe] 360/901 (358 valid)
13:37:33  INFO        [prep_universe] 400/901 (397 valid)
13:37:46  INFO        [prep_universe] 440/901 (437 valid)
13:37:56  INFO        [prep_universe] 480/901 (477 valid)
13:38:09  INFO        [prep_universe] 520/901 (517 valid)
13:38:21  INFO        [prep_universe] 560/901 (557 valid)
13:38:35  INFO        [prep_universe] 600/901 (597 valid)
13:38:45  INFO        [prep_universe] 640/901 (637 valid)
13:38:57  INFO        [prep_universe] 680/901 (677 valid)
13:39:10  INFO        [prep_universe] 720/901 (717 valid)
13:39:20  INFO        [prep_universe] 760/901 (757 valid)
13:39:33  INFO        [prep_universe] 800/901 (797 valid)
13:39:46  INFO        [prep_universe] 840/901 (836 valid)
13:39:56  INFO        [prep_universe] 880/901 (876 valid)
13:40:03  INFO        [prep_universe] 901/901 (897 valid)

+========================================================================+
|  RUBBER BAND BOT  v8                                                   |
+------------------------------------------------------------------------+
|  Mode                                                      MORNING_PREP|
|  Time                                                         13:36 UTC|
|  Regime                                                            BULL|
|  Universe                                                          both|
|  Equity                                                         $305.81|
+========================================================================+

+========================================================================+
|                              MORNING PREP                              |
+========================================================================+
|  Goal                   Precompute exits/signals for next execution run|
|  Plan file                                 logs/plans/morning_plan.json|
|  Regime                                                            BULL|
+========================================================================+

+========================================================================+
|                       OPEN POSITION P&L SNAPSHOT                       |
+========================================================================+
|  Open positions                                                       2|
|  Invested                                                        $91.89|
|  Open P&L                                                        $+0.01|
|  TICKER   STRATEGY        INVESTED   ENTRY    NOW      P&L%    P&L$    |
+------------------------------------------------------------------------+
|  AES      Pullback50      $45.98     $14.73   $14.72   -0.0%   $-0.00  |
|  APH      Pullback50      $45.91     $161.66  $161.70  +0.0%   $+0.01  |
+========================================================================+

+========================================================================+
|                            OPEN SELL ORDERS                            |
+========================================================================+
|  Count                                                                1|
|  TICKER    TYPE              QTY       LIMIT       STOP                |
+------------------------------------------------------------------------+
|  AES       OrderType.STOP    3         None        14.65               |
+========================================================================+

+========================================================================+
|                              PREP SUMMARY                              |
+========================================================================+
|  Saved                                                              yes|
|  Exit candidates                                                      1|
|  Signal candidates                                                   37|
|  Universe scanned                                                   901|
+========================================================================+
