19:56:22  INFO      Mode: scan
19:56:23  INFO        [positions] 1/1 (1 valid)
19:56:23  INFO        Universe cache hit: 903 tickers (tickers_2026-08-21.json)
19:56:25  INFO        [universe] 40/902 (40 valid)
19:56:27  INFO        [universe] 80/902 (80 valid)
19:56:29  INFO        [universe] 120/902 (120 valid)
19:56:31  INFO        [universe] 160/902 (160 valid)
19:56:33  INFO        [universe] 200/902 (199 valid)
19:56:41  INFO        [universe] 240/902 (238 valid)
19:56:52  INFO        [universe] 280/902 (278 valid)
19:57:05  INFO        [universe] 320/902 (318 valid)
19:57:16  INFO        [universe] 360/902 (358 valid)
19:57:30  INFO        [universe] 400/902 (397 valid)
19:57:40  INFO        [universe] 440/902 (437 valid)
19:57:51  INFO        [universe] 480/902 (477 valid)
19:58:05  INFO        [universe] 520/902 (517 valid)
19:58:17  INFO        [universe] 560/902 (557 valid)
19:58:28  INFO        [universe] 600/902 (597 valid)
19:58:41  INFO        [universe] 640/902 (637 valid)
19:58:52  INFO        [universe] 680/902 (677 valid)
19:59:04  INFO        [universe] 720/902 (717 valid)
19:59:15  INFO        [universe] 760/902 (757 valid)
19:59:29  INFO        [universe] 800/902 (797 valid)
19:59:40  INFO        [universe] 840/902 (836 valid)
19:59:52  INFO        [universe] 880/902 (876 valid)
19:59:59  INFO        [universe] 902/902 (898 valid)

+========================================================================+
|  RUBBER BAND BOT  v8                                                   |
+------------------------------------------------------------------------+
|  Mode                                                              SCAN|
|  Time                                                         19:56 UTC|
|  Regime                                                            BULL|
|  Universe                                                          both|
|  Equity                                                         $307.08|
+========================================================================+

+========================================================================+
|                   RUBBER BAND BOT v8  --  DAILY SCAN                   |
+========================================================================+
|  Mode                                                      *** LIVE ***|
|  Date                                                        2026-08-21|
|  Universe                                                          both|
|  Mo~  Aug: VolumeSpike + 52wkLow (display only — schedule not enforced)|
|  Disabled  GapDown, GoldenPocket, VolumeSpike (see DISABLED_STRATEGIES)|
|  Regime                                                            BULL|
|  Exit                                      midline / stop-0.5% / 3d max|
+========================================================================+

+========================================================================+
|                                ACCOUNT                                 |
+========================================================================+
|  Equity (total)                                                 $307.08|
|  Cash                                                           $236.27|
|  Reserve                                          $15.35  (always kept)|
|  Stocks~  $70.81 / $230.31  (75% equity; 25% reserved for live options)|
|  Options MV                        $0.00  open P&L $-9.00  (1 contract)|
|  Available                                    $159.50  (new stock buys)|
|  Trade size             $46.06  (15% per signal — all strategies equal)|
+========================================================================+

+========================================================================+
|                        STOCK HOLDINGS  (1 open)                        |
+========================================================================+
|  TICKER   STRATEGY        INVESTED   ENTRY    NOW      P&L%    P&L$    |
+------------------------------------------------------------------------+
|  AON      Pullback50      $70.81     $350.82  $355.09  +1.2%   $+0.85  |
|                                                                        |
|  Total invested                                                  $70.81|
|  Total open P&L                                                  $+0.85|
|  Buys today: 0  |  entry cap: 2  |  max open: 3                        |
+========================================================================+

+========================================================================+
|                               PLAN CACHE                               |
+========================================================================+
|  Mode                                                           evening|
|  File                                      logs/plans/evening_plan.json|
|  Use cached plan                                  no (stale (93622.2m))|
+========================================================================+

+========================================================================+
|          EXIT EVALUATION  (EOD -- midline + stop + max-hold)           |
+========================================================================+
|  AON  P&L +1.2%  $+0.85                                            HOLD|
+========================================================================+

+========================================================================+
|                           EXIT EVAL SUMMARY                            |
+========================================================================+
|  Exit eval    attempted 0 | filled 0 | partial 0 | pending 0 | failed 0|
|  Other skips     already logged today 0  |  no price data 0  |  holds 1|
|  Stop-loss breaches                                                none|
|  Stop-loss look file                  logs/stop_losses_to_look_into.txt|
|  New investigations added                                             0|
+========================================================================+

+========================================================================+
|                             DATA DOWNLOAD                              |
+========================================================================+
|  Universe: both  |  Alpaca primary / yfinance fallback                 |
+========================================================================+

+========================================================================+
|                              SIGNAL SCAN                               |
+========================================================================+
|  Month: Aug  |  Regime: BULL                                           |
|  Primary: VolumeSpike  |  Secondary: 52wkLow (display only — schedule ~|
|  Source                                                       live scan|
+========================================================================+

+========================================================================+
|                         SIGNALS FOUND  --  26                          |
+========================================================================+
|  TICKER   STRATEGY        TIER   PRICE    RSI    VOL_Z   TRIGGER       |
+------------------------------------------------------------------------+
|  AES      Pullback50      eq     $14.77   59.0   0.60    50MA bounce (+|
|  CAH      Pullback50      eq     $229.46  41.5   -1.90   50MA bounce (-|
|  CNC      Pullback50      eq     $64.75   52.4   -1.14   50MA bounce (-|
|  CL       Pullback50      eq     $90.97   54.4   -1.62   50MA bounce (-|
|  CHD      Pullback50      eq     $98.66   45.1   -1.47   50MA bounce (+|
|  CTVA     Pullback50      eq     $81.83   71.6   -0.83   50MA bounce (-|
|  DE       EarningsDrift   eq     $649.29  64.1   1.37    post-earnings |
|  ETN      Pullback50      eq     $419.97  39.4   -1.02   50MA bounce (+|
|  ESS      Pullback50      eq     $288.21  53.8   -1.37   50MA bounce (-|
|  DOC      Pullback50      eq     $21.32   45.7   -1.04   50MA bounce (-|
|  KMB      Pullback50      eq     $109.36  54.3   -0.96   50MA bounce (+|
|  KVUE     Pullback50      eq     $19.09   51.3   -1.42   50MA bounce (+|
|  PHM      Pullback50      eq     $129.04  49.6   -1.67   50MA bounce (+|
|  SYF      TrendResumpti~  eq     $79.49   56.7   0.86    HH/HL resumpti|
|  VMRK     Pullback50      eq     $66.75   46.3   0.01    50MA bounce (-|
|  AVT      Pullback50      eq     $88.70   49.7   -0.92   50MA bounce (-|
|  BJ       RSIRecovery     eq     $96.66   48.6   1.59    RSI 21.1→48.6 |
|  BJ       VWAP_Reclaim    eq     $96.66   48.6   1.59    VWAP reclaim V|
|  CG       VWAP_Reclaim    eq     $49.24   51.1   1.72    VWAP reclaim V|
|  CXT      Pullback50      eq     $50.29   39.6   -1.84   50MA bounce (+|
|  EXEL     Pullback50      eq     $54.08   47.1   -1.63   50MA bounce (-|
|  FCFS     TrendResumpti~  eq     $225.57  61.8   1.28    HH/HL resumpti|
|  FCFS     VWAP_Reclaim    eq     $225.57  61.8   1.28    VWAP reclaim V|
|  GHC      Pullback50      eq     $1171.~  37.3   0.75    50MA bounce (-|
|  KRYS     Pullback50      eq     $346.33  72.1   -0.65   50MA bounce (+|
|  TEX      Pullback50      eq     $66.52   55.8   -0.75   50MA bounce (-|
|                                                                        |
+========================================================================+

+========================================================================+20:00:04  INFO        BUY  DE  $46.06  [EarningsDrift]  id=ae3ea832-f930-4a09-b9dd-c006699a16fd
20:00:05  INFO        BUY  AES  $46.06  [Pullback50]  id=f949fbdb-453d-4c82-b144-2b542aa62b29
