14:35:55  INFO      Mode: exits
14:35:56  INFO        Daily log -> logs/daily/2026-08-21.md
14:35:56  INFO        Daily log reconciled -> logs/daily/2026-08-21.md (3 ledger rows)
14:35:56  INFO        place_all_stops: checking 5 positions...
14:35:56  INFO        STOP skipped AME: fractional (0.2433 shares) — software exit will handle it
14:35:56  INFO        STOP skipped AON: fractional (0.1994 shares) — software exit will handle it
14:35:58  INFO        [positions] 2/2 (2 valid)
14:35:58  INFO        Daily log -> logs/daily/2026-08-21.md

+========================================================================+
|  RUBBER BAND BOT  v8                                                   |
+------------------------------------------------------------------------+
|  Mode                                                             EXITS|
|  Time                                                         14:35 UTC|
|  Regime                                                            BULL|
|  Universe                                                          both|
|  Equity                                                         $331.63|
+========================================================================+

+========================================================================+
|                           STOCKS EXIT CHECK                            |
+========================================================================+
|  Exit logic                   stop-0.5% / 3d max  (midline at EOD only)|
+------------------------------------------------------------------------+
|  AME  P&L -0.2%  $-0.13                                            HOLD|
|  AON  P&L +1.5%  $+1.02                                            HOLD|
+========================================================================+

+========================================================================+
|                            EXIT RUN SUMMARY                            |
+========================================================================+
|  Mode                                                             exits|
|  Candidates                                                           2|
|  Deferred/Skipped                                      already logged 0|
|  Data skips                                             no price data 0|
|  Se~  0 attempted  |  0 filled  |  0 partial  |  0 pending  |  0 failed|
|  Holds                                                                2|
|  Logged exits                                                         0|
+========================================================================+

+========================================================================+
|            OPTIONS SLEEVE  (managed by options_live_micro)             |
+========================================================================+
|  CONTRACT                ENTRY    NOW      P&L%     P&L$      MV       |
+------------------------------------------------------------------------+
|  AMD260824C00502500      $0.62    $0.19    -69.4%   $-43.00   $19.00   |
|  COST260828C01000000     $0.63    $0.54    -14.3%   $-9.00    $54.00   |
|  WMT260821C00110000      $0.09    $0.00    -100.0%  $-9.00    $0.00    |
|                                                                        |
|  Options open P&L                                               $-61.00|
+========================================================================+

+========================================================================+
|                      STOP-LOSS BREACHES THIS RUN                       |
+========================================================================+
|  None                                                                  |
+========================================================================+
|  Stop-loss look file                  logs/stop_losses_to_look_into.txt|
|  New investigations added                                             0|
+========================================================================+
