=== options_live_micro LIVE 2026-08-28T10:06:27.651674-04:00 share=25% ===
2026-08-28 10:06:27,651 INFO === options_live_micro LIVE 2026-08-28T10:06:27.651674-04:00 share=25% ===
Live account equity $241.56 cash $169.65 #225458845 options_level=3
2026-08-28 10:06:27,707 INFO Live account equity $241.56 cash $169.65 #225458845 options_level=3
Live micro cancel OLS stop MARA260904C00011500 id=397ceec6-0682-42c7-957b-4bacc1f1dab5
2026-08-28 10:06:27,748 INFO Live micro cancel OLS stop MARA260904C00011500 id=397ceec6-0682-42c7-957b-4bacc1f1dab5
Live micro cancel-scan MARA260904C00011500: symbol-scoped n=1
2026-08-28 10:06:27,756 INFO Live micro cancel-scan MARA260904C00011500: symbol-scoped n=1
Live micro cancel-scan MARA260904C00011500: no non-OLS sell to cancel
2026-08-28 10:06:27,756 INFO Live micro cancel-scan MARA260904C00011500: no non-OLS sell to cancel
LIVE EXIT stop_loss (-42.9%) MARA260904C00011500 x1 limit=0.29 id=94f0622f-1675-4871-9b36-73d5fc0f2bde
2026-08-28 10:06:28,062 INFO LIVE EXIT stop_loss (-42.9%) MARA260904C00011500 x1 limit=0.29 id=94f0622f-1675-4871-9b36-73d5fc0f2bde
Live micro sleeve $60 (25% of $242) deployed $32 open_strategies=0/3 (paper baseline $75 / tp=+50% sl=-40% / 1 contract per strategy / min_cost $20)
2026-08-28 10:06:28,081 INFO Live micro sleeve $60 (25% of $242) deployed $32 open_strategies=0/3 (paper baseline $75 / tp=+50% sl=-40% / 1 contract per strategy / min_cost $20)
Live micro entry order (CLEAN win): S404 100%win, S406 56%win, S218 56%win
2026-08-28 10:06:28,081 INFO Live micro entry order (CLEAN win): S404 100%win, S406 56%win, S218 56%win
Live micro signals: 5
2026-08-28 10:06:29,045 INFO Live micro signals: 5
  skip S404 COIN: already attempted today
2026-08-28 10:06:29,045 INFO   skip S404 COIN: already attempted today
  skip S404 MARA: already attempted today
2026-08-28 10:06:29,045 INFO   skip S404 MARA: already attempted today
  skip S404 MSTR: already attempted today
2026-08-28 10:06:29,045 INFO   skip S404 MSTR: already attempted today
  try S406 56%win/+58%med MRK
2026-08-28 10:06:29,045 INFO   try S406 56%win/+58%med MRK
  skip S406 MRK: no contract under $60
2026-08-28 10:06:29,123 INFO   skip S406 MRK: no contract under $60
  try S218 56%win/+49%med MCD
2026-08-28 10:06:29,123 INFO   try S218 56%win/+49%med MCD
  skip S218 MCD: no contract under $60
2026-08-28 10:06:29,164 INFO   skip S218 MCD: no contract under $60
Live micro done. open_options=0 lots=0
2026-08-28 10:06:29,179 INFO Live micro done. open_options=0 lots=0
