21:35:56  INFO      Mode: ext_exits
21:35:57  INFO        Daily log -> logs/daily/2026-08-26.md
21:35:57  INFO        Daily log reconciled -> logs/daily/2026-08-26.md (3 ledger rows)
21:35:57  INFO        Daily log -> logs/daily/2026-08-26.md

+========================================================================+
|  RUBBER BAND BOT  v8                                                   |
+------------------------------------------------------------------------+
|  Mode                                                         EXT_EXITS|
|  Time                                                         21:35 UTC|
|  Regime                                                            BULL|
|  Universe                                                          both|
|  Equity                                                         $306.13|
+========================================================================+

+========================================================================+
|                           STOCKS EXIT CHECK                            |
+========================================================================+
|  Exit log~  stop-0.5% / 3d max  (midline skipped — close already final)|
+------------------------------------------------------------------------+
|  AES  P&L -0.1%  $-0.05          HOLDING until 9:35am scan (Pullback50)|
|  APH  P&L +0.8%  $+0.38          HOLDING until 9:35am scan (Pullback50)|
+========================================================================+

+========================================================================+
|                          EXTENDED HOURS SELLS                          |
+========================================================================+
|                                                                        |
|  No extended-hours sells this run.                                     |
|                                                                        |
+========================================================================+

+========================================================================+
|                            EXIT RUN SUMMARY                            |
+========================================================================+
|  Mode                                                         ext_exits|
|  Candidates                                                           2|
|  Deferred/Skipped                                      already logged 0|
|  Data skips                                             no price data 0|
|  Se~  0 attempted  |  0 filled  |  0 partial  |  0 pending  |  0 failed|
|  Holds                                                                2|
|  Logged exits                                                         0|
+========================================================================+

+========================================================================+
|            OPTIONS SLEEVE  (managed by options_live_micro)             |
+========================================================================+
|                                                                        |
|  No open option positions.                                             |
|                                                                        |
+========================================================================+

+========================================================================+
|                      STOP-LOSS BREACHES THIS RUN                       |
+========================================================================+
|  None                                                                  |
+========================================================================+
|  Stop-loss look file                  logs/stop_losses_to_look_into.txt|
|  New investigations added                                             0|
+========================================================================+
