=== options_live_micro LIVE 2026-08-28T09:40:04.906600-04:00 share=25% ===
2026-08-28 09:40:04,906 INFO === options_live_micro LIVE 2026-08-28T09:40:04.906600-04:00 share=25% ===
Live account equity $259.67 cash $90.28 #225458845 options_level=3
2026-08-28 09:40:05,182 INFO Live account equity $259.67 cash $90.28 #225458845 options_level=3
Live micro cancel-scan MARA260904C00011500: symbol-scoped n=1
2026-08-28 09:40:05,326 INFO Live micro cancel-scan MARA260904C00011500: symbol-scoped n=1
Live micro cancel-scan MARA260904C00011500: no non-OLS sell to cancel
2026-08-28 09:40:05,326 INFO Live micro cancel-scan MARA260904C00011500: no non-OLS sell to cancel
Live micro orphan_adopt MARA260904C00011500 x1 entry=0.56
2026-08-28 09:40:05,327 INFO Live micro orphan_adopt MARA260904C00011500 x1 entry=0.56
Live micro hold ORPHAN MARA260904C00011500 -10.7% (tp +50% / sl -40%)
2026-08-28 09:40:05,401 INFO Live micro hold ORPHAN MARA260904C00011500 -10.7% (tp +50% / sl -40%)
Live micro cancel-scan MARA260904C00011500: symbol-scoped n=1
2026-08-28 09:40:05,470 INFO Live micro cancel-scan MARA260904C00011500: symbol-scoped n=1
Live micro cancel-scan MARA260904C00011500: no non-OLS sell to cancel
2026-08-28 09:40:05,471 INFO Live micro cancel-scan MARA260904C00011500: no non-OLS sell to cancel
LIVE PROT check MARA260904C00011500: have_ols=True open_matched=1 ols_id=397ceec6-0682-42c7-957b-4bacc1f1dab5 ols_type=stop
2026-08-28 09:40:05,625 INFO LIVE PROT check MARA260904C00011500: have_ols=True open_matched=1 ols_id=397ceec6-0682-42c7-957b-4bacc1f1dab5 ols_type=stop
Live micro sleeve $65 (25% of $260) deployed $50 open_strategies=0/3 (paper baseline $75 / tp=+50% sl=-40% / 1 contract per strategy / min_cost $20)
2026-08-28 09:40:05,695 INFO Live micro sleeve $65 (25% of $260) deployed $50 open_strategies=0/3 (paper baseline $75 / tp=+50% sl=-40% / 1 contract per strategy / min_cost $20)
Live micro entry order (CLEAN win): S404 100%win, S406 56%win, S218 56%win
2026-08-28 09:40:05,695 INFO Live micro entry order (CLEAN win): S404 100%win, S406 56%win, S218 56%win
Live micro signals: 7
2026-08-28 09:40:10,432 INFO Live micro signals: 7
  try S404 100%win/+80%med COIN
2026-08-28 09:40:10,432 INFO   try S404 100%win/+80%med COIN
  skip S404 COIN: no contract under $18
2026-08-28 09:40:10,982 INFO   skip S404 COIN: no contract under $18
  try S404 100%win/+80%med MARA
2026-08-28 09:40:10,982 INFO   try S404 100%win/+80%med MARA
  skip S404 MARA: cost $52 > $17
2026-08-28 09:40:11,512 INFO   skip S404 MARA: cost $52 > $17
  try S404 100%win/+80%med MSTR
2026-08-28 09:40:11,512 INFO   try S404 100%win/+80%med MSTR
  skip S404 MSTR: no contract under $17
2026-08-28 09:40:11,834 INFO   skip S404 MSTR: no contract under $17
  try S406 56%win/+58%med ARM
2026-08-28 09:40:11,834 INFO   try S406 56%win/+58%med ARM
  skip S406 ARM: no contract under $17
2026-08-28 09:40:12,110 INFO   skip S406 ARM: no contract under $17
  try S406 56%win/+58%med MRK
2026-08-28 09:40:12,110 INFO   try S406 56%win/+58%med MRK
  skip S406 MRK: no contract under $17
2026-08-28 09:40:12,384 INFO   skip S406 MRK: no contract under $17
  try S406 56%win/+58%med MSTR
2026-08-28 09:40:12,384 INFO   try S406 56%win/+58%med MSTR
  skip S406 MSTR: no contract under $17
2026-08-28 09:40:12,614 INFO   skip S406 MSTR: no contract under $17
  try S218 56%win/+49%med MCD
2026-08-28 09:40:12,615 INFO   try S218 56%win/+49%med MCD
  skip S218 MCD: cost $7 < min $20 (lottery ticket filter)
2026-08-28 09:40:12,859 INFO   skip S218 MCD: cost $7 < min $20 (lottery ticket filter)
LIVE PROT check MARA260904C00011500: have_ols=True open_matched=1 ols_id=397ceec6-0682-42c7-957b-4bacc1f1dab5 ols_type=stop
2026-08-28 09:40:12,998 INFO LIVE PROT check MARA260904C00011500: have_ols=True open_matched=1 ols_id=397ceec6-0682-42c7-957b-4bacc1f1dab5 ols_type=stop
Live micro done. open_options=1 lots=1
2026-08-28 09:40:13,072 INFO Live micro done. open_options=1 lots=1
