13:20:51  INFO      Mode: summary

+========================================================================+
|  RUBBER BAND BOT  v8                                                   |
+------------------------------------------------------------------------+
|  Mode                                                           SUMMARY|
|  Time                                                         13:20 UTC|
|  Regime                                                            BULL|
|  Universe                                                          both|
|  Equity                                                         $472.07|
+========================================================================+

+========================================================================+
|                             ACCOUNT STATUS                             |
+========================================================================+
|  Equity                                                         $472.07|
|  Cash                                                           $394.98|
|  Regime                                                            BULL|
|  Universe                                                          both|
|  Total invested                                                  $77.09|
|  Open P&L                                                        $-0.42|
+========================================================================+

+========================================================================+
|                     STOCK HOLDINGS  (1 positions)                      |
+========================================================================+
|  TICKER   STRATEGY        INVESTED   ENTRY    NOW      P&L%    P&L$    |
+------------------------------------------------------------------------+
|  MNST     MomReversal     $77.09     $47.41   $47.15   -0.5%   $-0.42  |
|                                                                        |
|  Total invested                                                  $77.09|
|  Total open P&L                                                  $-0.42|
+========================================================================+

+========================================================================+
|                     OPTION HOLDINGS  (0 contracts)                     |
+========================================================================+
|                                                                        |
|  No open option positions.                                             |
|                                                                        |
+========================================================================+

+========================================================================+
|                        EXIT LOGIC ACTIVE  (v8)                         |
+========================================================================+
|  Profit target                              price > 20-day MA (midline)|
|  Stop loss                                             -0.5% from entry|
|  Time stop                                          max 3 calendar days|
+========================================================================+

+========================================================================+
|                          RECENT TRANSACTIONS                           |
+========================================================================+
|  2026-08-19  SELL  AAPL  Pullback50  $79.01  P&L $+1.50                |
|  2026-08-19  SELL  JKHY  MA_Squeeze  $70.80  P&L $+0.05                |
|  2026-08-19  SELL  CDW  Pullback50  $77.10  P&L $-0.42                 |
|  2026-08-18  SELL  CNC  Pullback50  $77.65  P&L $+0.14                 |
|  2026-08-18  SELL  AON  Pullback50  $69.74  P&L $-0.36                 |
|  2026-08-18  SELL  AEE  Pullback50  $69.70  P&L $-0.40                 |
+========================================================================+
