22:45:50  INFO      Mode: ext_exits
22:45:51  INFO        Daily log -> logs/daily/2026-08-05.md
22:45:51  INFO        Daily log reconciled -> logs/daily/2026-08-05.md (4 ledger rows)
22:45:51  INFO        Daily log -> logs/daily/2026-08-05.md

+========================================================================+
|  RUBBER BAND BOT  v8                                                   |
+------------------------------------------------------------------------+
|  Mode                                                         EXT_EXITS|
|  Time                                                         22:45 UTC|
|  Regime                                                            BULL|
|  Universe                                                          both|
|  Equity                                                         $471.28|
+========================================================================+

+========================================================================+
|                       EXIT CHECK [EXTENDED HRS]                        |
+========================================================================+
|  Exit log~  stop-0.5% / 3d max  (midline skipped — close already final)|
+------------------------------------------------------------------------+
|  AES  P&L +0.0%  $+0.03          HOLDING until 9:35am scan (Pullback50)|
|  AVB  P&L +1.3%  $+1.18          HOLDING until 9:35am scan (Pullback50)|
+========================================================================+

+========================================================================+
|                          EXTENDED HOURS SELLS                          |
+========================================================================+
|                                                                        |
|  No extended-hours sells this run.                                     |
|                                                                        |
+========================================================================+

+========================================================================+
|                            EXIT RUN SUMMARY                            |
+========================================================================+
|  Mode                                                         ext_exits|
|  Candidates                                                           2|
|  Deferred/Skipped                                      already logged 0|
|  Data skips                                             no price data 0|
|  Se~  0 attempted  |  0 filled  |  0 partial  |  0 pending  |  0 failed|
|  Holds                                                                2|
|  Logged exits                                                         0|
+========================================================================+

+========================================================================+
|                      STOP-LOSS BREACHES THIS RUN                       |
+========================================================================+
|  None                                                                  |
+========================================================================+
|  Stop-loss look file                  logs/stop_losses_to_look_into.txt|
|  New investigations added                                             0|
+========================================================================+
