14:22:42  INFO      Mode: exits
14:22:42  INFO        Daily log -> logs/daily/2026-09-14.md
14:22:42  INFO        Daily log reconciled -> logs/daily/2026-09-14.md (1 ledger rows)
14:22:42  INFO        place_all_stops: checking 2 positions...
14:22:42  INFO        STOP skipped ALL: fractional (0.1317 shares) — software exit will handle it
14:22:42  INFO        STOP skipped ALLE: fractional (0.2206 shares) — software exit will handle it
14:22:42  INFO        [positions] 2/2 (2 valid)
14:22:42  INFO        Daily log -> logs/daily/2026-09-14.md

+========================================================================+
|  RUBBER BAND BOT  v8                                                   |
+------------------------------------------------------------------------+
|  Mode                                                             EXITS|
|  Time                                                         14:22 UTC|
|  Regime                                                            BULL|
|  Universe                                                          both|
|  Equity                                                         $226.57|
+========================================================================+

+========================================================================+
|                           STOCKS EXIT CHECK                            |
+========================================================================+
|  Exit logic                   stop-0.5% / 3d max  (midline at EOD only)|
+------------------------------------------------------------------------+
|  ALL  P&L -0.1%  $-0.03                                            HOLD|
|  ALLE  P&L +1.4%  $+0.47                                           HOLD|
+========================================================================+

+========================================================================+
|                            EXIT RUN SUMMARY                            |
+========================================================================+
|  Mode                                                             exits|
|  Candidates                                                           2|
|  Deferred/Skipped                                      already logged 0|
|  Data skips                                             no price data 0|
|  Se~  0 attempted  |  0 filled  |  0 partial  |  0 pending  |  0 failed|
|  Holds                                                                2|
|  Logged exits                                                         0|
+========================================================================+

+========================================================================+
|            OPTIONS SLEEVE  (managed by options_live_micro)             |
+========================================================================+
|                                                                        |
|  No open option positions.                                             |
|                                                                        |
+========================================================================+

+========================================================================+
|                      STOP-LOSS BREACHES THIS RUN                       |
+========================================================================+
|  None                                                                  |
+========================================================================+
|  Stop-loss look file                  logs/stop_losses_to_look_into.txt|
|  New investigations added                                             0|
+========================================================================+
