15:26:05  INFO      Mode: exits
15:26:05  INFO        place_all_stops: checking 3 positions...
15:26:05  INFO        STOP skipped AMZN: fractional (0.1353 shares) — software exit will handle it
15:26:05  INFO        STOP skipped FLEX: fractional (0.3161 shares) — software exit will handle it
15:26:05  INFO        STOP skipped LII: fractional (0.0895 shares) — software exit will handle it
15:26:05  INFO        [positions] 3/3 (3 valid)
15:26:05  INFO        SELL order cancelled FLEX  type=OrderType.MARKET  id=ebcb6867-5ee7-4072-9bdd-8f4b20189eff
15:26:05  INFO        SELL LIMIT FLEX  qty=0.31607724  limit=$109.29  id=1c5224db-5096-44dd-b2f0-ab25b36a5c9c
15:26:26  INFO        SELL LIMIT not filled for FLEX, falling back to market
15:26:26  INFO        SELL MARKET FLEX closed
15:26:28  INFO        SELL order cancelled LII  type=OrderType.MARKET  id=b09d08f4-7145-427f-9a85-fd8af2c70304
15:26:28  INFO        SELL LIMIT LII  qty=0.089467389  limit=$389.75  id=19d81995-87ce-4d63-ad33-8b13c3b67cc2
15:26:48  INFO        SELL LIMIT not filled for LII, falling back to market
15:26:48  INFO        SELL MARKET LII closed
15:26:51  INFO        SELL order cancelled AMZN  type=OrderType.MARKET  id=9fc217c4-f444-4937-a212-e1702b860182
15:26:51  INFO        SELL LIMIT AMZN  qty=0.135349882  limit=$257.99  id=d448f0c9-3c00-4eaf-87f2-866ae28a96e2
15:27:11  INFO        SELL LIMIT not filled for AMZN, falling back to market
15:27:11  INFO        SELL MARKET AMZN closed
15:27:13  INFO        Daily log -> logs/daily/2026-09-07.md

+========================================================================+
|  RUBBER BAND BOT  v8                                                   |
+------------------------------------------------------------------------+
|  Mode                                                             EXITS|
|  Time                                                         15:26 UTC|
|  Regime                                                            BULL|
|  Universe                                                          both|
|  Equity                                                         $230.56|
+========================================================================+

+========================================================================+
|                           STOCKS EXIT CHECK                            |
+========================================================================+
|  Exit logic                   stop-0.5% / 3d max  (midline at EOD only)|
+------------------------------------------------------------------------+
|  FLEX  P&L +0.1%  $+0.04                      EXIT: max_hold 3d (+0.1%)|
|  FLEX         PARTIAL SELL (0.3161 sh remain) — will retry this session|
|  LII  P&L +1.1%  $+0.38                       EXIT: max_hold 4d (+1.1%)|
|  LII          PARTIAL SELL (0.0895 sh remain) — will retry this session|
|  AMZN  P&L +1.2%  $+0.41                      EXIT: max_hold 5d (+1.2%)|
|  AMZN         PARTIAL SELL (0.1353 sh remain) — will retry this session|
+========================================================================+

+========================================================================+
|                            EXIT RUN SUMMARY                            |
+========================================================================+
|  Mode                                                             exits|
|  Candidates                                                           3|
|  Deferred/Skipped                                      already logged 0|
|  Data skips                                             no price data 0|
|  Se~  3 attempted  |  0 filled  |  3 partial  |  0 pending  |  0 failed|
|  Holds                                                                0|
|  Logged exits                                                         0|
+========================================================================+

+========================================================================+
|            OPTIONS SLEEVE  (managed by options_live_micro)             |
+========================================================================+
|                                                                        |
|  No open option positions.                                             |
|                                                                        |
+========================================================================+

+========================================================================+
|                      STOP-LOSS BREACHES THIS RUN                       |
+========================================================================+
|  None                                                                  |
+========================================================================+
|  Stop-loss look file                  logs/stop_losses_to_look_into.txt|
|  New investigations added                                             0|
+========================================================================+
