13:25:53  INFO      Mode: summary

+========================================================================+
|  RUBBER BAND BOT  v8                                                   |
+------------------------------------------------------------------------+
|  Mode                                                           SUMMARY|
|  Time                                                         13:25 UTC|
|  Regime                                                            BULL|
|  Universe                                                          both|
|  Equity                                                         $413.37|
+========================================================================+

+========================================================================+
|                             ACCOUNT STATUS                             |
+========================================================================+
|  Equity                                                         $413.37|
|  Cash                                                           $310.80|
|  Regime                                                            BULL|
|  Universe                                                          both|
|  Total invested                                                 $100.57|
|  Open P&L                                                        $+0.51|
+========================================================================+

+========================================================================+
|                     STOCK HOLDINGS  (2 positions)                      |
+========================================================================+
|  TICKER   STRATEGY        INVESTED   ENTRY    NOW      P&L%    P&L$    |
+------------------------------------------------------------------------+
|  AON      Pullback50      $70.39     $350.82  $352.95  +0.6%   $+0.43  |
|  MNST     MomReversal     $30.19     $47.41   $47.54   +0.3%   $+0.08  |
|                                                                        |
|  Total invested                                                 $100.57|
|  Total open P&L                                                  $+0.51|
+========================================================================+

+========================================================================+
|                     OPTION HOLDINGS  (1 contracts)                     |
+========================================================================+
|  CONTRACT                ENTRY    NOW      P&L%     P&L$      MV       |
+------------------------------------------------------------------------+
|  WMT260821C00110000      $0.09    $0.02    -77.8%   $-7.00    $2.00    |
|                                                                        |
|  Options open P&L                                                $-7.00|
+========================================================================+

+========================================================================+
|                        EXIT LOGIC ACTIVE  (v8)                         |
+========================================================================+
|  Profit target                              price > 20-day MA (midline)|
|  Stop loss                                             -0.5% from entry|
|  Time stop                                          max 3 calendar days|
+========================================================================+

+========================================================================+
|                          RECENT TRANSACTIONS                           |
+========================================================================+
|  2026-08-20  SELL  AES  Pullback50  $62.00  P&L $+0.00                 |
|  2026-08-20  SELL  ARE  Pullback50  $69.70  P&L $-0.12                 |
|  2026-08-20  SELL  JKHY  MA_Squeeze  $71.62  P&L $+0.75                |
|  2026-08-20  SELL  ARE  Pullback50  $70.48  P&L $-0.24                 |
|  2026-08-19  SELL  AAPL  Pullback50  $79.01  P&L $+1.50                |
|  2026-08-19  SELL  JKHY  MA_Squeeze  $70.80  P&L $+0.05                |
+========================================================================+
