options_reconcile: state=/home/runner/work/TradingBot/TradingBot/logs/options_trial/_state/lab_state.json
  open_lots=101 paper_keys=yes dry_run=False
  alpaca positions=28
  FLAG b94|S211|a7fe4290 missing from Alpaca
  State updated with reconciled lots.
options_reconcile: done
Layout: controlled:1164:live_1to1+variations (layout changed controlled:100:c000_s173_w1_0928_1005_r1 -> controlled:1164:live_1to1+variations)
Trial layout: /home/runner/work/TradingBot/TradingBot/logs/options_trial
Docs:         skipped (local docs unavailable on this runner)
Buckets:      1164
PROBE OK: paper account status=AccountStatus.ACTIVE equity=$997,400.08
  buying_power=$3,921,943.88 cash=$1,028,855.08
  open option orders: 20
    META260921C00705000 OrderSide.BUY qty=1 status=OrderStatus.NEW limit=0.47
    META260921C00705000 OrderSide.BUY qty=1 status=OrderStatus.NEW limit=0.47
    BAC260925C00059000 OrderSide.SELL qty=2 status=OrderStatus.NEW limit=None
    CELH260925C00029500 OrderSide.BUY qty=1 status=OrderStatus.NEW limit=0.37
    CELH260925C00029500 OrderSide.BUY qty=1 status=OrderStatus.NEW limit=0.37
  open option positions: 27
    BAC260925C00058000 qty=7 mkt=$553.00
    BAC260925C00059000 qty=2 mkt=$70.00
    CELH260925C00029000 qty=2 mkt=$106.00
    CRWD260918C00270000 qty=1 mkt=$0.00
    CRWD260918C00275000 qty=-1 mkt=$-1.00
PROBE: check-only pass (use --smoke-entry to place a test order)
=== options_morning_bot (PAPER) 2026-09-18T10:21:17.785780-04:00 ===

[Run context]
Paper auth OK — equity $997402.08, account PA33P8KT02IL

[Setup]
LIVE 1:1 bucket b90 live_1to1 — S218, S404, S406 | TP+50%/SL-40% | stop-mkt | min $20
Variation study: 1163 lab/promising bucket(s) | cohort: all paper strategies | max 400 new entries/run
Dropped (no new entries; ex-reflected P&L): S203, S207, S212, S360, S405, S407
2026-09-18 10:21:20,129 INFO   EXIT [b280|lab0280_s351_w1_0928_1005_r1|S351] take_profit (+176.0%) SELL 1 MARA260918C00012000 @<= 0.52
  EXIT [b182|lab0182_s217_w3_1045_1120_r1|S217] stop_loss (-100.0%) SELL failed HON260918C00215000: {"code":40310000,"message":"account not eligible to trade uncovered option contracts"}
  EXIT [b858|lab0858_s408_w2_1005_1045_r1|S408] stop_loss (-100.0%) SELL failed CRWD260918C00270000: {"code":40310000,"message":"account not eligible to trade uncovered option contracts"}
  EXIT [b861|lab0861_s408_w3_1045_1120_r2|S408] stop_loss (-70.6%) SELL failed MSTR260918C00157500: {"code":40310000,"message":"account not eligible to trade uncovered option contracts"}
  EXIT [b783|lab0783_s397_w4_1120_1135_r2|S397] stop_loss (-98.4%) SELL failed SNOW260918C00347500: {"code":40310000,"message":"account not eligible to trade uncovered option contracts"}
Protective stops: placed=1 upgraded=0 already=14 failed=6 (market-first)

[Scan + entries]
Scanning 117 symbols for [S165, S164, S168, S167, S166, S163, S169, S170, S171, S172, S175, S200, S201, S202, S204, S205, S206, S208, S209, S210, S211, S213, S214, S215, S216, S217, S218, S219, S220, S221, S400, S401, S402, S403, S350, S351, S352, S353, S354, S355, S356, S357, S358, S359, S361, S362, S363, S364, S365, S366, S367, S368, S369, S370, S371, S372, S373, S374, S375, S376, S377, S378, S379, S380, S381, S382, S383, S384, S385, S386, S387, S388, S389, S390, S391, S392, S393, S394, S413, S414, S415, S416, S417, S418, S395, S396, S397, S398, S399, S404, S406, S408, S409, S410, S411, S412, S413, S414, S415, S416, S417, S418, S419] …
Fetched daily bars for 113/117 symbols
Found 89 signal(s); top: ['S211:META', 'S165:NFLX', 'S164:NFLX', 'S168:NFLX', 'S167:NFLX', 'S166:NFLX', 'S163:NFLX', 'S202:NFLX']
Paper lab: $997402 broker equity -> 1164 bucket(s) ($500 virtual each, unlimited paper)
  [b1054 NFLX] ENTRY failed: {"code":40310000,"existing_order_id":"7284aa16-7d8f-4757-93f3-77fed7f54790","message":"potential wash trade detected. use complex orders","reject_reason":"opposite side market/stop order exists"}
  [b1055 NFLX] ENTRY failed: {"code":40310000,"existing_order_id":"7284aa16-7d8f-4757-93f3-77fed7f54790","message":"potential wash trade detected. use complex orders","reject_reason":"opposite side market/stop order exists"}
  [b1152 NFLX] ENTRY failed: {"code":40310000,"existing_order_id":"e5613f78-4ae2-4fb4-92b7-b33142bf89bd","message":"potential wash trade detected. use complex orders","reject_reason":"opposite side market/stop order exists"}
  [b1153 NFLX] ENTRY failed: {"code":40310000,"existing_order_id":"e5613f78-4ae2-4fb4-92b7-b33142bf89bd","message":"potential wash trade detected. use complex orders","reject_reason":"opposite side market/stop order exists"}
  [b1124 NFLX] ENTRY failed: {"code":40310000,"existing_order_id":"7284aa16-7d8f-4757-93f3-77fed7f54790","message":"potential wash trade detected. use complex orders","reject_reason":"opposite side market/stop order exists"}
  [b1125 NFLX] ENTRY failed: {"code":40310000,"existing_order_id":"7284aa16-7d8f-4757-93f3-77fed7f54790","message":"potential wash trade detected. use complex orders","reject_reason":"opposite side market/stop order exists"}
  [b1096 NFLX] ENTRY failed: {"code":40310000,"existing_order_id":"7284aa16-7d8f-4757-93f3-77fed7f54790","message":"potential wash trade detected. use complex orders","reject_reason":"opposite side market/stop order exists"}
  [b1097 NFLX] ENTRY failed: {"code":40310000,"existing_order_id":"7284aa16-7d8f-4757-93f3-77fed7f54790","message":"potential wash trade detected. use complex orders","reject_reason":"opposite side market/stop order exists"}
  [b1110 NFLX] ENTRY failed: {"code":40310000,"existing_order_id":"7284aa16-7d8f-4757-93f3-77fed7f54790","message":"potential wash trade detected. use complex orders","reject_reason":"opposite side market/stop order exists"}
  [b1111 NFLX] ENTRY failed: {"code":40310000,"existing_order_id":"7284aa16-7d8f-4757-93f3-77fed7f54790","message":"potential wash trade detected. use complex orders","reject_reason":"opposite side market/stop order exists"}
  [b1138 NFLX] ENTRY failed: {"code":40310000,"existing_order_id":"7284aa16-7d8f-4757-93f3-77fed7f54790","message":"potential wash trade detected. use complex orders","reject_reason":"opposite side market/stop order exists"}
  [b1139 NFLX] ENTRY failed: {"code":40310000,"existing_order_id":"7284aa16-7d8f-4757-93f3-77fed7f54790","message":"potential wash trade detected. use complex orders","reject_reason":"opposite side market/stop order exists"}
  [b18 NFLX] ENTRY failed: {"code":40310000,"existing_order_id":"7284aa16-7d8f-4757-93f3-77fed7f54790","message":"potential wash trade detected. use complex orders","reject_reason":"opposite side market/stop order exists"}
  [b19 NFLX] ENTRY failed: {"code":40310000,"existing_order_id":"7284aa16-7d8f-4757-93f3-77fed7f54790","message":"potential wash trade detected. use complex orders","reject_reason":"opposite side market/stop order exists"}
  [b306 NFLX] ENTRY failed: {"code":40310000,"existing_order_id":"7284aa16-7d8f-4757-93f3-77fed7f54790","message":"potential wash trade detected. use complex orders","reject_reason":"opposite side market/stop order exists"}
  [b307 NFLX] ENTRY failed: {"code":40310000,"existing_order_id":"7284aa16-7d8f-4757-93f3-77fed7f54790","message":"potential wash trade detected. use complex orders","reject_reason":"opposite side market/stop order exists"}
  [b314 NFLX] ENTRY failed: {"code":40310000,"existing_order_id":"7284aa16-7d8f-4757-93f3-77fed7f54790","message":"potential wash trade detected. use complex orders","reject_reason":"opposite side market/stop order exists"}
  [b315 NFLX] ENTRY failed: {"code":40310000,"existing_order_id":"7284aa16-7d8f-4757-93f3-77fed7f54790","message":"potential wash trade detected. use complex orders","reject_reason":"opposite side market/stop order exists"}
  [b322 NFLX] ENTRY failed: {"code":40310000,"existing_order_id":"5e3ee696-d76d-4c67-b50e-701febb5d83f","message":"potential wash trade detected. use complex orders","reject_reason":"opposite side market/stop order exists"}
  [b323 NFLX] ENTRY failed: {"code":40310000,"existing_order_id":"5e3ee696-d76d-4c67-b50e-701febb5d83f","message":"potential wash trade detected. use complex orders","reject_reason":"opposite side market/stop order exists"}
  [b392 NFLX] ENTRY failed: {"code":40310000,"existing_order_id":"7284aa16-7d8f-4757-93f3-77fed7f54790","message":"potential wash trade detected. use complex orders","reject_reason":"opposite side market/stop order exists"}
  [b393 NFLX] ENTRY failed: {"code":40310000,"existing_order_id":"7284aa16-7d8f-4757-93f3-77fed7f54790","message":"potential wash trade detected. use complex orders","reject_reason":"opposite side market/stop order exists"}
  [b406 NFLX] ENTRY failed: {"code":40310000,"existing_order_id":"7284aa16-7d8f-4757-93f3-77fed7f54790","message":"potential wash trade detected. use complex orders","reject_reason":"opposite side market/stop order exists"}
  [b407 NFLX] ENTRY failed: {"code":40310000,"existing_order_id":"7284aa16-7d8f-4757-93f3-77fed7f54790","message":"potential wash trade detected. use complex orders","reject_reason":"opposite side market/stop order exists"}
  [b420 NFLX] ENTRY failed: {"code":40310000,"existing_order_id":"5e3ee696-d76d-4c67-b50e-701febb5d83f","message":"potential wash trade detected. use complex orders","reject_reason":"opposite side market/stop order exists"}
  [b421 NFLX] ENTRY failed: {"code":40310000,"existing_order_id":"5e3ee696-d76d-4c67-b50e-701febb5d83f","message":"potential wash trade detected. use complex orders","reject_reason":"opposite side market/stop order exists"}
  [b778 NFLX] ENTRY failed: {"code":40310000,"existing_order_id":"b55aea32-9191-41c7-89fb-e94bb4145096","message":"potential wash trade detected. use complex orders","reject_reason":"opposite side market/stop order exists"}
  [b779 NFLX] ENTRY failed: {"code":40310000,"existing_order_id":"b55aea32-9191-41c7-89fb-e94bb4145096","message":"potential wash trade detected. use complex orders","reject_reason":"opposite side market/stop order exists"}
  [b786 NFLX] ENTRY failed: {"code":40310000,"existing_order_id":"7284aa16-7d8f-4757-93f3-77fed7f54790","message":"potential wash trade detected. use complex orders","reject_reason":"opposite side market/stop order exists"}
  [b787 NFLX] ENTRY failed: {"code":40310000,"existing_order_id":"7284aa16-7d8f-4757-93f3-77fed7f54790","message":"potential wash trade detected. use complex orders","reject_reason":"opposite side market/stop order exists"}
  [b794 NFLX] ENTRY failed: {"code":40310000,"existing_order_id":"fd44b130-e83b-42d8-9622-06e8f1d2ca9f","message":"potential wash trade detected. use complex orders","reject_reason":"opposite side market/stop order exists"}
  [b795 NFLX] ENTRY failed: {"code":40310000,"existing_order_id":"fd44b130-e83b-42d8-9622-06e8f1d2ca9f","message":"potential wash trade detected. use complex orders","reject_reason":"opposite side market/stop order exists"}
  [b802 NFLX] ENTRY failed: {"code":40310000,"existing_order_id":"b55aea32-9191-41c7-89fb-e94bb4145096","message":"potential wash trade detected. use complex orders","reject_reason":"opposite side market/stop order exists"}
  [b803 NFLX] ENTRY failed: {"code":40310000,"existing_order_id":"b55aea32-9191-41c7-89fb-e94bb4145096","message":"potential wash trade detected. use complex orders","reject_reason":"opposite side market/stop order exists"}
  [b859 NFLX] ENTRY failed: {"code":40310000,"existing_order_id":"e3ddd609-17a3-409c-8848-bd91f06c46d7","message":"potential wash trade detected. use complex orders","reject_reason":"opposite side market/stop order exists"}
  [b900 NFLX] ENTRY failed: {"code":40310000,"existing_order_id":"b55aea32-9191-41c7-89fb-e94bb4145096","message":"potential wash trade detected. use complex orders","reject_reason":"opposite side market/stop order exists"}
  [b901 NFLX] ENTRY failed: {"code":40310000,"existing_order_id":"b55aea32-9191-41c7-89fb-e94bb4145096","message":"potential wash trade detected. use complex orders","reject_reason":"opposite side market/stop order exists"}
  Skipped: 35 no tradeable call, 58 pending order
Placed 1 new entry order(s).
Protective stops: placed=1 upgraded=0 already=15 failed=6 (market-first)

[Portfolio snapshot]
+========================================================================+
|[OPTIONS BOT DAILY VITALS (MATRIX EXPERIMENT)]                          |
+========================================================================+
|-- ACCOUNT STATUS (entry+manage) --                                     |
|Equity       : $997,402.08                                              |
|Open Risk    : 102 lots (28 broker pos)                                 |
|Today's Run  : 89 signals -> 1 orders submitted                         |
|                                                                        |
|-- SYSTEM HEALTH --                                                     |
|Zombies      : 0 (Ledger is clean)                                      |
|Lab Status   : 102 Active Lots | 11 Pending Orders                      |
|Auto-Matrix  : (Pending EOD report generation)                          |
+========================================================================+
+========================================================================+
|[DATA QUALITY: CLEAN vs ERRORS vs KEEP-ONLY]                            |
+========================================================================+
|  CLEAN              n=1325  win= 47.7%  med= -33.3%  $+15,376          |
|  TAINTED            n=1880  win= 33.4%  med= -39.0%  $-9,533           |
|  KEEP-only          n=640   win= 61.9%  med= +50.0%  $+10,258          |
|  KEEP recent        n=454   win= 60.4%  med= +53.3%  $+6,588           |
|  KEEP(21): S163,S168,S173,S174,S210,S218,S350,S352...                  |
|  KILL(21): ORPHAN,S164,S202,S203,S207,S211,S212,S216...                |
+========================================================================+
+========================================================================+
|[+++ OVERPERFORMING STRATEGIES (n>=10)]                                 |
+========================================================================+
|  BKT  PROFILE                   WIN%   MED%   TOTAL TRADES             |
|  ---------------------------------------------------------             |
|  b238 lab0238_s401_w3_1045..  83%  +107.1%    18                       |
|  b861 lab0861_s408_w3_1045..  67%  +83.3%    12                        |
|  b365 lab0365_s361_w2_1005..  91%  +82.8%    11                        |
|  b28  lab0028_s203_w3_1045..  77%  +80.0%    22                        |
+========================================================================+
|[--- UNDERPERFORMING STRATEGIES (n>=10)]                                |
+========================================================================+
|  BKT  PROFILE                   WIN%   MED%   TOTAL TRADES             |
|  ---------------------------------------------------------             |
|  b47  lab0047_s205_w4_1120..   4%  -78.0%    28                        |
|  b167 lab0167_s216_w2_1005..  20%  -71.8%    10                        |
|  b307 lab0307_s354_w2_1005..  30%  -69.9%    10                        |
|  b1   lab0001_s200_w1_0928..   0%  -65.8%    10                        |
+========================================================================+
+========================================================================+
|[PENDING ORDERS (11)]                                                   |
+========================================================================+
|  Top groups: S406:VZ(3), S218:BA(2), S401:MDT(2)                       |
|  ---------------------------------------------------------             |
|  b90  S406 VZ       limit=0.45                                         |
|  b194 S218 BA       limit=0.26                                         |
|  b195 S218 BA       limit=0.26                                         |
|  b236 S401 MDT      limit=0.55                                         |
|  b237 S401 MDT      limit=0.55                                         |
|  ... 6 more pending order(s)                                           |
+========================================================================+
+========================================================================+
|[PENDING EXITS (1)]                                                     |
+========================================================================+
|  b267 S403 PATH260918C00016000 x1 stop_loss (-100.0%)                  |
+========================================================================+
+========================================================================+
|[OPEN OPTIONS (28)]                                                     |
+========================================================================+
|  SYMBOL                      QTY    RET%        OPEN P&L               |
|  ---------------------------------------------------------             |
|  MARA260918C00012000          41   +165.7%   $ +1,329.69               |
|  MARA260918C00011000          -1   -507.7%   $   -132.00               |
|  MARA260925C00011500          -1   -693.8%   $   -111.00               |
|  NFLX260925C00075000          14    +20.2%   $    +94.00               |
|  SLB260918C00052500            2    -97.6%   $    -80.00               |
|  NFLX260925C00074000           7    +21.9%   $    +78.00               |
|  BAC260925C00058000            7    +13.4%   $    +63.00               |
|  SNOW260918C00347500           1   -100.0%   $    -63.00               |
|  ... 20 more position(s)                                               |
+========================================================================+
Full detail: logs/options_trial/runs/2026-09-18.log
elapsed=49.4s reconcile=1.06s cancel=0.07s manage=7.63s scan=28.63s entries=8.06s
STATUS: options_morning_bot run complete (PAPER) elapsed=49.4s. run=#10387 https://github.com/28twagg-ops/TradingBot/actions/runs/35355565141
Evaluation complete: 100 strategies evaluated, 0 killed, 0 promote candidates.
Wrote /home/runner/work/TradingBot/TradingBot/logs/options_trial/reports/2026-09-18_buckets.md
Wrote /home/runner/work/TradingBot/TradingBot/logs/options_trial/reports/2026-09-18_buckets.csv
Summary: 19 buckets closed trades, $+44.00 realized
STALE WARNING: 4 bucket(s) with open lots and last_entry >5d
Wrote /home/runner/work/TradingBot/TradingBot/logs/options_trial/reports/2026-09-18_strategy_selection.md
Wrote /home/runner/work/TradingBot/TradingBot/logs/options_trial/reports/2026-09-18_strategy_selection.csv
Summary: keep=0 watch=79 drop=26
Orphan rate: 12.4% (397/3205) ALERT
# Options signal frequency

_Generated 2026-09-18T10:22:11.394944_

Headline counts are **unique (strategy, underlying, date)** from `ENTRY` lines in `logs/options_trial/runs/*.log`.
Raw log-line counts (multi-bucket duplicates) are shown below for debug.

### Unique underlying symbols per day (headline)

| Date       | S163 | S164 | S165 | S166 | S167 | S168 | S169 | S170 | S171 | S172 | S175 | S173 | S174 | Total |
|------------|-----:|-----:|-----:|-----:|-----:|-----:|-----:|-----:|-----:|-----:|-----:|-----:|-----:|------:|
| 2026-07-07 |    0 |    0 |    0 |    0 |    0 |    0 |    0 |    0 |    0 |    0 |    0 |    1 |    0 |     1 |
| 2026-07-08 |    0 |    0 |    3 |    0 |    0 |    0 |    0 |    0 |    0 |    0 |    0 |    2 |    1 |     6 |
| 2026-07-09 |    0 |    0 |    1 |    0 |    0 |    0 |    0 |    0 |    0 |    0 |    0 |    2 |    3 |     6 |
| 2026-07-10 |    0 |    0 |    1 |    0 |    0 |    0 |    0 |    0 |    0 |    0 |    0 |    1 |    1 |     3 |
| 2026-07-13 |    0 |    0 |    2 |    0 |    0 |    0 |    0 |    0 |    0 |    0 |    0 |    3 |    2 |     7 |
| 2026-07-14 |    0 |    0 |    3 |    0 |    0 |    0 |    0 |    0 |    0 |    0 |    0 |    2 |    0 |     5 |
| 2026-07-16 |    0 |    0 |    2 |    0 |    0 |    0 |    0 |    0 |    0 |    0 |    0 |    3 |    0 |     5 |
| 2026-07-17 |    0 |    0 |    2 |    0 |    0 |    0 |    0 |    0 |    0 |    0 |    0 |    2 |    0 |     4 |
| 2026-07-20 |    0 |    0 |    0 |    0 |    0 |    0 |    0 |    0 |    0 |    0 |    0 |    1 |    0 |     1 |
| 2026-07-21 |    1 |    2 |    1 |    1 |    2 |    2 |    0 |    0 |    0 |    0 |    0 |    0 |    0 |     9 |
| 2026-07-22 |    1 |    1 |    1 |    0 |    1 |    0 |    0 |    0 |    0 |    0 |    0 |    0 |    0 |     4 |
| 2026-07-24 |    1 |    1 |    1 |    0 |    1 |    1 |    0 |    0 |    0 |    0 |    0 |    0 |    0 |     5 |
| 2026-07-27 |    1 |    0 |    1 |    1 |    1 |    1 |    0 |    0 |    0 |    0 |    0 |    0 |    0 |     5 |
| 2026-07-28 |    1 |    1 |    1 |    1 |    1 |    1 |    0 |    0 |    0 |    0 |    0 |    0 |    0 |     6 |
| 2026-07-29 |    1 |    2 |    1 |    1 |    1 |    0 |    0 |    0 |    0 |    0 |    0 |    0 |    0 |     6 |
| 2026-09-01 |    2 |    2 |    2 |    1 |    2 |    2 |    0 |    0 |    0 |    0 |    0 |    0 |    0 |    11 |
| 2026-09-02 |    1 |    1 |    1 |    1 |    1 |    1 |    0 |    0 |    0 |    0 |    0 |    0 |    0 |     6 |
| 2026-09-03 |    1 |    1 |    1 |    1 |    1 |    1 |    0 |    0 |    0 |    0 |    0 |    0 |    0 |     6 |
| 2026-09-04 |    2 |    2 |    2 |    2 |    2 |    2 |    0 |    0 |    0 |    0 |    0 |    0 |    0 |    12 |
| 2026-09-08 |    1 |    2 |    2 |    0 |    2 |    2 |    0 |    0 |    0 |    0 |    0 |    0 |    0 |     9 |
| 2026-09-10 |    1 |    3 |    2 |    0 |    2 |    1 |    0 |    0 |    0 |    0 |    0 |    0 |    0 |     9 |
| 2026-09-15 |    1 |    2 |    2 |    0 |    2 |    2 |    0 |    0 |    0 |    0 |    0 |    0 |    0 |     9 |
| 2026-09-16 |    1 |    1 |    1 |    0 |    1 |    0 |    0 |    0 |    0 |    0 |    0 |    0 |    0 |     4 |
| 2026-09-18 |    1 |    0 |    0 |    1 |    0 |    0 |    0 |    0 |    0 |    0 |    0 |    0 |    0 |     2 |

## Per-strategy summary (unique underlyings)

| Strategy | Unique entries | Active days | Avg unique / active day | Est. active days to n=30 exits* |
|----------|---------------:|------------:|------------------------:|--------------------------------|
| S163 | 17 | 15 | 1.1 | ~34 active signal-days |
| S164 | 21 | 13 | 1.6 | ~24 active signal-days |
| S165 | 33 | 21 | 1.6 | ~24 active signal-days |
| S166 | 10 | 9 | 1.1 | ~34 active signal-days |
| S167 | 20 | 14 | 1.4 | ~27 active signal-days |
| S168 | 16 | 11 | 1.5 | ~26 active signal-days |
| S169 | 0 | 0 | 0.0 | inf (no unique entries yet) |
| S170 | 0 | 0 | 0.0 | inf (no unique entries yet) |
| S171 | 0 | 0 | 0.0 | inf (no unique entries yet) |
| S172 | 0 | 0 | 0.0 | inf (no unique entries yet) |
| S175 | 0 | 0 | 0.0 | inf (no unique entries yet) |
| S173 | 17 | 9 | 1.9 | ~20 active signal-days |
| S174 | 7 | 4 | 1.8 | ~22 active signal-days |

\* Formula: `ceil(30 / (avg_unique_per_active_day * 80%))`. Update when real exit rates are known.

## Signal frequency by window (all time, unique strategy×symbol×date×window)

| Window | S163 | S164 | S165 | S166 | S167 | S168 | S169 | S170 | S171 | S172 | S175 | S173 | S174 | Total |
|--------|-----:|-----:|-----:|-----:|-----:|-----:|-----:|-----:|-----:|-----:|-----:|-----:|-----:|------:|
| w1     |    7 |    6 |   10 |    4 |    6 |    6 |    0 |    0 |    0 |    0 |    0 |    7 |    1 |    47 |
| w2     |   10 |   10 |   15 |    7 |   11 |    9 |    0 |    0 |    0 |    0 |    0 |    6 |    3 |    71 |
| w3     |   10 |   10 |   17 |    6 |   10 |    7 |    0 |    0 |    0 |    0 |    0 |    7 |    4 |    71 |
| w4     |    6 |    5 |   11 |    3 |    6 |    7 |    0 |    0 |    0 |    0 |    0 |    6 |    3 |    47 |

Windows (ET): w1 09:28–10:05 · w2 10:05–10:45 · w3 10:45–11:20 · w4 11:20–11:35. Parsed from controlled-layout profile names in ENTRY log lines.

## Raw vs unique totals

| Strategy | Raw log lines (includes multi-bucket duplicates) | Unique underlying symbols |
|----------|-------------------------------------------------:|--------------------------:|
| S163 | 271 | 17 |
| S164 | 299 | 21 |
| S165 | 1735 | 33 |
| S166 | 139 | 10 |
| S167 | 293 | 20 |
| S168 | 214 | 16 |
| S169 | 0 | 0 |
| S170 | 0 | 0 |
| S171 | 0 | 0 |
| S172 | 0 | 0 |
| S175 | 0 | 0 |
| S173 | 1911 | 17 |
| S174 | 891 | 7 |

### Raw log lines per day (debug / multi-bucket)

| Date       | S163 | S164 | S165 | S166 | S167 | S168 | S169 | S170 | S171 | S172 | S175 | S173 | S174 | Total |
|------------|-----:|-----:|-----:|-----:|-----:|-----:|-----:|-----:|-----:|-----:|-----:|-----:|-----:|------:|
| 2026-07-07 |    0 |    0 |    0 |    0 |    0 |    0 |    0 |    0 |    0 |    0 |    0 |  100 |    0 |   100 |
| 2026-07-08 |    0 |    0 |  100 |    0 |    0 |    0 |    0 |    0 |    0 |    0 |    0 |  100 |  100 |   300 |
| 2026-07-09 |    0 |    0 |   24 |    0 |    0 |    0 |    0 |    0 |    0 |    0 |    0 |  100 |   15 |   139 |
| 2026-07-10 |    0 |    0 |  242 |    0 |    0 |    0 |    0 |    0 |    0 |    0 |    0 |  230 |  202 |   674 |
| 2026-07-13 |    0 |    0 |  190 |    0 |    0 |    0 |    0 |    0 |    0 |    0 |    0 |  212 |  188 |   590 |
| 2026-07-14 |    0 |    0 |  194 |    0 |    0 |    0 |    0 |    0 |    0 |    0 |    0 |  185 |  106 |   485 |
| 2026-07-15 |    0 |    0 |  146 |    0 |    0 |    0 |    0 |    0 |    0 |    0 |    0 |  154 |   58 |   358 |
| 2026-07-16 |    0 |    0 |  179 |    0 |    0 |    0 |    0 |    0 |    0 |    0 |    0 |  205 |   58 |   442 |
| 2026-07-17 |    0 |    0 |  127 |    0 |    0 |    0 |    0 |    0 |    0 |    0 |    0 |  207 |   58 |   392 |
| 2026-07-20 |    0 |    0 |  107 |    0 |    0 |    0 |    0 |    0 |    0 |    0 |    0 |  143 |   58 |   308 |
| 2026-07-21 |   30 |   35 |  113 |   30 |   35 |   35 |    0 |    0 |    0 |    0 |    0 |  118 |   48 |   444 |
| 2026-07-22 |   40 |   47 |   86 |   15 |   45 |   20 |    0 |    0 |    0 |    0 |    0 |   77 |    0 |   330 |
| 2026-07-23 |   30 |   42 |   50 |   15 |   40 |   20 |    0 |    0 |    0 |    0 |    0 |   40 |    0 |   237 |
| 2026-07-24 |   75 |   87 |   85 |   15 |   77 |   55 |    0 |    0 |    0 |    0 |    0 |   40 |    0 |   434 |
| 2026-07-27 |   14 |    0 |   14 |   14 |   14 |   14 |    0 |    0 |    0 |    0 |    0 |    0 |    0 |    70 |
| 2026-07-28 |    6 |    8 |    8 |    8 |    8 |    6 |    0 |    0 |    0 |    0 |    0 |    0 |    0 |    44 |
| 2026-07-29 |   10 |   10 |   10 |    8 |   10 |    0 |    0 |    0 |    0 |    0 |    0 |    0 |    0 |    48 |
| 2026-09-01 |    8 |    6 |    6 |    2 |    6 |    6 |    0 |    0 |    0 |    0 |    0 |    0 |    0 |    34 |
| 2026-09-02 |   10 |   10 |   10 |    2 |   10 |   14 |    0 |    0 |    0 |    0 |    0 |    0 |    0 |    56 |
| 2026-09-03 |   10 |    4 |    4 |   16 |    4 |   10 |    0 |    0 |    0 |    0 |    0 |    0 |    0 |    48 |
| 2026-09-04 |   12 |   14 |    8 |   10 |    8 |   10 |    0 |    0 |    0 |    0 |    0 |    0 |    0 |    62 |
| 2026-09-08 |    4 |    8 |    8 |    0 |    8 |    8 |    0 |    0 |    0 |    0 |    0 |    0 |    0 |    36 |
| 2026-09-10 |   10 |   10 |    6 |    0 |   10 |    8 |    0 |    0 |    0 |    0 |    0 |    0 |    0 |    44 |
| 2026-09-15 |    4 |   14 |   14 |    0 |   14 |    8 |    0 |    0 |    0 |    0 |    0 |    0 |    0 |    54 |
| 2026-09-16 |    4 |    4 |    4 |    0 |    4 |    0 |    0 |    0 |    0 |    0 |    0 |    0 |    0 |    16 |
| 2026-09-18 |    4 |    0 |    0 |    4 |    0 |    0 |    0 |    0 |    0 |    0 |    0 |    0 |    0 |     8 |

## Notes

- Pre-router-fix (before 2026-07-17 commit `56660c9e`): S163/S166 were starved — expect zeros until a post-fix entry-window gap-down day.
- Controlled layout places one ENTRY per matching bucket×strategy; raw counts inflate, unique underlyings do not.


Wrote /home/runner/work/TradingBot/TradingBot/logs/options_trial/reports/signal_frequency.md
## Ledger health — 2026-09-18
| Check                       | Count | Status |
|-----------------------------|------:|--------|
| Current stuck (state)       |     3 | WARN | <<<
| Orphaned lots (post-stable) |  1368 | WARN | <<<
| Missing exit records (post) |  1365 | WARN | <<<
| State/ledger mismatches     |     3 | WARN | <<<
| Total open lots             |   102 | INFO |
| Total closed lots           |  2341 | INFO |
| Pre-cutoff audit debt       |     0 | INFO |
| Transition audit debt       |   744 | INFO |

Wrote /home/runner/work/TradingBot/TradingBot/logs/options_trial/reports/ledger_health.md
Wrote /home/runner/work/TradingBot/TradingBot/logs/options_trial/reports/2026-09-18_data_quality.md
Wrote /home/runner/work/TradingBot/TradingBot/logs/options_trial/reports/2026-09-18_data_quality.csv
Wrote /home/runner/work/TradingBot/TradingBot/logs/options_trial/reports/latest_data_quality.json
Wrote /home/runner/work/TradingBot/TradingBot/logs/options_trial/reports/latest_data_quality_snippet.md
CLEAN n=1325 med=-33.3% | TAINTED n=1880 med=-39.0% | KEEP-only n=640 med=+50.0% | KILL=21 KEEP=21
Wrote /home/runner/work/TradingBot/TradingBot/logs/dashboard.html
equity=225.96 router=CONFIRMED leaderboard_rows=105
Wrote /home/runner/work/TradingBot/TradingBot/logs/rubber_band_report.md
| 1 | MA_Squeeze | 3 | 100% | +0.80% | +1.05% | +0.27% | 999.00 | 0.0d | $+1.23 | WATCH |
| 2 | unknown | 32 | 19% | -0.03% | -0.59% | -1.27% | 1.44 | 0.0d | $+0.29 | ACTIVE |
