16:11:25  INFO      Mode: exits
16:11:25  INFO        Daily log -> logs/daily/2026-10-07.md
16:11:25  INFO        Daily log reconciled -> logs/daily/2026-10-07.md (4 ledger rows)
16:11:25  INFO        place_all_stops: checking 3 positions...
16:11:25  INFO        STOP already live AES @ $14.84
16:11:25  INFO        STOP skipped AMZN: fractional (0.1312 shares) — software exit will handle it
16:11:25  INFO        STOP skipped GOOG: fractional (0.0977 shares) — software exit will handle it
16:11:26  INFO        [positions] 3/3 (3 valid)
16:11:26  INFO        Daily log -> logs/daily/2026-10-07.md

+========================================================================+
|  RUBBER BAND BOT  v8                                                   |
+------------------------------------------------------------------------+
|  Mode                                                             EXITS|
|  Time                                                         16:11 UTC|
|  Regime                                                            BULL|
|  Universe                                                          both|
|  Equity                                                         $223.93|
+========================================================================+

+========================================================================+
|                           STOCKS EXIT CHECK                            |
+========================================================================+
|  Exit logic                   stop-0.5% / 3d max  (midline at EOD only)|
+------------------------------------------------------------------------+
|  GOOG  P&L +0.0%  $+0.01                                           HOLD|
|  AES  P&L +0.1%  $+0.03                                            HOLD|
|  AMZN  P&L +1.2%  $+0.39                                           HOLD|
+========================================================================+

+========================================================================+
|                            EXIT RUN SUMMARY                            |
+========================================================================+
|  Mode                                                             exits|
|  Candidates                                                           3|
|  Deferred/Skipped                                      already logged 0|
|  Data skips                                             no price data 0|
|  Se~  0 attempted  |  0 filled  |  0 partial  |  0 pending  |  0 failed|
|  Holds                                                                3|
|  Logged exits                                                         0|
+========================================================================+

+========================================================================+
|            OPTIONS SLEEVE  (managed by options_live_micro)             |
+========================================================================+
|                                                                        |
|  No open option positions.                                             |
|                                                                        |
+========================================================================+

+========================================================================+
|                      STOP-LOSS BREACHES THIS RUN                       |
+========================================================================+
|  None                                                                  |
+========================================================================+
|  Stop-loss look file                  logs/stop_losses_to_look_into.txt|
|  New investigations added                                             0|
+========================================================================+
