Trial layout: /home/runner/work/TradingBot/TradingBot/logs/options_trial
Docs:         /home/runner/work/TradingBot/TradingBot/docs/options_trial
Buckets:      100
=== options_morning_bot (PAPER) 2026-07-09T12:20:44.947935-04:00 ===

[Run context]
Paper auth OK — equity $163349.01, account PA36KS87UPRS

[Setup]
Active buckets: 100 | Strategies: S173, S174, S165, S166, S163

[Manage only]
Past entry window; manage/exit only.

[Portfolio snapshot]
+========================================================================+
|  OPTIONS BOT SUMMARY                                                   |
+------------------------------------------------------------------------+
|  Mode                          manage-only                             |
|  Equity                        $163,349.01                             |
|  Signals this run              0                                       |
|  Entries placed                0                                       |
|  Open option positions         19                                      |
|  Pending orders                0                                       |
+========================================================================+
+========================================================================+
|  OPEN OPTIONS (19)                                                     |
+------------------------------------------------------------------------+
|  SYMBOL                      QTY    RET%        OPEN P&L               |
|------------------------------------------------------------------------|
|  AVGO260710C00400000          49   +990.9%   $+27,150.00               |
|  ANET260710C00185000          22  +1055.0%   $ +6,330.00               |
|  CCL260717C00026000           93    +69.2%   $ +4,830.00               |
|  GOOGL260710C00365000         75    -68.3%   $ -4,193.99               |
|  MRNA260710C00085000          54    -67.6%   $ -1,127.00               |
|  GOOGL260710C00367500         24    -65.1%   $   -672.00               |
|  PLTR260710C00136000          24    -81.5%   $   -636.00               |
|  BA260710C00237500            22    -90.6%   $   -422.00               |
|  ... 11 more position(s)                                               |
+========================================================================+
Full detail: logs/options_trial/runs/2026-07-09.log
elapsed=1.1s reconcile=0.41s cancel=0.15s manage=0.07s
STATUS: options_morning_bot run complete (PAPER) elapsed=1.1s.
Wrote /home/runner/work/TradingBot/TradingBot/logs/options_trial/reports/2026-07-09_buckets.md
Wrote /home/runner/work/TradingBot/TradingBot/logs/options_trial/reports/2026-07-09_buckets.csv
Summary: 0 buckets closed trades, $+0.00 realized
Wrote /home/runner/work/TradingBot/TradingBot/logs/options_trial/reports/2026-07-09_strategy_selection.md
Wrote /home/runner/work/TradingBot/TradingBot/logs/options_trial/reports/2026-07-09_strategy_selection.csv
Summary: keep=0 watch=5 drop=0
