13:05:50  INFO      Mode: summary

+========================================================================+
|  RUBBER BAND BOT  v8                                                   |
+------------------------------------------------------------------------+
|  Mode                                                           SUMMARY|
|  Time                                                         13:05 UTC|
|  Regime                                                            BULL|
|  Universe                                                          both|
|  Equity                                                         $467.36|
+========================================================================+

+========================================================================+
|                             ACCOUNT STATUS                             |
+========================================================================+
|  Equity                                                         $467.36|
|  Cash                                                           $209.57|
|  Regime                                                            BULL|
|  Universe                                                          both|
|  Total invested                                                 $257.79|
|  Open P&L                                                        $+1.70|
+========================================================================+

+========================================================================+
|                        HOLDINGS  (3 positions)                         |
+========================================================================+
|  TICKER   STRATEGY        INVESTED   ENTRY    NOW      P&L%    P&L$    |
+------------------------------------------------------------------------+
|  ACGL     Pullback50      $69.97     $97.48   $98.92   +1.5%   $+1.02  |
|  AES      Pullback50      $94.22     $14.72   $14.74   +0.1%   $+0.13  |
|  AFL      Pullback50      $93.60     $120.39  $121.10  +0.6%   $+0.55  |
|                                                                        |
|  Total invested                                                 $257.79|
|  Total open P&L                                                  $+1.70|
+========================================================================+

+========================================================================+
|                        EXIT LOGIC ACTIVE  (v8)                         |
+========================================================================+
|  Profit target                              price > 20-day MA (midline)|
|  Stop loss                                             -0.5% from entry|
|  Time stop                                          max 3 calendar days|
+========================================================================+

+========================================================================+
|                          RECENT TRANSACTIONS                           |
+========================================================================+
|  2026-08-12  SELL  ALGN  Pullback50  $93.06  P&L $-0.12                |
|  2026-08-12  SELL  AKAM  Pullback50  $93.09  P&L $-0.17                |
|  2026-08-12  SELL  AXP  Pullback50  $94.12  P&L $+0.93                 |
|  2026-08-12  SELL  ADM  Pullback50  $12.64  P&L $-0.12                 |
|  2026-08-12  SELL  EXR  Pullback50  $68.70  P&L $-0.36                 |
|  2026-08-11  SELL  DHI  Pullback50  $93.11  P&L $-0.11                 |
+========================================================================+
