options_reconcile: state=/home/runner/work/TradingBot/TradingBot/logs/options_trial/_state/lab_state.json
  open_lots=198 paper_keys=yes dry_run=False
  alpaca positions=33
  FLAG b237|S401|1de86721 missing from Alpaca
  FLAG b236|S401|c69331cd missing from Alpaca
  FLAG b195|S218|4f6b77a4 missing from Alpaca
  FLAG b0|ORPHAN|68bdcedb missing from Alpaca
  FLAG b0|ORPHAN|edbee006 missing from Alpaca
  State updated with reconciled lots.
options_reconcile: done
Layout: controlled:1024:lab0000_s200_w1_0928_1005_r1 (layout changed controlled:100:c000_s173_w1_0928_1005_r1 -> controlled:1024:lab0000_s200_w1_0928_1005_r1)
Trial layout: /home/runner/work/TradingBot/TradingBot/logs/options_trial
Docs:         skipped (local docs unavailable on this runner)
Buckets:      1024
=== options_morning_bot (PAPER) 2026-08-05T10:01:17.316694-04:00 ===

[Run context]
Paper auth OK — equity $145636.45, account PA36KS87UPRS

[Setup]
Active buckets: 1024 | Strategies: S165, S164, S168, S167, S166, S163, S169, S170, S171, S172, S175, S200, S201, S202, S203, S204, S205, S206, S207, S208, S209, S210, S211, S212, S213, S214, S215, S216, S217, S218, S219, S220, S221, S400, S401, S402, S403, S350, S351, S352, S353, S354, S355, S356, S357, S358, S359, S360, S361, S362, S363, S364, S365, S366, S367, S368, S369, S370, S371, S372, S373, S374, S375, S376, S377, S378, S379, S380, S381, S382, S383, S384, S385, S386, S387, S388, S389, S390, S391, S392, S393, S394, S413, S414, S415, S416, S417, S418, S395, S396, S397, S398, S399, S404, S405, S406, S407, S408, S409, S410, S411, S412, S413, S414, S415, S416, S417, S418, S419
Dropped (no new entries; ex-reflected P&L): S173, S174
2026-08-05 10:01:23,007 INFO   EXIT [b264|lab0264_s403_w2_1005_1045_r1|S403] stop_loss (-68.3%) SELL 1 T260807C00023000 @<= 0.17
2026-08-05 10:01:24,353 INFO   EXIT [b315|lab0315_s355_w2_1005_1045_r2|S355] stop_loss (-68.5%) SELL 1 AMZN260810C00300000 @<= 0.15
2026-08-05 10:01:25,315 INFO   EXIT [b845|lab0845_s407_w2_1005_1045_r2|S407] stop_loss (-63.4%) SELL 1 AMZN260807C00302500 @<= 0.02
2026-08-05 10:01:27,248 INFO   EXIT [b0|orphan_reconcile|ORPHAN] stop_loss (-96.3%) SELL 3 AMZN260805C00290000 @<= 0.01
2026-08-05 10:01:29,957 INFO   EXIT [b0|orphan_reconcile|ORPHAN] stop_loss (-52.9%) SELL 1 DKNG260807C00025500 @<= 0.21
2026-08-05 10:01:35,300 INFO   EXIT [b82|lab0082_s210_w2_1005_1045_r1|S210] stop_loss (-70.5%) SELL 1 AMZN260807C00297500 @<= 0.11
2026-08-05 10:01:36,891 INFO   EXIT [b290|lab0290_s352_w2_1005_1045_r1|S352] stop_loss (-91.1%) SELL 1 AMZN260805C00287500 @<= 0.04
2026-08-05 10:01:38,194 INFO   EXIT [b803|lab0803_s404_w2_1005_1045_r2|S404] stop_loss (-52.9%) SELL 1 AMZN260807C00295000 @<= 0.20
2026-08-05 10:01:38,876 INFO   EXIT [b62|lab0062_s207_w4_1120_1135_r1|S207] stop_loss (-52.5%) SELL 1 XOM260807C00160000 @<= 0.13
2026-08-05 10:01:39,916 INFO   EXIT [b794|lab0794_s399_w2_1005_1045_r1|S399] stop_loss (-65.4%) SELL 1 AMZN260807C00300000 @<= 0.09
  EXIT [b366|lab0366_s361_w3_1045_1120_r1|S361] take_profit (+1256.2%) SELL failed NVDA260805C00217500: {"code":40010001,"message":"client_order_id must be unique"}
2026-08-05 10:01:41,722 INFO   EXIT [b382|lab0382_s362_w4_1120_1135_r1|S362] take_profit (+1256.2%) SELL 1 NVDA260805C00217500 @<= 3.68
2026-08-05 10:01:42,596 INFO   EXIT [b115|lab0115_s212_w4_1120_1135_r2|S212] stop_loss (-100.0%) SELL 1 UBER260807C00078000 @<= 0.01
2026-08-05 10:01:46,399 INFO   EXIT [b835|lab0835_s406_w4_1120_1135_r2|S406] take_profit (+1018.9%) SELL 1 NVDA260805C00220000 @<= 2.09
2026-08-05 10:01:48,835 INFO   EXIT [b62|lab0062_s207_w4_1120_1135_r1|S207] stop_loss (-67.9%) SELL 1 OXY260807C00058000 @<= 0.25

[Scan + entries]
Scanning 117 symbols for [S165, S164, S168, S167, S166, S163, S169, S170, S171, S172, S175, S200, S201, S202, S203, S204, S205, S206, S207, S208, S209, S210, S211, S212, S213, S214, S215, S216, S217, S218, S219, S220, S221, S400, S401, S402, S403, S350, S351, S352, S353, S354, S355, S356, S357, S358, S359, S360, S361, S362, S363, S364, S365, S366, S367, S368, S369, S370, S371, S372, S373, S374, S375, S376, S377, S378, S379, S380, S381, S382, S383, S384, S385, S386, S387, S388, S389, S390, S391, S392, S393, S394, S413, S414, S415, S416, S417, S418, S395, S396, S397, S398, S399, S404, S405, S406, S407, S408, S409, S410, S411, S412, S413, S414, S415, S416, S417, S418, S419] …
Fetched daily bars for 114/117 symbols
Found 227 signal(s); top: ['S165:AMD', 'S165:UBER', 'S165:ARM', 'S165:DKNG', 'S165:DOCN', 'S165:T', 'S164:AMD', 'S164:UBER']
Paper lab: $145163 broker equity -> 1024 bucket(s) ($500 virtual each, unlimited paper)
  Skipped: 124 no tradeable call, 60 pending order
Placed 20 new entry order(s).

[Portfolio snapshot]
+========================================================================+
|  OPTIONS BOT SUMMARY                                                   |
+------------------------------------------------------------------------+
|  Mode                          entry+manage                            |
|  Equity                        $145,636.45                             |
|  Signals this run              227                                     |
|  Orders submitted (session)    20                                      |
|  Orders filled today (ledger)  8                                       |
|  Entries placed this run       20                                      |
|  Open virtual lots             186                                     |
|  Broker option positions       36                                      |
|  Unattributed contracts        5 (orphan reconcile)                    |
|  Pending orders                12                                      |
+========================================================================+
+========================================================================+
|  BUCKET LEADERBOARD (reflected ex-S173,S174)                           |
+------------------------------------------------------------------------+
|  Reflected trades=795  buckets=232  win=52%                            |
|  Returns   avg=+38.1%  med=+8.7%  p10=-66.7%  p90=+163.2%              |
|  Realized  $+14,389.74                                                 |
|  Raw incl dropped  trades=1329  real=$+12,794.19                       |
|  Today     trades=30  avg=+124.4%  med=-61.4%  real=$+498.63           |
+------------------------------------------------------------------------+
|  BKT PROFILE               N  WIN  AVG%   MED%   BEST%  REAL$          |
+------------------------------------------------------------------------+
|  b383 lab0383_s362_w4_11  1 100% +1222.6 +1222.6 +1222.6 $   +379      |
|  b382 lab0382_s362_w4_11  1 100% +1125.8 +1125.8 +1125.8 $   +349      |
|  b860 lab0860_s408_w3_10  2  50% +695.6 +695.6 +1446.7 $   +207        |
|  b196 lab0196_s218_w3_10  2 100% +654.7 +654.7 +906.2 $   +274         |
|  b197 lab0197_s218_w3_10  2 100% +528.1 +528.1 +737.5 $   +220         |
|  b844 lab0844_s407_w2_10  3 100% +312.4 +446.1 +446.1 $   +138         |
|  b319 lab0319_s355_w4_11  1 100% +328.6 +328.6 +328.6 $   +138         |
|  b268 lab0268_s403_w4_11  1 100% +320.0 +320.0 +320.0 $    +80         |
|  ... 224 more bucket(s) with exits                                     |
+------------------------------------------------------------------------+
|  Low  b848 lab0848_s407_w4_11  2   0% -95.9 -95.9 -95.9 $    -94       |
+========================================================================+
+========================================================================+
|  PENDING ORDERS (12)                                                   |
+------------------------------------------------------------------------+
|  Top groups                    S212:QQQ(2), S216:META(2), S218:UNH(2)  |
+------------------------------------------------------------------------+
|  b108 S212 QQQ      limit=0.73                                         |
|  b109 S212 QQQ      limit=0.73                                         |
|  b164 S216 META     limit=0.60                                         |
|  b165 S216 META     limit=0.60                                         |
|  b192 S218 UNH      limit=0.66                                         |
|  ... 7 more pending order(s)                                           |
+========================================================================+
+========================================================================+
|  PENDING EXITS (9)                                                     |
+------------------------------------------------------------------------+
|  b301 S353 AMZN260807C00292500 x1 take_profit (+67.1%)                 |
|  b0   ORPHAN DKNG260807C00025500 x1 stop_loss (-52.9%)                 |
|  b82  S210 AMZN260807C00297500 x1 stop_loss (-70.5%)                   |
|  b290 S352 AMZN260805C00287500 x1 stop_loss (-91.1%)                   |
|  b803 S404 AMZN260807C00295000 x1 stop_loss (-52.9%)                   |
|  ... 4 more pending exit(s)                                            |
+========================================================================+
+========================================================================+
|  OPEN OPTIONS (36)                                                     |
+------------------------------------------------------------------------+
|  SYMBOL                      QTY    RET%        OPEN P&L               |
|------------------------------------------------------------------------|
|  AMZN260807C00295000          35    -55.4%   $   -781.67               |
|  NVDA260805C00217500           2  +1115.3%   $   +633.22               |
|  AMZN260807C00292500          20    -49.9%   $   -537.00               |
|  AMZN260805C00287500          16    -91.1%   $   -494.40               |
|  UBER260807C00078000           7   -100.0%   $   -353.11               |
|  AMZN260807C00297500          12    -70.5%   $   -287.08               |
|  NKE260828C00045000           12    -33.5%   $   -254.00               |
|  AMZN260810C00300000           7    -68.5%   $   -212.62               |
|  ... 28 more position(s)                                               |
+========================================================================+
Full detail: logs/options_trial/runs/2026-08-05.log
elapsed=114.7s reconcile=5.14s cancel=0.02s manage=26.81s scan=67.84s entries=11.59s
STATUS: options_morning_bot run complete (PAPER) elapsed=114.7s. run=#6115 https://github.com/28twagg-ops/TradingBot/actions/runs/31012951948
Evaluation complete: 100 strategies evaluated, 0 killed, 0 promote candidates.
Wrote /home/runner/work/TradingBot/TradingBot/logs/options_trial/reports/2026-08-05_buckets.md
Wrote /home/runner/work/TradingBot/TradingBot/logs/options_trial/reports/2026-08-05_buckets.csv
Summary: 26 buckets closed trades, $+498.63 realized
STALE WARNING: 1 bucket(s) with open lots and last_entry >5d
Wrote /home/runner/work/TradingBot/TradingBot/logs/options_trial/reports/2026-08-05_strategy_selection.md
Wrote /home/runner/work/TradingBot/TradingBot/logs/options_trial/reports/2026-08-05_strategy_selection.csv
Summary: keep=0 watch=101 drop=4
Orphan rate: 3.8% (51/1329)
# Options signal frequency

_Generated 2026-08-05T10:03:17.749943_

Headline counts are **unique (strategy, underlying, date)** from `ENTRY` lines in `logs/options_trial/runs/*.log`.
Raw log-line counts (multi-bucket duplicates) are shown below for debug.

### Unique underlying symbols per day (headline)

| Date       | S163 | S164 | S165 | S166 | S167 | S168 | S169 | S170 | S171 | S172 | S175 | S173 | S174 | Total |
|------------|-----:|-----:|-----:|-----:|-----:|-----:|-----:|-----:|-----:|-----:|-----:|-----:|-----:|------:|
| 2026-07-07 |    0 |    0 |    0 |    0 |    0 |    0 |    0 |    0 |    0 |    0 |    0 |    1 |    0 |     1 |
| 2026-07-08 |    0 |    0 |    3 |    0 |    0 |    0 |    0 |    0 |    0 |    0 |    0 |    2 |    1 |     6 |
| 2026-07-09 |    0 |    0 |    1 |    0 |    0 |    0 |    0 |    0 |    0 |    0 |    0 |    2 |    3 |     6 |
| 2026-07-10 |    0 |    0 |    1 |    0 |    0 |    0 |    0 |    0 |    0 |    0 |    0 |    1 |    1 |     3 |
| 2026-07-13 |    0 |    0 |    2 |    0 |    0 |    0 |    0 |    0 |    0 |    0 |    0 |    3 |    2 |     7 |
| 2026-07-14 |    0 |    0 |    3 |    0 |    0 |    0 |    0 |    0 |    0 |    0 |    0 |    2 |    0 |     5 |
| 2026-07-16 |    0 |    0 |    2 |    0 |    0 |    0 |    0 |    0 |    0 |    0 |    0 |    3 |    0 |     5 |
| 2026-07-17 |    0 |    0 |    2 |    0 |    0 |    0 |    0 |    0 |    0 |    0 |    0 |    2 |    0 |     4 |
| 2026-07-20 |    0 |    0 |    0 |    0 |    0 |    0 |    0 |    0 |    0 |    0 |    0 |    1 |    0 |     1 |
| 2026-07-21 |    1 |    2 |    1 |    1 |    2 |    2 |    0 |    0 |    0 |    0 |    0 |    0 |    0 |     9 |
| 2026-07-22 |    1 |    1 |    1 |    0 |    1 |    0 |    0 |    0 |    0 |    0 |    0 |    0 |    0 |     4 |
| 2026-07-24 |    1 |    1 |    1 |    0 |    1 |    1 |    0 |    0 |    0 |    0 |    0 |    0 |    0 |     5 |
| 2026-07-27 |    1 |    0 |    1 |    1 |    1 |    1 |    0 |    0 |    0 |    0 |    0 |    0 |    0 |     5 |
| 2026-07-28 |    1 |    1 |    1 |    1 |    1 |    1 |    0 |    0 |    0 |    0 |    0 |    0 |    0 |     6 |
| 2026-07-29 |    1 |    2 |    1 |    1 |    1 |    0 |    0 |    0 |    0 |    0 |    0 |    0 |    0 |     6 |

## Per-strategy summary (unique underlyings)

| Strategy | Unique entries | Active days | Avg unique / active day | Est. active days to n=30 exits* |
|----------|---------------:|------------:|------------------------:|--------------------------------|
| S163 | 6 | 6 | 1.0 | ~38 active signal-days |
| S164 | 7 | 5 | 1.4 | ~27 active signal-days |
| S165 | 20 | 13 | 1.5 | ~25 active signal-days |
| S166 | 4 | 4 | 1.0 | ~38 active signal-days |
| S167 | 7 | 6 | 1.2 | ~33 active signal-days |
| S168 | 5 | 4 | 1.2 | ~30 active signal-days |
| S169 | 0 | 0 | 0.0 | inf (no unique entries yet) |
| S170 | 0 | 0 | 0.0 | inf (no unique entries yet) |
| S171 | 0 | 0 | 0.0 | inf (no unique entries yet) |
| S172 | 0 | 0 | 0.0 | inf (no unique entries yet) |
| S175 | 0 | 0 | 0.0 | inf (no unique entries yet) |
| S173 | 17 | 9 | 1.9 | ~20 active signal-days |
| S174 | 7 | 4 | 1.8 | ~22 active signal-days |

\* Formula: `ceil(30 / (avg_unique_per_active_day * 80%))`. Update when real exit rates are known.

## Signal frequency by window (all time, unique strategy×symbol×date×window)

| Window | S163 | S164 | S165 | S166 | S167 | S168 | S169 | S170 | S171 | S172 | S175 | S173 | S174 | Total |
|--------|-----:|-----:|-----:|-----:|-----:|-----:|-----:|-----:|-----:|-----:|-----:|-----:|-----:|------:|
| w1     |    2 |    1 |    6 |    1 |    2 |    1 |    0 |    0 |    0 |    0 |    0 |    7 |    1 |    21 |
| w2     |    5 |    4 |   10 |    4 |    5 |    4 |    0 |    0 |    0 |    0 |    0 |    6 |    3 |    41 |
| w3     |    5 |    4 |   11 |    3 |    5 |    3 |    0 |    0 |    0 |    0 |    0 |    7 |    4 |    42 |
| w4     |    4 |    2 |    8 |    2 |    3 |    3 |    0 |    0 |    0 |    0 |    0 |    6 |    3 |    31 |

Windows (ET): w1 09:28–10:05 · w2 10:05–10:45 · w3 10:45–11:20 · w4 11:20–11:35. Parsed from controlled-layout profile names in ENTRY log lines.

## Raw vs unique totals

| Strategy | Raw log lines (includes multi-bucket duplicates) | Unique underlying symbols |
|----------|-------------------------------------------------:|--------------------------:|
| S163 | 205 | 6 |
| S164 | 229 | 7 |
| S165 | 1675 | 20 |
| S166 | 105 | 4 |
| S167 | 229 | 7 |
| S168 | 150 | 5 |
| S169 | 0 | 0 |
| S170 | 0 | 0 |
| S171 | 0 | 0 |
| S172 | 0 | 0 |
| S175 | 0 | 0 |
| S173 | 1911 | 17 |
| S174 | 891 | 7 |

### Raw log lines per day (debug / multi-bucket)

| Date       | S163 | S164 | S165 | S166 | S167 | S168 | S169 | S170 | S171 | S172 | S175 | S173 | S174 | Total |
|------------|-----:|-----:|-----:|-----:|-----:|-----:|-----:|-----:|-----:|-----:|-----:|-----:|-----:|------:|
| 2026-07-07 |    0 |    0 |    0 |    0 |    0 |    0 |    0 |    0 |    0 |    0 |    0 |  100 |    0 |   100 |
| 2026-07-08 |    0 |    0 |  100 |    0 |    0 |    0 |    0 |    0 |    0 |    0 |    0 |  100 |  100 |   300 |
| 2026-07-09 |    0 |    0 |   24 |    0 |    0 |    0 |    0 |    0 |    0 |    0 |    0 |  100 |   15 |   139 |
| 2026-07-10 |    0 |    0 |  242 |    0 |    0 |    0 |    0 |    0 |    0 |    0 |    0 |  230 |  202 |   674 |
| 2026-07-13 |    0 |    0 |  190 |    0 |    0 |    0 |    0 |    0 |    0 |    0 |    0 |  212 |  188 |   590 |
| 2026-07-14 |    0 |    0 |  194 |    0 |    0 |    0 |    0 |    0 |    0 |    0 |    0 |  185 |  106 |   485 |
| 2026-07-15 |    0 |    0 |  146 |    0 |    0 |    0 |    0 |    0 |    0 |    0 |    0 |  154 |   58 |   358 |
| 2026-07-16 |    0 |    0 |  179 |    0 |    0 |    0 |    0 |    0 |    0 |    0 |    0 |  205 |   58 |   442 |
| 2026-07-17 |    0 |    0 |  127 |    0 |    0 |    0 |    0 |    0 |    0 |    0 |    0 |  207 |   58 |   392 |
| 2026-07-20 |    0 |    0 |  107 |    0 |    0 |    0 |    0 |    0 |    0 |    0 |    0 |  143 |   58 |   308 |
| 2026-07-21 |   30 |   35 |  113 |   30 |   35 |   35 |    0 |    0 |    0 |    0 |    0 |  118 |   48 |   444 |
| 2026-07-22 |   40 |   47 |   86 |   15 |   45 |   20 |    0 |    0 |    0 |    0 |    0 |   77 |    0 |   330 |
| 2026-07-23 |   30 |   42 |   50 |   15 |   40 |   20 |    0 |    0 |    0 |    0 |    0 |   40 |    0 |   237 |
| 2026-07-24 |   75 |   87 |   85 |   15 |   77 |   55 |    0 |    0 |    0 |    0 |    0 |   40 |    0 |   434 |
| 2026-07-27 |   14 |    0 |   14 |   14 |   14 |   14 |    0 |    0 |    0 |    0 |    0 |    0 |    0 |    70 |
| 2026-07-28 |    6 |    8 |    8 |    8 |    8 |    6 |    0 |    0 |    0 |    0 |    0 |    0 |    0 |    44 |
| 2026-07-29 |   10 |   10 |   10 |    8 |   10 |    0 |    0 |    0 |    0 |    0 |    0 |    0 |    0 |    48 |

## Notes

- Pre-router-fix (before 2026-07-17 commit `56660c9e`): S163/S166 were starved — expect zeros until a post-fix entry-window gap-down day.
- Controlled layout places one ENTRY per matching bucket×strategy; raw counts inflate, unique underlyings do not.


Wrote /home/runner/work/TradingBot/TradingBot/logs/options_trial/reports/signal_frequency.md
## Ledger health — 2026-08-05
| Check                       | Count | Status |
|-----------------------------|------:|--------|
| Current stuck (state)       |     0 | OK |
| Orphaned lots (post-stable) |   398 | WARN | <<<
| Missing exit records (post) |   398 | WARN | <<<
| State/ledger mismatches     |    16 | WARN | <<<
| Total open lots             |   186 | INFO |
| Total closed lots           |   811 | INFO |
| Pre-cutoff audit debt       |     0 | INFO |
| Transition audit debt       |   744 | INFO |

Wrote /home/runner/work/TradingBot/TradingBot/logs/options_trial/reports/ledger_health.md
Wrote /home/runner/work/TradingBot/TradingBot/logs/dashboard.html
equity=474.09 router=CONFIRMED leaderboard_rows=105
Wrote /home/runner/work/TradingBot/TradingBot/logs/rubber_band_report.md
| 1 | MomReversal | 14 | 43% | +0.39% | -0.69% | -1.92% | 1.95 | 1.6d | $+3.40 | WATCH |
| 2 | unknown | 32 | 19% | -0.03% | -0.59% | -1.27% | 1.44 | 0.0d | $+0.29 | ACTIVE |
