13:20:39  INFO      Mode: summary

+========================================================================+
|  RUBBER BAND BOT  v8                                                   |
+------------------------------------------------------------------------+
|  Mode                                                           SUMMARY|
|  Time                                                         13:20 UTC|
|  Regime                                                            BULL|
|  Universe                                                          both|
|  Equity                                                         $484.78|
+========================================================================+

+========================================================================+
|                             ACCOUNT STATUS                             |
+========================================================================+
|  Equity                                                         $484.78|
|  Cash                                                           $302.65|
|  Regime                                                            BULL|
|  Universe                                                          both|
|  Total invested                                                 $182.13|
|  Open P&L                                                        $+2.97|
+========================================================================+

+========================================================================+
|                        HOLDINGS  (2 positions)                         |
+========================================================================+
|  TICKER   STRATEGY        INVESTED   ENTRY    NOW      P&L%    P&L$    |
+------------------------------------------------------------------------+
|  CARR     Pullback50      $88.50     $67.89   $69.85   +2.9%   $+2.48  |
|  EMR      Pullback50      $93.63     $139.30  $140.03  +0.5%   $+0.49  |
|                                                                        |
|  Total invested                                                 $182.13|
|  Total open P&L                                                  $+2.97|
+========================================================================+

+========================================================================+
|                        EXIT LOGIC ACTIVE  (v8)                         |
+========================================================================+
|  Profit target                              price > 20-day MA (midline)|
|  Stop loss                                             -0.5% from entry|
|  Time stop                                          max 3 calendar days|
+========================================================================+

+========================================================================+
|                          RECENT TRANSACTIONS                           |
+========================================================================+
|  2026-07-17  SELL  EBAY  Pullback50  $93.44  P&L $+0.30                |
|  2026-07-17  SELL  CMS  Pullback50  $22.29  P&L $-0.14                 |
|  2026-07-17  SELL  DOV  Pullback50  $81.38  P&L $-0.50                 |
|  2026-07-17  SELL  DRI  Pullback50  $95.97  P&L $-0.89                 |
|  2026-07-17  SELL  BG  Pullback50  $97.67  P&L $-0.08                  |
|  2026-07-17  SELL  CNP  Pullback50  $99.12  P&L $+2.36                 |
+========================================================================+
