13:42:12  INFO      Mode: morning_prep
13:42:12  INFO        [prep_positions] 3/3 (3 valid)
13:42:12  INFO        Universe cache hit: 903 tickers (tickers_2026-09-10.json)
13:42:13  INFO        [prep_universe] 40/900 (40 valid)
13:42:15  INFO        [prep_universe] 80/900 (80 valid)
13:42:16  INFO        [prep_universe] 120/900 (120 valid)
13:42:17  INFO        [prep_universe] 160/900 (160 valid)
13:42:18  INFO        [prep_universe] 200/900 (199 valid)
13:42:29  INFO        [prep_universe] 240/900 (238 valid)
13:42:39  INFO        [prep_universe] 280/900 (278 valid)
13:42:52  INFO        [prep_universe] 320/900 (318 valid)
13:43:04  INFO        [prep_universe] 360/900 (358 valid)
13:43:14  INFO        [prep_universe] 400/900 (397 valid)
13:43:27  INFO        [prep_universe] 440/900 (437 valid)
13:43:40  INFO        [prep_universe] 480/900 (477 valid)
13:43:50  INFO        [prep_universe] 520/900 (517 valid)
13:44:03  INFO        [prep_universe] 560/900 (557 valid)
13:44:16  INFO        [prep_universe] 600/900 (597 valid)
13:44:26  INFO        [prep_universe] 640/900 (637 valid)
13:44:39  INFO        [prep_universe] 680/900 (677 valid)
13:44:52  INFO        [prep_universe] 720/900 (717 valid)
13:45:02  INFO        [prep_universe] 760/900 (757 valid)
13:45:15  INFO        [prep_universe] 800/900 (797 valid)
13:45:28  INFO        [prep_universe] 840/900 (837 valid)
13:45:38  INFO        [prep_universe] 880/900 (877 valid)
13:45:45  INFO        [prep_universe] 900/900 (897 valid)

+========================================================================+
|  RUBBER BAND BOT  v8                                                   |
+------------------------------------------------------------------------+
|  Mode                                                      MORNING_PREP|
|  Time                                                         13:42 UTC|
|  Regime                                                            BULL|
|  Universe                                                          both|
|  Equity                                                         $227.40|
+========================================================================+

+========================================================================+
|                              MORNING PREP                              |
+========================================================================+
|  Goal                   Precompute exits/signals for next execution run|
|  Plan file                                 logs/plans/morning_plan.json|
|  Regime                                                            BULL|
+========================================================================+

+========================================================================+
|                       OPEN POSITION P&L SNAPSHOT                       |
+========================================================================+
|  Open positions                                                       3|
|  Invested                                                       $101.52|
|  Open P&L                                                        $-1.41|
|  TICKER   STRATEGY        INVESTED   ENTRY    NOW      P&L%    P&L$    |
+------------------------------------------------------------------------+
|  CNM      MomReversal     $33.90     $41.73   $41.23   -1.2%   $-0.41  |
|  FSLR     MomReversal     $33.85     $203.22  $200.50  -1.3%   $-0.46  |
|  TXT      MomReversal     $33.77     $80.00   $78.75   -1.6%   $-0.54  |
+========================================================================+

+========================================================================+
|                            OPEN SELL ORDERS                            |
+========================================================================+
|  Count                                                                0|
|                                                                        |
|  No open sell orders.                                                  |
|                                                                        |
+========================================================================+

+========================================================================+
|                              PREP SUMMARY                              |
+========================================================================+
|  Saved                                                              yes|
|  Exit candidates                                                      3|
|  Signal candidates                                                   29|
|  Universe scanned                                                   900|
+========================================================================+
