19:36:31  INFO      Mode: evening_prep
19:36:32  INFO        [prep_positions] 1/1 (1 valid)
19:36:32  INFO        Universe cache hit: 903 tickers (tickers_2026-09-03.json)
19:36:34  INFO        [prep_universe] 40/902 (40 valid)
19:36:35  INFO        [prep_universe] 80/902 (80 valid)
19:36:36  INFO        [prep_universe] 120/902 (120 valid)
19:36:38  INFO        [prep_universe] 160/902 (160 valid)
19:36:39  INFO        [prep_universe] 200/902 (199 valid)
19:36:46  INFO        [prep_universe] 240/902 (238 valid)
19:36:57  INFO        [prep_universe] 280/902 (278 valid)
19:37:11  INFO        [prep_universe] 320/902 (318 valid)
19:37:21  INFO        [prep_universe] 360/902 (358 valid)
19:37:34  INFO        [prep_universe] 400/902 (397 valid)
19:37:48  INFO        [prep_universe] 440/902 (437 valid)
19:37:58  INFO        [prep_universe] 480/902 (477 valid)
19:38:11  INFO        [prep_universe] 520/902 (517 valid)
19:38:22  INFO        [prep_universe] 560/902 (557 valid)
19:38:35  INFO        [prep_universe] 600/902 (597 valid)
19:38:45  INFO        [prep_universe] 640/902 (637 valid)
19:38:59  INFO        [prep_universe] 680/902 (677 valid)
19:39:09  INFO        [prep_universe] 720/902 (717 valid)
19:39:23  INFO        [prep_universe] 760/902 (757 valid)
19:39:33  INFO        [prep_universe] 800/902 (797 valid)
19:39:46  INFO        [prep_universe] 840/902 (837 valid)
19:40:00  INFO        [prep_universe] 880/902 (877 valid)
19:40:04  INFO        [prep_universe] 902/902 (899 valid)

+========================================================================+
|  RUBBER BAND BOT  v8                                                   |
+------------------------------------------------------------------------+
|  Mode                                                      EVENING_PREP|
|  Time                                                         19:36 UTC|
|  Regime                                                            BULL|
|  Universe                                                          both|
|  Equity                                                         $230.39|
+========================================================================+

+========================================================================+
|                              EVENING PREP                              |
+========================================================================+
|  Goal                   Precompute exits/signals for next execution run|
|  Plan file                                 logs/plans/evening_plan.json|
|  Regime                                                            BULL|
+========================================================================+

+========================================================================+
|                       OPEN POSITION P&L SNAPSHOT                       |
+========================================================================+
|  Open positions                                                       1|
|  Invested                                                        $34.99|
|  Open P&L                                                        $+0.41|
|  TICKER   STRATEGY        INVESTED   ENTRY    NOW      P&L%    P&L$    |
+------------------------------------------------------------------------+
|  AMZN     Pullback50      $34.99     $255.49  $258.54  +1.2%   $+0.41  |
+========================================================================+

+========================================================================+
|                            OPEN SELL ORDERS                            |
+========================================================================+
|  Count                                                                0|
|                                                                        |
|  No open sell orders.                                                  |
|                                                                        |
+========================================================================+

+========================================================================+
|                              PREP SUMMARY                              |
+========================================================================+
|  Saved                                                              yes|
|  Exit candidates                                                      0|
|  Signal candidates                                                   48|
|  Universe scanned                                                   902|
+========================================================================+
