Layout: controlled:100:c000_s173_w1_0928_1005_r1
Trial layout: /home/runner/work/TradingBot/TradingBot/logs/options_trial
Docs:         skipped (local docs unavailable on this runner)
Buckets:      100
=== options_morning_bot (PAPER) 2026-07-17T10:55:40.962763-04:00 ===

[Run context]
Paper auth OK — equity $123061.77, account PA36KS87UPRS

[Setup]
Active buckets: 100 | Strategies: S173, S165, S166, S163
Dropped (no new entries; ex-reflected P&L): S174
2026-07-17 10:55:45,702 INFO   EXIT [b29|c029_s165_w2_1005_1045_r2|S165] stop_loss (-51.5%) SELL 1 META260720C00675000 @<= 0.30
2026-07-17 10:55:46,914 INFO   EXIT [b61|c061_s173_w2_1005_1045_r4|S173] stop_loss (-54.5%) SELL 1 AMD260717C00512500 @<= 0.27

[Scan + entries]
Scanning 903 symbols for [S173, S165, S166, S163] …
Fetched daily bars for 903/903 symbols
Found 205 signal(s); top: ['S173:AMD', 'S173:AKAM', 'S173:ALB', 'S173:GOOGL', 'S173:GOOG', 'S173:AMZN', 'S173:AMP', 'S173:AME']
Paper lab: $123018 broker equity -> 100 bucket(s) ($500 virtual each, unlimited paper)
  All bucket slots blocked or closed for today's signals — skip entry loop.
Placed 0 new entry order(s).

[Portfolio snapshot]
+========================================================================+
|  OPTIONS BOT SUMMARY                                                   |
+------------------------------------------------------------------------+
|  Mode                          entry+manage                            |
|  Equity                        $123,070.97                             |
|  Signals this run              205                                     |
|  Orders submitted (session)    30                                      |
|  Orders filled today (ledger)  30                                      |
|  Entries placed this run       0                                       |
|  Open virtual lots             21                                      |
|  Broker option positions       5                                       |
|  Pending orders                0                                       |
+========================================================================+
+========================================================================+
|  BUCKET LEADERBOARD (reflected ex-S174)                                |
+------------------------------------------------------------------------+
|  Reflected trades=368  buckets=46  win=35%                             |
|  Returns   avg=+6.6%  med=-31.5%  p10=-77.0%  p90=+87.3%               |
|  Realized  $+2,992.77                                                  |
|  Raw incl dropped  trades=477  real=$+1,655.58                         |
|  Today     trades=13  avg=+2.1%  med=+56.9%  real=$-27.00              |
+------------------------------------------------------------------------+
|  BKT PROFILE               N  WIN  AVG%   MED%   BEST%  REAL$          |
+------------------------------------------------------------------------+
|  b28  c028_s165_w1_0928_ 11  82% +58.3 +80.0 +102.0 $   +338           |
|  b92  c092_s166_w1_0928_  1 100% +70.8 +70.8 +70.8 $    +71            |
|  b93  c093_s166_w2_1005_  1 100% +70.8 +70.8 +70.8 $    +71            |
|  b95  c095_s166_w4_1120_  1 100% +70.8 +70.8 +70.8 $    +71            |
|  b96  c096_s163_w1_0928_  1 100% +70.8 +70.8 +70.8 $    +71            |
|  b98  c098_s163_w3_1045_  1 100% +70.8 +70.8 +70.8 $    +71            |
|  b99  c099_s163_w4_1120_  1 100% +70.8 +70.8 +70.8 $    +71            |
|  b80  c080_s173_w1_0928_ 35  74% +58.0 +62.9 +177.3 $   +403           |
|  ... 38 more bucket(s) with exits                                      |
+------------------------------------------------------------------------+
|  Low  b83  c083_s173_w4_1120_ 13   8% -60.9 -69.2 -87.7 $   -459       |
+========================================================================+
+========================================================================+
|  PENDING EXITS (2)                                                     |
+------------------------------------------------------------------------+
|  b29  S165 META260720C00675000 x1 stop_loss (-51.5%)                   |
|  b61  S173 AMD260717C00512500 x1 stop_loss (-54.5%)                    |
+========================================================================+
+========================================================================+
|  OPEN OPTIONS (5)                                                      |
+------------------------------------------------------------------------+
|  SYMBOL                      QTY    RET%        OPEN P&L               |
|------------------------------------------------------------------------|
|  META260720C00675000           4    -52.9%   $   -144.00               |
|  META260720C00670000           5    -37.8%   $   -140.00               |
|  GOOGL260720C00360000          4    -47.3%   $   -104.00               |
|  AMD260717C00512500            2    -57.6%   $    -76.00               |
|  AMD260717C00505000            4    +17.9%   $    +48.00               |
+========================================================================+
Full detail: logs/options_trial/runs/2026-07-17.log
elapsed=48.5s reconcile=2.24s cancel=0.15s manage=6.27s scan=38.93s entries=0.18s
STATUS: options_morning_bot run complete (PAPER) elapsed=48.5s. run=#4273 https://github.com/28twagg-ops/TradingBot/actions/runs/29589954387
Wrote /home/runner/work/TradingBot/TradingBot/logs/options_trial/reports/2026-07-17_buckets.md
Wrote /home/runner/work/TradingBot/TradingBot/logs/options_trial/reports/2026-07-17_buckets.csv
Summary: 8 buckets closed trades, $-27.00 realized
Wrote /home/runner/work/TradingBot/TradingBot/logs/options_trial/reports/2026-07-17_strategy_selection.md
Wrote /home/runner/work/TradingBot/TradingBot/logs/options_trial/reports/2026-07-17_strategy_selection.csv
Summary: keep=0 watch=2 drop=3
Orphan rate: 4.6% (22/477)
