options_reconcile: state=/home/runner/work/TradingBot/TradingBot/logs/options_trial/_state/lab_state.json
  open_lots=20 pending_exits=0 paper_keys=yes dry_run=False
  alpaca open sell orders=0 positions=4
  zombies_flagged=20
  FLAG b135|S164|6a856849 zombie age_min=936 notional=$56.00 occ=AMD260722C00570000 action=submitted:a99db160-4b72-423d-9611-aca39721577d
  FLAG b107|S164|b6844940 zombie age_min=936 notional=$56.00 occ=AMD260722C00570000 action=submitted:eb1a604a-f558-48ef-aa41-b3314fd77fb9
  FLAG b79|S164|99deb44d zombie age_min=936 notional=$56.00 occ=AMD260722C00570000 action=submitted:c7486477-de17-46ac-a68b-7be9c54ba660
  FLAG b51|S164|5ef30e8b zombie age_min=936 notional=$56.00 occ=AMD260722C00570000 action=submitted:6321a390-586d-4942-a25d-2caf780dd888
  FLAG b23|S164|12951408 zombie age_min=936 notional=$56.00 occ=AMD260722C00570000 action=submitted:7cfa4856-4e6e-473b-a63d-88115d93c006
  FLAG b135|S164|d36c0ede zombie age_min=936 notional=$57.00 occ=AMD260722C00570000 action=submitted:6e335bc9-1762-4b79-bdcb-bb6bc4000437
  FLAG b107|S164|50abf3bc zombie age_min=936 notional=$57.00 occ=AMD260722C00570000 action=submitted:f388c2e5-e9f8-4de7-8143-a7ee57c45dea
  FLAG b79|S164|f88888cf zombie age_min=936 notional=$57.00 occ=AMD260722C00570000 action=submitted:7b945606-e53c-45fb-9ac4-e783fe25c0cb
  FLAG b51|S164|f3df553c zombie age_min=936 notional=$57.00 occ=AMD260722C00570000 action=submitted:cb58d369-9d83-472b-976e-328f833a4692
  FLAG b23|S164|f785a375 zombie age_min=936 notional=$57.00 occ=AMD260722C00570000 action=submitted:fce6852e-541a-46a0-b242-e59d0031d24e
  FLAG b122|S165|49abe66a zombie age_min=936 notional=$64.00 occ=COIN260724C00187500 action=submitted:c5ef2e71-0811-4d6d-90f3-74e9ed3112d2
  FLAG b94|S165|ef45afeb zombie age_min=936 notional=$64.00 occ=COIN260724C00187500 action=submitted:998db6a1-abc1-49a1-b6eb-a967e27cc206
  FLAG b66|S165|bcd89124 zombie age_min=936 notional=$64.00 occ=COIN260724C00187500 action=submitted:2c492077-668d-47ef-be3c-d82ca8239c9c
  FLAG b38|S165|37625fdb zombie age_min=936 notional=$64.00 occ=COIN260724C00187500 action=submitted:2236f2e3-7850-4806-b374-78fd12613e65
  FLAG b10|S165|b7c015c5 zombie age_min=936 notional=$64.00 occ=COIN260724C00187500 action=submitted:5316b1d8-d56c-4eda-88d7-0d8ca091f851
  FLAG b129|S163|cb4c4c1e zombie age_min=936 notional=$64.00 occ=COIN260724C00187500 action=submitted:ec4669ae-0d64-4bae-b942-0a29a21473cb
  FLAG b101|S163|78936067 zombie age_min=936 notional=$64.00 occ=COIN260724C00187500 action=submitted:898f45c4-4144-4382-99ff-abb2f5fbb3ac
  FLAG b73|S163|9f213e62 zombie age_min=936 notional=$64.00 occ=COIN260724C00187500 action=submitted:5267ece2-5c50-4bf6-aa37-174670602b3e
  FLAG b45|S163|cb23a55b zombie age_min=936 notional=$64.00 occ=COIN260724C00187500 action=submitted:8e86963a-8a6f-49f2-b5d0-65c1b8eb6ad6
  FLAG b17|S163|5ebb2f85 zombie age_min=936 notional=$64.00 occ=COIN260724C00187500 action=submitted:fdeaaa3b-7c5e-4b4b-b1f6-47daf64b39ff
options_reconcile: done
Layout: controlled:140:c000_s173_w1_0928_1005_r1 (layout changed controlled:100:c000_s173_w1_0928_1005_r1 -> controlled:140:c000_s173_w1_0928_1005_r1)
Trial layout: /home/runner/work/TradingBot/TradingBot/logs/options_trial
Docs:         skipped (local docs unavailable on this runner)
Buckets:      140
=== options_morning_bot (PAPER) 2026-07-22T11:36:01.193627-04:00 ===

[Run context]
Paper auth OK — equity $134019.25, account PA36KS87UPRS

[Setup]
Active buckets: 140 | Strategies: S165, S164, S168, S167, S166, S163
Dropped (no new entries; ex-reflected P&L): S173, S174
Cancelled 5 unfilled LAB entry order(s).

[Manage only]
Past entry window; manage/exit only.

[Portfolio snapshot]
+========================================================================+
|  OPTIONS BOT SUMMARY                                                   |
+------------------------------------------------------------------------+
|  Mode                          manage-only                             |
|  Equity                        $134,019.25                             |
|  Signals this run              0                                       |
|  Orders submitted (session)    45                                      |
|  Orders filled today (ledger)  72                                      |
|  Entries placed this run       0                                       |
|  Open virtual lots             10                                      |
|  Broker option positions       1                                       |
|  Pending orders                5                                       |
+========================================================================+
+========================================================================+
|  BUCKET LEADERBOARD (reflected ex-S173,S174)                           |
+------------------------------------------------------------------------+
|  Reflected trades=268  buckets=23  win=31%                             |
|  Returns   avg=-3.9%  med=-39.1%  p10=-64.9%  p90=+82.4%               |
|  Realized  $+4,452.13                                                  |
|  Raw incl dropped  trades=799  real=$+2,578.58                         |
|  Today     trades=1  avg=-53.6%  med=-53.6%  real=$-30.00              |
+------------------------------------------------------------------------+
|  BKT PROFILE               N  WIN  AVG%   MED%   BEST%  REAL$          |
+------------------------------------------------------------------------+
|  b51  c051_s164_w4_1120_  1 100% +263.6 +263.6 +263.6 $   +174         |
|  b91  c091_s167_w4_1120_  2 100% +222.0 +222.0 +247.0 $   +293         |
|  b31  c031_s173_w4_1120_  2 100% +145.5 +145.5 +175.8 $   +192         |
|  b28  c028_s173_w1_0928_ 22  77% +50.0 +80.0 +102.0 $   +590           |
|  b58  c058_s173_w3_1045_  1 100% +59.1 +59.1 +59.1 $    +25            |
|  b56  c056_s173_w1_0928_  1 100% +47.7 +47.7 +47.7 $    +21            |
|  b57  c057_s173_w2_1005_  1 100% +47.7 +47.7 +47.7 $    +21            |
|  b89  c089_s167_w2_1005_  9  56% +84.4 +30.9 +790.0 $    +45           |
|  ... 15 more bucket(s) with exits                                      |
+------------------------------------------------------------------------+
|  Low  b9   c009_s165_w2_1005_  7   0% -74.4 -66.2 -92.7 $   -301       |
+========================================================================+
+========================================================================+
|  PENDING ORDERS (5)                                                    |
+------------------------------------------------------------------------+
|  Top groups                    S164:AMD(5)                             |
+------------------------------------------------------------------------+
|  b21  S164 AMD      limit=0.60                                         |
|  b49  S164 AMD      limit=0.60                                         |
|  b77  S164 AMD      limit=0.60                                         |
|  b105 S164 AMD      limit=0.60                                         |
|  b133 S164 AMD      limit=0.60                                         |
+========================================================================+
+========================================================================+
|  OPEN OPTIONS (1)                                                      |
+------------------------------------------------------------------------+
|  SYMBOL                      QTY    RET%        OPEN P&L               |
|------------------------------------------------------------------------|
|  COIN260724C00187500          10    -15.2%   $    -82.50               |
+========================================================================+
Full detail: logs/options_trial/runs/2026-07-22.log
elapsed=3.8s reconcile=1.9s cancel=0.46s manage=0.94s
STATUS: options_morning_bot run complete (PAPER) elapsed=3.8s. run=#4710 https://github.com/28twagg-ops/TradingBot/actions/runs/29934058485
Wrote /home/runner/work/TradingBot/TradingBot/logs/options_trial/reports/2026-07-22_buckets.md
Wrote /home/runner/work/TradingBot/TradingBot/logs/options_trial/reports/2026-07-22_buckets.csv
Summary: 1 buckets closed trades, $-30.00 realized
Wrote /home/runner/work/TradingBot/TradingBot/logs/options_trial/reports/2026-07-22_strategy_selection.md
Wrote /home/runner/work/TradingBot/TradingBot/logs/options_trial/reports/2026-07-22_strategy_selection.csv
Summary: keep=0 watch=5 drop=3
Orphan rate: 2.8% (22/799)
# Options signal frequency

_Generated 2026-07-22T11:36:08.049497_

Headline counts are **unique (strategy, underlying, date)** from `ENTRY` lines in `logs/options_trial/runs/*.log`.
Raw log-line counts (multi-bucket duplicates) are shown below for debug.

### Unique underlying symbols per day (headline)

| Date       | S163 | S164 | S165 | S166 | S167 | S168 | S173 | S174 | Total |
|------------|-----:|-----:|-----:|-----:|-----:|-----:|-----:|-----:|------:|
| 2026-07-07 |    0 |    0 |    0 |    0 |    0 |    0 |    1 |    0 |     1 |
| 2026-07-08 |    0 |    0 |    3 |    0 |    0 |    0 |    2 |    1 |     6 |
| 2026-07-09 |    0 |    0 |    1 |    0 |    0 |    0 |    2 |    3 |     6 |
| 2026-07-10 |    0 |    0 |    1 |    0 |    0 |    0 |    1 |    1 |     3 |
| 2026-07-13 |    0 |    0 |    2 |    0 |    0 |    0 |    3 |    2 |     7 |
| 2026-07-14 |    0 |    0 |    3 |    0 |    0 |    0 |    2 |    0 |     5 |
| 2026-07-16 |    0 |    0 |    2 |    0 |    0 |    0 |    3 |    0 |     5 |
| 2026-07-17 |    0 |    0 |    2 |    0 |    0 |    0 |    2 |    0 |     4 |
| 2026-07-20 |    0 |    0 |    0 |    0 |    0 |    0 |    1 |    0 |     1 |
| 2026-07-21 |    1 |    2 |    1 |    1 |    2 |    2 |    0 |    0 |     9 |
| 2026-07-22 |    1 |    1 |    1 |    0 |    1 |    0 |    0 |    0 |     4 |

## Per-strategy summary (unique underlyings)

| Strategy | Unique entries | Active days | Avg unique / active day | Est. active days to n=30 exits* |
|----------|---------------:|------------:|------------------------:|--------------------------------|
| S163 | 2 | 2 | 1.0 | ~38 active signal-days |
| S164 | 3 | 2 | 1.5 | ~25 active signal-days |
| S165 | 16 | 9 | 1.8 | ~22 active signal-days |
| S166 | 1 | 1 | 1.0 | ~38 active signal-days |
| S167 | 3 | 2 | 1.5 | ~25 active signal-days |
| S168 | 2 | 1 | 2.0 | ~19 active signal-days |
| S173 | 17 | 9 | 1.9 | ~20 active signal-days |
| S174 | 7 | 4 | 1.8 | ~22 active signal-days |

\* Formula: `ceil(30 / (avg_unique_per_active_day * 80%))`. Update when real exit rates are known.

## Raw vs unique totals

| Strategy | Raw log lines (includes multi-bucket duplicates) | Unique underlying symbols |
|----------|-------------------------------------------------:|--------------------------:|
| S163 | 70 | 2 |
| S164 | 82 | 3 |
| S165 | 1508 | 16 |
| S166 | 45 | 1 |
| S167 | 80 | 3 |
| S168 | 55 | 2 |
| S173 | 1831 | 17 |
| S174 | 891 | 7 |

### Raw log lines per day (debug / multi-bucket)

| Date       | S163 | S164 | S165 | S166 | S167 | S168 | S173 | S174 | Total |
|------------|-----:|-----:|-----:|-----:|-----:|-----:|-----:|-----:|------:|
| 2026-07-07 |    0 |    0 |    0 |    0 |    0 |    0 |  100 |    0 |   100 |
| 2026-07-08 |    0 |    0 |  100 |    0 |    0 |    0 |  100 |  100 |   300 |
| 2026-07-09 |    0 |    0 |   24 |    0 |    0 |    0 |  100 |   15 |   139 |
| 2026-07-10 |    0 |    0 |  242 |    0 |    0 |    0 |  230 |  202 |   674 |
| 2026-07-13 |    0 |    0 |  190 |    0 |    0 |    0 |  212 |  188 |   590 |
| 2026-07-14 |    0 |    0 |  194 |    0 |    0 |    0 |  185 |  106 |   485 |
| 2026-07-15 |    0 |    0 |  146 |    0 |    0 |    0 |  154 |   58 |   358 |
| 2026-07-16 |    0 |    0 |  179 |    0 |    0 |    0 |  205 |   58 |   442 |
| 2026-07-17 |    0 |    0 |  127 |    0 |    0 |    0 |  207 |   58 |   392 |
| 2026-07-20 |    0 |    0 |  107 |    0 |    0 |    0 |  143 |   58 |   308 |
| 2026-07-21 |   30 |   35 |  113 |   30 |   35 |   35 |  118 |   48 |   444 |
| 2026-07-22 |   40 |   47 |   86 |   15 |   45 |   20 |   77 |    0 |   330 |

## Notes

- Pre-router-fix (before 2026-07-17 commit `56660c9e`): S163/S166 were starved — expect zeros until a post-fix entry-window gap-down day.
- Controlled layout places one ENTRY per matching bucket×strategy; raw counts inflate, unique underlyings do not.


Wrote /home/runner/work/TradingBot/TradingBot/logs/options_trial/reports/signal_frequency.md
## Ledger health — 2026-07-22
| Check                       | Count | Status |
|-----------------------------|------:|--------|
| Current stuck (state)       |     0 | OK |
| Orphaned lots (post-stable) |     7 | WARN | <<<
| Missing exit records (post) |     7 | WARN | <<<
| State/ledger mismatches     |    10 | WARN | <<<
| Total open lots             |    10 | INFO |
| Total closed lots           |   313 | INFO |
| Pre-cutoff audit debt       |     0 | INFO |
| Transition audit debt       |   616 | INFO |

Wrote /home/runner/work/TradingBot/TradingBot/logs/options_trial/reports/ledger_health.md
Wrote /home/runner/work/TradingBot/TradingBot/logs/dashboard.html
equity=482.11 router=CONFIRMED leaderboard_rows=8
Wrote /home/runner/work/TradingBot/TradingBot/logs/rubber_band_report.md
| 1 | MomReversal | 9 | 33% | +0.31% | -0.78% | -1.14% | 4.09 | 1.3d | $+1.33 |
| 2 | unknown | 32 | 19% | -0.03% | -0.59% | -1.27% | 1.44 | 0.0d | $+0.29 |
