15:00:59  INFO      Mode: exits
15:01:02  INFO        place_all_stops: checking 3 positions...
15:01:02  INFO        STOP skipped AMZN: fractional (0.1353 shares) — software exit will handle it
15:01:02  INFO        STOP skipped FLEX: fractional (0.3161 shares) — software exit will handle it
15:01:02  INFO        STOP skipped LII: fractional (0.0895 shares) — software exit will handle it
15:01:02  INFO        [positions] 3/3 (3 valid)
15:01:02  INFO        SELL order cancelled FLEX  type=OrderType.MARKET  id=1fbdeca7-843b-4e52-bbb2-17bd6c6960e0
15:01:02  INFO        SELL LIMIT FLEX  qty=0.31607724  limit=$109.29  id=632a8cd4-a154-4386-9935-948be55fec50
15:01:22  INFO        SELL LIMIT not filled for FLEX, falling back to market
15:01:22  INFO        SELL MARKET FLEX closed
15:01:24  INFO        SELL order cancelled LII  type=OrderType.MARKET  id=e3037d50-4ab6-4dda-81c9-b65cd10cfc87
15:01:24  INFO        SELL LIMIT LII  qty=0.089467389  limit=$389.75  id=50c73afd-1e47-4558-a7d3-376079418136
15:01:44  INFO        SELL LIMIT not filled for LII, falling back to market
15:01:44  INFO        SELL MARKET LII closed
15:01:46  INFO        SELL order cancelled AMZN  type=OrderType.MARKET  id=d3e65ef1-2254-4014-ae43-25c810a6b74f
15:01:46  INFO        SELL LIMIT AMZN  qty=0.135349882  limit=$257.99  id=39ffe25a-225a-405f-9a2f-c546199f6bcb
15:02:06  INFO        SELL LIMIT not filled for AMZN, falling back to market
15:02:06  INFO        SELL MARKET AMZN closed
15:02:08  INFO        Daily log -> logs/daily/2026-09-07.md

+========================================================================+
|  RUBBER BAND BOT  v8                                                   |
+------------------------------------------------------------------------+
|  Mode                                                             EXITS|
|  Time                                                         15:01 UTC|
|  Regime                                                            BULL|
|  Universe                                                          both|
|  Equity                                                         $230.56|
+========================================================================+

+========================================================================+
|                           STOCKS EXIT CHECK                            |
+========================================================================+
|  Exit logic                   stop-0.5% / 3d max  (midline at EOD only)|
+------------------------------------------------------------------------+
|  FLEX  P&L +0.1%  $+0.04                      EXIT: max_hold 3d (+0.1%)|
|  FLEX         PARTIAL SELL (0.3161 sh remain) — will retry this session|
|  LII  P&L +1.1%  $+0.38                       EXIT: max_hold 4d (+1.1%)|
|  LII          PARTIAL SELL (0.0895 sh remain) — will retry this session|
|  AMZN  P&L +1.2%  $+0.41                      EXIT: max_hold 5d (+1.2%)|
|  AMZN         PARTIAL SELL (0.1353 sh remain) — will retry this session|
+========================================================================+

+========================================================================+
|                            EXIT RUN SUMMARY                            |
+========================================================================+
|  Mode                                                             exits|
|  Candidates                                                           3|
|  Deferred/Skipped                                      already logged 0|
|  Data skips                                             no price data 0|
|  Se~  3 attempted  |  0 filled  |  3 partial  |  0 pending  |  0 failed|
|  Holds                                                                0|
|  Logged exits                                                         0|
+========================================================================+

+========================================================================+
|            OPTIONS SLEEVE  (managed by options_live_micro)             |
+========================================================================+
|                                                                        |
|  No open option positions.                                             |
|                                                                        |
+========================================================================+

+========================================================================+
|                      STOP-LOSS BREACHES THIS RUN                       |
+========================================================================+
|  None                                                                  |
+========================================================================+
|  Stop-loss look file                  logs/stop_losses_to_look_into.txt|
|  New investigations added                                             0|
+========================================================================+
