23:20:42  INFO      Mode: ext_exits
23:20:43  INFO        Daily log -> logs/daily/2026-07-21.md
23:20:43  INFO        Daily log reconciled -> logs/daily/2026-07-21.md (7 ledger rows)
23:20:43  INFO        Daily log -> logs/daily/2026-07-21.md

+========================================================================+
|  RUBBER BAND BOT  v8                                                   |
+------------------------------------------------------------------------+
|  Mode                                                         EXT_EXITS|
|  Time                                                         23:20 UTC|
|  Regime                                                            BULL|
|  Universe                                                          both|
|  Equity                                                         $481.00|
+========================================================================+

+========================================================================+
|                       EXIT CHECK [EXTENDED HRS]                        |
+========================================================================+
|  Exit log~  stop-0.5% / 3d max  (midline skipped — close already final)|
+------------------------------------------------------------------------+
|  C  P&L +0.2%  $+0.13            HOLDING until 9:35am scan (Pullback50)|
|  DUK  P&L +0.6%  $+0.62          HOLDING until 9:35am scan (Pullback50)|
|  BIIB  P&L +0.7%  $+0.63         HOLDING until 9:35am scan (Pullback50)|
|  TPR  P&L +0.9%  $+0.91          HOLDING until 9:35am scan (Pullback50)|
+========================================================================+

+========================================================================+
|                          EXTENDED HOURS SELLS                          |
+========================================================================+
|                                                                        |
|  No extended-hours sells this run.                                     |
|                                                                        |
+========================================================================+

+========================================================================+
|                            EXIT RUN SUMMARY                            |
+========================================================================+
|  Mode                                                         ext_exits|
|  Candidates                                                           4|
|  Deferred/Skipped                                      already logged 0|
|  Data skips                                             no price data 0|
|  Se~  0 attempted  |  0 filled  |  0 partial  |  0 pending  |  0 failed|
|  Holds                                                                4|
|  Logged exits                                                         0|
+========================================================================+

+========================================================================+
|                      STOP-LOSS BREACHES THIS RUN                       |
+========================================================================+
|  None                                                                  |
+========================================================================+
|  Stop-loss look file                  logs/stop_losses_to_look_into.txt|
|  New investigations added                                             0|
+========================================================================+
