Layout: controlled:100:c000_s173_w1_0928_1005_r1
Trial layout: /home/runner/work/TradingBot/TradingBot/logs/options_trial
Docs:         skipped (local docs unavailable on this runner)
Buckets:      100
=== options_morning_bot (PAPER) 2026-07-13T09:44:05.397887-04:00 ===

[Run context]
Paper auth OK — equity $132594.59, account PA36KS87UPRS

[Setup]
Active buckets: 100 | Strategies: S173, S174, S165, S166, S163
2026-07-13 09:44:11,207 INFO   EXIT [b70|c070_s165_w3_1045_1120_r4|S165] stop_loss (-98.3%) SELL 1 INTC260713C00115000 @<= 0.02
2026-07-13 09:44:11,485 INFO   EXIT [b7|c007_s174_w4_1120_1135_r1|S174] take_profit (+50.0%) SELL 1 PSKY260717C00010000 @<= 0.09
2026-07-13 09:44:11,632 INFO   EXIT [b80|c080_s173_w1_0928_1005_r5|S173] take_profit (+61.1%) SELL 1 T260717C00021000 @<= 0.55

[Scan + entries]
Scanning 903 symbols for [S173, S174, S165, S166, S163] …
Fetched daily bars for 903/903 symbols
Found 51 signal(s); top: ['S173:COIN', 'S173:MRNA', 'S173:Q', 'S173:RMD', 'S173:SMCI', 'S173:AVT', 'S173:ENS', 'S173:FLS']
Paper lab: $132799 broker equity -> 100 bucket(s) ($500 virtual each, unlimited paper)
  Skipped: 10 no tradeable call, 39 pending order
Placed 2 new entry order(s).

[Portfolio snapshot]
+========================================================================+
|  OPTIONS BOT SUMMARY                                                   |
+------------------------------------------------------------------------+
|  Mode                          entry+manage                            |
|  Equity                        $132,594.59                             |
|  Signals this run              51                                      |
|  Orders submitted (session)    6                                       |
|  Orders filled today (ledger)  9                                       |
|  Entries placed this run       2                                       |
|  Open virtual lots             52                                      |
|  Broker option positions       6                                       |
|  Pending orders                1                                       |
+========================================================================+
+========================================================================+
|  BUCKET LEADERBOARD                                                    |
+------------------------------------------------------------------------+
|  All-time  trades=120  buckets=48  win=64%                             |
|  Returns   avg=+14.8%  med=+30.1%  p10=-84.6%  p90=+66.9%              |
|  Realized  $+7,221.58                                                  |
|  Today     trades=11  avg=-31.7%  med=-37.5%  real=$-257.00            |
+------------------------------------------------------------------------+
|  BKT PROFILE               N  WIN  AVG%   MED%   BEST%  REAL$          |
+------------------------------------------------------------------------+
|  b70  c070_s165_w3_1045_  1 100% +59.1 +59.1 +59.1 $    +28            |
|  b58  c058_s163_w3_1045_  1 100% +59.1 +59.1 +59.1 $    +25            |
|  b73  c073_s166_w2_1005_  1 100% +55.6 +55.6 +55.6 $    +36            |
|  b92  c092_s166_w1_0928_  2 100% +53.6 +53.6 +70.8 $    +95            |
|  b93  c093_s166_w2_1005_  2 100% +53.6 +53.6 +70.8 $    +95            |
|  b95  c095_s166_w4_1120_  2 100% +50.5 +50.5 +70.8 $    +95            |
|  b96  c096_s163_w1_0928_  2 100% +50.5 +50.5 +70.8 $    +95            |
|  b98  c098_s163_w3_1045_  2 100% +50.5 +50.5 +70.8 $    +95            |
|  ... 40 more bucket(s) with exits                                      |
+------------------------------------------------------------------------+
|  Low  b46  c046_s174_w3_1045_  2   0% -89.7 -89.7 -89.7 $   -104       |
+========================================================================+
+========================================================================+
|  PENDING ORDERS (1)                                                    |
+------------------------------------------------------------------------+
|  Top groups                    S165:INTC(1)                            |
+------------------------------------------------------------------------+
|  b68  S165 INTC     limit=0.57                                         |
+========================================================================+
+========================================================================+
|  PENDING EXITS (2)                                                     |
+------------------------------------------------------------------------+
|  b85  S174 INTC260713C00114000 x1 stop_loss (-91.7%)                   |
|  b70  S165 INTC260713C00115000 x1 stop_loss (-98.3%)                   |
+========================================================================+
+========================================================================+
|  OPEN OPTIONS (6)                                                      |
+------------------------------------------------------------------------+
|  SYMBOL                      QTY    RET%        OPEN P&L               |
|------------------------------------------------------------------------|
|  INTC260713C00115000          29    -98.3%   $ -1,691.06               |
|  INTC260713C00114000           8    -98.6%   $   -567.47               |
|  T260717C00021000              8    +61.1%   $   +176.00               |
|  INTC260715C00114000           3    -43.7%   $    -93.00               |
|  SMCI260717C00029000           2     -7.7%   $    -11.00               |
|  PSKY260717C00010000           2    +50.0%   $     +8.00               |
+========================================================================+
Full detail: logs/options_trial/runs/2026-07-13.log
elapsed=22.7s reconcile=5.14s cancel=0.01s manage=1.01s scan=11.42s entries=0.65s
STATUS: options_morning_bot run complete (PAPER) elapsed=22.7s. run=#3711 https://github.com/28twagg-ops/TradingBot/actions/runs/29254328175
Wrote /home/runner/work/TradingBot/TradingBot/logs/options_trial/reports/2026-07-13_buckets.md
Wrote /home/runner/work/TradingBot/TradingBot/logs/options_trial/reports/2026-07-13_buckets.csv
Summary: 5 buckets closed trades, $-257.00 realized
Wrote /home/runner/work/TradingBot/TradingBot/logs/options_trial/reports/2026-07-13_strategy_selection.md
Wrote /home/runner/work/TradingBot/TradingBot/logs/options_trial/reports/2026-07-13_strategy_selection.csv
Summary: keep=0 watch=5 drop=0
