19:16:59  INFO      Mode: exits
19:17:00  INFO        Daily log -> logs/daily/2026-09-16.md
19:17:00  INFO        Daily log reconciled -> logs/daily/2026-09-16.md (3 ledger rows)
19:17:00  INFO        place_all_stops: checking 1 positions...
19:17:00  INFO        STOP skipped ABNB: fractional (0.2010 shares) — software exit will handle it
19:17:00  INFO        [positions] 1/1 (1 valid)
19:17:00  INFO        SELL MARKET [urgent] ABNB closed
19:17:02  INFO        TX logged: SELL ABNB  P&L -0.65%
19:17:02  INFO        Daily log -> logs/daily/2026-09-16.md

+========================================================================+
|  RUBBER BAND BOT  v8                                                   |
+------------------------------------------------------------------------+
|  Mode                                                             EXITS|
|  Time                                                         19:16 UTC|
|  Regime                                                            BULL|
|  Universe                                                          both|
|  Equity                                                         $224.19|
+========================================================================+

+========================================================================+
|                           STOCKS EXIT CHECK                            |
+========================================================================+
|  Exit logic                   stop-0.5% / 3d max  (midline at EOD only)|
+------------------------------------------------------------------------+
|  ABNB  P&L -0.6%  $-0.22                        EXIT: stop_loss (-0.6%)|
+========================================================================+

+========================================================================+
|                            EXIT RUN SUMMARY                            |
+========================================================================+
|  Mode                                                             exits|
|  Candidates                                                           1|
|  Deferred/Skipped                                      already logged 0|
|  Data skips                                             no price data 0|
|  Se~  1 attempted  |  1 filled  |  0 partial  |  0 pending  |  0 failed|
|  Holds                                                                0|
|  Logged exits                                                         1|
+========================================================================+

+========================================================================+
|            OPTIONS SLEEVE  (managed by options_live_micro)             |
+========================================================================+
|                                                                        |
|  No open option positions.                                             |
|                                                                        |
+========================================================================+

+========================================================================+
|                      STOP-LOSS BREACHES THIS RUN                       |
+========================================================================+
|  ABNB                                        -0.65%  (threshold -0.50%)|
|  Count                                                                1|
+========================================================================+
|  Stop-loss look file                  logs/stop_losses_to_look_into.txt|
|  New investigations added                                             0|
+========================================================================+
