19:51:24  INFO      Mode: scan
19:51:24  INFO        [positions] 3/3 (3 valid)
19:51:24  INFO        SELL LIMIT JKHY  qty=0.435193828  limit=$162.61  id=2c78a741-7067-4036-a0a0-0f75b48cedca
19:51:54  INFO        SELL LIMIT filled JKHY (confirmed by position check)
19:51:55  INFO        TX logged: SELL JKHY  P&L 0.07%
19:51:55  INFO        Universe cache hit: 903 tickers (tickers_2026-08-19.json)
19:51:56  INFO        [universe] 40/901 (40 valid)
19:51:57  INFO        [universe] 80/901 (80 valid)
19:51:58  INFO        [universe] 120/901 (120 valid)
19:52:00  INFO        [universe] 160/901 (160 valid)
19:52:01  INFO        [universe] 200/901 (199 valid)
19:52:08  INFO        [universe] 240/901 (238 valid)
19:52:21  INFO        [universe] 280/901 (278 valid)
19:52:31  INFO        [universe] 320/901 (318 valid)
19:52:45  INFO        [universe] 360/901 (358 valid)
19:52:55  INFO        [universe] 400/901 (397 valid)
19:53:09  INFO        [universe] 440/901 (437 valid)
19:53:19  INFO        [universe] 480/901 (477 valid)
19:53:32  INFO        [universe] 520/901 (517 valid)
19:53:45  INFO        [universe] 560/901 (557 valid)
19:53:55  INFO        [universe] 600/901 (597 valid)
19:54:09  INFO        [universe] 640/901 (637 valid)
19:54:19  INFO        [universe] 680/901 (677 valid)
19:54:32  INFO        [universe] 720/901 (717 valid)
19:54:45  INFO        [universe] 760/901 (757 valid)
19:54:55  INFO        [universe] 800/901 (797 valid)
19:55:08  INFO        [universe] 840/901 (836 valid)
19:55:21  INFO        [universe] 880/901 (876 valid)
