Trial layout: /home/runner/work/TradingBot/TradingBot/logs/options_trial
Docs:         /home/runner/work/TradingBot/TradingBot/docs/options_trial
Buckets:      100
=== options_morning_bot (PAPER) 2026-07-09T10:21:04.927442-04:00 ===

[Run context]
Paper auth OK — equity $130040.57, account PA36KS87UPRS

[Setup]
Active buckets: 100 | Strategies: S173, S174, S165, S166, S163

[Scan + entries]
Scanning 903 symbols for [S173, S174, S165, S166, S163] …
Fetched daily bars for 903/903 symbols
Found 71 signal(s); top: ['S173:ACN', 'S173:ADBE', 'S173:AMZN', 'S173:APP', 'S173:ADSK', 'S173:ADP', 'S173:CHTR', 'S173:KO']
Paper lab: $129480 broker equity -> 100 bucket(s) ($500 virtual each, unlimited paper)
  Skipped: 349 already attempted today, 5 pending order
Placed 1 new entry order(s).

[Portfolio snapshot]
+========================================================================+
|  OPTIONS BOT SUMMARY                                                   |
+------------------------------------------------------------------------+
|  Mode                          entry+manage                            |
|  Equity                        $130,040.57                             |
|  Signals this run              71                                      |
|  Entries placed                1                                       |
|  Open option positions         17                                      |
|  Pending orders                1                                       |
+========================================================================+
+========================================================================+
|  OPEN OPTIONS (17)                                                     |
+------------------------------------------------------------------------+
|  SYMBOL                      QTY    RET%        OPEN P&L               |
|------------------------------------------------------------------------|
|  AVGO260710C00400000          49   +184.3%   $ +5,051.00               |
|  GOOGL260710C00365000         75    -68.3%   $ -4,193.99               |
|  ANET260710C00185000          22   +457.3%   $ +2,744.00               |
|  MRNA260710C00085000          54    -93.5%   $ -1,559.00               |
|  CCL260717C00026000           93    +19.9%   $ +1,389.00               |
|  GOOGL260710C00367500         24    -65.1%   $   -672.00               |
|  PLTR260710C00136000          24    -84.6%   $   -660.00               |
|  BA260710C00237500            22    -85.8%   $   -400.00               |
|  ... 9 more position(s)                                                |
+========================================================================+
Full detail: logs/options_trial/runs/2026-07-09.log
elapsed=30.8s reconcile=0.35s cancel=0.06s manage=0.06s scan=28.93s entries=0.86s
STATUS: options_morning_bot run complete (PAPER) elapsed=30.8s.
Wrote /home/runner/work/TradingBot/TradingBot/logs/options_trial/reports/2026-07-09_buckets.md
Wrote /home/runner/work/TradingBot/TradingBot/logs/options_trial/reports/2026-07-09_buckets.csv
Summary: 0 buckets closed trades, $+0.00 realized
Wrote /home/runner/work/TradingBot/TradingBot/logs/options_trial/reports/2026-07-09_strategy_selection.md
Wrote /home/runner/work/TradingBot/TradingBot/logs/options_trial/reports/2026-07-09_strategy_selection.csv
Summary: keep=0 watch=5 drop=0
