options_reconcile: state=/home/runner/work/TradingBot/TradingBot/logs/options_trial/_state/lab_state.json
  open_lots=116 paper_keys=yes dry_run=False
  alpaca positions=28
  FLAG b418|S365|eedf5432 missing from Alpaca
  State updated with reconciled lots.
options_reconcile: done
Layout: controlled:1164:live_1to1+variations (layout changed controlled:100:c000_s173_w1_0928_1005_r1 -> controlled:1164:live_1to1+variations)
Trial layout: /home/runner/work/TradingBot/TradingBot/logs/options_trial
Docs:         skipped (local docs unavailable on this runner)
Buckets:      1164
PROBE OK: paper account status=AccountStatus.ACTIVE equity=$1,001,111.62
  buying_power=$3,980,722.40 cash=$995,456.62
  open option orders: 19
    AVGO260909C00372500 OrderSide.SELL qty=8 status=OrderStatus.NEW limit=None
    QQQ260904C00719000 OrderSide.SELL qty=2 status=OrderStatus.NEW limit=None
    MARA260911C00010500 OrderSide.SELL qty=15 status=OrderStatus.NEW limit=None
    MARA260904C00010500 OrderSide.SELL qty=16 status=OrderStatus.NEW limit=None
    MARA260904C00011000 OrderSide.SELL qty=25 status=OrderStatus.NEW limit=None
  open option positions: 28
    AVGO260904C00360000 qty=5 mkt=$280.00
    AVGO260904C00362500 qty=12 mkt=$480.00
    AVGO260904C00365000 qty=2 mkt=$58.00
    AVGO260909C00372500 qty=8 mkt=$352.00
    AVGO260909C00375000 qty=2 mkt=$76.00
PROBE: check-only pass (use --smoke-entry to place a test order)
=== options_morning_bot (PAPER) 2026-09-03T10:06:09.755320-04:00 ===

[Run context]
Paper auth OK — equity $1001100.62, account PA33P8KT02IL

[Setup]
LIVE 1:1 bucket b90 live_1to1 — S218, S404, S406 | TP+50%/SL-40% | stop-mkt | min $20
Variation study: 1163 lab/promising bucket(s) | cohort: all paper strategies | max 400 new entries/run
Dropped (no new entries; ex-reflected P&L): S203, S207, S212, S360, S405, S407
2026-09-03 10:06:11,693 INFO   EXIT [b884|lab0884_s410_w1_0928_1005_r1|S410] take_profit (+72.2%) SELL 1 MARA260904C00009500 @<= 1.25
  EXIT [b182|lab0182_s217_w3_1045_1120_r1|S217] stop_loss (-87.7%) SELL failed BA260904C00215000: {"code":40310000,"message":"account not eligible to trade uncovered option contracts"}
  EXIT [b238|lab0238_s401_w3_1045_1120_r1|S401] take_profit (+571.4%) SELL failed NVDA260904C00227500: {"code":40310000,"message":"account not eligible to trade uncovered option contracts"}
2026-09-03 10:06:13,590 INFO   EXIT [b1141|lab1141_s163_w3_1045_1120_r2|S163] take_profit (+85.6%) SELL 1 MARA260911C00010500 @<= 0.64
  EXIT [b901|lab0901_s411_w2_1005_1045_r2|S411] take_profit (+112.8%) SELL failed RBLX260904C00042000: {"code":40310000,"message":"account not eligible to trade uncovered option contracts"}
  EXIT [b900|lab0900_s411_w2_1005_1045_r1|S411] take_profit (+112.8%) SELL failed RBLX260904C00042000: {"code":40310000,"message":"account not eligible to trade uncovered option contracts"}
2026-09-03 10:06:16,340 INFO   EXIT [b799|lab0799_s399_w4_1120_1135_r2|S399] take_profit (+100.0%) SELL 1 MARA260904C00011500 @<= 0.03
2026-09-03 10:06:16,699 INFO   EXIT [b333|lab0333_s357_w3_1045_1120_r2|S357] take_profit (+51.5%) SELL 1 MARA260925C00011000 @<= 0.75
2026-09-03 10:06:17,561 INFO   EXIT [b787|lab0787_s398_w2_1005_1045_r2|S398] take_profit (+146.0%) SELL 1 MARA260904C00010500 @<= 0.43
2026-09-03 10:06:21,620 INFO   EXIT [b296|lab0296_s353_w1_0928_1005_r1|S353] take_profit (+171.4%) SELL 1 MARA260904C00011000 @<= 0.16
Protective stops: placed=7 upgraded=0 already=12 failed=6 (market-first)

[Scan + entries]
Scanning 117 symbols for [S165, S164, S168, S167, S166, S163, S169, S170, S171, S172, S175, S200, S201, S202, S204, S205, S206, S208, S209, S210, S211, S213, S214, S215, S216, S217, S218, S219, S220, S221, S400, S401, S402, S403, S350, S351, S352, S353, S354, S355, S356, S357, S358, S359, S361, S362, S363, S364, S365, S366, S367, S368, S369, S370, S371, S372, S373, S374, S375, S376, S377, S378, S379, S380, S381, S382, S383, S384, S385, S386, S387, S388, S389, S390, S391, S392, S393, S394, S413, S414, S415, S416, S417, S418, S395, S396, S397, S398, S399, S404, S406, S408, S409, S410, S411, S412, S413, S414, S415, S416, S417, S418, S419] …
Fetched daily bars for 113/117 symbols
Found 67 signal(s); top: ['S210:NVDA', 'S210:META', 'S165:AVGO', 'S164:AVGO', 'S168:AVGO', 'S167:AVGO', 'S166:AVGO', 'S163:AVGO']
Paper lab: $1001101 broker equity -> 1164 bucket(s) ($500 virtual each, unlimited paper)
  [b82 NVDA] ENTRY failed: {"code":40310000,"existing_order_id":"d8174735-b26b-4239-86b7-dc7834b5ad41","message":"potential wash trade detected. use complex orders","reject_reason":"opposite side market/stop order exists"}
  [b83 NVDA] ENTRY failed: {"code":40310000,"existing_order_id":"d8174735-b26b-4239-86b7-dc7834b5ad41","message":"potential wash trade detected. use complex orders","reject_reason":"opposite side market/stop order exists"}
  [b1110 AVGO] ENTRY failed: {"code":40310000,"existing_order_id":"9d0bf58b-357a-4e21-ae4b-acac7e79295a","message":"potential wash trade detected. use complex orders","reject_reason":"opposite side market/stop order exists"}
  [b1111 AVGO] ENTRY failed: {"code":40310000,"existing_order_id":"9d0bf58b-357a-4e21-ae4b-acac7e79295a","message":"potential wash trade detected. use complex orders","reject_reason":"opposite side market/stop order exists"}
  [b306 AVGO] ENTRY failed: {"code":40310000,"existing_order_id":"9d0bf58b-357a-4e21-ae4b-acac7e79295a","message":"potential wash trade detected. use complex orders","reject_reason":"opposite side market/stop order exists"}
  [b307 AVGO] ENTRY failed: {"code":40310000,"existing_order_id":"9d0bf58b-357a-4e21-ae4b-acac7e79295a","message":"potential wash trade detected. use complex orders","reject_reason":"opposite side market/stop order exists"}
  [b778 AVGO] ENTRY failed: {"code":40310000,"existing_order_id":"13aff7b8-6526-4ea8-9535-90acaea01662","message":"potential wash trade detected. use complex orders","reject_reason":"opposite side market/stop order exists"}
  [b779 AVGO] ENTRY failed: {"code":40310000,"existing_order_id":"13aff7b8-6526-4ea8-9535-90acaea01662","message":"potential wash trade detected. use complex orders","reject_reason":"opposite side market/stop order exists"}
  [b802 AVGO] ENTRY failed: {"code":40310000,"existing_order_id":"13aff7b8-6526-4ea8-9535-90acaea01662","message":"potential wash trade detected. use complex orders","reject_reason":"opposite side market/stop order exists"}
  [b803 AVGO] ENTRY failed: {"code":40310000,"existing_order_id":"13aff7b8-6526-4ea8-9535-90acaea01662","message":"potential wash trade detected. use complex orders","reject_reason":"opposite side market/stop order exists"}
  [b264 QQQ] ENTRY failed: {"code":40310000,"existing_order_id":"9a16799b-406d-4240-b1f2-41f1b5c4aec0","message":"potential wash trade detected. use complex orders","reject_reason":"opposite side market/stop order exists"}
  [b265 QQQ] ENTRY failed: {"code":40310000,"existing_order_id":"9a16799b-406d-4240-b1f2-41f1b5c4aec0","message":"potential wash trade detected. use complex orders","reject_reason":"opposite side market/stop order exists"}
  Skipped: 49 no tradeable call, 6 pending order
Placed 6 new entry order(s).
Protective stops: placed=7 upgraded=1 already=17 failed=3 (market-first)

[Portfolio snapshot]
+========================================================================+
|[OPTIONS BOT DAILY VITALS (MATRIX EXPERIMENT)]                          |
+========================================================================+
|-- ACCOUNT STATUS (entry+manage) --                                     |
|Equity       : $1,001,100.62                                            |
|Open Risk    : 126 lots (30 broker pos)                                 |
|Today's Run  : 67 signals -> 6 orders submitted                         |
|                                                                        |
|-- SYSTEM HEALTH --                                                     |
|Zombies      : 0 (Ledger is clean)                                      |
|Lab Status   : 126 Active Lots | 0 Pending Orders                       |
|Auto-Matrix  : (Pending EOD report generation)                          |
+========================================================================+
+========================================================================+
|[DATA QUALITY: CLEAN vs ERRORS vs KEEP-ONLY]                            |
+========================================================================+
|  CLEAN              n=892   win= 43.8%  med= -45.7%  $+9,127           |
|  TAINTED            n=1771  win= 33.2%  med= -39.0%  $-9,109           |
|  KEEP-only          n=367   win= 63.2%  med= +44.0%  $+6,436           |
|  KEEP recent        n=179   win= 60.3%  med= +53.2%  $+2,410           |
|  KEEP(14): S173,S174,S210,S218,S350,S362,S363,S364...                  |
|  KILL(21): ORPHAN,S165,S203,S207,S211,S212,S216,S217...                |
+========================================================================+
+========================================================================+
|[+++ OVERPERFORMING STRATEGIES (n>=10)]                                 |
+========================================================================+
|  BKT  PROFILE                   WIN%   MED%   TOTAL TRADES             |
|  ---------------------------------------------------------             |
|  b832 lab0832_s406_w3_1045..  82%  +126.9%    11                       |
|  b238 lab0238_s401_w3_1045..  80%  +109.5%    15                       |
|  b861 lab0861_s408_w3_1045..  73%  +100.0%    11                       |
|  b365 lab0365_s361_w2_1005..  90%  +82.8%    10                        |
+========================================================================+
|[--- UNDERPERFORMING STRATEGIES (n>=10)]                                |
+========================================================================+
|  BKT  PROFILE                   WIN%   MED%   TOTAL TRADES             |
|  ---------------------------------------------------------             |
|  b47  lab0047_s205_w4_1120..   4%  -78.0%    28                        |
|  b84  lab0084_s210_w3_1045..  42%  -67.4%    12                        |
|  b1   lab0001_s200_w1_0928..   0%  -65.8%    10                        |
|  b41  lab0041_s205_w1_0928..  12%  -65.3%    16                        |
+========================================================================+
+========================================================================+
|[PENDING EXITS (1)]                                                     |
+========================================================================+
|  b884 S410 MARA260904C00009500 x1 take_profit (+72.2%)                 |
+========================================================================+
+========================================================================+
|[OPEN OPTIONS (30)]                                                     |
+========================================================================+
|  SYMBOL                      QTY    RET%        OPEN P&L               |
|  ---------------------------------------------------------             |
|  MARA260911C00010500          14    +93.9%   $   +474.53               |
|  MARA260904C00010500          15   +156.7%   $   +439.50               |
|  MARA260904C00011000          24   +171.4%   $   +288.00               |
|  MARA260925C00011000           7    +53.4%   $   +192.50               |
|  NVDA260904C00227500           1   +548.6%   $   +192.00               |
|  RBLX260904C00041000          -1   -580.6%   $   -180.00               |
|  MARA260904C00009500           3    +72.2%   $   +156.00               |
|  RBLX260904C00041500          -1   -652.4%   $   -137.00               |
|  ... 22 more position(s)                                               |
+========================================================================+
Full detail: logs/options_trial/runs/2026-09-03.log
elapsed=84.8s reconcile=0.89s cancel=0.12s manage=11.57s scan=53.18s entries=10.71s
STATUS: options_morning_bot run complete (PAPER) elapsed=84.8s. run=#8933 https://github.com/28twagg-ops/TradingBot/actions/runs/33764765278
Evaluation complete: 100 strategies evaluated, 0 killed, 0 promote candidates.
Wrote /home/runner/work/TradingBot/TradingBot/logs/options_trial/reports/2026-09-03_buckets.md
Wrote /home/runner/work/TradingBot/TradingBot/logs/options_trial/reports/2026-09-03_buckets.csv
Summary: 25 buckets closed trades, $+768.00 realized
STALE WARNING: 1 bucket(s) with open lots and last_entry >5d
Wrote /home/runner/work/TradingBot/TradingBot/logs/options_trial/reports/2026-09-03_strategy_selection.md
Wrote /home/runner/work/TradingBot/TradingBot/logs/options_trial/reports/2026-09-03_strategy_selection.csv
Summary: keep=0 watch=81 drop=24
Orphan rate: 13.0% (347/2663) ALERT
# Options signal frequency

_Generated 2026-09-03T10:07:40.515668_

Headline counts are **unique (strategy, underlying, date)** from `ENTRY` lines in `logs/options_trial/runs/*.log`.
Raw log-line counts (multi-bucket duplicates) are shown below for debug.

### Unique underlying symbols per day (headline)

| Date       | S163 | S164 | S165 | S166 | S167 | S168 | S169 | S170 | S171 | S172 | S175 | S173 | S174 | Total |
|------------|-----:|-----:|-----:|-----:|-----:|-----:|-----:|-----:|-----:|-----:|-----:|-----:|-----:|------:|
| 2026-07-07 |    0 |    0 |    0 |    0 |    0 |    0 |    0 |    0 |    0 |    0 |    0 |    1 |    0 |     1 |
| 2026-07-08 |    0 |    0 |    3 |    0 |    0 |    0 |    0 |    0 |    0 |    0 |    0 |    2 |    1 |     6 |
| 2026-07-09 |    0 |    0 |    1 |    0 |    0 |    0 |    0 |    0 |    0 |    0 |    0 |    2 |    3 |     6 |
| 2026-07-10 |    0 |    0 |    1 |    0 |    0 |    0 |    0 |    0 |    0 |    0 |    0 |    1 |    1 |     3 |
| 2026-07-13 |    0 |    0 |    2 |    0 |    0 |    0 |    0 |    0 |    0 |    0 |    0 |    3 |    2 |     7 |
| 2026-07-14 |    0 |    0 |    3 |    0 |    0 |    0 |    0 |    0 |    0 |    0 |    0 |    2 |    0 |     5 |
| 2026-07-16 |    0 |    0 |    2 |    0 |    0 |    0 |    0 |    0 |    0 |    0 |    0 |    3 |    0 |     5 |
| 2026-07-17 |    0 |    0 |    2 |    0 |    0 |    0 |    0 |    0 |    0 |    0 |    0 |    2 |    0 |     4 |
| 2026-07-20 |    0 |    0 |    0 |    0 |    0 |    0 |    0 |    0 |    0 |    0 |    0 |    1 |    0 |     1 |
| 2026-07-21 |    1 |    2 |    1 |    1 |    2 |    2 |    0 |    0 |    0 |    0 |    0 |    0 |    0 |     9 |
| 2026-07-22 |    1 |    1 |    1 |    0 |    1 |    0 |    0 |    0 |    0 |    0 |    0 |    0 |    0 |     4 |
| 2026-07-24 |    1 |    1 |    1 |    0 |    1 |    1 |    0 |    0 |    0 |    0 |    0 |    0 |    0 |     5 |
| 2026-07-27 |    1 |    0 |    1 |    1 |    1 |    1 |    0 |    0 |    0 |    0 |    0 |    0 |    0 |     5 |
| 2026-07-28 |    1 |    1 |    1 |    1 |    1 |    1 |    0 |    0 |    0 |    0 |    0 |    0 |    0 |     6 |
| 2026-07-29 |    1 |    2 |    1 |    1 |    1 |    0 |    0 |    0 |    0 |    0 |    0 |    0 |    0 |     6 |
| 2026-09-01 |    2 |    2 |    2 |    1 |    2 |    2 |    0 |    0 |    0 |    0 |    0 |    0 |    0 |    11 |
| 2026-09-02 |    1 |    1 |    1 |    1 |    1 |    1 |    0 |    0 |    0 |    0 |    0 |    0 |    0 |     6 |
| 2026-09-03 |    1 |    1 |    1 |    1 |    1 |    1 |    0 |    0 |    0 |    0 |    0 |    0 |    0 |     6 |

## Per-strategy summary (unique underlyings)

| Strategy | Unique entries | Active days | Avg unique / active day | Est. active days to n=30 exits* |
|----------|---------------:|------------:|------------------------:|--------------------------------|
| S163 | 10 | 9 | 1.1 | ~34 active signal-days |
| S164 | 11 | 8 | 1.4 | ~28 active signal-days |
| S165 | 24 | 16 | 1.5 | ~25 active signal-days |
| S166 | 7 | 7 | 1.0 | ~38 active signal-days |
| S167 | 11 | 9 | 1.2 | ~31 active signal-days |
| S168 | 9 | 7 | 1.3 | ~30 active signal-days |
| S169 | 0 | 0 | 0.0 | inf (no unique entries yet) |
| S170 | 0 | 0 | 0.0 | inf (no unique entries yet) |
| S171 | 0 | 0 | 0.0 | inf (no unique entries yet) |
| S172 | 0 | 0 | 0.0 | inf (no unique entries yet) |
| S175 | 0 | 0 | 0.0 | inf (no unique entries yet) |
| S173 | 17 | 9 | 1.9 | ~20 active signal-days |
| S174 | 7 | 4 | 1.8 | ~22 active signal-days |

\* Formula: `ceil(30 / (avg_unique_per_active_day * 80%))`. Update when real exit rates are known.

## Signal frequency by window (all time, unique strategy×symbol×date×window)

| Window | S163 | S164 | S165 | S166 | S167 | S168 | S169 | S170 | S171 | S172 | S175 | S173 | S174 | Total |
|--------|-----:|-----:|-----:|-----:|-----:|-----:|-----:|-----:|-----:|-----:|-----:|-----:|-----:|------:|
| w1     |    4 |    3 |    8 |    2 |    4 |    3 |    0 |    0 |    0 |    0 |    0 |    7 |    1 |    32 |
| w2     |    6 |    5 |   11 |    5 |    6 |    5 |    0 |    0 |    0 |    0 |    0 |    6 |    3 |    47 |
| w3     |    7 |    6 |   13 |    4 |    7 |    5 |    0 |    0 |    0 |    0 |    0 |    7 |    4 |    53 |
| w4     |    5 |    4 |   10 |    2 |    5 |    5 |    0 |    0 |    0 |    0 |    0 |    6 |    3 |    40 |

Windows (ET): w1 09:28–10:05 · w2 10:05–10:45 · w3 10:45–11:20 · w4 11:20–11:35. Parsed from controlled-layout profile names in ENTRY log lines.

## Raw vs unique totals

| Strategy | Raw log lines (includes multi-bucket duplicates) | Unique underlying symbols |
|----------|-------------------------------------------------:|--------------------------:|
| S163 | 227 | 10 |
| S164 | 249 | 11 |
| S165 | 1695 | 24 |
| S166 | 113 | 7 |
| S167 | 249 | 11 |
| S168 | 174 | 9 |
| S169 | 0 | 0 |
| S170 | 0 | 0 |
| S171 | 0 | 0 |
| S172 | 0 | 0 |
| S175 | 0 | 0 |
| S173 | 1911 | 17 |
| S174 | 891 | 7 |

### Raw log lines per day (debug / multi-bucket)

| Date       | S163 | S164 | S165 | S166 | S167 | S168 | S169 | S170 | S171 | S172 | S175 | S173 | S174 | Total |
|------------|-----:|-----:|-----:|-----:|-----:|-----:|-----:|-----:|-----:|-----:|-----:|-----:|-----:|------:|
| 2026-07-07 |    0 |    0 |    0 |    0 |    0 |    0 |    0 |    0 |    0 |    0 |    0 |  100 |    0 |   100 |
| 2026-07-08 |    0 |    0 |  100 |    0 |    0 |    0 |    0 |    0 |    0 |    0 |    0 |  100 |  100 |   300 |
| 2026-07-09 |    0 |    0 |   24 |    0 |    0 |    0 |    0 |    0 |    0 |    0 |    0 |  100 |   15 |   139 |
| 2026-07-10 |    0 |    0 |  242 |    0 |    0 |    0 |    0 |    0 |    0 |    0 |    0 |  230 |  202 |   674 |
| 2026-07-13 |    0 |    0 |  190 |    0 |    0 |    0 |    0 |    0 |    0 |    0 |    0 |  212 |  188 |   590 |
| 2026-07-14 |    0 |    0 |  194 |    0 |    0 |    0 |    0 |    0 |    0 |    0 |    0 |  185 |  106 |   485 |
| 2026-07-15 |    0 |    0 |  146 |    0 |    0 |    0 |    0 |    0 |    0 |    0 |    0 |  154 |   58 |   358 |
| 2026-07-16 |    0 |    0 |  179 |    0 |    0 |    0 |    0 |    0 |    0 |    0 |    0 |  205 |   58 |   442 |
| 2026-07-17 |    0 |    0 |  127 |    0 |    0 |    0 |    0 |    0 |    0 |    0 |    0 |  207 |   58 |   392 |
| 2026-07-20 |    0 |    0 |  107 |    0 |    0 |    0 |    0 |    0 |    0 |    0 |    0 |  143 |   58 |   308 |
| 2026-07-21 |   30 |   35 |  113 |   30 |   35 |   35 |    0 |    0 |    0 |    0 |    0 |  118 |   48 |   444 |
| 2026-07-22 |   40 |   47 |   86 |   15 |   45 |   20 |    0 |    0 |    0 |    0 |    0 |   77 |    0 |   330 |
| 2026-07-23 |   30 |   42 |   50 |   15 |   40 |   20 |    0 |    0 |    0 |    0 |    0 |   40 |    0 |   237 |
| 2026-07-24 |   75 |   87 |   85 |   15 |   77 |   55 |    0 |    0 |    0 |    0 |    0 |   40 |    0 |   434 |
| 2026-07-27 |   14 |    0 |   14 |   14 |   14 |   14 |    0 |    0 |    0 |    0 |    0 |    0 |    0 |    70 |
| 2026-07-28 |    6 |    8 |    8 |    8 |    8 |    6 |    0 |    0 |    0 |    0 |    0 |    0 |    0 |    44 |
| 2026-07-29 |   10 |   10 |   10 |    8 |   10 |    0 |    0 |    0 |    0 |    0 |    0 |    0 |    0 |    48 |
| 2026-09-01 |    8 |    6 |    6 |    2 |    6 |    6 |    0 |    0 |    0 |    0 |    0 |    0 |    0 |    34 |
| 2026-09-02 |   10 |   10 |   10 |    2 |   10 |   14 |    0 |    0 |    0 |    0 |    0 |    0 |    0 |    56 |
| 2026-09-03 |    4 |    4 |    4 |    4 |    4 |    4 |    0 |    0 |    0 |    0 |    0 |    0 |    0 |    24 |

## Notes

- Pre-router-fix (before 2026-07-17 commit `56660c9e`): S163/S166 were starved — expect zeros until a post-fix entry-window gap-down day.
- Controlled layout places one ENTRY per matching bucket×strategy; raw counts inflate, unique underlyings do not.


Wrote /home/runner/work/TradingBot/TradingBot/logs/options_trial/reports/signal_frequency.md
## Ledger health — 2026-09-03
| Check                       | Count | Status |
|-----------------------------|------:|--------|
| Current stuck (state)       |     0 | OK |
| Orphaned lots (post-stable) |   981 | WARN | <<<
| Missing exit records (post) |   981 | WARN | <<<
| State/ledger mismatches     |     2 | WARN | <<<
| Total open lots             |   126 | INFO |
| Total closed lots           |  1849 | INFO |
| Pre-cutoff audit debt       |     0 | INFO |
| Transition audit debt       |   744 | INFO |

Wrote /home/runner/work/TradingBot/TradingBot/logs/options_trial/reports/ledger_health.md
Wrote /home/runner/work/TradingBot/TradingBot/logs/options_trial/reports/2026-09-03_data_quality.md
Wrote /home/runner/work/TradingBot/TradingBot/logs/options_trial/reports/2026-09-03_data_quality.csv
Wrote /home/runner/work/TradingBot/TradingBot/logs/options_trial/reports/latest_data_quality.json
Wrote /home/runner/work/TradingBot/TradingBot/logs/options_trial/reports/latest_data_quality_snippet.md
CLEAN n=892 med=-45.7% | TAINTED n=1771 med=-39.0% | KEEP-only n=367 med=+44.0% | KILL=21 KEEP=14
Wrote /home/runner/work/TradingBot/TradingBot/logs/dashboard.html
equity=230.33 router=CONFIRMED leaderboard_rows=105
Wrote /home/runner/work/TradingBot/TradingBot/logs/rubber_band_report.md
| 1 | MA_Squeeze | 2 | 100% | +0.56% | +0.56% | +0.17% | 999.00 | 0.0d | $+0.80 | WATCH |
| 2 | unknown | 32 | 19% | -0.03% | -0.59% | -1.27% | 1.44 | 0.0d | $+0.29 | ACTIVE |
