13:31:22  INFO      Mode: morning_prep
13:31:23  INFO        [prep_positions] 3/3 (3 valid)
13:31:23  INFO      Fetching tickers (universe=both)...
13:31:23  INFO        S&P 500: 503
13:31:24  INFO        MidCap 400: 400
13:31:24  INFO        Total: 903 tickers
13:31:25  INFO        [prep_universe] 40/900 (40 valid)
13:31:27  INFO        [prep_universe] 80/900 (80 valid)
13:31:29  INFO        [prep_universe] 120/900 (120 valid)
13:31:31  INFO        [prep_universe] 160/900 (160 valid)
13:31:32  INFO        [prep_universe] 200/900 (199 valid)
13:31:37  INFO        [prep_universe] 240/900 (238 valid)
13:31:50  INFO        [prep_universe] 280/900 (278 valid)
13:32:00  INFO        [prep_universe] 320/900 (318 valid)
13:32:14  INFO        [prep_universe] 360/900 (358 valid)
13:32:27  INFO        [prep_universe] 400/900 (397 valid)
13:32:37  INFO        [prep_universe] 440/900 (437 valid)
13:32:50  INFO        [prep_universe] 480/900 (477 valid)
13:33:00  INFO        [prep_universe] 520/900 (517 valid)
13:33:14  INFO        [prep_universe] 560/900 (557 valid)
13:33:27  INFO        [prep_universe] 600/900 (597 valid)
13:33:37  INFO        [prep_universe] 640/900 (637 valid)
13:33:50  INFO        [prep_universe] 680/900 (677 valid)
13:34:01  INFO        [prep_universe] 720/900 (717 valid)
13:34:14  INFO        [prep_universe] 760/900 (757 valid)
13:34:27  INFO        [prep_universe] 800/900 (797 valid)
13:34:37  INFO        [prep_universe] 840/900 (836 valid)
13:34:51  INFO        [prep_universe] 880/900 (876 valid)
13:34:54  INFO        [prep_universe] 900/900 (896 valid)

+========================================================================+
|  RUBBER BAND BOT  v8                                                   |
+------------------------------------------------------------------------+
|  Mode                                                      MORNING_PREP|
|  Time                                                         13:31 UTC|
|  Regime                                                            BULL|
|  Universe                                                          both|
|  Equity                                                         $231.23|
+========================================================================+

+========================================================================+
|                              MORNING PREP                              |
+========================================================================+
|  Goal                   Precompute exits/signals for next execution run|
|  Plan file                                 logs/plans/morning_plan.json|
|  Regime                                                            BULL|
+========================================================================+

+========================================================================+
|                       OPEN POSITION P&L SNAPSHOT                       |
+========================================================================+
|  Open positions                                                       3|
|  Invested                                                       $103.92|
|  Open P&L                                                        $-0.17|
|  TICKER   STRATEGY        INVESTED   ENTRY    NOW      P&L%    P&L$    |
+------------------------------------------------------------------------+
|  BWXT     MomReversal     $34.26     $161.11  $159.04  -1.3%   $-0.44  |
|  GME      EarningsDrift   $34.97     $18.77   $18.92   +0.8%   $+0.28  |
|  SYNA     MomReversal     $34.70     $95.54   $95.53   -0.0%   $-0.00  |
+========================================================================+

+========================================================================+
|                            OPEN SELL ORDERS                            |
+========================================================================+
|  Count                                                                0|
|                                                                        |
|  No open sell orders.                                                  |
|                                                                        |
+========================================================================+

+========================================================================+
|                              PREP SUMMARY                              |
+========================================================================+
|  Saved                                                              yes|
|  Exit candidates                                                      2|
|  Signal candidates                                                   30|
|  Universe scanned                                                   900|
+========================================================================+
