13:21:05  INFO      Mode: summary

+========================================================================+
|  RUBBER BAND BOT  v8                                                   |
+------------------------------------------------------------------------+
|  Mode                                                           SUMMARY|
|  Time                                                         13:21 UTC|
|  Regime                                                            BULL|
|  Universe                                                          both|
|  Equity                                                         $230.56|
+========================================================================+

+========================================================================+
|                             ACCOUNT STATUS                             |
+========================================================================+
|  Equity                                                         $230.56|
|  Cash                                                           $126.02|
|  Regime                                                            BULL|
|  Universe                                                          both|
|  Total invested                                                 $104.54|
|  Open P&L                                                        $+0.83|
+========================================================================+

+========================================================================+
|                     STOCK HOLDINGS  (3 positions)                      |
+========================================================================+
|  TICKER   STRATEGY        INVESTED   ENTRY    NOW      P&L%    P&L$    |
+------------------------------------------------------------------------+
|  AMZN     unknown         $34.76     $255.49  $256.80  +0.5%   $+0.18  |
|  FLEX     unknown         $35.07     $109.37  $110.94  +1.4%   $+0.50  |
|  LII      unknown         $34.71     $386.29  $388.01  +0.4%   $+0.15  |
|                                                                        |
|  Total invested                                                 $104.54|
|  Total open P&L                                                  $+0.83|
+========================================================================+

+========================================================================+
|                     OPTION HOLDINGS  (0 contracts)                     |
+========================================================================+
|                                                                        |
|  No open option positions.                                             |
|                                                                        |
+========================================================================+

+========================================================================+
|                        EXIT LOGIC ACTIVE  (v8)                         |
+========================================================================+
|  Profit target                              price > 20-day MA (midline)|
|  Stop loss                                             -0.5% from entry|
|  Time stop                                          max 3 calendar days|
+========================================================================+

+========================================================================+
|                          RECENT TRANSACTIONS                           |
+========================================================================+
|  2026-09-04  SELL  APD  Pullback50  $34.37  P&L $-0.21                 |
|  2026-09-03  SELL  ACGL  Pullback50  $34.56  P&L $-0.00                |
|  2026-09-03  SELL  CNM  MomReversal  $34.27  P&L $-0.24                |
|  2026-09-03  SELL  ACGL  Pullback50  $34.60  P&L $+0.00                |
|  2026-09-03  SELL  AES  Pullback50  $34.50  P&L $+0.00                 |
|  2026-09-02  SELL  MO  Pullback50  $34.52  P&L $+0.00                  |
+========================================================================+
