18:40:59  INFO      Mode: exits
18:41:00  INFO        place_all_stops: checking 3 positions...
18:41:00  INFO        STOP skipped AMZN: fractional (0.1353 shares) — software exit will handle it
18:41:00  INFO        STOP skipped APD: fractional (0.1144 shares) — software exit will handle it
18:41:00  INFO        STOP skipped LII: fractional (0.0895 shares) — software exit will handle it
18:41:00  INFO        [positions] 3/3 (3 valid)
18:41:00  INFO        Daily log -> logs/daily/2026-09-04.md

+========================================================================+
|  RUBBER BAND BOT  v8                                                   |
+------------------------------------------------------------------------+
|  Mode                                                             EXITS|
|  Time                                                         18:41 UTC|
|  Regime                                                            BULL|
|  Universe                                                          both|
|  Equity                                                         $230.49|
+========================================================================+

+========================================================================+
|                           STOCKS EXIT CHECK                            |
+========================================================================+
|  Exit logic                   stop-0.5% / 3d max  (midline at EOD only)|
+------------------------------------------------------------------------+
|  APD  P&L -0.3%  $-0.12                                            HOLD|
|  AMZN  P&L +0.8%  $+0.29                                           HOLD|
|  LII  P&L +1.0%  $+0.35                                            HOLD|
+========================================================================+

+========================================================================+
|                            EXIT RUN SUMMARY                            |
+========================================================================+
|  Mode                                                             exits|
|  Candidates                                                           3|
|  Deferred/Skipped                                      already logged 0|
|  Data skips                                             no price data 0|
|  Se~  0 attempted  |  0 filled  |  0 partial  |  0 pending  |  0 failed|
|  Holds                                                                3|
|  Logged exits                                                         0|
+========================================================================+

+========================================================================+
|            OPTIONS SLEEVE  (managed by options_live_micro)             |
+========================================================================+
|                                                                        |
|  No open option positions.                                             |
|                                                                        |
+========================================================================+

+========================================================================+
|                      STOP-LOSS BREACHES THIS RUN                       |
+========================================================================+
|  None                                                                  |
+========================================================================+
|  Stop-loss look file                  logs/stop_losses_to_look_into.txt|
|  New investigations added                                             0|
+========================================================================+
