13:20:59  INFO      Mode: summary

+========================================================================+
|  RUBBER BAND BOT  v8                                                   |
+------------------------------------------------------------------------+
|  Mode                                                           SUMMARY|
|  Time                                                         13:20 UTC|
|  Regime                                                            BULL|
|  Universe                                                          both|
|  Equity                                                         $230.33|
+========================================================================+

+========================================================================+
|                             ACCOUNT STATUS                             |
+========================================================================+
|  Equity                                                         $230.33|
|  Cash                                                           $195.68|
|  Regime                                                            BULL|
|  Universe                                                          both|
|  Total invested                                                  $34.65|
|  Open P&L                                                        $+0.07|
+========================================================================+

+========================================================================+
|                     STOCK HOLDINGS  (1 positions)                      |
+========================================================================+
|  TICKER   STRATEGY        INVESTED   ENTRY    NOW      P&L%    P&L$    |
+------------------------------------------------------------------------+
|  AMZN     Pullback50      $34.65     $255.49  $255.99  +0.2%   $+0.07  |
|                                                                        |
|  Total invested                                                  $34.65|
|  Total open P&L                                                  $+0.07|
+========================================================================+

+========================================================================+
|                     OPTION HOLDINGS  (0 contracts)                     |
+========================================================================+
|                                                                        |
|  No open option positions.                                             |
|                                                                        |
+========================================================================+

+========================================================================+
|                        EXIT LOGIC ACTIVE  (v8)                         |
+========================================================================+
|  Profit target                              price > 20-day MA (midline)|
|  Stop loss                                             -0.5% from entry|
|  Time stop                                          max 3 calendar days|
+========================================================================+

+========================================================================+
|                          RECENT TRANSACTIONS                           |
+========================================================================+
|  2026-09-02  SELL  MO  Pullback50  $34.52  P&L $+0.00                  |
|  2026-09-02  SELL  AES  Pullback50  $34.50  P&L $-0.03                 |
|  2026-09-02  SELL  AES  Pullback50  $34.57  P&L $-0.01                 |
|  2026-09-02  SELL  AIZ  Pullback50  $34.26  P&L $-0.32                 |
|  2026-09-02  SELL  SYNA  MomReversal  $34.43  P&L $-0.27               |
|  2026-09-02  SELL  GME  EarningsDrift  $35.03  P&L $+0.35              |
+========================================================================+
