14:20:54  INFO      Mode: exits
14:20:54  INFO        Daily log -> logs/daily/2026-08-26.md
14:20:54  INFO        Daily log reconciled -> logs/daily/2026-08-26.md (2 ledger rows)
14:20:54  INFO        place_all_stops: checking 2 positions...
14:20:54  INFO        STOP already live AES @ $14.65
14:20:54  INFO        STOP skipped DECK: fractional (0.5168 shares) — software exit will handle it
14:20:54  INFO        [positions] 2/2 (2 valid)
14:20:54  INFO        Daily log -> logs/daily/2026-08-26.md

+========================================================================+
|  RUBBER BAND BOT  v8                                                   |
+------------------------------------------------------------------------+
|  Mode                                                             EXITS|
|  Time                                                         14:20 UTC|
|  Regime                                                            BULL|
|  Universe                                                          both|
|  Equity                                                         $306.59|
+========================================================================+

+========================================================================+
|                           STOCKS EXIT CHECK                            |
+========================================================================+
|  Exit logic                   stop-0.5% / 3d max  (midline at EOD only)|
+------------------------------------------------------------------------+
|  AES  P&L -0.0%  $-0.00                                            HOLD|
|  DECK  P&L +0.6%  $+0.26                                           HOLD|
+========================================================================+

+========================================================================+
|                            EXIT RUN SUMMARY                            |
+========================================================================+
|  Mode                                                             exits|
|  Candidates                                                           2|
|  Deferred/Skipped                                      already logged 0|
|  Data skips                                             no price data 0|
|  Se~  0 attempted  |  0 filled  |  0 partial  |  0 pending  |  0 failed|
|  Holds                                                                2|
|  Logged exits                                                         0|
+========================================================================+

+========================================================================+
|            OPTIONS SLEEVE  (managed by options_live_micro)             |
+========================================================================+
|                                                                        |
|  No open option positions.                                             |
|                                                                        |
+========================================================================+

+========================================================================+
|                      STOP-LOSS BREACHES THIS RUN                       |
+========================================================================+
|  None                                                                  |
+========================================================================+
|  Stop-loss look file                  logs/stop_losses_to_look_into.txt|
|  New investigations added                                             0|
+========================================================================+
