13:01:18  INFO      Mode: summary

+========================================================================+
|  RUBBER BAND BOT  v8                                                   |
+------------------------------------------------------------------------+
|  Mode                                                           SUMMARY|
|  Time                                                         13:01 UTC|
|  Regime                                                            BULL|
|  Universe                                                          both|
|  Equity                                                         $226.26|
+========================================================================+

+========================================================================+
|                             ACCOUNT STATUS                             |
+========================================================================+
|  Equity                                                         $226.26|
|  Cash                                                           $191.98|
|  Regime                                                            BULL|
|  Universe                                                          both|
|  Total invested                                                  $34.28|
|  Open P&L                                                        $+0.36|
+========================================================================+

+========================================================================+
|                     STOCK HOLDINGS  (1 positions)                      |
+========================================================================+
|  TICKER   STRATEGY        INVESTED   ENTRY    NOW      P&L%    P&L$    |
+------------------------------------------------------------------------+
|  ALLE     Pullback50      $34.28     $153.74  $155.39  +1.1%   $+0.36  |
|                                                                        |
|  Total invested                                                  $34.28|
|  Total open P&L                                                  $+0.36|
+========================================================================+

+========================================================================+
|                     OPTION HOLDINGS  (0 contracts)                     |
+========================================================================+
|                                                                        |
|  No open option positions.                                             |
|                                                                        |
+========================================================================+

+========================================================================+
|                        EXIT LOGIC ACTIVE  (v8)                         |
+========================================================================+
|  Profit target                              price > 20-day MA (midline)|
|  Stop loss                                             -0.5% from entry|
|  Time stop                                          max 3 calendar days|
+========================================================================+

+========================================================================+
|                          RECENT TRANSACTIONS                           |
+========================================================================+
|  2026-09-14  SELL  AES  Pullback50  $33.91  P&L $+0.01                 |
|  2026-09-14  SELL  AMD  Pullback50  $33.90  P&L $-0.01                 |
|  2026-09-14  SELL  ALL  Pullback50  $33.72  P&L $-0.20                 |
|  2026-09-14  SELL  AES  Pullback50  $33.91  P&L $-0.02                 |
|  2026-09-11  SELL  RL  MomReversal  $33.81  P&L $-0.25                 |
|  2026-09-11  SELL  ADI  Pullback50  $34.06  P&L $-0.10                 |
+========================================================================+
