15:13:16  INFO      Mode: exits
15:13:17  INFO        Daily log -> logs/daily/2026-08-21.md
15:13:17  INFO        Daily log reconciled -> logs/daily/2026-08-21.md (4 ledger rows)
15:13:17  INFO        place_all_stops: checking 4 positions...
15:13:17  INFO        STOP skipped AON: fractional (0.1994 shares) — software exit will handle it
15:13:17  INFO        [positions] 1/1 (1 valid)
15:13:18  INFO        Daily log -> logs/daily/2026-08-21.md

+========================================================================+
|  RUBBER BAND BOT  v8                                                   |
+------------------------------------------------------------------------+
|  Mode                                                             EXITS|
|  Time                                                         15:13 UTC|
|  Regime                                                            BULL|
|  Universe                                                          both|
|  Equity                                                         $322.21|
+========================================================================+

+========================================================================+
|                           STOCKS EXIT CHECK                            |
+========================================================================+
|  Exit logic                   stop-0.5% / 3d max  (midline at EOD only)|
+------------------------------------------------------------------------+
|  AON  P&L +1.2%  $+0.83                                            HOLD|
+========================================================================+

+========================================================================+
|                            EXIT RUN SUMMARY                            |
+========================================================================+
|  Mode                                                             exits|
|  Candidates                                                           1|
|  Deferred/Skipped                                      already logged 0|
|  Data skips                                             no price data 0|
|  Se~  0 attempted  |  0 filled  |  0 partial  |  0 pending  |  0 failed|
|  Holds                                                                1|
|  Logged exits                                                         0|
+========================================================================+

+========================================================================+
|            OPTIONS SLEEVE  (managed by options_live_micro)             |
+========================================================================+
|  CONTRACT                ENTRY    NOW      P&L%     P&L$      MV       |
+------------------------------------------------------------------------+
|  AMD260824C00502500      $0.62    $0.14    -77.4%   $-48.00   $14.00   |
|  COST260828C01000000     $0.63    $0.50    -20.6%   $-13.00   $50.00   |
|  WMT260821C00110000      $0.09    $0.00    -100.0%  $-9.00    $0.00    |
|                                                                        |
|  Options open P&L                                               $-70.00|
+========================================================================+

+========================================================================+
|                      STOP-LOSS BREACHES THIS RUN                       |
+========================================================================+
|  None                                                                  |
+========================================================================+
|  Stop-loss look file                  logs/stop_losses_to_look_into.txt|
|  New investigations added                                             0|
+========================================================================+
