15:06:05  INFO      Mode: exits
15:06:06  INFO        place_all_stops: checking 3 positions...
15:06:06  INFO        STOP skipped AMZN: fractional (0.1353 shares) — software exit will handle it
15:06:06  INFO        STOP skipped FLEX: fractional (0.3161 shares) — software exit will handle it
15:06:06  INFO        STOP skipped LII: fractional (0.0895 shares) — software exit will handle it
15:06:06  INFO        [positions] 3/3 (3 valid)
15:06:06  INFO        SELL order cancelled FLEX  type=OrderType.MARKET  id=1a4f5ebe-73ed-401d-bed2-23f620b20c48
15:06:07  INFO        SELL LIMIT FLEX  qty=0.31607724  limit=$109.29  id=85f739b1-f8ce-4f00-beb7-8909effd3717
15:06:27  INFO        SELL LIMIT not filled for FLEX, falling back to market
15:06:27  INFO        SELL MARKET FLEX closed
15:06:30  INFO        SELL order cancelled LII  type=OrderType.MARKET  id=c40de662-0efd-4f69-a7f6-8474bdb5a0c3
15:06:30  INFO        SELL LIMIT LII  qty=0.089467389  limit=$389.75  id=b05ae044-30a3-4d40-bf47-9a5a03e471e7
15:06:50  INFO        SELL LIMIT not filled for LII, falling back to market
15:06:50  INFO        SELL MARKET LII closed
15:06:53  INFO        SELL order cancelled AMZN  type=OrderType.MARKET  id=56addf9e-1c91-4117-a1ac-1c875e70b0d5
15:06:53  INFO        SELL LIMIT AMZN  qty=0.135349882  limit=$257.99  id=61b80cd4-2e58-4875-bd41-7c9b45b42132
15:07:13  INFO        SELL LIMIT not filled for AMZN, falling back to market
15:07:13  INFO        SELL MARKET AMZN closed
15:07:16  INFO        Daily log -> logs/daily/2026-09-07.md

+========================================================================+
|  RUBBER BAND BOT  v8                                                   |
+------------------------------------------------------------------------+
|  Mode                                                             EXITS|
|  Time                                                         15:06 UTC|
|  Regime                                                            BULL|
|  Universe                                                          both|
|  Equity                                                         $230.56|
+========================================================================+

+========================================================================+
|                           STOCKS EXIT CHECK                            |
+========================================================================+
|  Exit logic                   stop-0.5% / 3d max  (midline at EOD only)|
+------------------------------------------------------------------------+
|  FLEX  P&L +0.1%  $+0.04                      EXIT: max_hold 3d (+0.1%)|
|  FLEX         PARTIAL SELL (0.3161 sh remain) — will retry this session|
|  LII  P&L +1.1%  $+0.38                       EXIT: max_hold 4d (+1.1%)|
|  LII          PARTIAL SELL (0.0895 sh remain) — will retry this session|
|  AMZN  P&L +1.2%  $+0.41                      EXIT: max_hold 5d (+1.2%)|
|  AMZN         PARTIAL SELL (0.1353 sh remain) — will retry this session|
+========================================================================+

+========================================================================+
|                            EXIT RUN SUMMARY                            |
+========================================================================+
|  Mode                                                             exits|
|  Candidates                                                           3|
|  Deferred/Skipped                                      already logged 0|
|  Data skips                                             no price data 0|
|  Se~  3 attempted  |  0 filled  |  3 partial  |  0 pending  |  0 failed|
|  Holds                                                                0|
|  Logged exits                                                         0|
+========================================================================+

+========================================================================+
|            OPTIONS SLEEVE  (managed by options_live_micro)             |
+========================================================================+
|                                                                        |
|  No open option positions.                                             |
|                                                                        |
+========================================================================+

+========================================================================+
|                      STOP-LOSS BREACHES THIS RUN                       |
+========================================================================+
|  None                                                                  |
+========================================================================+
|  Stop-loss look file                  logs/stop_losses_to_look_into.txt|
|  New investigations added                                             0|
+========================================================================+
