22:55:36  INFO      Mode: ext_exits
22:55:37  INFO        Daily log -> logs/daily/2026-07-28.md
22:55:37  INFO        Daily log reconciled -> logs/daily/2026-07-28.md (4 ledger rows)
22:55:37  INFO        Daily log -> logs/daily/2026-07-28.md

+========================================================================+
|  RUBBER BAND BOT  v8                                                   |
+------------------------------------------------------------------------+
|  Mode                                                         EXT_EXITS|
|  Time                                                         22:55 UTC|
|  Regime                                                            BULL|
|  Universe                                                          both|
|  Equity                                                         $488.10|
+========================================================================+

+========================================================================+
|                       EXIT CHECK [EXTENDED HRS]                        |
+========================================================================+
|  Exit log~  stop-0.5% / 3d max  (midline skipped — close already final)|
+------------------------------------------------------------------------+
|  LII  P&L -0.1%  $-0.06        HOLDING until 9:35am scan (GoldenPocket)|
|  HLT  P&L -0.1%  $-0.05        HOLDING until 9:35am scan (GoldenPocket)|
|  EQR  P&L +0.5%  $+0.33          HOLDING until 9:35am scan (Pullback50)|
|  FFIV  P&L +1.1%  $+1.08         HOLDING until 9:35am scan (Pullback50)|
|  ALGN  P&L +2.5%  $+2.43         HOLDING until 9:35am scan (Pullback50)|
+========================================================================+

+========================================================================+
|                          EXTENDED HOURS SELLS                          |
+========================================================================+
|                                                                        |
|  No extended-hours sells this run.                                     |
|                                                                        |
+========================================================================+

+========================================================================+
|                            EXIT RUN SUMMARY                            |
+========================================================================+
|  Mode                                                         ext_exits|
|  Candidates                                                           5|
|  Deferred/Skipped                                      already logged 0|
|  Data skips                                             no price data 0|
|  Se~  0 attempted  |  0 filled  |  0 partial  |  0 pending  |  0 failed|
|  Holds                                                                5|
|  Logged exits                                                         0|
+========================================================================+

+========================================================================+
|                      STOP-LOSS BREACHES THIS RUN                       |
+========================================================================+
|  None                                                                  |
+========================================================================+
|  Stop-loss look file                  logs/stop_losses_to_look_into.txt|
|  New investigations added                                             0|
+========================================================================+
