14:02:02  INFO      Mode: exits
14:02:02  INFO        place_all_stops: checking 3 positions...
14:02:02  INFO        STOP skipped AMZN: fractional (0.1353 shares) — software exit will handle it
14:02:02  INFO        STOP skipped FLEX: fractional (0.3161 shares) — software exit will handle it
14:02:02  INFO        STOP skipped LII: fractional (0.0895 shares) — software exit will handle it
14:02:02  INFO        [positions] 3/3 (3 valid)
14:02:02  INFO        SELL order cancelled FLEX  type=OrderType.MARKET  id=9a47d867-3908-4979-8f2c-331ae4af26e9
14:02:03  INFO        SELL LIMIT FLEX  qty=0.31607724  limit=$109.29  id=4eed49b2-4b06-4b2d-b51c-ef3c5d3f95a5
14:02:23  INFO        SELL LIMIT not filled for FLEX, falling back to market
14:02:23  INFO        SELL MARKET FLEX closed
14:02:25  INFO        SELL order cancelled LII  type=OrderType.MARKET  id=ab182056-682a-455f-a6e6-969ebac95124
14:02:25  INFO        SELL LIMIT LII  qty=0.089467389  limit=$389.75  id=e43dc8fd-84ab-44ef-a921-48584e37c7e9
14:02:45  INFO        SELL LIMIT not filled for LII, falling back to market
14:02:45  INFO        SELL MARKET LII closed
14:02:47  INFO        SELL order cancelled AMZN  type=OrderType.MARKET  id=ca651d37-4b55-4785-9c91-a4fc7a505733
14:02:47  INFO        SELL LIMIT AMZN  qty=0.135349882  limit=$257.99  id=437c0f6e-8511-4896-8b03-ef8403d73663
14:03:07  INFO        SELL LIMIT not filled for AMZN, falling back to market
14:03:07  INFO        SELL MARKET AMZN closed
14:03:10  INFO        Daily log -> logs/daily/2026-09-07.md

+========================================================================+
|  RUBBER BAND BOT  v8                                                   |
+------------------------------------------------------------------------+
|  Mode                                                             EXITS|
|  Time                                                         14:02 UTC|
|  Regime                                                            BULL|
|  Universe                                                          both|
|  Equity                                                         $230.56|
+========================================================================+

+========================================================================+
|                           STOCKS EXIT CHECK                            |
+========================================================================+
|  Exit logic                   stop-0.5% / 3d max  (midline at EOD only)|
+------------------------------------------------------------------------+
|  FLEX  P&L +0.1%  $+0.04                      EXIT: max_hold 3d (+0.1%)|
|  FLEX         PARTIAL SELL (0.3161 sh remain) — will retry this session|
|  LII  P&L +1.1%  $+0.38                       EXIT: max_hold 4d (+1.1%)|
|  LII          PARTIAL SELL (0.0895 sh remain) — will retry this session|
|  AMZN  P&L +1.2%  $+0.41                      EXIT: max_hold 5d (+1.2%)|
|  AMZN         PARTIAL SELL (0.1353 sh remain) — will retry this session|
+========================================================================+

+========================================================================+
|                            EXIT RUN SUMMARY                            |
+========================================================================+
|  Mode                                                             exits|
|  Candidates                                                           3|
|  Deferred/Skipped                                      already logged 0|
|  Data skips                                             no price data 0|
|  Se~  3 attempted  |  0 filled  |  3 partial  |  0 pending  |  0 failed|
|  Holds                                                                0|
|  Logged exits                                                         0|
+========================================================================+

+========================================================================+
|            OPTIONS SLEEVE  (managed by options_live_micro)             |
+========================================================================+
|                                                                        |
|  No open option positions.                                             |
|                                                                        |
+========================================================================+

+========================================================================+
|                      STOP-LOSS BREACHES THIS RUN                       |
+========================================================================+
|  None                                                                  |
+========================================================================+
|  Stop-loss look file                  logs/stop_losses_to_look_into.txt|
|  New investigations added                                             0|
+========================================================================+
