options_reconcile: state=/home/runner/work/TradingBot/TradingBot/logs/options_trial/_state/lab_state.json
  open_lots=116 paper_keys=yes dry_run=False
  alpaca positions=25
options_reconcile: done
Layout: controlled:1164:live_1to1+variations (layout changed controlled:100:c000_s173_w1_0928_1005_r1 -> controlled:1164:live_1to1+variations)
Trial layout: /home/runner/work/TradingBot/TradingBot/logs/options_trial
Docs:         skipped (local docs unavailable on this runner)
Buckets:      1164
PROBE OK: paper account status=AccountStatus.ACTIVE equity=$998,914.62
  buying_power=$3,966,884.32 cash=$995,910.62
  open option orders: 20
    AXP260904C00342500 OrderSide.BUY qty=1 status=OrderStatus.NEW limit=0.29
    AXP260904C00342500 OrderSide.BUY qty=1 status=OrderStatus.NEW limit=0.29
    RBLX260904C00043000 OrderSide.SELL qty=2 status=OrderStatus.NEW limit=None
    RBLX260904C00041000 OrderSide.SELL qty=2 status=OrderStatus.NEW limit=None
    RBLX260904C00044000 OrderSide.BUY qty=1 status=OrderStatus.NEW limit=0.09
  open option positions: 25
    AMD260902C00477500 qty=-1 mkt=$-2.00
    AMD260904C00502500 qty=1 mkt=$12.00
    BA260904C00215000 qty=4 mkt=$208.00
    GOOGL260904C00347500 qty=5 mkt=$200.00
    IWM260904C00296000 qty=2 mkt=$104.00
PROBE: check-only pass (use --smoke-entry to place a test order)
=== options_morning_bot (PAPER) 2026-09-02T11:06:17.639759-04:00 ===

[Run context]
Paper auth OK — equity $998916.62, account PA33P8KT02IL

[Setup]
LIVE 1:1 bucket b90 live_1to1 — S218, S404, S406 | TP+50%/SL-40% | stop-mkt | min $20
Variation study: 1163 lab/promising bucket(s) | cohort: all paper strategies | max 400 new entries/run
Dropped (no new entries; ex-reflected P&L): S203, S207, S212, S360, S405, S407
  EXIT [b239|lab0239_s401_w3_1045_1120_r2|S401] take_profit (+368.6%) SELL failed NVDA260904C00227500: {"code":40310000,"message":"account not eligible to trade uncovered option contracts"}
  EXIT [b238|lab0238_s401_w3_1045_1120_r1|S401] take_profit (+368.6%) SELL failed NVDA260904C00227500: {"code":40310000,"message":"account not eligible to trade uncovered option contracts"}
  EXIT [b798|lab0798_s399_w4_1120_1135_r1|S399] stop_loss (-65.7%) SELL failed AMD260904C00502500: {"code":40310000,"message":"account not eligible to trade uncovered option contracts"}
Protective stops: placed=0 upgraded=0 already=17 failed=6 (market-first)

[Scan + entries]
Scanning 117 symbols for [S165, S164, S168, S167, S166, S163, S169, S170, S171, S172, S175, S200, S201, S202, S204, S205, S206, S208, S209, S210, S211, S213, S214, S215, S216, S217, S218, S219, S220, S221, S400, S401, S402, S403, S350, S351, S352, S353, S354, S355, S356, S357, S358, S359, S361, S362, S363, S364, S365, S366, S367, S368, S369, S370, S371, S372, S373, S374, S375, S376, S377, S378, S379, S380, S381, S382, S383, S384, S385, S386, S387, S388, S389, S390, S391, S392, S393, S394, S413, S414, S415, S416, S417, S418, S395, S396, S397, S398, S399, S404, S406, S408, S409, S410, S411, S412, S413, S414, S415, S416, S417, S418, S419] …
Fetched daily bars for 113/117 symbols
Found 135 signal(s); top: ['S165:SNOW', 'S164:SNOW', 'S168:SNOW', 'S167:SNOW', 'S163:SNOW', 'S218:SNOW', 'S350:SNOW', 'S351:SNOW']
Paper lab: $998917 broker equity -> 1164 bucket(s) ($500 virtual each, unlimited paper)
  [b324 MARA] ENTRY failed: {"code":40310000,"existing_order_id":"83198eec-ad5b-46a8-a217-da33eacf0627","message":"potential wash trade detected. use complex orders","reject_reason":"opposite side market/stop order exists"}
  [b325 MARA] ENTRY failed: {"code":40310000,"existing_order_id":"83198eec-ad5b-46a8-a217-da33eacf0627","message":"potential wash trade detected. use complex orders","reject_reason":"opposite side market/stop order exists"}
  [b422 MARA] ENTRY failed: {"code":40310000,"existing_order_id":"83198eec-ad5b-46a8-a217-da33eacf0627","message":"potential wash trade detected. use complex orders","reject_reason":"opposite side market/stop order exists"}
  [b423 MARA] ENTRY failed: {"code":40310000,"existing_order_id":"83198eec-ad5b-46a8-a217-da33eacf0627","message":"potential wash trade detected. use complex orders","reject_reason":"opposite side market/stop order exists"}
  [b772 MARA] ENTRY failed: {"code":40310000,"existing_order_id":"e0d9921d-833b-41f7-b5f3-ad9ad780ebda","message":"potential wash trade detected. use complex orders","reject_reason":"opposite side market/stop order exists"}
  [b773 MARA] ENTRY failed: {"code":40310000,"existing_order_id":"e0d9921d-833b-41f7-b5f3-ad9ad780ebda","message":"potential wash trade detected. use complex orders","reject_reason":"opposite side market/stop order exists"}
  [b780 MARA] ENTRY failed: {"code":40310000,"existing_order_id":"1255b0a4-8317-42aa-bebe-7cdfc7a518e4","message":"potential wash trade detected. use complex orders","reject_reason":"opposite side market/stop order exists"}
  [b781 MARA] ENTRY failed: {"code":40310000,"existing_order_id":"1255b0a4-8317-42aa-bebe-7cdfc7a518e4","message":"potential wash trade detected. use complex orders","reject_reason":"opposite side market/stop order exists"}
  [b804 MARA] ENTRY failed: {"code":40310000,"existing_order_id":"1255b0a4-8317-42aa-bebe-7cdfc7a518e4","message":"potential wash trade detected. use complex orders","reject_reason":"opposite side market/stop order exists"}
  [b805 MARA] ENTRY failed: {"code":40310000,"existing_order_id":"1255b0a4-8317-42aa-bebe-7cdfc7a518e4","message":"potential wash trade detected. use complex orders","reject_reason":"opposite side market/stop order exists"}
  Skipped: 76 no tradeable call, 10 already attempted today, 68 pending order
Placed 0 new entry order(s).
Protective stops: placed=0 upgraded=0 already=17 failed=6 (market-first)

[Portfolio snapshot]
+========================================================================+
|[OPTIONS BOT DAILY VITALS (MATRIX EXPERIMENT)]                          |
+========================================================================+
|-- ACCOUNT STATUS (entry+manage) --                                     |
|Equity       : $998,916.62                                              |
|Open Risk    : 116 lots (25 broker pos)                                 |
|Today's Run  : 135 signals -> 0 orders submitted                        |
|                                                                        |
|-- SYSTEM HEALTH --                                                     |
|Zombies      : 0 (Ledger is clean)                                      |
|Lab Status   : 116 Active Lots | 54 Pending Orders                      |
|Auto-Matrix  : (Pending EOD report generation)                          |
+========================================================================+
+========================================================================+
|[DATA QUALITY: CLEAN vs ERRORS vs KEEP-ONLY]                            |
+========================================================================+
|  CLEAN              n=851   win= 43.0%  med= -46.7%  $+8,762           |
|  TAINTED            n=1766  win= 33.1%  med= -39.2%  $-9,184           |
|  KEEP-only          n=348   win= 62.6%  med= +38.0%  $+6,024           |
|  KEEP recent        n=160   win= 58.8%  med= +51.1%  $+1,998           |
|  KEEP(14): S173,S174,S210,S218,S350,S362,S363,S364...                  |
|  KILL(17): ORPHAN,S165,S203,S207,S211,S212,S217,S351...                |
+========================================================================+
+========================================================================+
|[+++ OVERPERFORMING STRATEGIES (n>=10)]                                 |
+========================================================================+
|  BKT  PROFILE                   WIN%   MED%   TOTAL TRADES             |
|  ---------------------------------------------------------             |
|  b832 lab0832_s406_w3_1045..  82%  +126.9%    11                       |
|  b238 lab0238_s401_w3_1045..  80%  +109.5%    15                       |
|  b861 lab0861_s408_w3_1045..  73%  +100.0%    11                       |
|  b365 lab0365_s361_w2_1005..  90%  +82.8%    10                        |
+========================================================================+
|[--- UNDERPERFORMING STRATEGIES (n>=10)]                                |
+========================================================================+
|  BKT  PROFILE                   WIN%   MED%   TOTAL TRADES             |
|  ---------------------------------------------------------             |
|  b47  lab0047_s205_w4_1120..   4%  -78.0%    28                        |
|  b84  lab0084_s210_w3_1045..  42%  -67.4%    12                        |
|  b1   lab0001_s200_w1_0928..   0%  -65.8%    10                        |
|  b41  lab0041_s205_w1_0928..  12%  -65.3%    16                        |
+========================================================================+
+========================================================================+
|[PENDING ORDERS (54)]                                                   |
+========================================================================+
|  Top groups: S357:MARA(6), S165:MARA(4), S164:MARA(4)                  |
|  ---------------------------------------------------------             |
|  b1052 S165 MARA     limit=0.13                                        |
|  b1053 S165 MARA     limit=0.13                                        |
|  b1150 S164 MARA     limit=0.13                                        |
|  b1151 S164 MARA     limit=0.13                                        |
|  b1122 S168 MARA     limit=0.33                                        |
|  ... 49 more pending order(s)                                          |
+========================================================================+
+========================================================================+
|[OPEN OPTIONS (25)]                                                     |
+========================================================================+
|  SYMBOL                      QTY    RET%        OPEN P&L               |
|  ---------------------------------------------------------             |
|  NVDA260904C00227500           2   +414.3%   $   +290.00               |
|  NVDA260902C00225000          -1  -1742.9%   $   -122.00               |
|  MARA260904C00010500          20    -19.8%   $    -74.00               |
|  MARA260904C00011000          32    -28.6%   $    -64.00               |
|  GOOGL260904C00347500          5    -22.3%   $    -56.00               |
|  MARA260904C00010000           2    -40.7%   $    -48.00               |
|  MARA260911C00011000           4    -37.5%   $    -48.00               |
|  MSFT260918C00545000           2    -34.8%   $    -48.00               |
|  ... 17 more position(s)                                               |
+========================================================================+
Full detail: logs/options_trial/runs/2026-09-02.log
elapsed=82.7s reconcile=0.4s cancel=0.13s manage=7.87s scan=54.79s entries=12.36s
STATUS: options_morning_bot run complete (PAPER) elapsed=82.7s. run=#8813 https://github.com/28twagg-ops/TradingBot/actions/runs/33646238800
Evaluation complete: 100 strategies evaluated, 0 killed, 0 promote candidates.
Wrote /home/runner/work/TradingBot/TradingBot/logs/options_trial/reports/2026-09-02_buckets.md
Wrote /home/runner/work/TradingBot/TradingBot/logs/options_trial/reports/2026-09-02_buckets.csv
Summary: 20 buckets closed trades, $+596.00 realized
STALE WARNING: 1 bucket(s) with open lots and last_entry >5d
Wrote /home/runner/work/TradingBot/TradingBot/logs/options_trial/reports/2026-09-02_strategy_selection.md
Wrote /home/runner/work/TradingBot/TradingBot/logs/options_trial/reports/2026-09-02_strategy_selection.csv
Summary: keep=0 watch=79 drop=26
Orphan rate: 13.2% (346/2617) ALERT
# Options signal frequency

_Generated 2026-09-02T11:07:46.368794_

Headline counts are **unique (strategy, underlying, date)** from `ENTRY` lines in `logs/options_trial/runs/*.log`.
Raw log-line counts (multi-bucket duplicates) are shown below for debug.

### Unique underlying symbols per day (headline)

| Date       | S163 | S164 | S165 | S166 | S167 | S168 | S169 | S170 | S171 | S172 | S175 | S173 | S174 | Total |
|------------|-----:|-----:|-----:|-----:|-----:|-----:|-----:|-----:|-----:|-----:|-----:|-----:|-----:|------:|
| 2026-07-07 |    0 |    0 |    0 |    0 |    0 |    0 |    0 |    0 |    0 |    0 |    0 |    1 |    0 |     1 |
| 2026-07-08 |    0 |    0 |    3 |    0 |    0 |    0 |    0 |    0 |    0 |    0 |    0 |    2 |    1 |     6 |
| 2026-07-09 |    0 |    0 |    1 |    0 |    0 |    0 |    0 |    0 |    0 |    0 |    0 |    2 |    3 |     6 |
| 2026-07-10 |    0 |    0 |    1 |    0 |    0 |    0 |    0 |    0 |    0 |    0 |    0 |    1 |    1 |     3 |
| 2026-07-13 |    0 |    0 |    2 |    0 |    0 |    0 |    0 |    0 |    0 |    0 |    0 |    3 |    2 |     7 |
| 2026-07-14 |    0 |    0 |    3 |    0 |    0 |    0 |    0 |    0 |    0 |    0 |    0 |    2 |    0 |     5 |
| 2026-07-16 |    0 |    0 |    2 |    0 |    0 |    0 |    0 |    0 |    0 |    0 |    0 |    3 |    0 |     5 |
| 2026-07-17 |    0 |    0 |    2 |    0 |    0 |    0 |    0 |    0 |    0 |    0 |    0 |    2 |    0 |     4 |
| 2026-07-20 |    0 |    0 |    0 |    0 |    0 |    0 |    0 |    0 |    0 |    0 |    0 |    1 |    0 |     1 |
| 2026-07-21 |    1 |    2 |    1 |    1 |    2 |    2 |    0 |    0 |    0 |    0 |    0 |    0 |    0 |     9 |
| 2026-07-22 |    1 |    1 |    1 |    0 |    1 |    0 |    0 |    0 |    0 |    0 |    0 |    0 |    0 |     4 |
| 2026-07-24 |    1 |    1 |    1 |    0 |    1 |    1 |    0 |    0 |    0 |    0 |    0 |    0 |    0 |     5 |
| 2026-07-27 |    1 |    0 |    1 |    1 |    1 |    1 |    0 |    0 |    0 |    0 |    0 |    0 |    0 |     5 |
| 2026-07-28 |    1 |    1 |    1 |    1 |    1 |    1 |    0 |    0 |    0 |    0 |    0 |    0 |    0 |     6 |
| 2026-07-29 |    1 |    2 |    1 |    1 |    1 |    0 |    0 |    0 |    0 |    0 |    0 |    0 |    0 |     6 |
| 2026-09-01 |    2 |    2 |    2 |    1 |    2 |    2 |    0 |    0 |    0 |    0 |    0 |    0 |    0 |    11 |
| 2026-09-02 |    1 |    1 |    1 |    1 |    1 |    1 |    0 |    0 |    0 |    0 |    0 |    0 |    0 |     6 |

## Per-strategy summary (unique underlyings)

| Strategy | Unique entries | Active days | Avg unique / active day | Est. active days to n=30 exits* |
|----------|---------------:|------------:|------------------------:|--------------------------------|
| S163 | 9 | 8 | 1.1 | ~34 active signal-days |
| S164 | 10 | 7 | 1.4 | ~27 active signal-days |
| S165 | 23 | 15 | 1.5 | ~25 active signal-days |
| S166 | 6 | 6 | 1.0 | ~38 active signal-days |
| S167 | 10 | 8 | 1.2 | ~30 active signal-days |
| S168 | 8 | 6 | 1.3 | ~29 active signal-days |
| S169 | 0 | 0 | 0.0 | inf (no unique entries yet) |
| S170 | 0 | 0 | 0.0 | inf (no unique entries yet) |
| S171 | 0 | 0 | 0.0 | inf (no unique entries yet) |
| S172 | 0 | 0 | 0.0 | inf (no unique entries yet) |
| S175 | 0 | 0 | 0.0 | inf (no unique entries yet) |
| S173 | 17 | 9 | 1.9 | ~20 active signal-days |
| S174 | 7 | 4 | 1.8 | ~22 active signal-days |

\* Formula: `ceil(30 / (avg_unique_per_active_day * 80%))`. Update when real exit rates are known.

## Signal frequency by window (all time, unique strategy×symbol×date×window)

| Window | S163 | S164 | S165 | S166 | S167 | S168 | S169 | S170 | S171 | S172 | S175 | S173 | S174 | Total |
|--------|-----:|-----:|-----:|-----:|-----:|-----:|-----:|-----:|-----:|-----:|-----:|-----:|-----:|------:|
| w1     |    3 |    2 |    7 |    1 |    3 |    2 |    0 |    0 |    0 |    0 |    0 |    7 |    1 |    26 |
| w2     |    6 |    5 |   11 |    5 |    6 |    5 |    0 |    0 |    0 |    0 |    0 |    6 |    3 |    47 |
| w3     |    7 |    6 |   13 |    4 |    7 |    5 |    0 |    0 |    0 |    0 |    0 |    7 |    4 |    53 |
| w4     |    5 |    3 |    9 |    2 |    4 |    4 |    0 |    0 |    0 |    0 |    0 |    6 |    3 |    36 |

Windows (ET): w1 09:28–10:05 · w2 10:05–10:45 · w3 10:45–11:20 · w4 11:20–11:35. Parsed from controlled-layout profile names in ENTRY log lines.

## Raw vs unique totals

| Strategy | Raw log lines (includes multi-bucket duplicates) | Unique underlying symbols |
|----------|-------------------------------------------------:|--------------------------:|
| S163 | 223 | 9 |
| S164 | 243 | 10 |
| S165 | 1689 | 23 |
| S166 | 109 | 6 |
| S167 | 243 | 10 |
| S168 | 166 | 8 |
| S169 | 0 | 0 |
| S170 | 0 | 0 |
| S171 | 0 | 0 |
| S172 | 0 | 0 |
| S175 | 0 | 0 |
| S173 | 1911 | 17 |
| S174 | 891 | 7 |

### Raw log lines per day (debug / multi-bucket)

| Date       | S163 | S164 | S165 | S166 | S167 | S168 | S169 | S170 | S171 | S172 | S175 | S173 | S174 | Total |
|------------|-----:|-----:|-----:|-----:|-----:|-----:|-----:|-----:|-----:|-----:|-----:|-----:|-----:|------:|
| 2026-07-07 |    0 |    0 |    0 |    0 |    0 |    0 |    0 |    0 |    0 |    0 |    0 |  100 |    0 |   100 |
| 2026-07-08 |    0 |    0 |  100 |    0 |    0 |    0 |    0 |    0 |    0 |    0 |    0 |  100 |  100 |   300 |
| 2026-07-09 |    0 |    0 |   24 |    0 |    0 |    0 |    0 |    0 |    0 |    0 |    0 |  100 |   15 |   139 |
| 2026-07-10 |    0 |    0 |  242 |    0 |    0 |    0 |    0 |    0 |    0 |    0 |    0 |  230 |  202 |   674 |
| 2026-07-13 |    0 |    0 |  190 |    0 |    0 |    0 |    0 |    0 |    0 |    0 |    0 |  212 |  188 |   590 |
| 2026-07-14 |    0 |    0 |  194 |    0 |    0 |    0 |    0 |    0 |    0 |    0 |    0 |  185 |  106 |   485 |
| 2026-07-15 |    0 |    0 |  146 |    0 |    0 |    0 |    0 |    0 |    0 |    0 |    0 |  154 |   58 |   358 |
| 2026-07-16 |    0 |    0 |  179 |    0 |    0 |    0 |    0 |    0 |    0 |    0 |    0 |  205 |   58 |   442 |
| 2026-07-17 |    0 |    0 |  127 |    0 |    0 |    0 |    0 |    0 |    0 |    0 |    0 |  207 |   58 |   392 |
| 2026-07-20 |    0 |    0 |  107 |    0 |    0 |    0 |    0 |    0 |    0 |    0 |    0 |  143 |   58 |   308 |
| 2026-07-21 |   30 |   35 |  113 |   30 |   35 |   35 |    0 |    0 |    0 |    0 |    0 |  118 |   48 |   444 |
| 2026-07-22 |   40 |   47 |   86 |   15 |   45 |   20 |    0 |    0 |    0 |    0 |    0 |   77 |    0 |   330 |
| 2026-07-23 |   30 |   42 |   50 |   15 |   40 |   20 |    0 |    0 |    0 |    0 |    0 |   40 |    0 |   237 |
| 2026-07-24 |   75 |   87 |   85 |   15 |   77 |   55 |    0 |    0 |    0 |    0 |    0 |   40 |    0 |   434 |
| 2026-07-27 |   14 |    0 |   14 |   14 |   14 |   14 |    0 |    0 |    0 |    0 |    0 |    0 |    0 |    70 |
| 2026-07-28 |    6 |    8 |    8 |    8 |    8 |    6 |    0 |    0 |    0 |    0 |    0 |    0 |    0 |    44 |
| 2026-07-29 |   10 |   10 |   10 |    8 |   10 |    0 |    0 |    0 |    0 |    0 |    0 |    0 |    0 |    48 |
| 2026-09-01 |    8 |    6 |    6 |    2 |    6 |    6 |    0 |    0 |    0 |    0 |    0 |    0 |    0 |    34 |
| 2026-09-02 |   10 |    8 |    8 |    2 |    8 |   10 |    0 |    0 |    0 |    0 |    0 |    0 |    0 |    46 |

## Notes

- Pre-router-fix (before 2026-07-17 commit `56660c9e`): S163/S166 were starved — expect zeros until a post-fix entry-window gap-down day.
- Controlled layout places one ENTRY per matching bucket×strategy; raw counts inflate, unique underlyings do not.


Wrote /home/runner/work/TradingBot/TradingBot/logs/options_trial/reports/signal_frequency.md
## Ledger health — 2026-09-02
| Check                       | Count | Status |
|-----------------------------|------:|--------|
| Current stuck (state)       |     0 | OK |
| Orphaned lots (post-stable) |   980 | WARN | <<<
| Missing exit records (post) |   980 | WARN | <<<
| State/ledger mismatches     |     2 | WARN | <<<
| Total open lots             |   116 | INFO |
| Total closed lots           |  1804 | INFO |
| Pre-cutoff audit debt       |     0 | INFO |
| Transition audit debt       |   744 | INFO |

Wrote /home/runner/work/TradingBot/TradingBot/logs/options_trial/reports/ledger_health.md
Wrote /home/runner/work/TradingBot/TradingBot/logs/options_trial/reports/2026-09-02_data_quality.md
Wrote /home/runner/work/TradingBot/TradingBot/logs/options_trial/reports/2026-09-02_data_quality.csv
Wrote /home/runner/work/TradingBot/TradingBot/logs/options_trial/reports/latest_data_quality.json
Wrote /home/runner/work/TradingBot/TradingBot/logs/options_trial/reports/latest_data_quality_snippet.md
CLEAN n=851 med=-46.7% | TAINTED n=1766 med=-39.2% | KEEP-only n=348 med=+38.0% | KILL=17 KEEP=14
Wrote /home/runner/work/TradingBot/TradingBot/logs/dashboard.html
equity=230.35 router=CONFIRMED leaderboard_rows=105
Wrote /home/runner/work/TradingBot/TradingBot/logs/rubber_band_report.md
| 1 | MA_Squeeze | 2 | 100% | +0.56% | +0.56% | +0.17% | 999.00 | 0.0d | $+0.80 | WATCH |
| 2 | unknown | 32 | 19% | -0.03% | -0.59% | -1.27% | 1.44 | 0.0d | $+0.29 | ACTIVE |
