13:52:13  INFO      Mode: morning_scan
13:52:14  INFO        [positions] 3/3 (3 valid)
13:52:15  INFO        SELL LIMIT ADI  qty=0.091994983  limit=$369.73  id=6e95e50d-c849-48c4-8b69-0f5654bd7e37
13:52:45  INFO        SELL LIMIT filled ADI (confirmed by position check)
13:52:45  INFO        TX logged: SELL ADI  P&L -0.29%
13:52:45  INFO        Universe cache hit: 903 tickers (tickers_2026-09-11.json)
13:52:46  INFO        [universe] 40/901 (40 valid)
13:52:48  INFO        [universe] 80/901 (80 valid)
13:52:49  INFO        [universe] 120/901 (120 valid)
13:52:50  INFO        [universe] 160/901 (160 valid)
13:52:52  INFO        [universe] 200/901 (199 valid)
13:52:59  INFO        [universe] 240/901 (238 valid)
13:53:12  INFO        [universe] 280/901 (278 valid)
13:53:23  INFO        [universe] 320/901 (318 valid)
13:53:36  INFO        [universe] 360/901 (358 valid)
13:53:47  INFO        [universe] 400/901 (398 valid)
13:54:00  INFO        [universe] 440/901 (438 valid)
13:54:10  INFO        [universe] 480/901 (478 valid)
13:54:24  INFO        [universe] 520/901 (518 valid)
13:54:34  INFO        [universe] 560/901 (558 valid)
13:54:47  INFO        [universe] 600/901 (598 valid)
13:54:58  INFO        [universe] 640/901 (638 valid)
13:55:11  INFO        [universe] 680/901 (678 valid)
13:55:22  INFO        [universe] 720/901 (718 valid)
13:55:35  INFO        [universe] 760/901 (758 valid)
13:55:48  INFO        [universe] 800/901 (798 valid)
13:55:59  INFO        [universe] 840/901 (838 valid)
13:56:12  INFO        [universe] 880/901 (878 valid)
13:56:16  INFO        [universe] 901/901 (899 valid)

+========================================================================+
|  RUBBER BAND BOT  v8                                                   |
+------------------------------------------------------------------------+
|  Mode                                                      MORNING_SCAN|
|  Time                                                         13:52 UTC|
|  Regime                                                            BULL|
|  Universe                                                          both|
|  Equity                                                         $227.53|
+========================================================================+

+========================================================================+
|                   RUBBER BAND BOT v8  --  DAILY SCAN                   |
+========================================================================+
|  Mode                                                      *** LIVE ***|
|  Date                                                        2026-09-11|
|  Universe                                                          both|
|  Mo~  Sep: GapDown + VolumeSpike (display only — schedule not enforced)|
|  Disabled  GapDown, GoldenPocket, VolumeSpike (see DISABLED_STRATEGIES)|
|  Regime                                                            BULL|
|  Exit                                      midline / stop-0.5% / 3d max|
+========================================================================+

+========================================================================+
|                                ACCOUNT                                 |
+========================================================================+
|  Equity (total)                                                 $227.53|
|  Cash                                                           $125.25|
|  Reserve                                          $11.38  (always kept)|
|  Stock~  $102.28 / $170.65  (75% equity; 25% reserved for live options)|
|  Options MV                        $0.00  open P&L $+0.00  (0 contract)|
|  Available                                     $68.37  (new stock buys)|
|  Trade size             $34.13  (15% per signal — all strategies equal)|
+========================================================================+

+========================================================================+
|                        STOCK HOLDINGS  (3 open)                        |
+========================================================================+
|  TICKER   STRATEGY        INVESTED   ENTRY    NOW      P&L%    P&L$    |
+------------------------------------------------------------------------+
|  ADI      Pullback50      $34.08     $371.54  $370.47  -0.3%   $-0.10  |
|  AMZN     Pullback50      $34.20     $256.11  $256.28  +0.1%   $+0.02  |
|  RL       MomReversal     $34.00     $335.08  $334.45  -0.2%   $-0.06  |
|                                                                        |
|  Total invested                                                 $102.28|
|  Total open P&L                                                  $-0.14|
|  Buys today: 0  |  entry cap: 0  |  max open: 3                        |
+========================================================================+

+========================================================================+
|                               PLAN CACHE                               |
+========================================================================+
|  Mode                                                           morning|
|  File                                      logs/plans/morning_plan.json|
|  Use cached plan                                  no (stale (23056.7m))|
+========================================================================+

+========================================================================+
|          EXIT EVALUATION  (EOD -- midline + stop + max-hold)           |
+========================================================================+
|  ADI  P&L -0.3%  $-0.10                           EXIT: midline (-0.3%)|
|  RL  P&L -0.2%  $-0.06                                             HOLD|
|  AMZN  P&L +0.1%  $+0.02                                           HOLD|
+========================================================================+

+========================================================================+
|                           EXIT EVAL SUMMARY                            |
+========================================================================+
|  Exit eval    attempted 1 | filled 1 | partial 0 | pending 0 | failed 0|
|  Other skips     already logged today 0  |  no price data 0  |  holds 2|
|  Stop-loss breaches                                                none|
|  Stop-loss look file                  logs/stop_losses_to_look_into.txt|
|  New investigations added                                             0|
+========================================================================+

+========================================================================+
|                             DATA DOWNLOAD                              |
+========================================================================+
|  Universe: both  |  Alpaca primary / yfinance fallback                 |
+========================================================================+

+========================================================================+
|                              SIGNAL SCAN                               |
+========================================================================+
|  Month: Sep  |  Regime: BULL                                           |
|  Primary: GapDown  |  Secondary: VolumeSpike (display only — schedule ~|
|  Source                                                       live scan|
+========================================================================+

+========================================================================+
|                         SIGNALS FOUND  --  24                          |
+========================================================================+
|  TICKER   STRATEGY        TIER   PRICE    RSI    VOL_Z   TRIGGER       |
+------------------------------------------------------------------------+
|  ALLE     Pullback50      eq     $153.07  30.8   -0.81   50MA bounce (-|
|  AME      Pullback50      eq     $239.49  49.9   -2.76   50MA bounce (-|
|  ADP      Pullback50      eq     $266.45  32.0   -2.82   50MA bounce (+|
|  TECH     Pullback50      eq     $72.25   47.3   -2.27   50MA bounce (+|
|  CTAS     Pullback50      eq     $200.62  43.1   -3.09   50MA bounce (+|
|  DLR      Pullback50      eq     $187.12  44.1   -1.53   50MA bounce (+|
|  EMR      Pullback50      eq     $151.11  39.5   -3.08   50MA bounce (+|
|  EQIX     Pullback50      eq     $1034.~  40.4   -1.91   50MA bounce (-|
|  FFIV     Pullback50      eq     $404.02  58.7   -2.41   50MA bounce (+|
|  GRMN     Pullback50      eq     $276.17  22.1   -2.06   50MA bounce (+|
|  JCI      Pullback50      eq     $144.72  53.6   -2.98   50MA bounce (-|
|  SYY      Pullback50      eq     $83.29   45.9   -1.97   50MA bounce (+|
|  WMB      Pullback50      eq     $73.08   60.5   -1.86   50MA bounce (-|
|  ATI      Pullback50      eq     $202.14  45.2   -0.86   50MA bounce (-|
|  CART     Pullback50      eq     $47.51   39.8   -2.15   50MA bounce (-|
|  CGNX     Pullback50      eq     $63.30   59.2   -2.52   50MA bounce (-|
|  CXT      Pullback50      eq     $51.50   58.0   -2.81   50MA bounce (+|
|  ENTG     Pullback50      eq     $140.34  46.8   -2.08   50MA bounce (+|
|  ITT      Pullback50      eq     $200.17  41.5   -2.79   50MA bounce (-|
|  LFUS     Pullback50      eq     $425.43  57.5   -2.03   50MA bounce (+|
|  MSM      Pullback50      eq     $121.83  54.8   -3.19   50MA bounce (-|
|  PATH     Pullback50      eq     $14.26   38.0   -3.10   50MA bounce (+|
|  SLAB     Pullback50      eq     $219.56  64.2   -2.19   50MA bounce (+|
|  VIAV     Pullback50      eq     $38.86   49.9   -2.08   50MA bounce (-|
|                                                                        |
+========================================================================+13:56:19  INFO        place_all_stops: checking 2 positions...
13:56:19  INFO        STOP skipped AMZN: fractional (0.1335 shares) — software exit will handle it
13:56:19  INFO        STOP skipped RL: fractional (0.1016 shares) — software exit will handle it
13:56:19  INFO        Daily log -> logs/daily/2026-09-11.md
13:56:19  INFO        Dashboard written → logs/dashboard.md


+========================================================================+
|                              ENTRY ORDERS                              |
+========================================================================+
|  Skipped                                  no entry slots (max_trades=0)|
+========================================================================+

+========================================================================+
|                            SESSION SUMMARY                             |
+========================================================================+
|  Regime                                                            BULL|
|  Universe                                                          both|
|  Strategy  GapDown + VolumeSpike (display only — schedule not enforced)|
|  Scanned                                                            899|
|  Signals                                                             24|
|  Entries                                                              0|
|  Buy submits                              0 confirmed  |  0 unconfirmed|
|  Exits                                                                1|
|  Open pos                                                             2|
|  Equity                                                         $227.51|
|  Cash                                                           $159.31|
+========================================================================+
