13:25:40  INFO      Mode: summary
13:25:41  INFO        Daily log -> logs/daily/2026-07-31.md
13:25:41  INFO        Daily log reconciled -> logs/daily/2026-07-31.md (0 ledger rows)

+========================================================================+
|  RUBBER BAND BOT  v8                                                   |
+------------------------------------------------------------------------+
|  Mode                                                           SUMMARY|
|  Time                                                         13:25 UTC|
|  Regime                                                            BULL|
|  Universe                                                          both|
|  Equity                                                         $467.50|
+========================================================================+

+========================================================================+
|                             ACCOUNT STATUS                             |
+========================================================================+
|  Equity                                                         $467.50|
|  Cash                                                           $398.39|
|  Regime                                                            BULL|
|  Universe                                                          both|
|  Total invested                                                  $69.11|
|  Open P&L                                                        $-1.35|
+========================================================================+

+========================================================================+
|                        HOLDINGS  (1 positions)                         |
+========================================================================+
|  TICKER   STRATEGY        INVESTED   ENTRY    NOW      P&L%    P&L$    |
+------------------------------------------------------------------------+
|  APG      MomReversal     $69.11     $38.85   $38.10   -1.9%   $-1.35  |
|                                                                        |
|  Total invested                                                  $69.11|
|  Total open P&L                                                  $-1.35|
+========================================================================+

+========================================================================+
|                        EXIT LOGIC ACTIVE  (v8)                         |
+========================================================================+
|  Profit target                              price > 20-day MA (midline)|
|  Stop loss                                             -0.5% from entry|
|  Time stop                                          max 3 calendar days|
+========================================================================+

+========================================================================+
|                          RECENT TRANSACTIONS                           |
+========================================================================+
|  2026-07-30  SELL  STX  EarningsDrift  $94.10  P&L $+0.13              |
|  2026-07-30  SELL  APH  EarningsDrift  $94.06  P&L $+0.13              |
|  2026-07-30  SELL  WING  MomReversal  $91.88  P&L $-2.81               |
|  2026-07-30  SELL  BKR  Pullback50  $95.24  P&L $-0.08                 |
|  2026-07-30  SELL  EQIX  Pullback50  $68.85  P&L $-0.22                |
|  2026-07-30  SELL  DVN  Pullback50  $95.04  P&L $-0.32                 |
+========================================================================+
