14:41:29  INFO      Mode: exits
14:41:30  INFO        Daily log -> logs/daily/2026-10-09.md
14:41:30  INFO        Daily log reconciled -> logs/daily/2026-10-09.md (1 ledger rows)
14:41:30  INFO        place_all_stops: checking 3 positions...
14:41:30  INFO        STOP already live AES @ $14.86
14:41:30  INFO        STOP skipped BAC: fractional (0.6334 shares) — software exit will handle it
14:41:30  INFO        STOP skipped OC: fractional (0.2968 shares) — software exit will handle it
14:41:30  INFO        [positions] 3/3 (3 valid)
14:41:31  INFO        Daily log -> logs/daily/2026-10-09.md

+========================================================================+
|  RUBBER BAND BOT  v8                                                   |
+------------------------------------------------------------------------+
|  Mode                                                             EXITS|
|  Time                                                         14:41 UTC|
|  Regime                                                            BULL|
|  Universe                                                          both|
|  Equity                                                         $224.33|
+========================================================================+

+========================================================================+
|                           STOCKS EXIT CHECK                            |
+========================================================================+
|  Exit logic                   stop-0.5% / 3d max  (midline at EOD only)|
+------------------------------------------------------------------------+
|  AES  P&L -0.1%  $-0.03                                            HOLD|
|  OC  P&L +0.3%  $+0.09                                             HOLD|
|  BAC  P&L +0.5%  $+0.18                                            HOLD|
+========================================================================+

+========================================================================+
|                            EXIT RUN SUMMARY                            |
+========================================================================+
|  Mode                                                             exits|
|  Candidates                                                           3|
|  Deferred/Skipped                                      already logged 0|
|  Data skips                                             no price data 0|
|  Se~  0 attempted  |  0 filled  |  0 partial  |  0 pending  |  0 failed|
|  Holds                                                                3|
|  Logged exits                                                         0|
+========================================================================+

+========================================================================+
|            OPTIONS SLEEVE  (managed by options_live_micro)             |
+========================================================================+
|                                                                        |
|  No open option positions.                                             |
|                                                                        |
+========================================================================+

+========================================================================+
|                      STOP-LOSS BREACHES THIS RUN                       |
+========================================================================+
|  None                                                                  |
+========================================================================+
|  Stop-loss look file                  logs/stop_losses_to_look_into.txt|
|  New investigations added                                             0|
+========================================================================+
