16:52:04  INFO      Mode: exits
16:52:05  INFO        Daily log -> logs/daily/2026-08-20.md
16:52:05  INFO        Daily log reconciled -> logs/daily/2026-08-20.md (3 ledger rows)
16:52:05  INFO        place_all_stops: checking 4 positions...
16:52:05  INFO        STOP skipped AON: fractional (0.1994 shares) — software exit will handle it
16:52:05  INFO        STOP skipped MNST: fractional (0.6350 shares) — software exit will handle it
16:52:05  INFO        [positions] 2/2 (2 valid)
16:52:06  INFO        Daily log -> logs/daily/2026-08-20.md

+========================================================================+
|  RUBBER BAND BOT  v8                                                   |
+------------------------------------------------------------------------+
|  Mode                                                             EXITS|
|  Time                                                         16:52 UTC|
|  Regime                                                            BULL|
|  Universe                                                          both|
|  Equity                                                         $428.53|
+========================================================================+

+========================================================================+
|                           STOCKS EXIT CHECK                            |
+========================================================================+
|  Exit logic                   stop-0.5% / 3d max  (midline at EOD only)|
+------------------------------------------------------------------------+
|  MNST  P&L +0.3%  $+0.08                                           HOLD|
|  AON  P&L +0.7%  $+0.51                                            HOLD|
+========================================================================+

+========================================================================+
|                            EXIT RUN SUMMARY                            |
+========================================================================+
|  Mode                                                             exits|
|  Candidates                                                           2|
|  Deferred/Skipped                                      already logged 0|
|  Data skips                                             no price data 0|
|  Se~  0 attempted  |  0 filled  |  0 partial  |  0 pending  |  0 failed|
|  Holds                                                                2|
|  Logged exits                                                         0|
+========================================================================+

+========================================================================+
|            OPTIONS SLEEVE  (managed by options_live_micro)             |
+========================================================================+
|  CONTRACT                ENTRY    NOW      P&L%     P&L$      MV       |
+------------------------------------------------------------------------+
|  CL260821C00090000       $0.52    $0.40    -23.1%   $-12.00   $40.00   |
|  WMT260821C00110000      $0.09    $0.02    -77.8%   $-7.00    $2.00    |
|                                                                        |
|  Options open P&L                                               $-19.00|
+========================================================================+

+========================================================================+
|                      STOP-LOSS BREACHES THIS RUN                       |
+========================================================================+
|  None                                                                  |
+========================================================================+
|  Stop-loss look file                  logs/stop_losses_to_look_into.txt|
|  New investigations added                                             0|
+========================================================================+
