options_reconcile: state=/home/runner/work/TradingBot/TradingBot/logs/options_trial/_state/lab_state.json
  open_lots=35 paper_keys=yes dry_run=False
  alpaca positions=12
options_reconcile: done
Layout: controlled:1024:lab0000_s200_w1_0928_1005_r1 (layout changed controlled:100:c000_s173_w1_0928_1005_r1 -> controlled:1024:lab0000_s200_w1_0928_1005_r1)
Trial layout: /home/runner/work/TradingBot/TradingBot/logs/options_trial
Docs:         skipped (local docs unavailable on this runner)
Buckets:      1024
=== options_morning_bot (PAPER) 2026-08-20T10:57:05.897424-04:00 ===

[Run context]
2026-08-20 10:57:06,141 WARNING paper get_account failed attempt 1/6 (transient): {"code":50010000,"message":"internal server error occurred"}; sleep 8s
2026-08-20 10:57:14,216 WARNING paper get_account failed attempt 2/6 (transient): {"code":50010000,"message":"internal server error occurred"}; sleep 16s
2026-08-20 10:57:30,291 WARNING paper get_account failed attempt 3/6 (transient): {"code":50010000,"message":"internal server error occurred"}; sleep 24s
2026-08-20 10:57:54,361 WARNING paper get_account failed attempt 4/6 (transient): {"code":50010000,"message":"internal server error occurred"}; sleep 32s
2026-08-20 10:58:26,434 WARNING paper get_account failed attempt 5/6 (transient): {"code":50010000,"message":"internal server error occurred"}; sleep 40s
2026-08-20 10:59:06,508 ERROR paper get_account failed after 6 attempts: {"code":50010000,"message":"internal server error occurred"}
WARN: get_account failed ({"code":50010000,"message":"internal server error occurred"}) but positions OK (n=12). Keys are fine; Alpaca account endpoint is flaky. Continuing manage/exits; skipping new entries until equity is readable.
2026-08-20 10:59:06,653 WARNING paper get_account failed attempt 1/6 (transient): {"code":50010000,"message":"internal server error occurred"}; sleep 8s
2026-08-20 10:59:14,740 WARNING paper get_account failed attempt 2/6 (transient): {"code":50010000,"message":"internal server error occurred"}; sleep 16s
2026-08-20 10:59:30,832 WARNING paper get_account failed attempt 3/6 (transient): {"code":50010000,"message":"internal server error occurred"}; sleep 24s
2026-08-20 10:59:54,908 WARNING paper get_account failed attempt 4/6 (transient): {"code":50010000,"message":"internal server error occurred"}; sleep 32s
2026-08-20 11:00:26,983 WARNING paper get_account failed attempt 5/6 (transient): {"code":50010000,"message":"internal server error occurred"}; sleep 40s
