16:15:42  INFO      Mode: exits
16:15:43  INFO        Daily log -> logs/daily/2026-07-09.md
16:15:43  INFO        Daily log reconciled -> logs/daily/2026-07-09.md (0 ledger rows)
16:15:43  INFO        place_all_stops: checking 5 positions...
16:15:43  INFO        STOP already live AES @ $14.56
16:15:43  INFO        STOP skipped AME: fractional (0.3706 shares) — software exit will handle it
16:15:43  INFO        STOP skipped CDNS: fractional (0.2290 shares) — software exit will handle it
16:15:43  INFO        STOP skipped CSCO: fractional (0.8402 shares) — software exit will handle it
16:15:43  INFO        STOP already live HST @ $22.91
16:15:43  INFO        [positions] 5/5 (5 valid)
16:15:44  INFO        Daily log -> logs/daily/2026-07-09.md

+========================================================================+
|  RUBBER BAND BOT  v8                                                   |
+------------------------------------------------------------------------+
|  Mode                                                             EXITS|
|  Time                                                         16:15 UTC|
|  Regime                                                            BULL|
|  Universe                                                          both|
|  Equity                                                         $483.43|
+========================================================================+

+========================================================================+
|                               EXIT CHECK                               |
+========================================================================+
|  Exit logic                   stop-0.5% / 3d max  (midline at EOD only)|
+------------------------------------------------------------------------+
|  AME  P&L +0.6%  $+0.55                                            HOLD|
|  AES  P&L +0.9%  $+0.89                                            HOLD|
|  CDNS  P&L +1.6%  $+1.35                                           HOLD|
|  HST  P&L +1.7%  $+1.49                                            HOLD|
|  CSCO  P&L +4.1%  $+3.90                                           HOLD|
+========================================================================+

+========================================================================+
|                            EXIT RUN SUMMARY                            |
+========================================================================+
|  Mode                                                             exits|
|  Candidates                                                           5|
|  Deferred/Skipped                                      already logged 0|
|  Data skips                                             no price data 0|
|  Se~  0 attempted  |  0 filled  |  0 partial  |  0 pending  |  0 failed|
|  Holds                                                                5|
|  Logged exits                                                         0|
+========================================================================+

+========================================================================+
|                      STOP-LOSS BREACHES THIS RUN                       |
+========================================================================+
|  None                                                                  |
+========================================================================+
|  Stop-loss look file                  logs/stop_losses_to_look_into.txt|
|  New investigations added                                             0|
+========================================================================+
