19:40:50  INFO      Mode: evening_prep
19:40:51  INFO        [prep_positions] 3/3 (3 valid)
19:40:51  INFO        Universe cache hit: 903 tickers (tickers_2026-08-12.json)
19:40:52  INFO        [prep_universe] 40/900 (40 valid)
19:40:53  INFO        [prep_universe] 80/900 (80 valid)
19:40:54  INFO        [prep_universe] 120/900 (120 valid)
19:40:56  INFO        [prep_universe] 160/900 (160 valid)
19:40:57  INFO        [prep_universe] 200/900 (199 valid)
19:41:04  INFO        [prep_universe] 240/900 (238 valid)
19:41:18  INFO        [prep_universe] 280/900 (278 valid)
19:41:29  INFO        [prep_universe] 320/900 (318 valid)
19:41:42  INFO        [prep_universe] 360/900 (358 valid)
19:41:53  INFO        [prep_universe] 400/900 (397 valid)
19:42:06  INFO        [prep_universe] 440/900 (437 valid)
19:42:16  INFO        [prep_universe] 480/900 (477 valid)
19:42:29  INFO        [prep_universe] 520/900 (517 valid)
19:42:40  INFO        [prep_universe] 560/900 (557 valid)
19:42:54  INFO        [prep_universe] 600/900 (597 valid)
19:43:04  INFO        [prep_universe] 640/900 (637 valid)
19:43:18  INFO        [prep_universe] 680/900 (677 valid)
19:43:28  INFO        [prep_universe] 720/900 (717 valid)
19:43:42  INFO        [prep_universe] 760/900 (757 valid)
19:43:52  INFO        [prep_universe] 800/900 (797 valid)
19:44:06  INFO        [prep_universe] 840/900 (836 valid)
19:44:16  INFO        [prep_universe] 880/900 (876 valid)
19:44:23  INFO        [prep_universe] 900/900 (896 valid)

+========================================================================+
|  RUBBER BAND BOT  v8                                                   |
+------------------------------------------------------------------------+
|  Mode                                                      EVENING_PREP|
|  Time                                                         19:40 UTC|
|  Regime                                                            BULL|
|  Universe                                                          both|
|  Equity                                                         $466.33|
+========================================================================+

+========================================================================+
|                              EVENING PREP                              |
+========================================================================+
|  Goal                   Precompute exits/signals for next execution run|
|  Plan file                                 logs/plans/evening_plan.json|
|  Regime                                                            BULL|
+========================================================================+

+========================================================================+
|                       OPEN POSITION P&L SNAPSHOT                       |
+========================================================================+
|  Open positions                                                       3|
|  Invested                                                       $281.64|
|  Open P&L                                                        $+1.28|
|  TICKER   STRATEGY        INVESTED   ENTRY    NOW      P&L%    P&L$    |
+------------------------------------------------------------------------+
|  AES      Pullback50      $94.09     $14.72   $14.72   +0.0%   $+0.00  |
|  AFL      Pullback50      $93.49     $120.39  $120.95  +0.5%   $+0.44  |
|  AXP      Pullback50      $94.07     $340.66  $343.75  +0.9%   $+0.85  |
+========================================================================+

+========================================================================+
|                            OPEN SELL ORDERS                            |
+========================================================================+
|  Count                                                                1|
|  TICKER    TYPE              QTY       LIMIT       STOP                |
+------------------------------------------------------------------------+
|  AES       OrderType.STOP    6         None        14.65               |
+========================================================================+

+========================================================================+
|                              PREP SUMMARY                              |
+========================================================================+
|  Saved                                                              yes|
|  Exit candidates                                                      1|
|  Signal candidates                                                   35|
|  Universe scanned                                                   900|
+========================================================================+
