14:02:12  INFO      Mode: exits
14:02:13  INFO        Daily log -> logs/daily/2026-09-03.md
14:02:13  INFO        Daily log reconciled -> logs/daily/2026-09-03.md (1 ledger rows)
14:02:13  INFO        place_all_stops: checking 2 positions...
14:02:13  INFO        STOP skipped AMZN: fractional (0.1353 shares) — software exit will handle it
14:02:13  INFO        STOP skipped CNM: fractional (0.7799 shares) — software exit will handle it
14:02:13  INFO        [positions] 2/2 (2 valid)
14:02:14  INFO        Daily log -> logs/daily/2026-09-03.md

+========================================================================+
|  RUBBER BAND BOT  v8                                                   |
+------------------------------------------------------------------------+
|  Mode                                                             EXITS|
|  Time                                                         14:02 UTC|
|  Regime                                                            BULL|
|  Universe                                                          both|
|  Equity                                                         $230.31|
+========================================================================+

+========================================================================+
|                           STOCKS EXIT CHECK                            |
+========================================================================+
|  Exit logic                   stop-0.5% / 3d max  (midline at EOD only)|
+------------------------------------------------------------------------+
|  CNM  P&L -0.5%  $-0.16                                            HOLD|
|  AMZN  P&L +0.7%  $+0.26                                           HOLD|
+========================================================================+

+========================================================================+
|                            EXIT RUN SUMMARY                            |
+========================================================================+
|  Mode                                                             exits|
|  Candidates                                                           2|
|  Deferred/Skipped                                      already logged 0|
|  Data skips                                             no price data 0|
|  Se~  0 attempted  |  0 filled  |  0 partial  |  0 pending  |  0 failed|
|  Holds                                                                2|
|  Logged exits                                                         0|
+========================================================================+

+========================================================================+
|            OPTIONS SLEEVE  (managed by options_live_micro)             |
+========================================================================+
|                                                                        |
|  No open option positions.                                             |
|                                                                        |
+========================================================================+

+========================================================================+
|                      STOP-LOSS BREACHES THIS RUN                       |
+========================================================================+
|  None                                                                  |
+========================================================================+
|  Stop-loss look file                  logs/stop_losses_to_look_into.txt|
|  New investigations added                                             0|
+========================================================================+
