13:23:43  INFO      Mode: summary

+========================================================================+
|  RUBBER BAND BOT  v8                                                   |
+------------------------------------------------------------------------+
|  Mode                                                           SUMMARY|
|  Time                                                         13:23 UTC|
|  Regime                                                            BULL|
|  Universe                                                          both|
|  Equity                                                         $306.68|
+========================================================================+

+========================================================================+
|                             ACCOUNT STATUS                             |
+========================================================================+
|  Equity                                                         $306.68|
|  Cash                                                           $213.92|
|  Regime                                                            BULL|
|  Universe                                                          both|
|  Total invested                                                  $92.76|
|  Open P&L                                                        $+0.88|
+========================================================================+

+========================================================================+
|                     STOCK HOLDINGS  (2 positions)                      |
+========================================================================+
|  TICKER   STRATEGY        INVESTED   ENTRY    NOW      P&L%    P&L$    |
+------------------------------------------------------------------------+
|  AES      Pullback50      $45.96     $14.73   $14.72   -0.0%   $-0.02  |
|  APH      Pullback50      $46.80     $161.66  $164.83  +2.0%   $+0.90  |
|                                                                        |
|  Total invested                                                  $92.76|
|  Total open P&L                                                  $+0.88|
+========================================================================+

+========================================================================+
|                     OPTION HOLDINGS  (0 contracts)                     |
+========================================================================+
|                                                                        |
|  No open option positions.                                             |
|                                                                        |
+========================================================================+

+========================================================================+
|                        EXIT LOGIC ACTIVE  (v8)                         |
+========================================================================+
|  Profit target                              price > 20-day MA (midline)|
|  Stop loss                                             -0.5% from entry|
|  Time stop                                          max 3 calendar days|
+========================================================================+

+========================================================================+
|                          RECENT TRANSACTIONS                           |
+========================================================================+
|  2026-08-26  SELL  DECK  MomReversal  $45.77  P&L $-0.28               |
|  2026-08-26  SELL  AME  Pullback50  $45.74  P&L $-0.24                 |
|  2026-08-26  SELL  NKE  MomReversal  $6.50  P&L $-0.08                 |
|  2026-08-25  SELL  AAPL  Pullback50  $45.89  P&L $-0.25                |
|  2026-08-25  SELL  GOOGL  Pullback50  $45.94  P&L $-0.25               |
|  2026-08-25  SELL  CAH  Pullback50  $46.12  P&L $+0.01                 |
+========================================================================+
