19:55:44  INFO      Mode: scan
19:55:46  INFO        [positions] 4/4 (4 valid)
19:55:46  INFO        Universe cache hit: 903 tickers (tickers_2026-07-22.json)
19:55:47  INFO        [universe] 40/899 (40 valid)
19:55:48  INFO        [universe] 80/899 (80 valid)
19:55:49  INFO        [universe] 120/899 (120 valid)
19:55:51  INFO        [universe] 160/899 (160 valid)
19:55:52  INFO        [universe] 200/899 (199 valid)
19:55:59  INFO        [universe] 240/899 (238 valid)
19:56:13  INFO        [universe] 280/899 (278 valid)
19:56:23  INFO        [universe] 320/899 (318 valid)
19:56:37  INFO        [universe] 360/899 (358 valid)
19:56:47  INFO        [universe] 400/899 (397 valid)
19:57:00  INFO        [universe] 440/899 (437 valid)
19:57:11  INFO        [universe] 480/899 (477 valid)
19:57:24  INFO        [universe] 520/899 (517 valid)
19:57:35  INFO        [universe] 560/899 (556 valid)
19:57:48  INFO        [universe] 600/899 (596 valid)
19:58:01  INFO        [universe] 640/899 (636 valid)
19:58:12  INFO        [universe] 680/899 (676 valid)
19:58:25  INFO        [universe] 720/899 (715 valid)
19:58:35  INFO        [universe] 760/899 (755 valid)
19:58:48  INFO        [universe] 800/899 (795 valid)
19:59:02  INFO        [universe] 840/899 (834 valid)
19:59:12  INFO        [universe] 880/899 (874 valid)
19:59:18  INFO        [universe] 899/899 (893 valid)

+========================================================================+
|  RUBBER BAND BOT  v8                                                   |
+------------------------------------------------------------------------+
|  Mode                                                              SCAN|
|  Time                                                         19:55 UTC|
|  Regime                                                            BULL|
|  Universe                                                          both|
|  Equity                                                         $482.08|
+========================================================================+

+========================================================================+
|                   RUBBER BAND BOT v8  --  DAILY SCAN                   |
+========================================================================+
|  Mode                                                      *** LIVE ***|
|  Date                                                        2026-07-22|
|  Universe                                                          both|
|  Mon~  Jul: 52wkLow + Pullback50 (display only — schedule not enforced)|
|  Disabled                GapDown, VolumeSpike (see DISABLED_STRATEGIES)|
|  Regime                                                            BULL|
|  Exit                                      midline / stop-0.5% / 3d max|
+========================================================================+

+========================================================================+
|                                ACCOUNT                                 |
+========================================================================+
|  Equity                                                         $482.08|
|  Cash                                                           $122.36|
|  Reserve                                          $24.10  (always kept)|
|  Available                                     $98.26  (for new trades)|
|  Trade size             $96.42  (20% per signal — all strategies equal)|
+========================================================================+

+========================================================================+
|                           HOLDINGS  (4 open)                           |
+========================================================================+
|  TICKER   STRATEGY        INVESTED   ENTRY    NOW      P&L%    P&L$    |
+------------------------------------------------------------------------+
|  AEP      Pullback50      $97.24     $131.94  $133.10  +0.9%   $+0.85  |
|  C        Pullback50      $69.80     $132.61  $132.50  -0.1%   $-0.06  |
|  CARR     Pullback50      $96.19     $67.80   $67.96   +0.2%   $+0.23  |
|  LNT      Pullback50      $96.52     $73.97   $74.03   +0.1%   $+0.08  |
|                                                                        |
|  Total invested                                                 $359.75|
|  Total open P&L                                                  $+1.10|
|  Buys today: 0  |  entry cap: 1  |  max open: 5                        |
+========================================================================+

+========================================================================+
|                               PLAN CACHE                               |
+========================================================================+
|  Mode                                                           evening|
|  File                                      logs/plans/evening_plan.json|
|  Use cached plan                                  no (stale (50421.6m))|
+========================================================================+

+========================================================================+
|          EXIT EVALUATION  (EOD -- midline + stop + max-hold)           |
+========================================================================+
|  C  P&L -0.1%  $-0.06                                              HOLD|
|  LNT  P&L +0.1%  $+0.08                                            HOLD|
|  CARR  P&L +0.2%  $+0.23                                           HOLD|
|  AEP  P&L +0.9%  $+0.85                                            HOLD|
+========================================================================+

+========================================================================+
|                           EXIT EVAL SUMMARY                            |
+========================================================================+
|  Exit eval    attempted 0 | filled 0 | partial 0 | pending 0 | failed 0|
|  Other skips     already logged today 0  |  no price data 0  |  holds 4|
|  Stop-loss breaches                                                none|
|  Stop-loss look file                  logs/stop_losses_to_look_into.txt|
|  New investigations added                                             0|
+========================================================================+

+========================================================================+
|                             DATA DOWNLOAD                              |
+========================================================================+
|  Universe: both  |  Alpaca primary / yfinance fallback                 |
+========================================================================+

+========================================================================+
|                              SIGNAL SCAN                               |
+========================================================================+
|  Month: Jul  |  Regime: BULL                                           |
|  Primary: 52wkLow  |  Secondary: Pullback50 (display only — schedule n~|
|  Source                                                       live scan|
+========================================================================+

+========================================================================+
|                         SIGNALS FOUND  --  32                          |
+========================================================================+
|  TICKER   STRATEGY        TIER   PRICE    RSI    VOL_Z   TRIGGER       |
+------------------------------------------------------------------------+
|  CHD      Pullback50      eq     $96.77   48.8   -2.05   50MA bounce (+|
|  DOV      Pullback50      eq     $214.49  45.9   -0.75   50MA bounce (-|
|  DTE      Pullback50      eq     $148.13  45.5   -1.24   50MA bounce (+|
|  ETN      Pullback50      eq     $407.83  47.9   -1.15   50MA bounce (+|
|  EMR      Pullback50      eq     $139.50  50.0   -1.42   50MA bounce (-|
|  EQT      RSIRecovery     eq     $53.88   56.3   2.54    RSI 28.3→56.3 |
|  FAST     Pullback50      eq     $45.30   36.8   -1.53   50MA bounce (-|
|  F        Pullback50      eq     $14.38   63.6   0.92    50MA bounce (+|
|  GRMN     Pullback50      eq     $240.57  53.0   -1.32   50MA bounce (+|
|  IFF      Pullback50      eq     $77.04   38.6   -1.81   50MA bounce (+|
|  JCI      Pullback50      eq     $142.49  44.9   -1.46   50MA bounce (+|
|  LII      Pullback50      eq     $532.36  33.3   -1.78   50MA bounce (+|
|  MDLZ     Pullback50      eq     $60.92   55.5   -2.08   50MA bounce (-|
|  NI       Pullback50      eq     $46.53   47.7   -1.59   50MA bounce (-|
|  PSA      Pullback50      eq     $311.40  40.6   -0.58   50MA bounce (-|
|  TXT      Pullback50      eq     $91.66   49.0   -1.76   50MA bounce (+|
|  TT       Pullback50      eq     $474.31  42.0   -1.33   50MA bounce (+|
|  URI      Pullback50      eq     $1033.~  34.4   0.26    50MA bounce (-|
|  WEC      Pullback50      eq     $113.35  42.1   -1.89   50MA bounce (-|
|  WDC      Pullback50      eq     $556.03  44.9   -1.04   50MA bounce (-|
|  WMB      Pullback50      eq     $74.57   57.6   -1.27   50MA bounce (+|
|  XEL      Pullback50      eq     $80.29   52.4   -2.48   50MA bounce (+|
|  CAR      Pullback50      eq     $165.11  65.8   -0.90   50MA bounce (-|
|  COLM     Pullback50      eq     $63.62   49.7   -0.67   50MA bounce (+|
|  DTM      Pullback50      eq     $143.79  50.0   -2.02   50MA bounce (-|19:59:19  INFO        BUY  CHD  $96.42  [Pullback50]  id=cbea4285-c52c-429a-bb5b-47da16d18308
19:59:33  INFO        place_all_stops: checking 5 positions...
19:59:33  INFO        STOP skipped AEP: fractional (0.7305 shares) — software exit will handle it
19:59:33  INFO        STOP skipped C: fractional (0.5268 shares) — software exit will handle it
19:59:33  INFO        STOP-MARKET placed CARR  qty=1 (pos=1.4154)  stop=$67.46  id=bb4fe857-6f01-4fd1-a093-f46c0e104411
19:59:33  INFO        STOP skipped CHD: fractional (0.9922 shares) — software exit will handle it
19:59:33  INFO        STOP-MARKET placed LNT  qty=1 (pos=1.3038)  stop=$73.60  id=85bad3ef-8a97-4d58-819f-d337f094447d
19:59:33  INFO        place_eod_stops: updating 5 stops to current price...
19:59:33  INFO        EOD stop skip AEP: 0.7305 shares (fractional) — ext_exits will cover
19:59:33  INFO        EOD stop skip C: 0.5268 shares (fractional) — ext_exits will cover
19:59:33  INFO        EOD stop: cancelled old stop CARR
19:59:33  INFO        EOD stop placed CARR @ $67.75  (cur $68.09  qty=1)
19:59:33  INFO        EOD stop skip CHD: 0.9922 shares (fractional) — ext_exits will cover
19:59:34  INFO        EOD stop: cancelled old stop LNT
19:59:34  INFO        EOD stop placed LNT @ $73.69  (cur $74.06  qty=1)
19:59:34  INFO        Daily log -> logs/daily/2026-07-22.md
19:59:34  INFO        Dashboard written → logs/dashboard.md

|  ITT      Pullback50      eq     $192.72  56.5   -1.20   50MA bounce (-|
|  MKSI     Pullback50      eq     $344.73  29.9   -1.45   50MA bounce (-|
|  ONTO     Pullback50      eq     $294.63  36.6   -1.47   50MA bounce (-|
|  PNFP     Pullback50      eq     $97.56   42.1   -0.92   50MA bounce (+|
|  RS       Pullback50      eq     $386.60  63.8   -0.06   50MA bounce (+|
|  RPM      RSIRecovery     eq     $107.51  44.4   2.65    RSI 28.8→44.4 |
|  TLN      Pullback50      eq     $376.58  56.3   -1.28   50MA bounce (-|
|                                                                        |
+========================================================================+

+========================================================================+
|                              ENTRY ORDERS                              |
+========================================================================+
|    ENTER [eq] CHD  Pullback50                                    $96.42|
|    BUY SUBMITTED [e~  fill pending — batched confirmation after entries|
|    SKIP [eq] DOV  Pullback50                                      cap 5|
|    SKIP [eq] DTE  Pullback50                                      cap 5|
|    SKIP [eq] ETN  Pullback50                                      cap 5|
|    SKIP [eq] EMR  Pullback50                                      cap 5|
|    SKIP [eq] FAST  Pullback50                                     cap 5|
|    SKIP [eq] F  Pullback50                                        cap 5|
|    SKIP [eq] GRMN  Pullback50                                     cap 5|
|    SKIP [eq] IFF  Pullback50                                      cap 5|
|    SKIP [eq] JCI  Pullback50                                      cap 5|
|    SKIP [eq] LII  Pullback50                                      cap 5|
|    SKIP [eq] MDLZ  Pullback50                                     cap 5|
|    SKIP [eq] NI  Pullback50                                       cap 5|
|    SKIP [eq] PSA  Pullback50                                      cap 5|
|    SKIP [eq] TXT  Pullback50                                      cap 5|
|    SKIP [eq] TT  Pullback50                                       cap 5|
|    SKIP [eq] URI  Pullback50                                      cap 5|
|    SKIP [eq] WEC  Pullback50                                      cap 5|
|    SKIP [eq] WDC  Pullback50                                      cap 5|
|    SKIP [eq] WMB  Pullback50                                      cap 5|
|    SKIP [eq] XEL  Pullback50                                      cap 5|
|    SKIP [eq] CAR  Pullback50                                      cap 5|
|    SKIP [eq] COLM  Pullback50                                     cap 5|
|    SKIP [eq] DTM  Pullback50                                      cap 5|
|    SKIP [eq] ITT  Pullback50                                      cap 5|
|    SKIP [eq] MKSI  Pullback50                                     cap 5|
|    SKIP [eq] ONTO  Pullback50                                     cap 5|
|    SKIP [eq] PNFP  Pullback50                                     cap 5|
|    SKIP [eq] RS  Pullback50                                       cap 5|
|    SKIP [eq] TLN  Pullback50                                      cap 5|
|    SKIP [eq] EQT  RSIRecovery                                     cap 5|
|    SKIP [eq] RPM  RSIRecovery                                     cap 5|

+========================================================================+
|                         BUY FILL CONFIRMATION                          |
+========================================================================+
|  Pending submits                                                      1|
+------------------------------------------------------------------------+
|  CHD                                                  still unconfirmed|
+========================================================================+
+========================================================================+

+========================================================================+
|                           GTC STOP PLACEMENT                           |
+========================================================================+
|  Waiting 5s for 1 buy submit(s) to settle...                           |
+========================================================================+

+========================================================================+
|                            SESSION SUMMARY                             |
+========================================================================+
|  Regime                                                            BULL|
|  Universe                                                          both|
|  Strategy   52wkLow + Pullback50 (display only — schedule not enforced)|
|  Scanned                                                            893|
|  Signals                                                             32|
|  Entries                                                              0|
|  Buy submits                              0 confirmed  |  1 unconfirmed|
|  Exits                                                                0|
|  Open pos                                                             5|
|  Equity                                                         $482.15|
|  Cash                                                            $25.95|
+========================================================================+
