options_reconcile: state=/home/runner/work/TradingBot/TradingBot/logs/options_trial/_state/lab_state.json
  open_lots=145 paper_keys=yes dry_run=False
  alpaca positions=18
  FLAG b234|S401|b9231ec1 missing from Alpaca
  FLAG b298|S353|e719fbe8 missing from Alpaca
  FLAG b291|S352|f55a8789 missing from Alpaca
  FLAG b290|S352|ecf95e3d missing from Alpaca
  FLAG b283|S351|5e578bef missing from Alpaca
  FLAG b282|S351|903af79d missing from Alpaca
  FLAG b279|S350|9a0492cc missing from Alpaca
  FLAG b278|S350|8a8f0492 missing from Alpaca
  FLAG b1139|S163|57e57104 missing from Alpaca
  FLAG b1138|S163|55f134ef missing from Alpaca
  FLAG b1097|S167|8553d8d6 missing from Alpaca
  FLAG b1096|S167|3a014094 missing from Alpaca
  FLAG b1125|S168|dea8dffc missing from Alpaca
  FLAG b1124|S168|bab83b1b missing from Alpaca
  FLAG b1153|S164|71fb46ef missing from Alpaca
  FLAG b1152|S164|4339f817 missing from Alpaca
  FLAG b1055|S165|b7d19491 missing from Alpaca
  FLAG b1054|S165|e288f8da missing from Alpaca
  FLAG b887|S410|8c6de481 missing from Alpaca
  FLAG b886|S410|a7ad4146 missing from Alpaca
  FLAG b771|S396|785cfd7f missing from Alpaca
  FLAG b770|S396|1557502f missing from Alpaca
  FLAG b238|S401|d8310518 missing from Alpaca
  FLAG b0|ORPHAN|668afe5d missing from Alpaca
  State updated with reconciled lots.
options_reconcile: done
Layout: controlled:1164:live_1to1+variations (layout changed controlled:100:c000_s173_w1_0928_1005_r1 -> controlled:1164:live_1to1+variations)
Trial layout: /home/runner/work/TradingBot/TradingBot/logs/options_trial
Docs:         skipped (local docs unavailable on this runner)
Buckets:      1164
PROBE OK: paper account status=AccountStatus.ACTIVE equity=$1,000,281.47
  buying_power=$3,946,008.48 cash=$1,031,674.97
  open option orders: 15
    PATH260918C00014500 OrderSide.SELL qty=1 status=OrderStatus.NEW limit=0.18
    PATH260918C00016000 OrderSide.SELL qty=1 status=OrderStatus.NEW limit=0.02
    PATH261002C00015000 OrderSide.SELL qty=1 status=OrderStatus.NEW limit=0.18
    SNOW260918C00347500 OrderSide.SELL qty=3 status=OrderStatus.NEW limit=None
    META260918C00725000 OrderSide.SELL qty=2 status=OrderStatus.NEW limit=None
  open option positions: 17
    MARA260918C00011500 qty=9 mkt=$270.00
    MARA260918C00012000 qty=77 mkt=$1,155.00
    MARA260918C00012500 qty=4 mkt=$28.00
    MARA260925C00011500 qty=-1 mkt=$-57.00
    MARA260925C00012500 qty=3 mkt=$75.00
PROBE: check-only pass (use --smoke-entry to place a test order)
=== options_morning_bot (PAPER) 2026-09-16T09:40:33.974781-04:00 ===

[Run context]
Paper auth OK — equity $1000281.47, account PA33P8KT02IL

[Setup]
LIVE 1:1 bucket b90 live_1to1 — S218, S404, S406 | TP+50%/SL-40% | stop-mkt | min $20
Variation study: 1163 lab/promising bucket(s) | cohort: all paper strategies | max 400 new entries/run
Dropped (no new entries; ex-reflected P&L): S203, S207, S212, S360, S405, S407
2026-09-16 09:40:36,497 INFO   EXIT [b803|lab0803_s404_w2_1005_1045_r2|S404] take_profit (+76.1%) SELL 1 SNOW260918C00345000 @<= 1.26
2026-09-16 09:40:37,987 INFO   EXIT [b305|lab0305_s354_w1_0928_1005_r2|S354] stop_loss (-50.1%) SELL 1 MARA260918C00012000 @<= 0.16
  EXIT [b861|lab0861_s408_w3_1045_1120_r2|S408] stop_loss (-58.8%) SELL failed MSTR260918C00157500: {"code":40310000,"message":"account not eligible to trade uncovered option contracts"}
2026-09-16 09:40:40,697 INFO   EXIT [b406|lab0406_s364_w2_1005_1045_r1|S364] stop_loss (-63.0%) SELL 1 PATH260925C00015500 @<= 0.11
Protective stops: placed=0 upgraded=0 already=13 failed=2 (market-first)

[Scan + entries]
Scanning 117 symbols for [S165, S164, S168, S167, S166, S163, S169, S170, S171, S172, S175, S200, S201, S202, S204, S205, S206, S208, S209, S210, S211, S213, S214, S215, S216, S217, S218, S219, S220, S221, S400, S401, S402, S403, S350, S351, S352, S353, S354, S355, S356, S357, S358, S359, S361, S362, S363, S364, S365, S366, S367, S368, S369, S370, S371, S372, S373, S374, S375, S376, S377, S378, S379, S380, S381, S382, S383, S384, S385, S386, S387, S388, S389, S390, S391, S392, S393, S394, S413, S414, S415, S416, S417, S418, S395, S396, S397, S398, S399, S404, S406, S408, S409, S410, S411, S412, S413, S414, S415, S416, S417, S418, S419] …
Fetched daily bars for 113/117 symbols
