13:35:57  INFO      Mode: morning_prep
13:35:58  INFO        [prep_positions] 4/4 (4 valid)
13:35:58  INFO      Fetching tickers (universe=both)...
13:35:58  INFO        S&P 500: 503
13:35:58  INFO        MidCap 400: 400
13:35:58  INFO        Total: 903 tickers
13:35:59  INFO        [prep_universe] 40/899 (40 valid)
13:36:01  INFO        [prep_universe] 80/899 (80 valid)
13:36:02  INFO        [prep_universe] 120/899 (120 valid)
13:36:03  INFO        [prep_universe] 160/899 (160 valid)
13:36:11  INFO        [prep_universe] 200/899 (199 valid)
13:36:24  INFO        [prep_universe] 240/899 (238 valid)
13:36:35  INFO        [prep_universe] 280/899 (278 valid)
13:36:47  INFO        [prep_universe] 320/899 (318 valid)
13:37:00  INFO        [prep_universe] 360/899 (358 valid)
13:37:10  INFO        [prep_universe] 400/899 (397 valid)
13:37:23  INFO        [prep_universe] 440/899 (437 valid)
13:37:37  INFO        [prep_universe] 480/899 (477 valid)
13:37:47  INFO        [prep_universe] 520/899 (517 valid)
13:38:00  INFO        [prep_universe] 560/899 (556 valid)
13:38:12  INFO        [prep_universe] 600/899 (596 valid)
13:38:22  INFO        [prep_universe] 640/899 (636 valid)
13:38:35  INFO        [prep_universe] 680/899 (676 valid)
13:38:48  INFO        [prep_universe] 720/899 (715 valid)
13:38:58  INFO        [prep_universe] 760/899 (755 valid)
13:39:11  INFO        [prep_universe] 800/899 (795 valid)
13:39:24  INFO        [prep_universe] 840/899 (834 valid)
13:39:37  INFO        [prep_universe] 880/899 (874 valid)
13:39:41  INFO        [prep_universe] 899/899 (893 valid)

+========================================================================+
|  RUBBER BAND BOT  v8                                                   |
+------------------------------------------------------------------------+
|  Mode                                                      MORNING_PREP|
|  Time                                                         13:35 UTC|
|  Regime                                                            BULL|
|  Universe                                                          both|
|  Equity                                                         $481.64|
+========================================================================+

+========================================================================+
|                              MORNING PREP                              |
+========================================================================+
|  Goal                   Precompute exits/signals for next execution run|
|  Plan file                                 logs/plans/morning_plan.json|
|  Regime                                                            BULL|
+========================================================================+

+========================================================================+
|                       OPEN POSITION P&L SNAPSHOT                       |
+========================================================================+
|  Open positions                                                       4|
|  Invested                                                       $361.58|
|  Open P&L                                                        $+2.92|
|  TICKER   STRATEGY        INVESTED   ENTRY    NOW      P&L%    P&L$    |
+------------------------------------------------------------------------+
|  BIIB     Pullback50      $96.89     $201.84  $203.28  +0.7%   $+0.69  |
|  C        Pullback50      $70.21     $132.61  $133.26  +0.5%   $+0.35  |
|  DUK      Pullback50      $97.60     $125.11  $126.87  +1.4%   $+1.35  |
|  TPR      Pullback50      $96.89     $140.84  $141.62  +0.6%   $+0.54  |
+========================================================================+

+========================================================================+
|                            OPEN SELL ORDERS                            |
+========================================================================+
|  Count                                                                0|
|                                                                        |
|  No open sell orders.                                                  |
|                                                                        |
+========================================================================+

+========================================================================+
|                              PREP SUMMARY                              |
+========================================================================+
|  Saved                                                              yes|
|  Exit candidates                                                      1|
|  Signal candidates                                                   27|
|  Universe scanned                                                   899|
+========================================================================+
