17:30:41  INFO      Mode: exits
17:30:42  INFO        Daily log -> logs/daily/2026-07-24.md
17:30:42  INFO        Daily log reconciled -> logs/daily/2026-07-24.md (2 ledger rows)
17:30:42  INFO        place_all_stops: checking 4 positions...
17:30:42  INFO        STOP skipped ABNB: fractional (0.6947 shares) — software exit will handle it
17:30:42  INFO        STOP already live CARR @ $67.46
17:30:42  INFO        STOP skipped DTE: fractional (0.6516 shares) — software exit will handle it
17:30:42  INFO        STOP skipped LNT: fractional (0.3038 shares) — software exit will handle it
17:30:43  INFO        [positions] 4/4 (4 valid)
17:30:43  INFO        Daily log -> logs/daily/2026-07-24.md

+========================================================================+
|  RUBBER BAND BOT  v8                                                   |
+------------------------------------------------------------------------+
|  Mode                                                             EXITS|
|  Time                                                         17:30 UTC|
|  Regime                                                            BULL|
|  Universe                                                          both|
|  Equity                                                         $486.54|
+========================================================================+

+========================================================================+
|                               EXIT CHECK                               |
+========================================================================+
|  Exit logic                   stop-0.5% / 3d max  (midline at EOD only)|
+------------------------------------------------------------------------+
|  DTE  P&L +1.1%  $+1.02                                            HOLD|
|  LNT  P&L +1.1%  $+0.24                                            HOLD|
|  ABNB  P&L +1.2%  $+1.15                                           HOLD|
|  CARR  P&L +1.7%  $+1.62                                           HOLD|
+========================================================================+

+========================================================================+
|                            EXIT RUN SUMMARY                            |
+========================================================================+
|  Mode                                                             exits|
|  Candidates                                                           4|
|  Deferred/Skipped                                      already logged 0|
|  Data skips                                             no price data 0|
|  Se~  0 attempted  |  0 filled  |  0 partial  |  0 pending  |  0 failed|
|  Holds                                                                4|
|  Logged exits                                                         0|
+========================================================================+

+========================================================================+
|                      STOP-LOSS BREACHES THIS RUN                       |
+========================================================================+
|  None                                                                  |
+========================================================================+
|  Stop-loss look file                  logs/stop_losses_to_look_into.txt|
|  New investigations added                                             0|
+========================================================================+
