13:20:42  INFO      Mode: summary
13:20:42  INFO        Daily log -> logs/daily/2026-08-05.md
13:20:42  INFO        Daily log reconciled -> logs/daily/2026-08-05.md (0 ledger rows)

+========================================================================+
|  RUBBER BAND BOT  v8                                                   |
+------------------------------------------------------------------------+
|  Mode                                                           SUMMARY|
|  Time                                                         13:20 UTC|
|  Regime                                                            BULL|
|  Universe                                                          both|
|  Equity                                                         $474.21|
+========================================================================+

+========================================================================+
|                             ACCOUNT STATUS                             |
+========================================================================+
|  Equity                                                         $474.21|
|  Cash                                                           $286.31|
|  Regime                                                            BULL|
|  Universe                                                          both|
|  Total invested                                                 $187.90|
|  Open P&L                                                        $+0.62|
+========================================================================+

+========================================================================+
|                        HOLDINGS  (2 positions)                         |
+========================================================================+
|  TICKER   STRATEGY        INVESTED   ENTRY    NOW      P&L%    P&L$    |
+------------------------------------------------------------------------+
|  AES      Pullback50      $93.63     $14.70   $14.70   -0.0%   $-0.01  |
|  AVB      Pullback50      $94.27     $187.24  $188.50  +0.7%   $+0.63  |
|                                                                        |
|  Total invested                                                 $187.90|
|  Total open P&L                                                  $+0.62|
+========================================================================+

+========================================================================+
|                        EXIT LOGIC ACTIVE  (v8)                         |
+========================================================================+
|  Profit target                              price > 20-day MA (midline)|
|  Stop loss                                             -0.5% from entry|
|  Time stop                                          max 3 calendar days|
+========================================================================+

+========================================================================+
|                          RECENT TRANSACTIONS                           |
+========================================================================+
|  2026-08-04  SELL  ECHO  MomReversal  $73.53  P&L $+4.48               |
|  2026-08-04  SELL  AMD  Pullback50  $96.71  P&L $+3.16                 |
|  2026-08-04  SELL  ALGN  Pullback50  $92.57  P&L $-0.62                |
|  2026-08-03  SELL  TSN  EarningsDrift  $93.73  P&L $+0.23              |
|  2026-08-03  SELL  FSLR  EarningsDrift  $93.03  P&L $-0.50             |
|  2026-08-03  SELL  ED  Pullback50  $69.86  P&L $-0.37                  |
+========================================================================+
