22:36:25  INFO      Mode: ext_exits
22:36:26  INFO        Daily log -> logs/daily/2026-10-08.md
22:36:26  INFO        Daily log reconciled -> logs/daily/2026-10-08.md (2 ledger rows)
22:36:26  INFO        SELL order cancelled WY  type=OrderType.STOP  id=25448708-604a-4df7-ac62-26b8f875e9b7
22:36:26  INFO        SELL LIMIT [EXT HRS] WY  qty=1.768611459  limit=$18.97  id=b9ac4b7e-6762-4349-b3dd-a75ce86c12c2
22:36:31  INFO        SELL LIMIT[EXT] pending for WY — 9:35am will follow up
22:36:31  INFO        Daily log -> logs/daily/2026-10-08.md

+========================================================================+
|  RUBBER BAND BOT  v8                                                   |
+------------------------------------------------------------------------+
|  Mode                                                         EXT_EXITS|
|  Time                                                         22:36 UTC|
|  Regime                                                            BULL|
|  Universe                                                          both|
|  Equity                                                         $225.45|
+========================================================================+

+========================================================================+
|                           STOCKS EXIT CHECK                            |
+========================================================================+
|  Exit log~  stop-0.5% / 3d max  (midline skipped — close already final)|
+------------------------------------------------------------------------+
|  WY  P&L -0.7%  $-0.23           EXIT [EXTENDED HRS]: stop_loss (-0.7%)|
|  WY                               SELL pending (after-hours limit open)|
|  BAC  P&L +0.4%  $+0.15         HOLDING until 9:35am scan (MomReversal)|
|  OC  P&L +3.4%  $+1.13          HOLDING until 9:35am scan (MomReversal)|
+========================================================================+

+========================================================================+
|                          EXTENDED HOURS SELLS                          |
+========================================================================+
|                                                                        |
|  No extended-hours sells this run.                                     |
|                                                                        |
+========================================================================+

+========================================================================+
|                            EXIT RUN SUMMARY                            |
+========================================================================+
|  Mode                                                         ext_exits|
|  Candidates                                                           3|
|  Deferred/Skipped                                      already logged 0|
|  Data skips                                             no price data 0|
|  Se~  1 attempted  |  0 filled  |  0 partial  |  1 pending  |  0 failed|
|  Holds                                                                2|
|  Logged exits                                                         0|
+========================================================================+

+========================================================================+
|            OPTIONS SLEEVE  (managed by options_live_micro)             |
+========================================================================+
|                                                                        |
|  No open option positions.                                             |
|                                                                        |
+========================================================================+

+========================================================================+
|                      STOP-LOSS BREACHES THIS RUN                       |
+========================================================================+
|  WY                                          -0.67%  (threshold -0.50%)|
|  Count                                                                1|
+========================================================================+
|  Stop-loss look file                  logs/stop_losses_to_look_into.txt|
|  New investigations added                                             1|
+========================================================================+
