17:40:52  INFO      Mode: exits
17:40:53  INFO        Daily log -> logs/daily/2026-08-17.md
17:40:53  INFO        Daily log reconciled -> logs/daily/2026-08-17.md (5 ledger rows)
17:40:53  INFO        place_all_stops: checking 1 positions...
17:40:53  INFO        STOP skipped AFL: fractional (0.5761 shares) — software exit will handle it
17:40:53  INFO        [positions] 1/1 (1 valid)
17:40:53  INFO        SELL MARKET [urgent] AFL closed
17:40:56  INFO        TX logged: SELL AFL  P&L -0.51%
17:40:56  INFO        Daily log -> logs/daily/2026-08-17.md

+========================================================================+
|  RUBBER BAND BOT  v8                                                   |
+------------------------------------------------------------------------+
|  Mode                                                             EXITS|
|  Time                                                         17:40 UTC|
|  Regime                                                            BULL|
|  Universe                                                          both|
|  Equity                                                         $467.79|
+========================================================================+

+========================================================================+
|                               EXIT CHECK                               |
+========================================================================+
|  Exit logic                   stop-0.5% / 3d max  (midline at EOD only)|
+------------------------------------------------------------------------+
|  AFL  P&L -0.5%  $-0.36                         EXIT: stop_loss (-0.5%)|
+========================================================================+

+========================================================================+
|                            EXIT RUN SUMMARY                            |
+========================================================================+
|  Mode                                                             exits|
|  Candidates                                                           1|
|  Deferred/Skipped                                      already logged 0|
|  Data skips                                             no price data 0|
|  Se~  1 attempted  |  1 filled  |  0 partial  |  0 pending  |  0 failed|
|  Holds                                                                0|
|  Logged exits                                                         1|
+========================================================================+

+========================================================================+
|                      STOP-LOSS BREACHES THIS RUN                       |
+========================================================================+
|  AFL                                         -0.51%  (threshold -0.50%)|
|  Count                                                                1|
+========================================================================+
|  Stop-loss look file                  logs/stop_losses_to_look_into.txt|
|  New investigations added                                             0|
+========================================================================+
