13:57:51  INFO      Mode: morning_scan
13:57:52  INFO        [positions] 3/3 (3 valid)
13:57:52  INFO        SELL MARKET [urgent] ABBV closed
13:57:55  INFO        TX logged: SELL ABBV  P&L -0.53%
13:57:55  INFO        Universe cache hit: 903 tickers (tickers_2026-09-08.json)
13:57:56  INFO        [universe] 40/901 (40 valid)
13:57:58  INFO        [universe] 80/901 (80 valid)
13:57:59  INFO        [universe] 120/901 (120 valid)
13:58:00  INFO        [universe] 160/901 (160 valid)
13:58:02  INFO        [universe] 200/901 (199 valid)
13:58:09  INFO        [universe] 240/901 (238 valid)
13:58:20  INFO        [universe] 280/901 (278 valid)
13:58:33  INFO        [universe] 320/901 (318 valid)
13:58:46  INFO        [universe] 360/901 (358 valid)
13:58:57  INFO        [universe] 400/901 (397 valid)
13:59:10  INFO        [universe] 440/901 (437 valid)
13:59:20  INFO        [universe] 480/901 (477 valid)
13:59:33  INFO        [universe] 520/901 (517 valid)
13:59:43  INFO        [universe] 560/901 (557 valid)
13:59:57  INFO        [universe] 600/901 (597 valid)
14:00:10  INFO        [universe] 640/901 (637 valid)
14:00:20  INFO        [universe] 680/901 (677 valid)
14:00:34  INFO        [universe] 720/901 (717 valid)
14:00:44  INFO        [universe] 760/901 (757 valid)
