13:46:03  INFO      Mode: morning_scan
13:46:04  INFO        [positions] 5/5 (5 valid)
13:46:05  INFO        SELL LIMIT AEP  qty=0.730548271  limit=$135.72  id=2c428197-f883-4693-ac89-57c7c4a83ebc
13:46:35  INFO        SELL LIMIT filled AEP (confirmed by position check)
13:46:35  INFO        TX logged: SELL AEP  P&L 3.07%
13:46:35  INFO        Universe cache hit: 903 tickers (tickers_2026-07-24.json)
13:46:36  INFO        [universe] 40/899 (40 valid)
13:46:38  INFO        [universe] 80/899 (80 valid)
13:46:39  INFO        [universe] 120/899 (120 valid)
13:46:41  INFO        [universe] 160/899 (160 valid)
13:46:42  INFO        [universe] 200/899 (199 valid)
13:46:49  INFO        [universe] 240/899 (238 valid)
13:47:00  INFO        [universe] 280/899 (278 valid)
13:47:13  INFO        [universe] 320/899 (318 valid)
13:47:27  INFO        [universe] 360/899 (358 valid)
13:47:37  INFO        [universe] 400/899 (397 valid)
13:47:50  INFO        [universe] 440/899 (437 valid)
13:48:01  INFO        [universe] 480/899 (477 valid)
13:48:14  INFO        [universe] 520/899 (517 valid)
13:48:24  INFO        [universe] 560/899 (557 valid)
13:48:38  INFO        [universe] 600/899 (597 valid)
13:48:48  INFO        [universe] 640/899 (637 valid)
13:49:01  INFO        [universe] 680/899 (677 valid)
13:49:12  INFO        [universe] 720/899 (717 valid)
13:49:25  INFO        [universe] 760/899 (757 valid)
13:49:36  INFO        [universe] 800/899 (797 valid)
13:49:49  INFO        [universe] 840/899 (836 valid)
13:50:02  INFO        [universe] 880/899 (876 valid)
13:50:06  INFO        [universe] 899/899 (895 valid)

+========================================================================+
|  RUBBER BAND BOT  v8                                                   |
+------------------------------------------------------------------------+
|  Mode                                                      MORNING_SCAN|
|  Time                                                         13:46 UTC|
|  Regime                                                            BULL|
|  Universe                                                          both|
|  Equity                                                         $484.90|
+========================================================================+

+========================================================================+
|                   RUBBER BAND BOT v8  --  DAILY SCAN                   |
+========================================================================+
|  Mode                                                      *** LIVE ***|
|  Date                                                        2026-07-24|
|  Universe                                                          both|
|  Mon~  Jul: 52wkLow + Pullback50 (display only — schedule not enforced)|
|  Disabled                GapDown, VolumeSpike (see DISABLED_STRATEGIES)|
|  Regime                                                            BULL|
|  Exit                                      midline / stop-0.5% / 3d max|
+========================================================================+

+========================================================================+
|                                ACCOUNT                                 |
+========================================================================+
|  Equity                                                         $484.90|
|  Cash                                                            $71.19|
|  Reserve                                          $24.25  (always kept)|
|  Available                                     $46.94  (for new trades)|
|  Trade size             $96.98  (20% per signal — all strategies equal)|
+========================================================================+

+========================================================================+
|                           HOLDINGS  (5 open)                           |
+========================================================================+
|  TICKER   STRATEGY        INVESTED   ENTRY    NOW      P&L%    P&L$    |
+------------------------------------------------------------------------+
|  AEP      Pullback50      $99.35     $131.94  $135.99  +3.1%   $+2.96  |
|  CARR     Pullback50      $97.22     $67.80   $68.69   +1.3%   $+1.26  |
|  CI       Pullback50      $97.06     $285.49  $287.06  +0.5%   $+0.53  |
|  DTE      Pullback50      $97.27     $147.63  $149.29  +1.1%   $+1.08  |
|  LNT      Pullback50      $22.81     $73.97   $75.07   +1.5%   $+0.34  |
|                                                                        |
|  Total invested                                                 $413.71|
|  Total open P&L                                                  $+6.17|
|  Buys today: 0  |  entry cap: 0  |  max open: 5                        |
+========================================================================+

+========================================================================+
|                               PLAN CACHE                               |
+========================================================================+
|  Mode                                                           morning|
|  File                                      logs/plans/morning_plan.json|
|  Use cached plan                                  no (stale (21600.6m))|
+========================================================================+

+========================================================================+
|          EXIT EVALUATION  (EOD -- midline + stop + max-hold)           |
+========================================================================+
|  CI  P&L +0.5%  $+0.53                                             HOLD|
|  DTE  P&L +1.1%  $+1.08                                            HOLD|
|  CARR  P&L +1.3%  $+1.26                                           HOLD|
|  LNT  P&L +1.5%  $+0.34                                            HOLD|
|  AEP  P&L +3.1%  $+2.96                           EXIT: midline (+3.1%)|
+========================================================================+

+========================================================================+
|                           EXIT EVAL SUMMARY                            |
+========================================================================+
|  Exit eval    attempted 1 | filled 1 | partial 0 | pending 0 | failed 0|
|  Other skips     already logged today 0  |  no price data 0  |  holds 4|
|  Stop-loss breaches                                                none|
|  Stop-loss look file                  logs/stop_losses_to_look_into.txt|
|  New investigations added                                             0|
+========================================================================+

+========================================================================+
|                             DATA DOWNLOAD                              |
+========================================================================+
|  Universe: both  |  Alpaca primary / yfinance fallback                 |
+========================================================================+

+========================================================================+
|                              SIGNAL SCAN                               |
+========================================================================+
|  Month: Jul  |  Regime: BULL                                           |
|  Primary: 52wkLow  |  Secondary: Pullback50 (display only — schedule n~|
|  Source                                                       live scan|
+========================================================================+

+========================================================================+
|                         SIGNALS FOUND  --  34                          |
+========================================================================+
|  TICKER   STRATEGY        TIER   PRICE    RSI    VOL_Z   TRIGGER       |
+------------------------------------------------------------------------+
|  ABNB     Pullback50      eq     $138.99  35.2   -2.53   50MA bounce (-|
|  MO       Pullback50      eq     $72.56   52.9   -2.36   50MA bounce (+|
|  BRK-B    Pullback50      eq     $491.76  30.2   -2.71   50MA bounce (+|
|  CHD      Pullback50      eq     $97.03   48.8   -3.09   50MA bounce (+|
|  C        Pullback50      eq     $133.18  33.1   -1.99   50MA bounce (-|
|  FIX      Pullback50      eq     $1839.~  54.1   -1.45   50MA bounce (-|
|  CL       Pullback50      eq     $90.62   43.0   -2.72   50MA bounce (+|
|  DAL      Pullback50      eq     $83.63   27.8   -2.76   50MA bounce (+|
|  F        Pullback50      eq     $14.37   60.7   -3.34   50MA bounce (-|
|  BEN      Pullback50      eq     $32.50   31.1   -3.37   50MA bounce (+|
|  GEV      Pullback50      eq     $1030.~  34.3   -2.67   50MA bounce (-|
|  INVH     Pullback50      eq     $29.66   45.6   -2.14   50MA bounce (+|
|  MGM      Pullback50      eq     $45.22   32.0   -2.13   50MA bounce (+|
|  NWSA     Pullback50      eq     $26.65   50.1   -1.47   50MA bounce (+|
|  NWS      Pullback50      eq     $30.06   50.3   -1.57   50MA bounce (-|
|  NVDA     Pullback50      eq     $207.93  60.7   -3.41   50MA bounce (-|
|  PPG      Pullback50      eq     $115.31  35.4   -1.96   50MA bounce (+|
|  PFG      Pullback50      eq     $107.67  32.6   -2.29   50MA bounce (+|
|  ROK      Pullback50      eq     $464.15  39.8   -1.03   50MA bounce (+|
|  STX      Pullback50      eq     $890.17  52.1   -2.57   50MA bounce (+|
|  VZ       Pullback50      eq     $45.01   74.5   -1.66   50MA bounce (-|
|  ALK      Pullback50      eq     $46.03   36.4   -2.22   50MA bounce (+|
|  ALLY     Pullback50      eq     $43.99   36.6   -2.19   50MA bounce (-|
|  ARW      Pullback50      eq     $214.88  67.5   -2.71   50MA bounce (-|13:50:07  INFO        place_all_stops: checking 4 positions...
13:50:08  INFO        STOP-MARKET placed CARR  qty=1 (pos=1.4154)  stop=$67.46  id=49c14145-ffef-43e7-b48f-db08a6931612
13:50:08  INFO        STOP skipped CI: fractional (0.3381 shares) — software exit will handle it
13:50:08  INFO        STOP skipped DTE: fractional (0.6516 shares) — software exit will handle it
13:50:08  INFO        STOP skipped LNT: fractional (0.3038 shares) — software exit will handle it
13:50:08  INFO        Daily log -> logs/daily/2026-07-24.md
13:50:08  INFO        Dashboard written → logs/dashboard.md

|  COKE     Pullback50      eq     $180.01  39.3   -1.84   50MA bounce (+|
|  IRT      Pullback50      eq     $16.55   38.8   -1.48   50MA bounce (-|
|  KRYS     Pullback50      eq     $328.78  29.1   -0.56   50MA bounce (-|
|  NEU      Pullback50      eq     $773.89  41.4   -2.80   50MA bounce (+|
|  RBC      Pullback50      eq     $599.10  43.9   -1.84   50MA bounce (+|
|  SPXC     Pullback50      eq     $223.15  41.0   -0.56   50MA bounce (+|
|  SSD      Pullback50      eq     $191.60  42.1   -2.09   50MA bounce (+|
|  TLN      Pullback50      eq     $379.94  51.0   -1.95   50MA bounce (+|
|  TCBI     Pullback50      eq     $100.07  38.3   -1.90   50MA bounce (-|
|  TTC      Pullback50      eq     $93.09   39.0   -2.64   50MA bounce (+|
|                                                                        |
+========================================================================+

+========================================================================+
|                              ENTRY ORDERS                              |
+========================================================================+
|  Skipped                                  no entry slots (max_trades=0)|
+========================================================================+

+========================================================================+
|                            SESSION SUMMARY                             |
+========================================================================+
|  Regime                                                            BULL|
|  Universe                                                          both|
|  Strategy   52wkLow + Pullback50 (display only — schedule not enforced)|
|  Scanned                                                            895|
|  Signals                                                             34|
|  Entries                                                              0|
|  Buy submits                              0 confirmed  |  0 unconfirmed|
|  Exits                                                                1|
|  Open pos                                                             4|
|  Equity                                                         $485.40|
|  Cash                                                           $170.49|
+========================================================================+
