13:31:31  INFO      Mode: morning_prep
13:31:32  INFO        [prep_positions] 3/3 (3 valid)
13:31:32  INFO      Fetching tickers (universe=both)...
13:31:32  INFO        S&P 500: 503
13:31:33  INFO        MidCap 400: 400
13:31:33  INFO        Total: 903 tickers
13:31:34  INFO        [prep_universe] 40/900 (40 valid)
13:31:35  INFO        [prep_universe] 80/900 (80 valid)
13:31:37  INFO        [prep_universe] 120/900 (120 valid)
13:31:38  INFO        [prep_universe] 160/900 (160 valid)
13:31:40  INFO        [prep_universe] 200/900 (199 valid)
13:31:47  INFO        [prep_universe] 240/900 (238 valid)
13:31:58  INFO        [prep_universe] 280/900 (278 valid)
13:32:11  INFO        [prep_universe] 320/900 (318 valid)
13:32:22  INFO        [prep_universe] 360/900 (358 valid)
13:32:35  INFO        [prep_universe] 400/900 (398 valid)
13:32:46  INFO        [prep_universe] 440/900 (438 valid)
13:32:59  INFO        [prep_universe] 480/900 (478 valid)
13:33:10  INFO        [prep_universe] 520/900 (518 valid)
13:33:23  INFO        [prep_universe] 560/900 (558 valid)
13:33:34  INFO        [prep_universe] 600/900 (598 valid)
13:33:47  INFO        [prep_universe] 640/900 (638 valid)
13:33:58  INFO        [prep_universe] 680/900 (678 valid)
13:34:11  INFO        [prep_universe] 720/900 (718 valid)
13:34:21  INFO        [prep_universe] 760/900 (758 valid)
13:34:35  INFO        [prep_universe] 800/900 (798 valid)
13:34:48  INFO        [prep_universe] 840/900 (838 valid)
13:34:58  INFO        [prep_universe] 880/900 (878 valid)
13:35:05  INFO        [prep_universe] 900/900 (898 valid)

+========================================================================+
|  RUBBER BAND BOT  v8                                                   |
+------------------------------------------------------------------------+
|  Mode                                                      MORNING_PREP|
|  Time                                                         13:31 UTC|
|  Regime                                                            BULL|
|  Universe                                                          both|
|  Equity                                                         $223.62|
+========================================================================+

+========================================================================+
|                              MORNING PREP                              |
+========================================================================+
|  Goal                   Precompute exits/signals for next execution run|
|  Plan file                                 logs/plans/morning_plan.json|
|  Regime                                                            BULL|
+========================================================================+

+========================================================================+
|                       OPEN POSITION P&L SNAPSHOT                       |
+========================================================================+
|  Open positions                                                       3|
|  Invested                                                       $100.83|
|  Open P&L                                                        $+0.06|
|  TICKER   STRATEGY        INVESTED   ENTRY    NOW      P&L%    P&L$    |
+------------------------------------------------------------------------+
|  CMI      MomReversal     $33.90     $522.53  $527.12  +0.9%   $+0.30  |
|  LNT      MomReversal     $33.50     $64.37   $64.20   -0.3%   $-0.09  |
|  NCLH     EarningsDrift   $33.44     $15.16   $15.10   -0.4%   $-0.14  |
+========================================================================+

+========================================================================+
|                            OPEN SELL ORDERS                            |
+========================================================================+
|  Count                                                                0|
|                                                                        |
|  No open sell orders.                                                  |
|                                                                        |
+========================================================================+

+========================================================================+
|                              PREP SUMMARY                              |
+========================================================================+
|  Saved                                                              yes|
|  Exit candidates                                                      3|
|  Signal candidates                                                   21|
|  Universe scanned                                                   900|
+========================================================================+
