16:11:11  INFO      Mode: exits
16:11:12  INFO        Daily log -> logs/daily/2026-09-09.md
16:11:12  INFO        Daily log reconciled -> logs/daily/2026-09-09.md (4 ledger rows)
16:11:12  INFO        place_all_stops: checking 1 positions...
16:11:12  INFO        STOP skipped BAX: fractional (0.3828 shares) — software exit will handle it
16:11:12  INFO        [positions] 1/1 (1 valid)
16:11:12  INFO        SELL MARKET [urgent] BAX closed
16:11:14  INFO        TX logged: SELL BAX  P&L -0.53%
16:11:15  INFO        Daily log -> logs/daily/2026-09-09.md

+========================================================================+
|  RUBBER BAND BOT  v8                                                   |
+------------------------------------------------------------------------+
|  Mode                                                             EXITS|
|  Time                                                         16:11 UTC|
|  Regime                                                            BULL|
|  Universe                                                          both|
|  Equity                                                         $228.81|
+========================================================================+

+========================================================================+
|                           STOCKS EXIT CHECK                            |
+========================================================================+
|  Exit logic                   stop-0.5% / 3d max  (midline at EOD only)|
+------------------------------------------------------------------------+
|  BAX  P&L -0.5%  $-0.05                         EXIT: stop_loss (-0.5%)|
+========================================================================+

+========================================================================+
|                            EXIT RUN SUMMARY                            |
+========================================================================+
|  Mode                                                             exits|
|  Candidates                                                           1|
|  Deferred/Skipped                                      already logged 0|
|  Data skips                                             no price data 0|
|  Se~  1 attempted  |  1 filled  |  0 partial  |  0 pending  |  0 failed|
|  Holds                                                                0|
|  Logged exits                                                         1|
+========================================================================+

+========================================================================+
|            OPTIONS SLEEVE  (managed by options_live_micro)             |
+========================================================================+
|                                                                        |
|  No open option positions.                                             |
|                                                                        |
+========================================================================+

+========================================================================+
|                      STOP-LOSS BREACHES THIS RUN                       |
+========================================================================+
|  BAX                                         -0.53%  (threshold -0.50%)|
|  Count                                                                1|
+========================================================================+
|  Stop-loss look file                  logs/stop_losses_to_look_into.txt|
|  New investigations added                                             0|
+========================================================================+
