15:10:38  INFO      Mode: exits
15:10:38  INFO        Daily log -> logs/daily/2026-07-17.md
15:10:38  INFO        Daily log reconciled -> logs/daily/2026-07-17.md (3 ledger rows)
15:10:38  INFO        place_all_stops: checking 3 positions...
15:10:38  INFO        STOP already live CARR @ $67.55
15:10:38  INFO        STOP already live CMS @ $73.98
15:10:38  INFO        STOP skipped DOV: fractional (0.3763 shares) — software exit will handle it
15:10:39  INFO        [positions] 3/3 (3 valid)
15:10:39  INFO        Daily log -> logs/daily/2026-07-17.md

+========================================================================+
|  RUBBER BAND BOT  v8                                                   |
+------------------------------------------------------------------------+
|  Mode                                                             EXITS|
|  Time                                                         15:10 UTC|
|  Regime                                                            BULL|
|  Universe                                                          both|
|  Equity                                                         $486.42|
+========================================================================+

+========================================================================+
|                               EXIT CHECK                               |
+========================================================================+
|  Exit logic                   stop-0.5% / 3d max  (midline at EOD only)|
+------------------------------------------------------------------------+
|  DOV  P&L -0.0%  $-0.03                                            HOLD|
|  CMS  P&L +0.8%  $+0.74                                            HOLD|
|  CARR  P&L +2.1%  $+1.77                                           HOLD|
+========================================================================+

+========================================================================+
|                            EXIT RUN SUMMARY                            |
+========================================================================+
|  Mode                                                             exits|
|  Candidates                                                           3|
|  Deferred/Skipped                                      already logged 0|
|  Data skips                                             no price data 0|
|  Se~  0 attempted  |  0 filled  |  0 partial  |  0 pending  |  0 failed|
|  Holds                                                                3|
|  Logged exits                                                         0|
+========================================================================+

+========================================================================+
|                      STOP-LOSS BREACHES THIS RUN                       |
+========================================================================+
|  None                                                                  |
+========================================================================+
|  Stop-loss look file                  logs/stop_losses_to_look_into.txt|
|  New investigations added                                             0|
+========================================================================+
