19:52:22  INFO      Mode: scan
19:52:23  INFO        [positions] 3/3 (3 valid)
19:52:23  INFO        SELL LIMIT SITM  qty=0.053110608  limit=$640.43  id=5c8d3f08-bc8f-4baa-a0ef-edebd482cf92
19:52:53  INFO        SELL LIMIT filled SITM (confirmed by position check)
19:52:53  INFO        TX logged: SELL SITM  P&L 0.23%
19:52:53  INFO        Universe cache hit: 901 tickers (tickers_2026-09-21.json)
19:52:54  INFO        [universe] 40/899 (40 valid)
19:52:56  INFO        [universe] 80/899 (80 valid)
19:52:57  INFO        [universe] 120/899 (120 valid)
19:52:58  INFO        [universe] 160/899 (160 valid)
19:52:59  INFO        [universe] 200/899 (199 valid)
19:53:06  INFO        [universe] 240/899 (238 valid)
19:53:19  INFO        [universe] 280/899 (278 valid)
19:53:32  INFO        [universe] 320/899 (318 valid)
19:53:42  INFO        [universe] 360/899 (358 valid)
19:53:55  INFO        [universe] 400/899 (398 valid)
19:54:09  INFO        [universe] 440/899 (438 valid)
19:54:19  INFO        [universe] 480/899 (478 valid)
19:54:32  INFO        [universe] 520/899 (518 valid)
19:54:42  INFO        [universe] 560/899 (558 valid)
19:54:55  INFO        [universe] 600/899 (598 valid)
19:55:08  INFO        [universe] 640/899 (638 valid)
19:55:19  INFO        [universe] 680/899 (678 valid)
19:55:32  INFO        [universe] 720/899 (718 valid)
19:55:42  INFO        [universe] 760/899 (758 valid)
19:55:55  INFO        [universe] 800/899 (798 valid)
19:56:08  INFO        [universe] 840/899 (838 valid)
19:56:18  INFO        [universe] 880/899 (878 valid)
19:56:25  INFO        [universe] 899/899 (897 valid)

+========================================================================+
|  RUBBER BAND BOT  v8                                                   |
+------------------------------------------------------------------------+
|  Mode                                                              SCAN|
|  Time                                                         19:52 UTC|
|  Regime                                                            BULL|
|  Universe                                                          both|
|  Equity                                                         $226.89|
+========================================================================+

+========================================================================+
|                   RUBBER BAND BOT v8  --  DAILY SCAN                   |
+========================================================================+
|  Mode                                                      *** LIVE ***|
|  Date                                                        2026-09-21|
|  Universe                                                          both|
|  Mo~  Sep: GapDown + VolumeSpike (display only — schedule not enforced)|
|  Disabled  GapDown, GoldenPocket, VolumeSpike (see DISABLED_STRATEGIES)|
|  Regime                                                            BULL|
|  Exit                                      midline / stop-0.5% / 3d max|
+========================================================================+

+========================================================================+
|                                ACCOUNT                                 |
+========================================================================+
|  Equity (total)                                                 $226.89|
|  Cash                                                           $124.77|
|  Reserve                                          $11.34  (always kept)|
|  Stock~  $102.12 / $170.17  (75% equity; 25% reserved for live options)|
|  Options MV                        $0.00  open P&L $+0.00  (0 contract)|
|  Available                                     $68.04  (new stock buys)|
|  Trade size             $34.03  (15% per signal — all strategies equal)|
+========================================================================+

+========================================================================+
|                        STOCK HOLDINGS  (3 open)                        |
+========================================================================+
|  TICKER   STRATEGY        INVESTED   ENTRY    NOW      P&L%    P&L$    |
+------------------------------------------------------------------------+
|  ESAB     MomReversal     $33.98     $67.28   $67.20   -0.1%   $-0.04  |
|  SCHW     Pullback50      $34.05     $106.15  $106.61  +0.4%   $+0.15  |
|  SITM     EarningsDrift   $34.10     $640.55  $642.00  +0.2%   $+0.08  |
|                                                                        |
|  Total invested                                                 $102.12|
|  Total open P&L                                                  $+0.18|
|  Buys today: 0  |  entry cap: 0  |  max open: 3                        |
+========================================================================+

+========================================================================+
|                               PLAN CACHE                               |
+========================================================================+
|  Mode                                                           evening|
|  File                                      logs/plans/evening_plan.json|
|  Use cached plan                                 no (stale (138258.2m))|
+========================================================================+

+========================================================================+
|          EXIT EVALUATION  (EOD -- midline + stop + max-hold)           |
+========================================================================+
|  ESAB  P&L -0.1%  $-0.04                                           HOLD|
|  SITM  P&L +0.2%  $+0.08                          EXIT: midline (+0.2%)|
|  SCHW  P&L +0.4%  $+0.15                                           HOLD|
+========================================================================+

+========================================================================+
|                           EXIT EVAL SUMMARY                            |
+========================================================================+
|  Exit eval    attempted 1 | filled 1 | partial 0 | pending 0 | failed 0|
|  Other skips     already logged today 0  |  no price data 0  |  holds 2|
|  Stop-loss breaches                                                none|
|  Stop-loss look file                  logs/stop_losses_to_look_into.txt|
|  New investigations added                                             0|
+========================================================================+

+========================================================================+
|                             DATA DOWNLOAD                              |
+========================================================================+
|  Universe: both  |  Alpaca primary / yfinance fallback                 |
+========================================================================+

+========================================================================+
|                              SIGNAL SCAN                               |
+========================================================================+
|  Month: Sep  |  Regime: BULL                                           |
|  Primary: GapDown  |  Secondary: VolumeSpike (display only — schedule ~|
|  Source                                                       live scan|
+========================================================================+

+========================================================================+
|                         SIGNALS FOUND  --  37                          |
+========================================================================+
|  TICKER   STRATEGY        TIER   PRICE    RSI    VOL_Z   TRIGGER       |
+------------------------------------------------------------------------+
|  ABNB     Pullback50      eq     $167.81  24.8   -1.39   50MA bounce (+|
|  AMZN     Pullback50      eq     $258.30  48.3   -0.33   50MA bounce (+|
|  AME      Pullback50      eq     $241.56  57.6   -1.96   50MA bounce (+|
|  ADP      Pullback50      eq     $270.10  31.6   -0.72   50MA bounce (+|
|  C        Pullback50      eq     $135.10  58.5   -0.45   50MA bounce (+|
|  DRI      Pullback50      eq     $211.77  47.3   0.81    50MA bounce (+|
|  DDOG     Pullback50      eq     $244.35  54.0   -1.35   50MA bounce (+|
|  DLR      Pullback50      eq     $187.22  52.2   -1.02   50MA bounce (-|
|  EMR      Pullback50      eq     $151.56  48.6   -2.03   50MA bounce (+|
|  FAST     Pullback50      eq     $49.53   52.0   -2.02   50MA bounce (+|
|  GRMN     Pullback50      eq     $279.96  44.9   -1.14   50MA bounce (+|
|  BEN      Pullback50      eq     $33.62   45.5   -0.79   50MA bounce (-|
|  GM       Pullback50      eq     $84.28   45.8   -0.62   50MA bounce (-|
|  IVZ      Pullback50      eq     $31.34   40.3   -0.89   50MA bounce (+|
|  JCI      Pullback50      eq     $144.38  60.3   -1.56   50MA bounce (-|
|  KMI      Pullback50      eq     $31.75   43.9   -0.83   50MA bounce (-|
|  MA       Pullback50      eq     $567.55  31.4   -1.17   50MA bounce (+|
|  META     VWAP_Reclaim    eq     $749.56  87.6   2.74    VWAP reclaim V|
|  NDAQ     Pullback50      eq     $94.47   40.7   -1.39   50MA bounce (-|
|  NWS      Pullback50      eq     $32.88   35.3   -0.79   50MA bounce (-|
|  SLB      Pullback50      eq     $51.81   19.7   -1.08   50MA bounce (-|
|  TXN      Pullback50      eq     $271.29  59.6   -0.65   50MA bounce (-|
|  VRTX     Pullback50      eq     $511.63  30.0   -0.98   50MA bounce (+|
|  VLTO     Pullback50      eq     $95.23   36.9   -0.73   50MA bounce (-|
|  V        Pullback50      eq     $369.90  38.6   -0.80   50MA bounce (+|
|  WBD      RSIRecovery     eq     $30.79   72.7   4.18    RSI 28.3→72.7 |19:56:27  INFO        place_all_stops: checking 2 positions...
19:56:27  INFO        STOP skipped ESAB: fractional (0.5056 shares) — software exit will handle it
19:56:27  INFO        STOP skipped SCHW: fractional (0.3194 shares) — software exit will handle it
19:56:27  INFO        place_eod_stops: updating 2 stops to current price...
19:56:27  INFO        EOD stop skip ESAB: 0.5056 shares (fractional) — ext_exits will cover
19:56:27  INFO        EOD stop skip SCHW: 0.3194 shares (fractional) — ext_exits will cover
19:56:27  INFO        Daily log -> logs/daily/2026-09-21.md
19:56:27  INFO        Dashboard written → logs/dashboard.md

|  AMG      Pullback50      eq     $365.11  48.0   -1.35   50MA bounce (+|
|  GATX     Pullback50      eq     $180.50  61.9   -0.82   50MA bounce (+|
|  GEF      Pullback50      eq     $83.53   54.0   -0.45   50MA bounce (+|
|  NWE      Pullback50      eq     $70.03   54.2   0.38    50MA bounce (-|
|  PAG      Pullback50      eq     $213.00  39.6   -1.05   50MA bounce (-|
|  PK       Pullback50      eq     $15.14   46.6   -1.63   50MA bounce (+|
|  SITM     EarningsDrift   eq     $638.21  61.5   0.69    post-earnings |
|  SSD      MomReversal     eq     $173.58  33.6   0.34    -17.2% drop/60|
|  SSD      RSIRecovery     eq     $173.58  33.6   0.34    RSI 28.9→33.6 |
|  THO      RSIRecovery     eq     $69.81   33.2   0.53    RSI 23.5→33.2 |
|  TTMI     Pullback50      eq     $124.15  54.8   -0.33   50MA bounce (-|
|                                                                        |
+========================================================================+

+========================================================================+
|                              ENTRY ORDERS                              |
+========================================================================+
|  Skipped                                  no entry slots (max_trades=0)|
+========================================================================+

+========================================================================+
|                            SESSION SUMMARY                             |
+========================================================================+
|  Regime                                                            BULL|
|  Universe                                                          both|
|  Strategy  GapDown + VolumeSpike (display only — schedule not enforced)|
|  Scanned                                                            897|
|  Signals                                                             37|
|  Entries                                                              0|
|  Buy submits                              0 confirmed  |  0 unconfirmed|
|  Exits                                                                1|
|  Open pos                                                             2|
|  Equity                                                         $226.72|
|  Cash                                                           $158.84|
+========================================================================+
