23:55:46  INFO      Mode: ext_exits
23:55:46  INFO        Daily log -> logs/daily/2026-07-31.md
23:55:46  INFO        Daily log reconciled -> logs/daily/2026-07-31.md (8 ledger rows)
23:55:46  INFO        Daily log -> logs/daily/2026-07-31.md

+========================================================================+
|  RUBBER BAND BOT  v8                                                   |
+------------------------------------------------------------------------+
|  Mode                                                         EXT_EXITS|
|  Time                                                         23:55 UTC|
|  Regime                                                            BULL|
|  Universe                                                          both|
|  Equity                                                         $469.22|
+========================================================================+

+========================================================================+
|                       EXIT CHECK [EXTENDED HRS]                        |
+========================================================================+
|  Exit log~  stop-0.5% / 3d max  (midline skipped — close already final)|
+------------------------------------------------------------------------+
|  MP  P&L -0.3%  $-0.28          HOLDING until 9:35am scan (MomReversal)|
|  PWR  P&L +0.9%  $+0.80       HOLDING until 9:35am scan (EarningsDrift)|
|  CINF  P&L +1.5%  $+1.41         HOLDING until 9:35am scan (Pullback50)|
|  APG  P&L +2.1%  $+0.68         HOLDING until 9:35am scan (MomReversal)|
+========================================================================+

+========================================================================+
|                          EXTENDED HOURS SELLS                          |
+========================================================================+
|                                                                        |
|  No extended-hours sells this run.                                     |
|                                                                        |
+========================================================================+

+========================================================================+
|                            EXIT RUN SUMMARY                            |
+========================================================================+
|  Mode                                                         ext_exits|
|  Candidates                                                           4|
|  Deferred/Skipped                                      already logged 0|
|  Data skips                                             no price data 0|
|  Se~  0 attempted  |  0 filled  |  0 partial  |  0 pending  |  0 failed|
|  Holds                                                                4|
|  Logged exits                                                         0|
+========================================================================+

+========================================================================+
|                      STOP-LOSS BREACHES THIS RUN                       |
+========================================================================+
|  None                                                                  |
+========================================================================+
|  Stop-loss look file                  logs/stop_losses_to_look_into.txt|
|  New investigations added                                             0|
+========================================================================+
