13:01:16  INFO      Mode: summary

+========================================================================+
|  RUBBER BAND BOT  v8                                                   |
+------------------------------------------------------------------------+
|  Mode                                                           SUMMARY|
|  Time                                                         13:01 UTC|
|  Regime                                                            BULL|
|  Universe                                                          both|
|  Equity                                                         $225.92|
+========================================================================+

+========================================================================+
|                             ACCOUNT STATUS                             |
+========================================================================+
|  Equity                                                         $225.92|
|  Cash                                                           $158.20|
|  Regime                                                            BULL|
|  Universe                                                          both|
|  Total invested                                                  $67.72|
|  Open P&L                                                        $-0.04|
+========================================================================+

+========================================================================+
|                     STOCK HOLDINGS  (2 positions)                      |
+========================================================================+
|  TICKER   STRATEGY        INVESTED   ENTRY    NOW      P&L%    P&L$    |
+------------------------------------------------------------------------+
|  PPG      MomReversal     $33.80     $104.75  $104.52  -0.2%   $-0.08  |
|  TJX      MomReversal     $33.91     $127.48  $127.60  +0.1%   $+0.03  |
|                                                                        |
|  Total invested                                                  $67.72|
|  Total open P&L                                                  $-0.04|
+========================================================================+

+========================================================================+
|                     OPTION HOLDINGS  (0 contracts)                     |
+========================================================================+
|                                                                        |
|  No open option positions.                                             |
|                                                                        |
+========================================================================+

+========================================================================+
|                        EXIT LOGIC ACTIVE  (v8)                         |
+========================================================================+
|  Profit target                              price > 20-day MA (midline)|
|  Stop loss                                             -0.5% from entry|
|  Time stop                                          max 3 calendar days|
+========================================================================+

+========================================================================+
|                          RECENT TRANSACTIONS                           |
+========================================================================+
|  2026-09-18  SELL  YETI  EarningsDrift  $33.88  P&L $+0.01             |
|  2026-09-18  SELL  BLDR  MomReversal  $33.73  P&L $-0.26               |
|  2026-09-18  SELL  VICR  MA_Squeeze  $34.38  P&L $+0.43                |
|  2026-09-18  SELL  CIEN  MomReversal  $33.20  P&L $-0.79               |
|  2026-09-17  SELL  AMP  Pullback50  $33.90  P&L $-0.17                 |
|  2026-09-17  SELL  GLW  Pullback50  $33.94  P&L $-0.14                 |
+========================================================================+
