13:56:11  INFO      Mode: morning_scan
13:56:12  INFO        [positions] 3/3 (3 valid)
13:56:12  INFO        Universe cache hit: 903 tickers (tickers_2026-07-28.json)
13:56:13  INFO        [universe] 40/900 (40 valid)
13:56:15  INFO        [universe] 80/900 (80 valid)
13:56:16  INFO        [universe] 120/900 (120 valid)
13:56:18  INFO        [universe] 160/900 (160 valid)
13:56:28  INFO        [universe] 200/900 (199 valid)
13:56:41  INFO        [universe] 240/900 (238 valid)
13:56:51  INFO        [universe] 280/900 (278 valid)
13:57:05  INFO        [universe] 320/900 (318 valid)
13:57:15  INFO        [universe] 360/900 (358 valid)
13:57:28  INFO        [universe] 400/900 (397 valid)
13:57:39  INFO        [universe] 440/900 (437 valid)
13:57:52  INFO        [universe] 480/900 (477 valid)
13:58:02  INFO        [universe] 520/900 (517 valid)
13:58:16  INFO        [universe] 560/900 (557 valid)
13:58:29  INFO        [universe] 600/900 (597 valid)
13:58:39  INFO        [universe] 640/900 (637 valid)
13:58:52  INFO        [universe] 680/900 (677 valid)
13:59:03  INFO        [universe] 720/900 (717 valid)
13:59:16  INFO        [universe] 760/900 (757 valid)
13:59:26  INFO        [universe] 800/900 (797 valid)
13:59:39  INFO        [universe] 840/900 (836 valid)
13:59:53  INFO        [universe] 880/900 (876 valid)
13:59:57  INFO        [universe] 900/900 (896 valid)

+========================================================================+
|  RUBBER BAND BOT  v8                                                   |
+------------------------------------------------------------------------+
|  Mode                                                      MORNING_SCAN|
|  Time                                                         13:56 UTC|
|  Regime                                                            BULL|
|  Universe                                                          both|
|  Equity                                                         $486.26|
+========================================================================+

+========================================================================+
|                   RUBBER BAND BOT v8  --  DAILY SCAN                   |
+========================================================================+
|  Mode                                                      *** LIVE ***|
|  Date                                                        2026-07-28|
|  Universe                                                          both|
|  Mon~  Jul: 52wkLow + Pullback50 (display only — schedule not enforced)|
|  Disabled                GapDown, VolumeSpike (see DISABLED_STRATEGIES)|
|  Regime                                                            BULL|
|  Exit                                      midline / stop-0.5% / 3d max|
+========================================================================+

+========================================================================+
|                                ACCOUNT                                 |
+========================================================================+
|  Equity                                                         $486.26|
|  Cash                                                           $218.64|
|  Reserve                                          $24.31  (always kept)|
|  Available                                    $194.33  (for new trades)|
|  Trade size             $97.25  (20% per signal — all strategies equal)|
+========================================================================+

+========================================================================+
|                           HOLDINGS  (3 open)                           |
+========================================================================+
|  TICKER   STRATEGY        INVESTED   ENTRY    NOW      P&L%    P&L$    |
+------------------------------------------------------------------------+
|  ALGN     Pullback50      $97.16     $171.32  $171.20  -0.1%   $-0.07  |
|  DTE      Pullback50      $97.41     $149.05  $149.31  +0.2%   $+0.18  |
|  EQR      Pullback50      $73.06     $67.78   $67.91   +0.2%   $+0.14  |
|                                                                        |
|  Total invested                                                 $267.62|
|  Total open P&L                                                  $+0.24|
|  Buys today: 0  |  entry cap: 2  |  max open: 5                        |
+========================================================================+

+========================================================================+
|                               PLAN CACHE                               |
+========================================================================+
|  Mode                                                           morning|
|  File                                      logs/plans/morning_plan.json|
|  Use cached plan                                  no (stale (27370.7m))|
+========================================================================+

+========================================================================+
|          EXIT EVALUATION  (EOD -- midline + stop + max-hold)           |
+========================================================================+
|  ALGN  P&L -0.1%  $-0.07                                           HOLD|
|  DTE  P&L +0.2%  $+0.18                                            HOLD|
|  EQR  P&L +0.2%  $+0.14                                            HOLD|
+========================================================================+

+========================================================================+
|                           EXIT EVAL SUMMARY                            |
+========================================================================+
|  Exit eval    attempted 0 | filled 0 | partial 0 | pending 0 | failed 0|
|  Other skips     already logged today 0  |  no price data 0  |  holds 3|
|  Stop-loss breaches                                                none|
|  Stop-loss look file                  logs/stop_losses_to_look_into.txt|
|  New investigations added                                             0|
+========================================================================+

+========================================================================+
|                             DATA DOWNLOAD                              |
+========================================================================+
|  Universe: both  |  Alpaca primary / yfinance fallback                 |
+========================================================================+

+========================================================================+
|                              SIGNAL SCAN                               |
+========================================================================+
|  Month: Jul  |  Regime: BULL                                           |
|  Primary: 52wkLow  |  Secondary: Pullback50 (display only — schedule n~|
|  Source                                                       live scan|
+========================================================================+

+========================================================================+
|                         SIGNALS FOUND  --  22                          |
+========================================================================+
|  TICKER   STRATEGY        TIER   PRICE    RSI    VOL_Z   TRIGGER       |
+------------------------------------------------------------------------+
|  BG       Pullback50      eq     $118.98  58.1   -2.00   50MA bounce (+|
|  DHI      Pullback50      eq     $151.59  54.6   -2.25   50MA bounce (+|
|  FFIV     Pullback50      eq     $397.11  41.0   -1.23   50MA bounce (-|
|  HUBB     Pullback50      eq     $488.19  54.2   -1.25   50MA bounce (+|
|  HBAN     Pullback50      eq     $17.25   46.6   -1.62   50MA bounce (+|
|  JBHT     Pullback50      eq     $281.43  53.9   -2.08   50MA bounce (+|
|  KMI      Pullback50      eq     $32.15   46.0   -1.85   50MA bounce (-|
|  NI       Pullback50      eq     $46.38   46.2   -2.30   50MA bounce (-|
|  OXY      Pullback50      eq     $55.24   56.9   -2.22   50MA bounce (+|
|  OKE      Pullback50      eq     $89.84   45.7   -2.65   50MA bounce (+|
|  ROK      Pullback50      eq     $461.45  48.6   -3.14   50MA bounce (+|
|  ALV      Pullback50      eq     $121.92  58.2   -1.72   50MA bounce (+|
|  BHF      Pullback50      eq     $63.56   37.1   -2.14   50MA bounce (+|
|  CMC      Pullback50      eq     $69.97   72.6   -2.80   50MA bounce (-|
|  COLB     Pullback50      eq     $31.07   48.3   -2.28   50MA bounce (+|
|  HOG      Pullback50      eq     $25.09   48.5   -1.96   50MA bounce (-|
|  IRT      Pullback50      eq     $16.67   46.2   -1.87   50MA bounce (+|
|  KNF      Pullback50      eq     $79.98   50.8   -2.53   50MA bounce (+|
|  NYT      Pullback50      eq     $74.14   52.7   -2.76   50MA bounce (+|
|  PEN      Pullback50      eq     $320.51  60.9   -1.96   50MA bounce (+|
|  SLAB     Pullback50      eq     $217.07  34.7   -1.28   50MA bounce (-|
|  UNM      Pullback50      eq     $87.45   48.6   -2.14   50MA bounce (-|
|                                                                        |
+========================================================================+

+========================================================================+
|                              ENTRY ORDERS                              |
+========================================================================+
13:59:59  ERROR       BUY FAILED BG: {"code":40010001,"message":"client_order_id must be unique"}
14:00:00  ERROR       BUY FAILED DHI: {"code":40010001,"message":"client_order_id must be unique"}
14:00:00  INFO        BUY  FFIV  $97.25  [Pullback50]  id=29ed8e4a-481e-4c8d-ba5a-3c8a5f48701e
14:00:00  INFO        BUY  HUBB  $97.07  [Pullback50]  id=5f005ab6-38e4-46af-a85e-790b6b96193a
14:00:22  INFO        place_all_stops: checking 5 positions...
14:00:22  INFO        STOP skipped ALGN: fractional (0.5675 shares) — software exit will handle it
14:00:22  INFO        STOP skipped DTE: fractional (0.6523 shares) — software exit will handle it
