19:56:15  INFO      Mode: scan
19:56:17  INFO        [positions] 2/2 (2 valid)
19:56:17  INFO        Universe cache hit: 903 tickers (tickers_2026-08-18.json)
19:56:18  INFO        [universe] 40/901 (40 valid)
19:56:20  INFO        [universe] 80/901 (80 valid)
19:56:21  INFO        [universe] 120/901 (120 valid)
19:56:22  INFO        [universe] 160/901 (160 valid)
19:56:24  INFO        [universe] 200/901 (199 valid)
19:56:31  INFO        [universe] 240/901 (238 valid)
19:56:42  INFO        [universe] 280/901 (278 valid)
19:56:55  INFO        [universe] 320/901 (318 valid)
19:57:06  INFO        [universe] 360/901 (358 valid)
19:57:19  INFO        [universe] 400/901 (397 valid)
19:57:30  INFO        [universe] 440/901 (437 valid)
19:57:43  INFO        [universe] 480/901 (477 valid)
19:57:54  INFO        [universe] 520/901 (517 valid)
19:58:08  INFO        [universe] 560/901 (557 valid)
19:58:18  INFO        [universe] 600/901 (597 valid)
19:58:32  INFO        [universe] 640/901 (637 valid)
19:58:42  INFO        [universe] 680/901 (677 valid)
19:58:55  INFO        [universe] 720/901 (717 valid)
19:59:06  INFO        [universe] 760/901 (757 valid)
19:59:19  INFO        [universe] 800/901 (797 valid)
19:59:30  INFO        [universe] 840/901 (836 valid)
19:59:44  INFO        [universe] 880/901 (876 valid)
19:59:50  INFO        [universe] 901/901 (897 valid)
19:59:53  ERROR       BUY FAILED BRK-B: {"code":42210000,"message":"asset \"BRK-B\" not found"}

+========================================================================+
|  RUBBER BAND BOT  v8                                                   |
+------------------------------------------------------------------------+
|  Mode                                                              SCAN|
|  Time                                                         19:56 UTC|
|  Regime                                                            BULL|
|  Universe                                                          both|
|  Equity                                                         $516.89|
+========================================================================+

+========================================================================+
|                   RUBBER BAND BOT v8  --  DAILY SCAN                   |
+========================================================================+
|  Mode                                                      *** LIVE ***|
|  Date                                                        2026-08-18|
|  Universe                                                          both|
|  Mo~  Aug: VolumeSpike + 52wkLow (display only — schedule not enforced)|
|  Disabled  GapDown, GoldenPocket, VolumeSpike (see DISABLED_STRATEGIES)|
|  Regime                                                            BULL|
|  Exit                                      midline / stop-0.5% / 3d max|
+========================================================================+

+========================================================================+
|                                ACCOUNT                                 |
+========================================================================+
|  Equity (total)                                                 $516.89|
|  Cash                                                           $361.93|
|  Reserve                                          $25.84  (always kept)|
|  Stock~  $154.96 / $258.44  (50% equity; 50% reserved for live options)|
|  Options MV                        $0.00  open P&L $+0.00  (0 contract)|
|  Available                                    $103.48  (new stock buys)|
|  Trade size             $77.53  (15% per signal — all strategies equal)|
+========================================================================+

+========================================================================+
|                        STOCK HOLDINGS  (2 open)                        |
+========================================================================+
|  TICKER   STRATEGY        INVESTED   ENTRY    NOW      P&L%    P&L$    |
+------------------------------------------------------------------------+
|  AAPL     Pullback50      $77.38     $310.56  $310.05  -0.2%   $-0.13  |
|  MNST     MomReversal     $77.58     $47.41   $47.45   +0.1%   $+0.07  |
|                                                                        |
|  Total invested                                                 $154.96|
|  Total open P&L                                                  $-0.06|
|  Buys today: 0  |  entry cap: 1  |  max open: 3                        |
+========================================================================+

+========================================================================+
|                               PLAN CACHE                               |
+========================================================================+
|  Mode                                                           evening|
|  File                                      logs/plans/evening_plan.json|
|  Use cached plan                                  no (stale (89302.1m))|
+========================================================================+

+========================================================================+
|          EXIT EVALUATION  (EOD -- midline + stop + max-hold)           |
+========================================================================+
|  AAPL  P&L -0.2%  $-0.13                                           HOLD|
|  MNST  P&L +0.1%  $+0.07                                           HOLD|
+========================================================================+

+========================================================================+
|                           EXIT EVAL SUMMARY                            |
+========================================================================+
|  Exit eval    attempted 0 | filled 0 | partial 0 | pending 0 | failed 0|
|  Other skips     already logged today 0  |  no price data 0  |  holds 2|
|  Stop-loss breaches                                                none|
|  Stop-loss look file                  logs/stop_losses_to_look_into.txt|
|  New investigations added                                             0|
+========================================================================+

+========================================================================+
|                             DATA DOWNLOAD                              |
+========================================================================+
|  Universe: both  |  Alpaca primary / yfinance fallback                 |
+========================================================================+

+========================================================================+
|                              SIGNAL SCAN                               |
+========================================================================+
|  Month: Aug  |  Regime: BULL                                           |
|  Primary: VolumeSpike  |  Secondary: 52wkLow (display only — schedule ~|
|  Source                                                       live scan|
+========================================================================+

+========================================================================+
|                         SIGNALS FOUND  --  20                          |
+========================================================================+
|  TICKER   STRATEGY        TIER   PRICE    RSI    VOL_Z   TRIGGER       |
+------------------------------------------------------------------------+
|  AZO      VWAP_Reclaim    eq     $3080.~  43.7   1.54    VWAP reclaim V|
|  BRK-B    Pullback50      eq     $503.12  45.1   -1.92   50MA bounce (+|
|  CDW      Pullback50      eq     $134.81  36.5   -0.95   50MA bounce (-|
|  CNC      Pullback50      eq     $65.25   57.6   -1.19   50MA bounce (+|
|  CHD      Pullback50      eq     $99.15   47.7   -1.66   50MA bounce (+|
|  C        Pullback50      eq     $137.72  74.7   -1.80   50MA bounce (+|
|  CL       Pullback50      eq     $91.47   42.3   -0.97   50MA bounce (-|
|  EIX      Pullback50      eq     $73.59   37.8   -0.76   50MA bounce (-|
|  EBAY     RSIRecovery     eq     $102.49  30.7   0.65    RSI 25.5→30.7 |
|  HLT      Pullback50      eq     $328.01  55.3   -1.32   50MA bounce (-|
|  KDP      Pullback50      eq     $30.89   46.0   -1.82   50MA bounce (-|
|  MS       Pullback50      eq     $217.36  74.1   -1.70   50MA bounce (+|
|  PM       RSIRecovery     eq     $188.21  34.7   0.40    RSI 25.2→34.7 |
|  ROST     Pullback50      eq     $236.34  25.4   0.78    50MA bounce (+|
|  RCL      Pullback50      eq     $300.61  25.4   -1.08   50MA bounce (-|
|  BC       Pullback50      eq     $81.40   53.0   -0.36   50MA bounce (+|
|  BKH      Pullback50      eq     $73.21   51.4   -0.64   50MA bounce (-|
|  DT       VWAP_Reclaim    eq     $49.28   65.3   2.57    VWAP reclaim V|
|  SNX      Pullback50      eq     $259.94  62.0   0.07    50MA bounce (+|
|  UGI      VWAP_Reclaim    eq     $38.55   61.0   4.13    VWAP reclaim V|
|                                                                        |
+========================================================================+

+========================================================================+
|                              ENTRY ORDERS                              |
+========================================================================+
|    ENTER [eq] BRK-B  Pullback50                                  $77.53|
|    ENTER [eq] CDW  Pullback50                                    $77.53|19:59:53  INFO        BUY  CDW  $77.53  [Pullback50]  id=2bae2e71-d79f-47a5-b9dc-d09f2f3540ef
20:00:07  INFO        place_all_stops: checking 3 positions...
20:00:07  INFO        STOP skipped AAPL: fractional (0.2496 shares) — software exit will handle it
20:00:07  INFO        STOP skipped CDW: fractional (0.5749 shares) — software exit will handle it
20:00:07  INFO        STOP-MARKET placed MNST  qty=1 (pos=1.6350)  stop=$47.17  id=9d9d7ab1-8ed6-43a6-8340-c36673b2e814
20:00:08  INFO        Daily log -> logs/daily/2026-08-18.md
20:00:08  INFO        Dashboard written → logs/dashboard.md

|    BUY SUBMITTED [e~  fill pending — batched confirmation after entries|
|    SKIP [eq] CNC  Pullback50                                      cap 3|
|    SKIP [eq] CHD  Pullback50                                      cap 3|
|    SKIP [eq] C  Pullback50                                        cap 3|
|    SKIP [eq] CL  Pullback50                                       cap 3|
|    SKIP [eq] EIX  Pullback50                                      cap 3|
|    SKIP [eq] HLT  Pullback50                                      cap 3|
|    SKIP [eq] KDP  Pullback50                                      cap 3|
|    SKIP [eq] MS  Pullback50                                       cap 3|
|    SKIP [eq] ROST  Pullback50                                     cap 3|
|    SKIP [eq] RCL  Pullback50                                      cap 3|
|    SKIP [eq] BC  Pullback50                                       cap 3|
|    SKIP [eq] BKH  Pullback50                                      cap 3|
|    SKIP [eq] SNX  Pullback50                                      cap 3|
|    SKIP [eq] EBAY  RSIRecovery                                    cap 3|
|    SKIP [eq] PM  RSIRecovery                                      cap 3|
|    SKIP [eq] AZO  VWAP_Reclaim                                    cap 3|
|    SKIP [eq] DT  VWAP_Reclaim                                     cap 3|
|    SKIP [eq] UGI  VWAP_Reclaim                                    cap 3|

+========================================================================+
|                         BUY FILL CONFIRMATION                          |
+========================================================================+
|  Pending submits                                                      1|
+------------------------------------------------------------------------+
|  CDW                                                  still unconfirmed|
+========================================================================+
+========================================================================+

+========================================================================+
|                           GTC STOP PLACEMENT                           |
+========================================================================+
|  Waiting 5s for 1 buy submit(s) to settle...                           |
+========================================================================+

+========================================================================+
|                            SESSION SUMMARY                             |
+========================================================================+
|  Regime                                                            BULL|
|  Universe                                                          both|
|  Strategy  VolumeSpike + 52wkLow (display only — schedule not enforced)|
|  Scanned                                                            897|
|  Signals                                                             20|
|  Entries                                                              0|
|  Buy submits                              0 confirmed  |  1 unconfirmed|
|  Exits                                                                0|
|  Open pos                                                             3|
|  Equity                                                         $516.88|
|  Cash                                                           $284.41|
+========================================================================+
