19:52:37  INFO      Mode: scan
19:52:38  INFO        [positions] 3/3 (3 valid)
19:52:38  INFO        SELL LIMIT NCLH  qty=2.220374838  limit=$15.14  id=37cf541c-89cd-465c-836c-9ebe5c7ac8a3
19:53:08  INFO        SELL LIMIT filled NCLH (confirmed by position check)
19:53:09  INFO        TX logged: SELL NCLH  P&L 0.15%
19:53:09  INFO        Universe cache hit: 903 tickers (tickers_2026-10-02.json)
19:53:09  INFO        [universe] 40/901 (40 valid)
19:53:11  INFO        [universe] 80/901 (80 valid)
19:53:12  INFO        [universe] 120/901 (120 valid)
19:53:13  INFO        [universe] 160/901 (160 valid)
19:53:14  INFO        [universe] 200/901 (199 valid)
19:53:21  INFO        [universe] 240/901 (238 valid)
19:53:34  INFO        [universe] 280/901 (278 valid)
19:53:47  INFO        [universe] 320/901 (318 valid)
19:53:57  INFO        [universe] 360/901 (358 valid)
19:54:10  INFO        [universe] 400/901 (398 valid)
19:54:23  INFO        [universe] 440/901 (438 valid)
19:54:33  INFO        [universe] 480/901 (478 valid)
19:54:46  INFO        [universe] 520/901 (518 valid)
19:54:59  INFO        [universe] 560/901 (558 valid)
19:55:09  INFO        [universe] 600/901 (598 valid)
