Layout: controlled:100:c000_s173_w1_0928_1005_r1
Trial layout: /home/runner/work/TradingBot/TradingBot/logs/options_trial
Docs:         skipped (local docs unavailable on this runner)
Buckets:      100
=== options_morning_bot (PAPER) 2026-07-16T10:45:39.814917-04:00 ===

[Run context]
Paper auth OK — equity $128619.95, account PA36KS87UPRS

[Setup]
Active buckets: 100 | Strategies: S173, S165, S166, S163
Dropped (no new entries; ex-reflected P&L): S174
2026-07-16 10:45:43,941 INFO   EXIT [b0|c000_s173_w1_0928_1005_r1|S173] take_profit (+84.6%) SELL 1 UAL260717C00122000 @<= 1.21

[Scan + entries]
Scanning 903 symbols for [S173, S165, S166, S163] …
Fetched daily bars for 903/903 symbols
Found 93 signal(s); top: ['S173:AMD', 'S173:APH', 'S173:ADI', 'S173:AMAT', 'S173:BLDR', 'S173:CAT', 'S173:FIX', 'S173:DELL']
Paper lab: $128738 broker equity -> 100 bucket(s) ($500 virtual each, unlimited paper)
  Skipped: 5 no tradeable call, 296 already attempted today, 234 pending order
Placed 6 new entry order(s).

[Portfolio snapshot]
+========================================================================+
|  OPTIONS BOT SUMMARY                                                   |
+------------------------------------------------------------------------+
|  Mode                          entry+manage                            |
|  Equity                        $128,619.95                             |
|  Signals this run              93                                      |
|  Orders submitted (session)    18                                      |
|  Orders filled today (ledger)  21                                      |
|  Entries placed this run       6                                       |
|  Open virtual lots             21                                      |
|  Broker option positions       6                                       |
|  Pending orders                6                                       |
+========================================================================+
+========================================================================+
|  BUCKET LEADERBOARD (reflected ex-S174)                                |
+------------------------------------------------------------------------+
|  Reflected trades=224  buckets=44  win=42%                             |
|  Returns   avg=+26.8%  med=-10.9%  p10=-77.0%  p90=+100.0%             |
|  Realized  $+5,614.77                                                  |
|  Raw incl dropped  trades=327  real=$+4,491.58                         |
|  Today     trades=14  avg=-10.2%  med=-51.4%  real=$-271.00            |
+------------------------------------------------------------------------+
|  BKT PROFILE               N  WIN  AVG%   MED%   BEST%  REAL$          |
+------------------------------------------------------------------------+
|  b62  c062_s173_w3_1045_  8  50% +511.3 +520.8 +1100.0 $    +97        |
|  b89  c089_s165_w2_1005_  2 100% +425.9 +425.9 +790.0 $   +113         |
|  b69  c069_s165_w2_1005_  3  67% +122.1 +200.0 +210.0 $    +17         |
|  b29  c029_s165_w2_1005_  2  50% +100.0 +100.0 +250.0 $    +20         |
|  b28  c028_s165_w1_0928_  5 100% +85.7 +94.1 +102.0 $   +221           |
|  b92  c092_s166_w1_0928_  1 100% +70.8 +70.8 +70.8 $    +71            |
|  b93  c093_s166_w2_1005_  1 100% +70.8 +70.8 +70.8 $    +71            |
|  b95  c095_s166_w4_1120_  1 100% +70.8 +70.8 +70.8 $    +71            |
|  ... 36 more bucket(s) with exits                                      |
+------------------------------------------------------------------------+
|  Low  b21  c021_s173_w2_1005_ 10   0% -61.7 -75.5 -98.5 $   -408       |
+========================================================================+
+========================================================================+
|  PENDING ORDERS (6)                                                    |
+------------------------------------------------------------------------+
|  Top groups                    S165:AVGO(5), S173:AMD(1)               |
+------------------------------------------------------------------------+
|  b22  S173 AMD      limit=0.67                                         |
|  b10  S165 AVGO     limit=0.63                                         |
|  b30  S165 AVGO     limit=0.63                                         |
|  b50  S165 AVGO     limit=0.63                                         |
|  b70  S165 AVGO     limit=0.63                                         |
|  ... 1 more pending order(s)                                           |
+========================================================================+
+========================================================================+
|  PENDING EXITS (2)                                                     |
+------------------------------------------------------------------------+
|  b3   S173 ADBE260717C00240000 x1 stop_loss (-61.4%)                   |
|  b21  S173 AMD260717C00567500 x1 stop_loss (-57.4%)                    |
+========================================================================+
+========================================================================+
|  OPEN OPTIONS (6)                                                      |
+------------------------------------------------------------------------+
|  SYMBOL                      QTY    RET%        OPEN P&L               |
|------------------------------------------------------------------------|
|  ADBE260717C00240000           7    -77.3%   $   -238.00               |
|  AVGO260717C00405000           8    -42.6%   $   -177.78               |
|  UAL260717C00122000            3    +78.5%   $   +153.00               |
|  AMD260717C00567500            1    -57.4%   $    -39.00               |
|  AAL260717C00015000            1    +25.0%   $    +14.00               |
|  AVGO260717C00400000           1    -17.8%   $    -13.00               |
+========================================================================+
Full detail: logs/options_trial/runs/2026-07-16.log
elapsed=43.3s reconcile=2.57s cancel=0.03s manage=1.23s scan=35.73s entries=0.66s
STATUS: options_morning_bot run complete (PAPER) elapsed=43.3s. run=#4127 https://github.com/28twagg-ops/TradingBot/actions/runs/29508000050
Wrote /home/runner/work/TradingBot/TradingBot/logs/options_trial/reports/2026-07-16_buckets.md
Wrote /home/runner/work/TradingBot/TradingBot/logs/options_trial/reports/2026-07-16_buckets.csv
Summary: 13 buckets closed trades, $-271.00 realized
Wrote /home/runner/work/TradingBot/TradingBot/logs/options_trial/reports/2026-07-16_strategy_selection.md
Wrote /home/runner/work/TradingBot/TradingBot/logs/options_trial/reports/2026-07-16_strategy_selection.csv
Summary: keep=0 watch=2 drop=3
Orphan rate: 6.7% (22/327)
