19:30:55  INFO      Mode: evening_prep
19:30:56  INFO        [prep_positions] 1/1 (1 valid)
19:30:56  INFO        Universe cache hit: 903 tickers (tickers_2026-08-11.json)
19:30:57  INFO        [prep_universe] 40/902 (40 valid)
19:30:59  INFO        [prep_universe] 80/902 (80 valid)
19:31:01  INFO        [prep_universe] 120/902 (120 valid)
19:31:02  INFO        [prep_universe] 160/902 (160 valid)
19:31:04  INFO        [prep_universe] 200/902 (199 valid)
19:31:10  INFO        [prep_universe] 240/902 (238 valid)
19:31:20  INFO        [prep_universe] 280/902 (278 valid)
19:31:35  INFO        [prep_universe] 320/902 (318 valid)
19:31:45  INFO        [prep_universe] 360/902 (358 valid)
19:31:58  INFO        [prep_universe] 400/902 (397 valid)
19:32:09  INFO        [prep_universe] 440/902 (437 valid)
19:32:22  INFO        [prep_universe] 480/902 (477 valid)
19:32:33  INFO        [prep_universe] 520/902 (517 valid)
19:32:47  INFO        [prep_universe] 560/902 (557 valid)
19:32:58  INFO        [prep_universe] 600/902 (597 valid)
19:33:08  INFO        [prep_universe] 640/902 (637 valid)
19:33:22  INFO        [prep_universe] 680/902 (677 valid)
19:33:32  INFO        [prep_universe] 720/902 (717 valid)
19:33:45  INFO        [prep_universe] 760/902 (757 valid)
19:33:58  INFO        [prep_universe] 800/902 (797 valid)
19:34:09  INFO        [prep_universe] 840/902 (836 valid)
19:34:23  INFO        [prep_universe] 880/902 (876 valid)
19:34:27  INFO        [prep_universe] 902/902 (898 valid)

+========================================================================+
|  RUBBER BAND BOT  v8                                                   |
+------------------------------------------------------------------------+
|  Mode                                                      EVENING_PREP|
|  Time                                                         19:30 UTC|
|  Regime                                                            BULL|
|  Universe                                                          both|
|  Equity                                                         $466.19|
+========================================================================+

+========================================================================+
|                              EVENING PREP                              |
+========================================================================+
|  Goal                   Precompute exits/signals for next execution run|
|  Plan file                                 logs/plans/evening_plan.json|
|  Regime                                                            BULL|
+========================================================================+

+========================================================================+
|                       OPEN POSITION P&L SNAPSHOT                       |
+========================================================================+
|  Open positions                                                       1|
|  Invested                                                        $94.12|
|  Open P&L                                                        $+0.03|
|  TICKER   STRATEGY        INVESTED   ENTRY    NOW      P&L%    P&L$    |
+------------------------------------------------------------------------+
|  AES      Pullback50      $94.12     $14.72   $14.72   +0.0%   $+0.03  |
+========================================================================+

+========================================================================+
|                            OPEN SELL ORDERS                            |
+========================================================================+
|  Count                                                                1|
|  TICKER    TYPE              QTY       LIMIT       STOP                |
+------------------------------------------------------------------------+
|  AES       OrderType.STOP    6         None        14.65               |
+========================================================================+

+========================================================================+
|                              PREP SUMMARY                              |
+========================================================================+
|  Saved                                                              yes|
|  Exit candidates                                                      0|
|  Signal candidates                                                   35|
|  Universe scanned                                                   902|
+========================================================================+
