options_reconcile: state=/home/runner/work/TradingBot/TradingBot/logs/options_trial/_state/lab_state.json
  open_lots=46 paper_keys=yes dry_run=False
  alpaca positions=16
  FLAG b903|S411|c1edd829 missing from Alpaca
  FLAG b902|S411|ca4a7934 missing from Alpaca
  FLAG b238|S401|65ccd2ec missing from Alpaca
  FLAG b197|S218|c945d9ea missing from Alpaca
  FLAG b196|S218|8af6f434 missing from Alpaca
  FLAG b183|S217|4720dd96 missing from Alpaca
  FLAG b182|S217|5e079f33 missing from Alpaca
  State updated with reconciled lots.
options_reconcile: done
Layout: controlled:1164:live_1to1+variations (layout changed controlled:100:c000_s173_w1_0928_1005_r1 -> controlled:1164:live_1to1+variations)
Trial layout: /home/runner/work/TradingBot/TradingBot/logs/options_trial
Docs:         skipped (local docs unavailable on this runner)
Buckets:      1164
PROBE OK: paper account status=AccountStatus.ACTIVE equity=$1,002,680.78
  buying_power=$3,958,428.92 cash=$1,037,801.28
  open option orders: 6
    C260911C00140000 OrderSide.SELL qty=2 status=OrderStatus.NEW limit=None
    SHOP260911C00147000 OrderSide.SELL qty=1 status=OrderStatus.NEW limit=0.35
    MARA260925C00012500 OrderSide.SELL qty=4 status=OrderStatus.NEW limit=None
    MARA260925C00011000 OrderSide.SELL qty=1 status=OrderStatus.NEW limit=None
    MARA260925C00011500 OrderSide.SELL qty=1 status=OrderStatus.NEW limit=None
  open option positions: 15
    AVGO260911C00400000 qty=3 mkt=$3.00
    C260911C00140000 qty=2 mkt=$82.00
    CRWD260911C00222500 qty=-1 mkt=$-19.00
    CRWD260911C00235000 qty=1 mkt=$1.00
    MARA260911C00012000 qty=-1 mkt=$-16.00
PROBE: check-only pass (use --smoke-entry to place a test order)
=== options_morning_bot (PAPER) 2026-09-10T09:34:46.681367-04:00 ===

[Run context]
Paper auth OK — equity $1002683.78, account PA33P8KT02IL

[Setup]
LIVE 1:1 bucket b90 live_1to1 — S218, S404, S406 | TP+50%/SL-40% | stop-mkt | min $20
Variation study: 1163 lab/promising bucket(s) | cohort: all paper strategies | max 400 new entries/run
Dropped (no new entries; ex-reflected P&L): S203, S207, S212, S360, S405, S407
2026-09-10 09:34:49,066 INFO   EXIT [b164|lab0164_s216_w1_0928_1005_r1|S216] stop_loss (-97.5%) SELL 1 AVGO260911C00400000 @<= 0.01
  EXIT [b862|lab0862_s408_w4_1120_1135_r1|S408] stop_loss (-92.3%) SELL failed CRWD260911C00235000: {"code":40310000,"message":"account not eligible to trade uncovered option contracts"}
  EXIT [b1055|lab1055_s165_w2_1005_1045_r2|S165] stop_loss (-100.0%) SELL failed SHOP260911C00146000: {"code":40310000,"message":"account not eligible to trade uncovered option contracts"}
  EXIT [b1054|lab1054_s165_w2_1005_1045_r1|S165] stop_loss (-100.0%) SELL failed SHOP260911C00146000: {"code":40310000,"message":"account not eligible to trade uncovered option contracts"}
2026-09-10 09:34:51,333 INFO   EXIT [b1137|lab1137_s163_w1_0928_1005_r2|S163] stop_loss (-84.9%) SELL 1 ZS260911C00180000 @<= 0.06
2026-09-10 09:34:51,762 INFO   EXIT [b778|lab0778_s397_w2_1005_1045_r1|S397] stop_loss (-74.1%) SELL 1 ZS260911C00175000 @<= 0.16
  EXIT [b330|lab0330_s357_w2_1005_1045_r1|S357] stop_loss (-100.0%) SELL failed PATH260925C00017000: {"code":40310000,"message":"account not eligible to trade uncovered option contracts"}
Protective stops: placed=0 upgraded=0 already=4 failed=6 (market-first)

[Scan + entries]
Scanning 117 symbols for [S165, S164, S168, S167, S166, S163, S169, S170, S171, S172, S175, S200, S201, S202, S204, S205, S206, S208, S209, S210, S211, S213, S214, S215, S216, S217, S218, S219, S220, S221, S400, S401, S402, S403, S350, S351, S352, S353, S354, S355, S356, S357, S358, S359, S361, S362, S363, S364, S365, S366, S367, S368, S369, S370, S371, S372, S373, S374, S375, S376, S377, S378, S379, S380, S381, S382, S383, S384, S385, S386, S387, S388, S389, S390, S391, S392, S393, S394, S413, S414, S415, S416, S417, S418, S395, S396, S397, S398, S399, S404, S406, S408, S409, S410, S411, S412, S413, S414, S415, S416, S417, S418, S419] …
Fetched daily bars for 113/117 symbols
