19:57:15  INFO      Mode: scan
19:57:16  INFO        [positions] 1/1 (1 valid)
19:57:16  INFO        Universe cache hit: 903 tickers (tickers_2026-09-02.json)
19:57:17  INFO        [universe] 40/902 (40 valid)
19:57:19  INFO        [universe] 80/902 (80 valid)
19:57:20  INFO        [universe] 120/902 (120 valid)
19:57:21  INFO        [universe] 160/902 (160 valid)
19:57:23  INFO        [universe] 200/902 (199 valid)
19:57:30  INFO        [universe] 240/902 (238 valid)
19:57:43  INFO        [universe] 280/902 (278 valid)
19:57:54  INFO        [universe] 320/902 (318 valid)
19:58:07  INFO        [universe] 360/902 (358 valid)
19:58:17  INFO        [universe] 400/902 (397 valid)
19:58:30  INFO        [universe] 440/902 (437 valid)
19:58:41  INFO        [universe] 480/902 (477 valid)
19:58:54  INFO        [universe] 520/902 (517 valid)
19:59:05  INFO        [universe] 560/902 (557 valid)
19:59:18  INFO        [universe] 600/902 (597 valid)
19:59:31  INFO        [universe] 640/902 (637 valid)
19:59:41  INFO        [universe] 680/902 (677 valid)
19:59:55  INFO        [universe] 720/902 (717 valid)
20:00:05  INFO        [universe] 760/902 (757 valid)
20:00:18  INFO        [universe] 800/902 (797 valid)
20:00:29  INFO        [universe] 840/902 (836 valid)
20:00:43  INFO        [universe] 880/902 (876 valid)
20:00:50  INFO        [universe] 902/902 (898 valid)

+========================================================================+
|  RUBBER BAND BOT  v8                                                   |
+------------------------------------------------------------------------+
|  Mode                                                              SCAN|
|  Time                                                         19:57 UTC|
|  Regime                                                            BULL|
|  Universe                                                          both|
|  Equity                                                         $230.15|
+========================================================================+

+========================================================================+
|                   RUBBER BAND BOT v8  --  DAILY SCAN                   |
+========================================================================+
|  Mode                                                      *** LIVE ***|
|  Date                                                        2026-09-02|
|  Universe                                                          both|
|  Mo~  Sep: GapDown + VolumeSpike (display only — schedule not enforced)|
|  Disabled  GapDown, GoldenPocket, VolumeSpike (see DISABLED_STRATEGIES)|
|  Regime                                                            BULL|
|  Exit                                      midline / stop-0.5% / 3d max|
+========================================================================+

+========================================================================+
|                                ACCOUNT                                 |
+========================================================================+
|  Equity (total)                                                 $230.15|
|  Cash                                                           $195.68|
|  Reserve                                          $11.51  (always kept)|
|  Stocks~  $34.47 / $172.61  (75% equity; 25% reserved for live options)|
|  Options MV                        $0.00  open P&L $+0.00  (0 contract)|
|  Available                                    $138.14  (new stock buys)|
|  Trade size             $34.52  (15% per signal — all strategies equal)|
+========================================================================+

+========================================================================+
|                        STOCK HOLDINGS  (1 open)                        |
+========================================================================+
|  TICKER   STRATEGY        INVESTED   ENTRY    NOW      P&L%    P&L$    |
+------------------------------------------------------------------------+
|  AMZN     Pullback50      $34.47     $255.49  $254.67  -0.3%   $-0.11  |
|                                                                        |
|  Total invested                                                  $34.47|
|  Total open P&L                                                  $-0.11|
|  Buys today: 0  |  entry cap: 2  |  max open: 3                        |
+========================================================================+

+========================================================================+
|                               PLAN CACHE                               |
+========================================================================+
|  Mode                                                           evening|
|  File                                      logs/plans/evening_plan.json|
|  Use cached plan                                 no (stale (110903.1m))|
+========================================================================+

+========================================================================+
|          EXIT EVALUATION  (EOD -- midline + stop + max-hold)           |
+========================================================================+
|  AMZN  P&L -0.3%  $-0.11                                           HOLD|
+========================================================================+

+========================================================================+
|                           EXIT EVAL SUMMARY                            |
+========================================================================+
|  Exit eval    attempted 0 | filled 0 | partial 0 | pending 0 | failed 0|
|  Other skips     already logged today 0  |  no price data 0  |  holds 1|
|  Stop-loss breaches                                                none|
|  Stop-loss look file                  logs/stop_losses_to_look_into.txt|
|  New investigations added                                             0|
+========================================================================+

+========================================================================+
|                             DATA DOWNLOAD                              |
+========================================================================+
|  Universe: both  |  Alpaca primary / yfinance fallback                 |
+========================================================================+

+========================================================================+
|                              SIGNAL SCAN                               |
+========================================================================+
|  Month: Sep  |  Regime: BULL                                           |
|  Primary: GapDown  |  Secondary: VolumeSpike (display only — schedule ~|
|  Source                                                       live scan|
+========================================================================+

+========================================================================+
|                         SIGNALS FOUND  --  54                          |
+========================================================================+
|  TICKER   STRATEGY        TIER   PRICE    RSI    VOL_Z   TRIGGER       |
+------------------------------------------------------------------------+
|  AES      Pullback50      eq     $14.79   59.3   0.34    50MA bounce (+|
|  MO       Pullback50      eq     $69.72   66.7   -1.01   50MA bounce (-|
|  BALL     Pullback50      eq     $63.37   60.2   -1.37   50MA bounce (+|
|  BIIB     TrendResumpti~  eq     $222.66  64.9   0.72    HH/HL resumpti|
|  BRK-B    Pullback50      eq     $505.18  47.7   -1.77   50MA bounce (+|
|  BF-B     Pullback50      eq     $27.47   45.9   1.99    50MA bounce (+|
|  BF-B     VWAP_Reclaim    eq     $27.47   45.9   1.99    VWAP reclaim V|
|  CHD      Pullback50      eq     $99.55   44.2   -2.44   50MA bounce (+|
|  C        Pullback50      eq     $134.28  38.4   -1.02   50MA bounce (-|
|  DELL     TrendResumpti~  eq     $491.72  49.4   3.91    HH/HL resumpti|
|  DELL     VWAP_Reclaim    eq     $491.72  49.4   3.91    VWAP reclaim V|
|  EMR      Pullback50      eq     $149.01  24.9   -0.37   50MA bounce (-|
|  F        Pullback50      eq     $14.15   53.7   0.99    50MA bounce (+|
|  KVUE     Pullback50      eq     $19.10   48.0   -0.53   50MA bounce (-|
|  KMB      Pullback50      eq     $109.33  45.6   0.45    50MA bounce (-|
|  MTD      Pullback50      eq     $1364.~  30.1   -0.37   50MA bounce (+|
|  NTRS     Pullback50      eq     $183.90  35.3   -1.28   50MA bounce (+|
|  PYPL     Pullback50      eq     $54.71   33.5   -0.03   50MA bounce (+|
|  PM       Pullback50      eq     $188.34  49.2   -1.99   50MA bounce (+|
|  PG       Pullback50      eq     $147.74  60.8   -1.63   50MA bounce (+|
|  PFG      Pullback50      eq     $111.27  34.5   -1.15   50MA bounce (-|
|  QCOM     Pullback50      eq     $169.94  58.0   -1.90   50MA bounce (-|
|  SNDK     Pullback50      eq     $1554.~  51.7   -1.16   50MA bounce (-|
|  USB      Pullback50      eq     $62.76   35.3   -0.65   50MA bounce (-|
|  VTR      Pullback50      eq     $92.20   62.0   -1.07   50MA bounce (-|
|  VMC      RSIRecovery     eq     $264.15  37.3   0.34    RSI 29.8→37.3 |
|  ALV      Pullback50      eq     $121.38  49.9   -1.26   50MA bounce (+|
|  AM       Pullback50      eq     $22.50   56.3   -0.46   50MA bounce (+|
|  AVT      Pullback50      eq     $89.92   39.5   -1.12   50MA bounce (+|20:00:52  INFO        BUY  CNM  $34.52  [MomReversal]  id=a1bbe37e-a611-4001-92ff-5134aa3d522d
20:00:52  INFO        BUY  AES  $34.52  [Pullback50]  id=3bbd0a1b-89ff-4680-91eb-d72897348d37
20:01:14  INFO        place_all_stops: checking 1 positions...
20:01:14  INFO        STOP skipped AMZN: fractional (0.1353 shares) — software exit will handle it

|  AVTR     TrendResumpti~  eq     $14.63   62.9   0.35    HH/HL resumpti|
|  BRKR     Pullback50      eq     $59.05   53.2   -0.65   50MA bounce (+|
|  BWA      Pullback50      eq     $65.06   42.1   -1.70   50MA bounce (-|
|  CCK      Pullback50      eq     $116.98  45.2   -0.61   50MA bounce (+|
|  CFR      Pullback50      eq     $161.73  30.8   -1.34   50MA bounce (-|
|  CNM      MomReversal     eq     $43.84   34.9   0.85    -16.0% drop/60|
|  CNM      RSIRecovery     eq     $43.84   34.9   0.85    RSI 16.5→34.9 |
|  ELAN     Pullback50      eq     $24.59   66.2   -0.42   50MA bounce (-|
|  GEF      VWAP_Reclaim    eq     $85.59   40.1   2.66    VWAP reclaim V|
|  HQY      Pullback50      eq     $98.44   34.7   -0.39   50MA bounce (-|
|  ITT      Pullback50      eq     $201.52  33.8   -0.02   50MA bounce (+|
|  NLY      Pullback50      eq     $22.71   35.0   0.52    50MA bounce (-|
|  NVST     Pullback50      eq     $27.41   42.3   -1.04   50MA bounce (+|
|  ORI      Pullback50      eq     $42.09   40.0   -0.89   50MA bounce (-|
|  PNFP     RSIRecovery     eq     $100.03  30.1   1.18    RSI 17.7→30.1 |
|  RYAN     Pullback50      eq     $42.36   47.2   -0.34   50MA bounce (+|
|  RS       Pullback50      eq     $400.24  37.1   -0.61   50MA bounce (+|
|  SIRI     Pullback50      eq     $29.70   64.1   2.04    50MA bounce (+|
|  SIRI     TrendResumpti~  eq     $29.70   64.1   2.04    HH/HL resumpti|
|  SMTC     Pullback50      eq     $133.81  50.1   -0.81   50MA bounce (+|
|  SLAB     Pullback50      eq     $220.30  68.5   0.05    50MA bounce (+|
|  SNX      Pullback50      eq     $252.99  48.6   -0.99   50MA bounce (-|
|  UBSI     Pullback50      eq     $47.32   30.3   0.44    50MA bounce (-|
|  UBSI     RSIRecovery     eq     $47.32   30.3   0.44    RSI 18.1→30.3 |
|  TXNM     VWAP_Reclaim    eq     $58.06   66.7   1.28    VWAP reclaim V|
|                                                                        |
+========================================================================+

+========================================================================+
|                              ENTRY ORDERS                              |
+========================================================================+
|    ENTER [eq] CNM  MomReversal                                   $34.52|
|    BUY SUBMITTED [e~  fill pending — batched confirmation after entries|
|    ENTER [eq] AES  Pullback50                                    $34.52|
|    BUY SUBMITTED [e~  fill pending — batched confirmation after entries|
|    SKIP [eq] MO  Pullback50                                       cap 3|
|    SKIP [eq] BALL  Pullback50                                     cap 3|
|    SKIP [eq] BRK-B  Pullback50                                    cap 3|
|    SKIP [eq] BF-B  Pullback50                                     cap 3|
|    SKIP [eq] CHD  Pullback50                                      cap 3|
|    SKIP [eq] C  Pullback50                                        cap 3|
|    SKIP [eq] EMR  Pullback50                                      cap 3|
|    SKIP [eq] F  Pullback50                                        cap 3|
|    SKIP [eq] KVUE  Pullback50                                     cap 3|
|    SKIP [eq] KMB  Pullback50                                      cap 3|
|    SKIP [eq] MTD  Pullback50                                      cap 3|
|    SKIP [eq] NTRS  Pullback50                                     cap 3|
|    SKIP [eq] PYPL  Pullback50                                     cap 3|
|    SKIP [eq] PM  Pullback50                                       cap 3|
|    SKIP [eq] PG  Pullback50                                       cap 3|
|    SKIP [eq] PFG  Pullback50                                      cap 3|
|    SKIP [eq] QCOM  Pullback50                                     cap 3|
|    SKIP [eq] SNDK  Pullback50                                     cap 3|
|    SKIP [eq] USB  Pullback50                                      cap 3|
|    SKIP [eq] VTR  Pullback50                                      cap 3|
|    SKIP [eq] ALV  Pullback50                                      cap 3|
|    SKIP [eq] AM  Pullback50                                       cap 3|
|    SKIP [eq] AVT  Pullback50                                      cap 3|
|    SKIP [eq] BRKR  Pullback50                                     cap 3|
|    SKIP [eq] BWA  Pullback50                                      cap 3|
|    SKIP [eq] CCK  Pullback50                                      cap 3|
|    SKIP [eq] CFR  Pullback50                                      cap 3|
|    SKIP [eq] ELAN  Pullback50                                     cap 3|
|    SKIP [eq] HQY  Pullback50                                      cap 3|
|    SKIP [eq] ITT  Pullback50                                      cap 3|
|    SKIP [eq] NLY  Pullback50                                      cap 3|
|    SKIP [eq] NVST  Pullback50                                     cap 3|
|    SKIP [eq] ORI  Pullback50                                      cap 3|
|    SKIP [eq] RYAN  Pullback50                                     cap 3|
|    SKIP [eq] RS  Pullback50                                       cap 3|
|    SKIP [eq] SIRI  Pullback50                                     cap 3|
|    SKIP [eq] SMTC  Pullback50                                     cap 3|
|    SKIP [eq] SLAB  Pullback50                                     cap 3|
|    SKIP [eq] SNX  Pullback50                                      cap 3|
|    SKIP [eq] UBSI  Pullback50                                     cap 3|
|    SKIP [eq] VMC  RSIRecovery                                     cap 3|
|    SKIP [eq] CNM  RSIRecovery                                     cap 3|
|    SKIP [eq] PNFP  RSIRecovery                                    cap 3|
|    SKIP [eq] UBSI  RSIRecovery                                    cap 3|
|    SKIP [eq] BIIB  TrendResumption                                cap 3|
|    SKIP [eq] DELL  TrendResumption                                cap 3|
|    SKIP [eq] AVTR  TrendResumption                                cap 3|
|    SKIP [eq] SIRI  TrendResumption                                cap 3|
|    SKIP [eq] BF-B  VWAP_Reclaim                                   cap 3|
|    SKIP [eq] DELL  VWAP_Reclaim                                   cap 3|
|    SKIP [eq] GEF  VWAP_Reclaim                                    cap 3|
|    SKIP [eq] TXNM  VWAP_Reclaim                                   cap 3|

+========================================================================+
|                         BUY FILL CONFIRMATION                          |
+========================================================================+
|  Pending submits                                                      2|
+------------------------------------------------------------------------+
|  CNM                                                  still unconfirmed|
|  AES                                                  still unconfirmed|
+========================================================================+
+========================================================================+

+========================================================================+
|                           GTC STOP PLACEMENT                           |
+========================================================================+
|  Waiting 5s for 2 buy submit(s) to settle...                           |
+========================================================================+

+========================================================================+
|                            SESSION SUMMARY                             |
+========================================================================+
|  Regime                                                            BULL|
|  Universe                                                          both|
|  Strategy  GapDown + VolumeSpike (display only — schedule not enforced)|
|  Scanned                                                            898|
|  Signals                                                             54|
|  Entries                                                              0|
20:01:15  INFO        Daily log -> logs/daily/2026-09-02.md
20:01:15  INFO        Dashboard written → logs/dashboard.md
|  Buy submits                              0 confirmed  |  2 unconfirmed|
|  Exits                                                                0|
|  Open pos                                                             1|
|  Equity                                                         $230.19|
|  Cash                                                           $195.68|
+========================================================================+
