19:56:37  INFO      Mode: scan
19:56:38  INFO        [positions] 3/3 (3 valid)
19:56:38  INFO        Universe cache hit: 903 tickers (tickers_2026-09-04.json)
19:56:39  INFO        [universe] 40/900 (40 valid)
19:56:41  INFO        [universe] 80/900 (80 valid)
19:56:42  INFO        [universe] 120/900 (120 valid)
19:56:43  INFO        [universe] 160/900 (160 valid)
19:56:44  INFO        [universe] 200/900 (199 valid)
19:56:52  INFO        [universe] 240/900 (238 valid)
19:57:05  INFO        [universe] 280/900 (278 valid)
19:57:15  INFO        [universe] 320/900 (318 valid)
19:57:28  INFO        [universe] 360/900 (358 valid)
19:57:39  INFO        [universe] 400/900 (397 valid)
19:57:52  INFO        [universe] 440/900 (437 valid)
19:58:05  INFO        [universe] 480/900 (477 valid)
19:58:16  INFO        [universe] 520/900 (517 valid)
19:58:29  INFO        [universe] 560/900 (557 valid)
19:58:39  INFO        [universe] 600/900 (597 valid)
19:58:53  INFO        [universe] 640/900 (637 valid)
19:59:03  INFO        [universe] 680/900 (677 valid)
19:59:16  INFO        [universe] 720/900 (717 valid)
19:59:27  INFO        [universe] 760/900 (757 valid)
19:59:40  INFO        [universe] 800/900 (797 valid)
19:59:53  INFO        [universe] 840/900 (837 valid)
20:00:03  INFO        [universe] 880/900 (877 valid)
20:00:10  INFO        [universe] 900/900 (897 valid)

+========================================================================+
|  RUBBER BAND BOT  v8                                                   |
+------------------------------------------------------------------------+
|  Mode                                                              SCAN|
|  Time                                                         19:56 UTC|
|  Regime                                                            BULL|
|  Universe                                                          both|
|  Equity                                                         $230.44|
+========================================================================+

+========================================================================+
|                   RUBBER BAND BOT v8  --  DAILY SCAN                   |
+========================================================================+
|  Mode                                                      *** LIVE ***|
|  Date                                                        2026-09-04|
|  Universe                                                          both|
|  Mo~  Sep: GapDown + VolumeSpike (display only — schedule not enforced)|
|  Disabled  GapDown, GoldenPocket, VolumeSpike (see DISABLED_STRATEGIES)|
|  Regime                                                            BULL|
|  Exit                                      midline / stop-0.5% / 3d max|
+========================================================================+

+========================================================================+
|                                ACCOUNT                                 |
+========================================================================+
|  Equity (total)                                                 $230.44|
|  Cash                                                           $126.02|
|  Reserve                                          $11.52  (always kept)|
|  Stock~  $104.42 / $172.83  (75% equity; 25% reserved for live options)|
|  Options MV                        $0.00  open P&L $+0.00  (0 contract)|
|  Available                                     $68.41  (new stock buys)|
|  Trade size             $34.57  (15% per signal — all strategies equal)|
+========================================================================+

+========================================================================+
|                        STOCK HOLDINGS  (3 open)                        |
+========================================================================+
|  TICKER   STRATEGY        INVESTED   ENTRY    NOW      P&L%    P&L$    |
+------------------------------------------------------------------------+
|  AMZN     Pullback50      $35.02     $255.49  $258.75  +1.3%   $+0.44  |
|  FLEX     MomReversal     $34.53     $109.37  $109.24  -0.1%   $-0.04  |
|  LII      MomReversal     $34.87     $386.29  $389.73  +0.9%   $+0.31  |
|                                                                        |
|  Total invested                                                 $104.42|
|  Total open P&L                                                  $+0.71|
|  Buys today: 0  |  entry cap: 0  |  max open: 3                        |
+========================================================================+

+========================================================================+
|                               PLAN CACHE                               |
+========================================================================+
|  Mode                                                           evening|
|  File                                      logs/plans/evening_plan.json|
|  Use cached plan                                 no (stale (113782.5m))|
+========================================================================+

+========================================================================+
|          EXIT EVALUATION  (EOD -- midline + stop + max-hold)           |
+========================================================================+
|  FLEX  P&L -0.1%  $-0.04                                           HOLD|
|  LII  P&L +0.9%  $+0.31                                            HOLD|
|  AMZN  P&L +1.3%  $+0.44                                           HOLD|
+========================================================================+

+========================================================================+
|                           EXIT EVAL SUMMARY                            |
+========================================================================+
|  Exit eval    attempted 0 | filled 0 | partial 0 | pending 0 | failed 0|
|  Other skips     already logged today 0  |  no price data 0  |  holds 3|
|  Stop-loss breaches                                                none|
|  Stop-loss look file                  logs/stop_losses_to_look_into.txt|
|  New investigations added                                             0|
+========================================================================+

+========================================================================+
|                             DATA DOWNLOAD                              |
+========================================================================+
|  Universe: both  |  Alpaca primary / yfinance fallback                 |
+========================================================================+

+========================================================================+
|                              SIGNAL SCAN                               |
+========================================================================+
|  Month: Sep  |  Regime: BULL                                           |
|  Primary: GapDown  |  Secondary: VolumeSpike (display only — schedule ~|
|  Source                                                       live scan|
+========================================================================+

+========================================================================+
|                         SIGNALS FOUND  --  58                          |
+========================================================================+
|  TICKER   STRATEGY        TIER   PRICE    RSI    VOL_Z   TRIGGER       |
+------------------------------------------------------------------------+
|  AMCR     Pullback50      eq     $45.20   48.1   -1.84   50MA bounce (-|
|  BALL     Pullback50      eq     $62.78   61.8   -0.93   50MA bounce (-|
|  TECH     Pullback50      eq     $72.43   51.3   -1.04   50MA bounce (+|
|  CHD      Pullback50      eq     $98.65   52.6   -2.21   50MA bounce (-|
|  CFG      Pullback50      eq     $70.83   34.4   -1.55   50MA bounce (-|
|  DLR      Pullback50      eq     $188.40  35.9   -0.92   50MA bounce (+|
|  ECL      Pullback50      eq     $279.65  55.1   -1.33   50MA bounce (+|
|  GS       Pullback50      eq     $1039.~  47.0   -1.91   50MA bounce (-|
|  IBKR     Pullback50      eq     $92.75   47.4   -1.74   50MA bounce (+|
|  JBHT     Pullback50      eq     $273.62  42.7   -0.71   50MA bounce (-|
|  KEYS     Pullback50      eq     $326.70  29.8   -1.11   50MA bounce (+|
|  JCI      Pullback50      eq     $144.76  33.2   -1.50   50MA bounce (+|
|  KLAC     MomReversal     eq     $186.09  32.0   0.31    -91.3% drop/60|
|  KLAC     RSIRecovery     eq     $186.09  32.0   0.31    RSI 14.6→32.0 |
|  MDLZ     Pullback50      eq     $61.27   44.1   -0.62   50MA bounce (-|
|  MCO      Pullback50      eq     $493.33  58.2   -2.16   50MA bounce (+|
|  STX      Pullback50      eq     $848.34  31.0   -1.24   50MA bounce (-|
|  TFC      Pullback50      eq     $51.73   44.7   -2.26   50MA bounce (+|
|  USB      Pullback50      eq     $63.40   41.1   -1.75   50MA bounce (+|
|  VRT      Pullback50      eq     $280.52  44.1   -1.45   50MA bounce (-|
|  VTRS     Pullback50      eq     $16.89   63.0   -1.60   50MA bounce (+|
|  WAB      Pullback50      eq     $282.59  28.3   -1.96   50MA bounce (-|
|  ASB      Pullback50      eq     $31.07   37.3   -0.83   50MA bounce (+|
|  BKH      Pullback50      eq     $73.12   48.3   -1.28   50MA bounce (-|
|  CBSH     Pullback50      eq     $58.39   36.4   -2.32   50MA bounce (-|20:00:12  INFO        place_all_stops: checking 3 positions...
20:00:12  INFO        STOP skipped AMZN: fractional (0.1353 shares) — software exit will handle it
20:00:12  INFO        STOP skipped FLEX: fractional (0.3161 shares) — software exit will handle it
20:00:12  INFO        STOP skipped LII: fractional (0.0895 shares) — software exit will handle it
20:00:12  INFO        Daily log -> logs/daily/2026-09-04.md
20:00:12  INFO        Dashboard written → logs/dashboard.md

|  CFR      Pullback50      eq     $162.88  33.3   -0.94   50MA bounce (+|
|  CHE      Pullback50      eq     $520.84  47.3   -1.44   50MA bounce (+|
|  EEFT     Pullback50      eq     $73.81   60.1   -0.54   50MA bounce (-|
|  ELAN     Pullback50      eq     $24.46   57.6   -0.90   50MA bounce (-|
|  EWBC     Pullback50      eq     $130.82  35.3   -1.98   50MA bounce (-|
|  EPR      Pullback50      eq     $60.19   47.4   0.62    50MA bounce (-|
|  FIVE     EarningsDrift   eq     $252.37  58.5   0.66    post-earnings |
|  GATX     Pullback50      eq     $178.12  42.9   -1.57   50MA bounce (-|
|  HWC      Pullback50      eq     $75.83   34.1   -0.90   50MA bounce (-|
|  HOMB     Pullback50      eq     $30.16   35.4   -2.03   50MA bounce (+|
|  IESC     MomReversal     eq     $322.75  8.0    1.59    -52.4% drop/60|
|  JAZZ     Pullback50      eq     $246.78  48.6   -0.79   50MA bounce (-|
|  KNX      Pullback50      eq     $72.08   48.3   0.27    50MA bounce (-|
|  MSM      Pullback50      eq     $121.53  44.0   -1.84   50MA bounce (-|
|  NLY      Pullback50      eq     $22.84   38.6   -0.55   50MA bounce (-|
|  NWE      Pullback50      eq     $70.76   49.6   -0.94   50MA bounce (-|
|  NVT      Pullback50      eq     $155.97  30.3   -0.45   50MA bounce (-|
|  ONB      Pullback50      eq     $26.07   34.2   -1.65   50MA bounce (-|
|  OZK      Pullback50      eq     $50.39   43.5   -1.45   50MA bounce (-|
|  ROIV     Pullback50      eq     $34.93   41.5   -0.45   50MA bounce (-|
|  RYAN     Pullback50      eq     $41.90   51.5   -1.15   50MA bounce (-|
|  RS       Pullback50      eq     $401.03  36.3   -0.56   50MA bounce (+|
|  SFM      Pullback50      eq     $81.30   51.4   -0.74   50MA bounce (-|
|  SITM     Pullback50      eq     $612.10  29.9   -0.99   50MA bounce (+|
|  TRU      Pullback50      eq     $79.90   53.0   3.19    50MA bounce (+|
|  UBSI     Pullback50      eq     $47.87   37.5   -1.74   50MA bounce (+|
|  UMBF     Pullback50      eq     $143.73  31.5   -1.29   50MA bounce (-|
|  VFC      MomReversal     eq     $13.46   33.0   0.57    -18.0% drop/60|
|  VFC      RSIRecovery     eq     $13.46   33.0   0.57    RSI 22.0→33.0 |
|  USFD     Pullback50      eq     $104.15  33.5   -1.60   50MA bounce (+|
|  WTS      Pullback50      eq     $363.30  34.2   0.12    50MA bounce (+|
|  XPO      RSIRecovery     eq     $193.18  32.2   1.15    RSI 18.6→32.2 |
|  ZION     Pullback50      eq     $69.36   39.1   -1.53   50MA bounce (-|
|                                                                        |
+========================================================================+

+========================================================================+
|                              ENTRY ORDERS                              |
+========================================================================+
|  Skipped                                  no entry slots (max_trades=0)|
+========================================================================+

+========================================================================+
|                            SESSION SUMMARY                             |
+========================================================================+
|  Regime                                                            BULL|
|  Universe                                                          both|
|  Strategy  GapDown + VolumeSpike (display only — schedule not enforced)|
|  Scanned                                                            897|
|  Signals                                                             58|
|  Entries                                                              0|
|  Buy submits                              0 confirmed  |  0 unconfirmed|
|  Exits                                                                0|
|  Open pos                                                             3|
|  Equity                                                         $230.56|
|  Cash                                                           $126.02|
+========================================================================+
