13:52:04  INFO      Mode: morning_scan
13:52:04  INFO        Universe cache hit: 903 tickers (tickers_2026-09-10.json)
13:52:05  INFO        [universe] 40/903 (40 valid)
13:52:07  INFO        [universe] 80/903 (80 valid)
13:52:08  INFO        [universe] 120/903 (120 valid)
13:52:09  INFO        [universe] 160/903 (160 valid)
13:52:10  INFO        [universe] 200/903 (199 valid)
13:52:17  INFO        [universe] 240/903 (238 valid)
13:52:30  INFO        [universe] 280/903 (278 valid)
13:52:41  INFO        [universe] 320/903 (318 valid)
13:52:54  INFO        [universe] 360/903 (358 valid)
13:53:07  INFO        [universe] 400/903 (397 valid)
13:53:17  INFO        [universe] 440/903 (437 valid)
13:53:30  INFO        [universe] 480/903 (477 valid)
13:53:41  INFO        [universe] 520/903 (517 valid)
13:53:54  INFO        [universe] 560/903 (557 valid)
13:54:07  INFO        [universe] 600/903 (597 valid)
13:54:17  INFO        [universe] 640/903 (637 valid)
13:54:30  INFO        [universe] 680/903 (677 valid)
13:54:41  INFO        [universe] 720/903 (717 valid)
13:54:54  INFO        [universe] 760/903 (757 valid)
13:55:07  INFO        [universe] 800/903 (797 valid)
13:55:17  INFO        [universe] 840/903 (837 valid)
13:55:31  INFO        [universe] 880/903 (877 valid)
13:55:37  INFO        [universe] 903/903 (900 valid)
13:55:39  INFO        BUY  ABBV  $34.11  [Pullback50]  id=6f444218-c2d3-4b39-8cff-49cc6840daf4
13:55:39  INFO        BUY  AES  $34.11  [Pullback50]  id=41c1feb7-3c1e-4196-b439-aa5f82b50530
13:55:39  INFO        BUY  MO  $34.11  [Pullback50]  id=cbc3f9c7-c354-4546-b29d-3d099d9a9c83

+========================================================================+
|  RUBBER BAND BOT  v8                                                   |
+------------------------------------------------------------------------+
|  Mode                                                      MORNING_SCAN|
|  Time                                                         13:52 UTC|
|  Regime                                                            BULL|
|  Universe                                                          both|
|  Equity                                                         $227.40|
+========================================================================+

+========================================================================+
|                   RUBBER BAND BOT v8  --  DAILY SCAN                   |
+========================================================================+
|  Mode                                                      *** LIVE ***|
|  Date                                                        2026-09-10|
|  Universe                                                          both|
|  Mo~  Sep: GapDown + VolumeSpike (display only — schedule not enforced)|
|  Disabled  GapDown, GoldenPocket, VolumeSpike (see DISABLED_STRATEGIES)|
|  Regime                                                            BULL|
|  Exit                                      midline / stop-0.5% / 3d max|
+========================================================================+

+========================================================================+
|                                ACCOUNT                                 |
+========================================================================+
|  Equity (total)                                                 $227.40|
|  Cash                                                           $227.40|
|  Reserve                                          $11.37  (always kept)|
|  Stocks ~  $0.00 / $170.55  (75% equity; 25% reserved for live options)|
|  Options MV                        $0.00  open P&L $+0.00  (0 contract)|
|  Available                                    $170.55  (new stock buys)|
|  Trade size             $34.11  (15% per signal — all strategies equal)|
+========================================================================+

+========================================================================+
|                        STOCK HOLDINGS  (0 open)                        |
+========================================================================+
|                                                                        |
|  No open positions.                                                    |
|                                                                        |
|  Buys today: 0  |  entry cap: 3  |  max open: 3                        |
+========================================================================+

+========================================================================+
|                               PLAN CACHE                               |
+========================================================================+
|  Mode                                                           morning|
|  File                                      logs/plans/morning_plan.json|
|  Use cached plan                                  no (stale (21616.6m))|
+========================================================================+

+========================================================================+
|                             DATA DOWNLOAD                              |
+========================================================================+
|  Universe: both  |  Alpaca primary / yfinance fallback                 |
+========================================================================+

+========================================================================+
|                              SIGNAL SCAN                               |
+========================================================================+
|  Month: Sep  |  Regime: BULL                                           |
|  Primary: GapDown  |  Secondary: VolumeSpike (display only — schedule ~|
|  Source                                                       live scan|
+========================================================================+

+========================================================================+
|                         SIGNALS FOUND  --  25                          |
+========================================================================+
|  TICKER   STRATEGY        TIER   PRICE    RSI    VOL_Z   TRIGGER       |
+------------------------------------------------------------------------+
|  ABBV     Pullback50      eq     $254.06  40.2   -3.26   50MA bounce (-|
|  AES      Pullback50      eq     $14.81   59.6   -2.08   50MA bounce (+|
|  MO       Pullback50      eq     $69.08   59.5   -2.53   50MA bounce (-|
|  AAPL     Pullback50      eq     $319.39  59.1   -2.43   50MA bounce (+|
|  CI       Pullback50      eq     $283.64  60.3   -2.76   50MA bounce (+|
|  COHR     Pullback50      eq     $301.42  55.3   -2.06   50MA bounce (-|
|  EG       Pullback50      eq     $371.65  53.1   -2.45   50MA bounce (-|
|  FFIV     Pullback50      eq     $404.54  62.5   -2.31   50MA bounce (+|
|  FAST     Pullback50      eq     $48.39   36.7   -3.27   50MA bounce (-|
|  FTNT     Pullback50      eq     $160.08  57.8   -2.51   50MA bounce (+|
|  GM       Pullback50      eq     $84.58   44.4   -2.58   50MA bounce (+|
|  MA       Pullback50      eq     $566.33  45.3   -2.91   50MA bounce (+|
|  MS       Pullback50      eq     $214.56  63.3   -3.51   50MA bounce (-|
|  NTRS     Pullback50      eq     $185.73  58.2   -2.97   50MA bounce (+|
|  V        Pullback50      eq     $366.76  51.0   -2.11   50MA bounce (+|
|  WRB      Pullback50      eq     $70.58   58.6   -1.80   50MA bounce (-|
|  AVAV     RSIRecovery     eq     $150.32  41.4   0.88    RSI 22.8→41.4 |
|  ATI      Pullback50      eq     $203.01  43.2   -0.87   50MA bounce (+|
|  BWA      Pullback50      eq     $65.01   50.7   -3.04   50MA bounce (-|
|  CHE      Pullback50      eq     $521.22  40.4   -1.93   50MA bounce (+|
|  KEX      Pullback50      eq     $138.09  46.9   -3.09   50MA bounce (-|
|  KNSL     Pullback50      eq     $365.23  39.6   -3.02   50MA bounce (+|
|  NWE      Pullback50      eq     $70.58   48.8   -2.74   50MA bounce (-|
|  SANM     Pullback50      eq     $203.29  59.5   -2.51   50MA bounce (+|
|  TOST     Pullback50      eq     $32.64   31.6   -2.65   50MA bounce (-|
|                                                                        |
+========================================================================+

+========================================================================+
|                              ENTRY ORDERS                              |
+========================================================================+
|    ENTER [eq] ABBV  Pullback50                                   $34.11|
|    BUY SUBMITTED [e~  fill pending — batched confirmation after entries|
|    ENTER [eq] AES  Pullback50                                    $34.11|
|    BUY SUBMITTED [e~  fill pending — batched confirmation after entries|
|    ENTER [eq] MO  Pullback50                                     $34.11|
|    BUY SUBMITTED [e~  fill pending — batched confirmation after entries|
|    SKIP [eq] AAPL  Pullback50                                     cap 3|
|    SKIP [eq] CI  Pullback50                                       cap 3|
|    SKIP [eq] COHR  Pullback50                                     cap 3|
|    SKIP [eq] EG  Pullback50                                       cap 3|
|    SKIP [eq] FFIV  Pullback50                                     cap 3|
|    SKIP [eq] FAST  Pullback50                                     cap 3|
|    SKIP [eq] FTNT  Pullback50                                     cap 3|
|    SKIP [eq] GM  Pullback50                                       cap 3|
|    SKIP [eq] MA  Pullback50                                       cap 3|
|    SKIP [eq] MS  Pullback50                                       cap 3|13:56:10  INFO        place_all_stops: checking 3 positions...
13:56:10  INFO        STOP skipped ABBV: fractional (0.1343 shares) — software exit will handle it
13:56:10  INFO        STOP-MARKET placed AES  qty=2 (pos=2.3013)  stop=$14.74  id=3ec801bd-c5fe-4419-9699-42d0c260fbe2
13:56:10  INFO        STOP skipped MO: fractional (0.4947 shares) — software exit will handle it
13:56:10  INFO        Daily log -> logs/daily/2026-09-10.md
13:56:10  INFO        Dashboard written → logs/dashboard.md

|    SKIP [eq] NTRS  Pullback50                                     cap 3|
|    SKIP [eq] V  Pullback50                                        cap 3|
|    SKIP [eq] WRB  Pullback50                                      cap 3|
|    SKIP [eq] ATI  Pullback50                                      cap 3|
|    SKIP [eq] BWA  Pullback50                                      cap 3|
|    SKIP [eq] CHE  Pullback50                                      cap 3|
|    SKIP [eq] KEX  Pullback50                                      cap 3|
|    SKIP [eq] KNSL  Pullback50                                     cap 3|
|    SKIP [eq] NWE  Pullback50                                      cap 3|
|    SKIP [eq] SANM  Pullback50                                     cap 3|
|    SKIP [eq] TOST  Pullback50                                     cap 3|
|    SKIP [eq] AVAV  RSIRecovery                                    cap 3|

+========================================================================+
|                         BUY FILL CONFIRMATION                          |
+========================================================================+
|  Pending submits                                                      3|
+------------------------------------------------------------------------+
|  ABBV                                                 still unconfirmed|
|  AES                                                  still unconfirmed|
|  MO                                                   still unconfirmed|
+========================================================================+
+========================================================================+

+========================================================================+
|                           GTC STOP PLACEMENT                           |
+========================================================================+
|  Waiting 5s for 3 buy submit(s) to settle...                           |
+========================================================================+

+========================================================================+
|                            SESSION SUMMARY                             |
+========================================================================+
|  Regime                                                            BULL|
|  Universe                                                          both|
|  Strategy  GapDown + VolumeSpike (display only — schedule not enforced)|
|  Scanned                                                            900|
|  Signals                                                             25|
|  Entries                                                              0|
|  Buy submits                              0 confirmed  |  3 unconfirmed|
|  Exits                                                                0|
|  Open pos                                                             3|
|  Equity                                                         $227.38|
|  Cash                                                           $125.10|
+========================================================================+
