14:51:10  INFO      Mode: exits
14:51:11  INFO        Daily log -> logs/daily/2026-07-23.md
14:51:11  INFO        Daily log reconciled -> logs/daily/2026-07-23.md (3 ledger rows)
14:51:11  INFO        place_all_stops: checking 4 positions...
14:51:11  INFO        STOP skipped AEP: fractional (0.7305 shares) — software exit will handle it
14:51:11  INFO        STOP already live CARR @ $67.75
14:51:11  INFO        STOP skipped DTE: fractional (0.6516 shares) — software exit will handle it
14:51:11  INFO        STOP skipped LNT: fractional (0.3038 shares) — software exit will handle it
14:51:12  INFO        [positions] 4/4 (4 valid)
14:51:12  INFO        Daily log -> logs/daily/2026-07-23.md

+========================================================================+
|  RUBBER BAND BOT  v8                                                   |
+------------------------------------------------------------------------+
|  Mode                                                             EXITS|
|  Time                                                         14:51 UTC|
|  Regime                                                            BULL|
|  Universe                                                          both|
|  Equity                                                         $483.58|
+========================================================================+

+========================================================================+
|                               EXIT CHECK                               |
+========================================================================+
|  Exit logic                   stop-0.5% / 3d max  (midline at EOD only)|
+------------------------------------------------------------------------+
|  DTE  P&L +0.6%  $+0.59                                            HOLD|
|  LNT  P&L +0.9%  $+0.19                                            HOLD|
|  CARR  P&L +2.0%  $+1.93                                           HOLD|
|  AEP  P&L +2.2%  $+2.11                                            HOLD|
+========================================================================+

+========================================================================+
|                            EXIT RUN SUMMARY                            |
+========================================================================+
|  Mode                                                             exits|
|  Candidates                                                           4|
|  Deferred/Skipped                                      already logged 0|
|  Data skips                                             no price data 0|
|  Se~  0 attempted  |  0 filled  |  0 partial  |  0 pending  |  0 failed|
|  Holds                                                                4|
|  Logged exits                                                         0|
+========================================================================+

+========================================================================+
|                      STOP-LOSS BREACHES THIS RUN                       |
+========================================================================+
|  None                                                                  |
+========================================================================+
|  Stop-loss look file                  logs/stop_losses_to_look_into.txt|
|  New investigations added                                             0|
+========================================================================+
