options_reconcile: state=/home/runner/work/TradingBot/TradingBot/logs/options_trial/_state/lab_state.json
  open_lots=35 paper_keys=yes dry_run=False
  alpaca positions=12
options_reconcile: done
Layout: grid:100:baseline (layout changed controlled:100:c000_s173_w1_0928_1005_r1 -> grid:100:baseline)
Trial layout: /home/runner/work/TradingBot/TradingBot/logs/options_trial
Docs:         skipped (local docs unavailable on this runner)
Buckets:      100
=== options_morning_bot (PAPER) 2026-08-20T13:31:41.245867-04:00 ===

[Run context]
2026-08-20 13:31:41,414 WARNING paper get_account failed attempt 1/3 (transient): {"code":50010000,"message":"internal server error occurred"}; sleep 2s
2026-08-20 13:31:43,431 WARNING paper get_account failed attempt 2/3 (transient): {"code":50010000,"message":"internal server error occurred"}; sleep 4s
2026-08-20 13:31:47,447 ERROR paper get_account failed after 3 attempts: {"code":50010000,"message":"internal server error occurred"}
WARN: get_account failed ({"code":50010000,"message":"internal server error occurred"}) but positions OK (n=12). Keys are fine; Alpaca account endpoint is flaky. Using cached equity $122196.11.
2026-08-20 13:31:47,480 WARNING paper get_account failed attempt 1/2 (transient): {"code":50010000,"message":"internal server error occurred"}; sleep 2s
2026-08-20 13:31:49,551 ERROR paper get_account failed after 2 attempts: {"code":50010000,"message":"internal server error occurred"}
WARN: using cached paper equity $122196.11 (get_account: {"code":50010000,"message":"internal server error occurred"})
2026-08-20 13:31:49,569 WARNING lab get_account failed attempt 1/2: {"code":50010000,"message":"internal server error occurred"}
2026-08-20 13:31:51,587 ERROR lab get_account failed after 2 attempts: {"code":50010000,"message":"internal server error occurred"}

[Setup]
LIVE MIRROR control study — strategies: S210, S218, S404, S406 | baseline arm only (same TP/SL as live micro)
Allowed (new entries only): S210, S218, S404, S406
  EXIT [b115|lab0115_s212_w4_1120_1135_r2|S212] stop_loss (-100.0%) SELL failed MCD260821C00290000: {"code":50010000,"message":"internal server error occurred"}
  EXIT [b114|lab0114_s212_w4_1120_1135_r1|S212] stop_loss (-100.0%) SELL failed MCD260821C00290000: {"code":50010000,"message":"internal server error occurred"}
  EXIT [b780|lab0780_s397_w3_1045_1120_r1|S397] take_profit (+1180.8%) SELL failed MSTR260821C00102000: {"code":50010000,"message":"internal server error occurred"}
  EXIT [b0|orphan_reconcile|ORPHAN] take_profit (+1180.8%) SELL failed MSTR260821C00102000: {"code":50010000,"message":"internal server error occurred"}
  EXIT [b773|lab0773_s396_w3_1045_1120_r2|S396] take_profit (+209.9%) SELL failed MARA260821C00008500: {"code":50010000,"message":"internal server error occurred"}
  EXIT [b772|lab0772_s396_w3_1045_1120_r1|S396] take_profit (+209.9%) SELL failed MARA260821C00008500: {"code":50010000,"message":"internal server error occurred"}
  EXIT [b776|lab0776_s397_w1_0928_1005_r1|S397] take_profit (+263.8%) SELL failed MARA260821C00009000: {"code":50010000,"message":"internal server error occurred"}
  EXIT [b0|orphan_reconcile|ORPHAN] take_profit (+263.8%) SELL failed MARA260821C00009000: {"code":50010000,"message":"internal server error occurred"}
  EXIT [b239|lab0239_s401_w3_1045_1120_r2|S401] take_profit (+267.5%) SELL failed PFE260821C00026500: {"code":50010000,"message":"internal server error occurred"}
  EXIT [b238|lab0238_s401_w3_1045_1120_r1|S401] take_profit (+267.5%) SELL failed PFE260821C00026500: {"code":50010000,"message":"internal server error occurred"}
  EXIT [b796|lab0796_s399_w3_1045_1120_r1|S399] take_profit (+1450.0%) SELL failed MSTR260821C00104000: {"code":50010000,"message":"internal server error occurred"}
  EXIT [b803|lab0803_s404_w2_1005_1045_r2|S404] take_profit (+1182.6%) SELL failed MSTR260821C00103000: {"code":50010000,"message":"internal server error occurred"}
  EXIT [b802|lab0802_s404_w2_1005_1045_r1|S404] take_profit (+1182.6%) SELL failed MSTR260821C00103000: {"code":50010000,"message":"internal server error occurred"}
  EXIT [b779|lab0779_s397_w2_1005_1045_r2|S397] take_profit (+1182.6%) SELL failed MSTR260821C00103000: {"code":50010000,"message":"internal server error occurred"}
  EXIT [b0|orphan_reconcile|ORPHAN] take_profit (+1182.6%) SELL failed MSTR260821C00103000: {"code":50010000,"message":"internal server error occurred"}
  EXIT [b305|lab0305_s354_w1_0928_1005_r2|S354] take_profit (+458.0%) SELL failed MARA260821C00009500: {"code":50010000,"message":"internal server error occurred"}
  EXIT [b816|lab0816_s405_w2_1005_1045_r1|S405] take_profit (+458.0%) SELL failed MARA260821C00009500: {"code":50010000,"message":"internal server error occurred"}
  EXIT [b787|lab0787_s398_w2_1005_1045_r2|S398] take_profit (+458.0%) SELL failed MARA260821C00009500: {"code":50010000,"message":"internal server error occurred"}
  EXIT [b786|lab0786_s398_w2_1005_1045_r1|S398] take_profit (+458.0%) SELL failed MARA260821C00009500: {"code":50010000,"message":"internal server error occurred"}
  EXIT [b315|lab0315_s355_w2_1005_1045_r2|S355] take_profit (+458.0%) SELL failed MARA260821C00009500: {"code":50010000,"message":"internal server error occurred"}
  EXIT [b314|lab0314_s355_w2_1005_1045_r1|S355] take_profit (+458.0%) SELL failed MARA260821C00009500: {"code":50010000,"message":"internal server error occurred"}
  EXIT [b307|lab0307_s354_w2_1005_1045_r2|S354] take_profit (+458.0%) SELL failed MARA260821C00009500: {"code":50010000,"message":"internal server error occurred"}
  EXIT [b306|lab0306_s354_w2_1005_1045_r1|S354] take_profit (+458.0%) SELL failed MARA260821C00009500: {"code":50010000,"message":"internal server error occurred"}
  EXIT [b817|lab0817_s405_w2_1005_1045_r2|S405] take_profit (+458.0%) SELL failed MARA260821C00009500: {"code":50010000,"message":"internal server error occurred"}
  EXIT [b789|lab0789_s398_w3_1045_1120_r2|S398] take_profit (+458.0%) SELL failed MARA260821C00009500: {"code":50010000,"message":"internal server error occurred"}
  EXIT [b788|lab0788_s398_w3_1045_1120_r1|S398] take_profit (+458.0%) SELL failed MARA260821C00009500: {"code":50010000,"message":"internal server error occurred"}
  EXIT [b317|lab0317_s355_w3_1045_1120_r2|S355] take_profit (+458.0%) SELL failed MARA260821C00009500: {"code":50010000,"message":"internal server error occurred"}
  EXIT [b309|lab0309_s354_w3_1045_1120_r2|S354] take_profit (+458.0%) SELL failed MARA260821C00009500: {"code":50010000,"message":"internal server error occurred"}
  EXIT [b308|lab0308_s354_w3_1045_1120_r1|S354] take_profit (+458.0%) SELL failed MARA260821C00009500: {"code":50010000,"message":"internal server error occurred"}
  EXIT [b818|lab0818_s405_w3_1045_1120_r1|S405] take_profit (+458.0%) SELL failed MARA260821C00009500: {"code":50010000,"message":"internal server error occurred"}
  EXIT [b819|lab0819_s405_w3_1045_1120_r2|S405] take_profit (+458.0%) SELL failed MARA260821C00009500: {"code":50010000,"message":"internal server error occurred"}
  EXIT [b784|lab0784_s398_w1_0928_1005_r1|S398] take_profit (+458.0%) SELL failed MARA260821C00009500: {"code":50010000,"message":"internal server error occurred"}
  EXIT [b0|orphan_reconcile|ORPHAN] take_profit (+458.0%) SELL failed MARA260821C00009500: {"code":50010000,"message":"internal server error occurred"}
  EXIT [b795|lab0795_s399_w2_1005_1045_r2|S399] take_profit (+1252.9%) SELL failed MSTR260821C00105000: {"code":50010000,"message":"internal server error occurred"}
  EXIT [b0|orphan_reconcile|ORPHAN] take_profit (+1252.9%) SELL failed MSTR260821C00105000: {"code":50010000,"message":"internal server error occurred"}
Protective stops: placed=0 already=0 failed=9

[Manage only]
Past entry window; manage/exit only.

[Portfolio snapshot]
+========================================================================+
|[OPTIONS BOT DAILY VITALS (MATRIX EXPERIMENT)]                          |
+========================================================================+
|-- ACCOUNT STATUS (manage-only) --                                      |
|Equity       : $122,196.11                                              |
|Open Risk    : 35 lots (9 broker pos)                                   |
|Today's Run  : 0 signals -> 0 orders submitted                          |
|                                                                        |
|-- SYSTEM HEALTH --                                                     |
|Zombies      : 1 WARN: See reconcile                                    |
|Lab Status   : 35 Active Lots | 0 Pending Orders                        |
|Auto-Matrix  : (Pending EOD report generation)                          |
+========================================================================+
+========================================================================+
|[DATA QUALITY: CLEAN vs ERRORS vs KEEP-ONLY]                            |
+========================================================================+
|  CLEAN              n=821   win= 41.8%  med= -47.5%  $+8,207           |
|  TAINTED            n=1761  win= 33.0%  med= -39.3%  $-9,205           |
|  KEEP-only          n=294   win= 63.3%  med= +37.5%  $+5,699           |
|  KEEP recent        n=106   win= 58.5%  med= +50.0%  $+1,673           |
|  KEEP(10): S173,S174,S210,S218,S350,S397,S398,S401...                  |
|  KILL(16): ORPHAN,S165,S203,S207,S211,S212,S217,S351...                |
+========================================================================+
+========================================================================+
|[+++ OVERPERFORMING STRATEGIES (n>=10)]                                 |
+========================================================================+
|  BKT  PROFILE                   WIN%   MED%   TOTAL TRADES             |
|  ---------------------------------------------------------             |
|  b832 lab0832_s406_w3_1045..  82%  +126.9%    11                       |
|  b238 lab0238_s401_w3_1045..  80%  +109.5%    15                       |
|  b861 lab0861_s408_w3_1045..  73%  +100.0%    11                       |
|  b365 lab0365_s361_w2_1005..  90%  +82.8%    10                        |
+========================================================================+
|[--- UNDERPERFORMING STRATEGIES (n>=10)]                                |
+========================================================================+
|  BKT  PROFILE                   WIN%   MED%   TOTAL TRADES             |
|  ---------------------------------------------------------             |
|  b47  g047_lim_tp20_sl50       4%  -78.0%    28                        |
|  b109 c109_s202_w3_1045_11..   0%  -77.5%    10                        |
|  b114 lab0114_s212_w4_1120..   0%  -73.5%    11                        |
|  b113 lab0113_s212_w3_1045..   7%  -71.4%    15                        |
+========================================================================+
+========================================================================+
|[OPEN OPTIONS (9)]                                                      |
+========================================================================+
|  SYMBOL                      QTY    RET%        OPEN P&L               |
|  ---------------------------------------------------------             |
|  MSTR260821C00102000           4  +1201.4%   $ +3,508.00               |
|  MSTR260821C00103000           4  +1146.4%   $ +3,164.00               |
|  MARA260821C00009500          24   +428.7%   $ +2,452.00               |
|  MSTR260821C00105000           2  +1233.3%   $ +1,258.00               |
|  MSTR260821C00104000           1  +1440.0%   $   +720.00               |
|  MARA260821C00009000           4   +266.0%   $   +500.00               |
|  MARA260821C00008500           2   +211.3%   $   +300.00               |
|  PFE260821C00026500            2   +267.5%   $   +214.00               |
|  ... 1 more position(s)                                                |
+========================================================================+
Full detail: logs/options_trial/runs/2026-08-20.log
elapsed=156.1s reconcile=2.11s cancel=0.01s manage=144.54s
STATUS: options_morning_bot run complete (PAPER) elapsed=156.1s. run=#7654 https://github.com/28twagg-ops/TradingBot/actions/runs/32397947702
Evaluation complete: 100 strategies evaluated, 0 killed, 0 promote candidates.
Wrote /home/runner/work/TradingBot/TradingBot/logs/options_trial/reports/2026-08-20_buckets.md
Wrote /home/runner/work/TradingBot/TradingBot/logs/options_trial/reports/2026-08-20_buckets.csv
Summary: 0 buckets closed trades, $+0.00 realized
STALE WARNING: 1 bucket(s) with open lots and last_entry >5d
Wrote /home/runner/work/TradingBot/TradingBot/logs/options_trial/reports/2026-08-20_strategy_selection.md
Wrote /home/runner/work/TradingBot/TradingBot/logs/options_trial/reports/2026-08-20_strategy_selection.csv
Summary: keep=0 watch=79 drop=26
Orphan rate: 13.4% (345/2582) ALERT
# Options signal frequency

_Generated 2026-08-20T13:34:22.334320_

Headline counts are **unique (strategy, underlying, date)** from `ENTRY` lines in `logs/options_trial/runs/*.log`.
Raw log-line counts (multi-bucket duplicates) are shown below for debug.

### Unique underlying symbols per day (headline)

| Date       | S163 | S164 | S165 | S166 | S167 | S168 | S169 | S170 | S171 | S172 | S175 | S173 | S174 | Total |
|------------|-----:|-----:|-----:|-----:|-----:|-----:|-----:|-----:|-----:|-----:|-----:|-----:|-----:|------:|
| 2026-07-07 |    0 |    0 |    0 |    0 |    0 |    0 |    0 |    0 |    0 |    0 |    0 |    1 |    0 |     1 |
| 2026-07-08 |    0 |    0 |    3 |    0 |    0 |    0 |    0 |    0 |    0 |    0 |    0 |    2 |    1 |     6 |
| 2026-07-09 |    0 |    0 |    1 |    0 |    0 |    0 |    0 |    0 |    0 |    0 |    0 |    2 |    3 |     6 |
| 2026-07-10 |    0 |    0 |    1 |    0 |    0 |    0 |    0 |    0 |    0 |    0 |    0 |    1 |    1 |     3 |
| 2026-07-13 |    0 |    0 |    2 |    0 |    0 |    0 |    0 |    0 |    0 |    0 |    0 |    3 |    2 |     7 |
| 2026-07-14 |    0 |    0 |    3 |    0 |    0 |    0 |    0 |    0 |    0 |    0 |    0 |    2 |    0 |     5 |
| 2026-07-16 |    0 |    0 |    2 |    0 |    0 |    0 |    0 |    0 |    0 |    0 |    0 |    3 |    0 |     5 |
| 2026-07-17 |    0 |    0 |    2 |    0 |    0 |    0 |    0 |    0 |    0 |    0 |    0 |    2 |    0 |     4 |
| 2026-07-20 |    0 |    0 |    0 |    0 |    0 |    0 |    0 |    0 |    0 |    0 |    0 |    1 |    0 |     1 |
| 2026-07-21 |    1 |    2 |    1 |    1 |    2 |    2 |    0 |    0 |    0 |    0 |    0 |    0 |    0 |     9 |
| 2026-07-22 |    1 |    1 |    1 |    0 |    1 |    0 |    0 |    0 |    0 |    0 |    0 |    0 |    0 |     4 |
| 2026-07-24 |    1 |    1 |    1 |    0 |    1 |    1 |    0 |    0 |    0 |    0 |    0 |    0 |    0 |     5 |
| 2026-07-27 |    1 |    0 |    1 |    1 |    1 |    1 |    0 |    0 |    0 |    0 |    0 |    0 |    0 |     5 |
| 2026-07-28 |    1 |    1 |    1 |    1 |    1 |    1 |    0 |    0 |    0 |    0 |    0 |    0 |    0 |     6 |
| 2026-07-29 |    1 |    2 |    1 |    1 |    1 |    0 |    0 |    0 |    0 |    0 |    0 |    0 |    0 |     6 |

## Per-strategy summary (unique underlyings)

| Strategy | Unique entries | Active days | Avg unique / active day | Est. active days to n=30 exits* |
|----------|---------------:|------------:|------------------------:|--------------------------------|
| S163 | 6 | 6 | 1.0 | ~38 active signal-days |
| S164 | 7 | 5 | 1.4 | ~27 active signal-days |
| S165 | 20 | 13 | 1.5 | ~25 active signal-days |
| S166 | 4 | 4 | 1.0 | ~38 active signal-days |
| S167 | 7 | 6 | 1.2 | ~33 active signal-days |
| S168 | 5 | 4 | 1.2 | ~30 active signal-days |
| S169 | 0 | 0 | 0.0 | inf (no unique entries yet) |
| S170 | 0 | 0 | 0.0 | inf (no unique entries yet) |
| S171 | 0 | 0 | 0.0 | inf (no unique entries yet) |
| S172 | 0 | 0 | 0.0 | inf (no unique entries yet) |
| S175 | 0 | 0 | 0.0 | inf (no unique entries yet) |
| S173 | 17 | 9 | 1.9 | ~20 active signal-days |
| S174 | 7 | 4 | 1.8 | ~22 active signal-days |

\* Formula: `ceil(30 / (avg_unique_per_active_day * 80%))`. Update when real exit rates are known.

## Signal frequency by window (all time, unique strategy×symbol×date×window)

| Window | S163 | S164 | S165 | S166 | S167 | S168 | S169 | S170 | S171 | S172 | S175 | S173 | S174 | Total |
|--------|-----:|-----:|-----:|-----:|-----:|-----:|-----:|-----:|-----:|-----:|-----:|-----:|-----:|------:|
| w1     |    2 |    1 |    6 |    1 |    2 |    1 |    0 |    0 |    0 |    0 |    0 |    7 |    1 |    21 |
| w2     |    5 |    4 |   10 |    4 |    5 |    4 |    0 |    0 |    0 |    0 |    0 |    6 |    3 |    41 |
| w3     |    5 |    4 |   11 |    3 |    5 |    3 |    0 |    0 |    0 |    0 |    0 |    7 |    4 |    42 |
| w4     |    4 |    2 |    8 |    2 |    3 |    3 |    0 |    0 |    0 |    0 |    0 |    6 |    3 |    31 |

Windows (ET): w1 09:28–10:05 · w2 10:05–10:45 · w3 10:45–11:20 · w4 11:20–11:35. Parsed from controlled-layout profile names in ENTRY log lines.

## Raw vs unique totals

| Strategy | Raw log lines (includes multi-bucket duplicates) | Unique underlying symbols |
|----------|-------------------------------------------------:|--------------------------:|
| S163 | 205 | 6 |
| S164 | 229 | 7 |
| S165 | 1675 | 20 |
| S166 | 105 | 4 |
| S167 | 229 | 7 |
| S168 | 150 | 5 |
| S169 | 0 | 0 |
| S170 | 0 | 0 |
| S171 | 0 | 0 |
| S172 | 0 | 0 |
| S175 | 0 | 0 |
| S173 | 1911 | 17 |
| S174 | 891 | 7 |

### Raw log lines per day (debug / multi-bucket)

| Date       | S163 | S164 | S165 | S166 | S167 | S168 | S169 | S170 | S171 | S172 | S175 | S173 | S174 | Total |
|------------|-----:|-----:|-----:|-----:|-----:|-----:|-----:|-----:|-----:|-----:|-----:|-----:|-----:|------:|
| 2026-07-07 |    0 |    0 |    0 |    0 |    0 |    0 |    0 |    0 |    0 |    0 |    0 |  100 |    0 |   100 |
| 2026-07-08 |    0 |    0 |  100 |    0 |    0 |    0 |    0 |    0 |    0 |    0 |    0 |  100 |  100 |   300 |
| 2026-07-09 |    0 |    0 |   24 |    0 |    0 |    0 |    0 |    0 |    0 |    0 |    0 |  100 |   15 |   139 |
| 2026-07-10 |    0 |    0 |  242 |    0 |    0 |    0 |    0 |    0 |    0 |    0 |    0 |  230 |  202 |   674 |
| 2026-07-13 |    0 |    0 |  190 |    0 |    0 |    0 |    0 |    0 |    0 |    0 |    0 |  212 |  188 |   590 |
| 2026-07-14 |    0 |    0 |  194 |    0 |    0 |    0 |    0 |    0 |    0 |    0 |    0 |  185 |  106 |   485 |
| 2026-07-15 |    0 |    0 |  146 |    0 |    0 |    0 |    0 |    0 |    0 |    0 |    0 |  154 |   58 |   358 |
| 2026-07-16 |    0 |    0 |  179 |    0 |    0 |    0 |    0 |    0 |    0 |    0 |    0 |  205 |   58 |   442 |
| 2026-07-17 |    0 |    0 |  127 |    0 |    0 |    0 |    0 |    0 |    0 |    0 |    0 |  207 |   58 |   392 |
| 2026-07-20 |    0 |    0 |  107 |    0 |    0 |    0 |    0 |    0 |    0 |    0 |    0 |  143 |   58 |   308 |
| 2026-07-21 |   30 |   35 |  113 |   30 |   35 |   35 |    0 |    0 |    0 |    0 |    0 |  118 |   48 |   444 |
| 2026-07-22 |   40 |   47 |   86 |   15 |   45 |   20 |    0 |    0 |    0 |    0 |    0 |   77 |    0 |   330 |
| 2026-07-23 |   30 |   42 |   50 |   15 |   40 |   20 |    0 |    0 |    0 |    0 |    0 |   40 |    0 |   237 |
| 2026-07-24 |   75 |   87 |   85 |   15 |   77 |   55 |    0 |    0 |    0 |    0 |    0 |   40 |    0 |   434 |
| 2026-07-27 |   14 |    0 |   14 |   14 |   14 |   14 |    0 |    0 |    0 |    0 |    0 |    0 |    0 |    70 |
| 2026-07-28 |    6 |    8 |    8 |    8 |    8 |    6 |    0 |    0 |    0 |    0 |    0 |    0 |    0 |    44 |
| 2026-07-29 |   10 |   10 |   10 |    8 |   10 |    0 |    0 |    0 |    0 |    0 |    0 |    0 |    0 |    48 |

## Notes

- Pre-router-fix (before 2026-07-17 commit `56660c9e`): S163/S166 were starved — expect zeros until a post-fix entry-window gap-down day.
- Controlled layout places one ENTRY per matching bucket×strategy; raw counts inflate, unique underlyings do not.


Wrote /home/runner/work/TradingBot/TradingBot/logs/options_trial/reports/signal_frequency.md
## Ledger health — 2026-08-20
| Check                       | Count | Status |
|-----------------------------|------:|--------|
| Current stuck (state)       |    35 | WARN | <<<
| Orphaned lots (post-stable) |   975 | WARN | <<<
| Missing exit records (post) |   945 | WARN | <<<
| State/ledger mismatches     |     5 | WARN | <<<
| Total open lots             |    35 | INFO |
| Total closed lots           |  1770 | INFO |
| Pre-cutoff audit debt       |     0 | INFO |
| Transition audit debt       |   744 | INFO |

Wrote /home/runner/work/TradingBot/TradingBot/logs/options_trial/reports/ledger_health.md
Wrote /home/runner/work/TradingBot/TradingBot/logs/options_trial/reports/2026-08-20_data_quality.md
Wrote /home/runner/work/TradingBot/TradingBot/logs/options_trial/reports/2026-08-20_data_quality.csv
Wrote /home/runner/work/TradingBot/TradingBot/logs/options_trial/reports/latest_data_quality.json
Wrote /home/runner/work/TradingBot/TradingBot/logs/options_trial/reports/latest_data_quality_snippet.md
CLEAN n=821 med=-47.5% | TAINTED n=1761 med=-39.3% | KEEP-only n=294 med=+37.5% | KILL=16 KEEP=10
Wrote /home/runner/work/TradingBot/TradingBot/logs/dashboard.html
equity=428.27 router=CONFIRMED leaderboard_rows=105
Wrote /home/runner/work/TradingBot/TradingBot/logs/rubber_band_report.md
| 1 | MA_Squeeze | 2 | 100% | +0.56% | +0.56% | +0.17% | 999.00 | 0.0d | $+0.80 | WATCH |
| 2 | MomReversal | 14 | 43% | +0.39% | -0.69% | -1.92% | 1.95 | 1.6d | $+3.40 | WATCH |
| 3 | unknown | 32 | 19% | -0.03% | -0.59% | -1.27% | 1.44 | 0.0d | $+0.29 | ACTIVE |
