17:55:38  INFO      Mode: exits
17:55:39  INFO        Daily log -> logs/daily/2026-07-21.md
17:55:39  INFO        Daily log reconciled -> logs/daily/2026-07-21.md (6 ledger rows)
17:55:39  INFO        place_all_stops: checking 3 positions...
17:55:39  INFO        STOP skipped BIIB: fractional (0.4766 shares) — software exit will handle it
17:55:39  INFO        STOP skipped DUK: fractional (0.7693 shares) — software exit will handle it
17:55:39  INFO        STOP skipped TPR: fractional (0.6841 shares) — software exit will handle it
17:55:40  INFO        [positions] 3/3 (3 valid)
17:55:40  INFO        Daily log -> logs/daily/2026-07-21.md

+========================================================================+
|  RUBBER BAND BOT  v8                                                   |
+------------------------------------------------------------------------+
|  Mode                                                             EXITS|
|  Time                                                         17:55 UTC|
|  Regime                                                            BULL|
|  Universe                                                          both|
|  Equity                                                         $479.85|
+========================================================================+

+========================================================================+
|                               EXIT CHECK                               |
+========================================================================+
|  Exit logic                   stop-0.5% / 3d max  (midline at EOD only)|
+------------------------------------------------------------------------+
|  BIIB  P&L +0.2%  $+0.19                                           HOLD|
|  DUK  P&L +0.4%  $+0.41                                            HOLD|
|  TPR  P&L +0.5%  $+0.52                                            HOLD|
+========================================================================+

+========================================================================+
|                            EXIT RUN SUMMARY                            |
+========================================================================+
|  Mode                                                             exits|
|  Candidates                                                           3|
|  Deferred/Skipped                                      already logged 0|
|  Data skips                                             no price data 0|
|  Se~  0 attempted  |  0 filled  |  0 partial  |  0 pending  |  0 failed|
|  Holds                                                                3|
|  Logged exits                                                         0|
+========================================================================+

+========================================================================+
|                      STOP-LOSS BREACHES THIS RUN                       |
+========================================================================+
|  None                                                                  |
+========================================================================+
|  Stop-loss look file                  logs/stop_losses_to_look_into.txt|
|  New investigations added                                             0|
+========================================================================+
