13:47:11  INFO      Mode: morning_scan

+========================================================================+
|  RUBBER BAND BOT  v8                                                   |
+------------------------------------------------------------------------+
|  Mode                                                      MORNING_SCAN|
|  Time                                                         13:47 UTC|
|  Regime                                                            BULL|
|  Universe                                                          both|
|  Equity                                                         $478.05|
+========================================================================+

+========================================================================+
|                   RUBBER BAND BOT v8  --  DAILY SCAN                   |
+========================================================================+
|  Mode                                                      *** LIVE ***|
|  Date                                                        2026-07-09|
|  Universe                                                          both|
|  Month                                        Jul: 52wkLow + Pullback50|
|  Regime                                                            BULL|
|  Exit                                      midline / stop-0.5% / 3d max|
+========================================================================+

+========================================================================+
|                                ACCOUNT                                 |
+========================================================================+
|  Equity                                                         $478.05|
|  Cash                                                           $283.49|
|  Reserve                                          $23.90  (always kept)|
|  Available                                    $259.59  (for new trades)|
|  Seasonal trade                   $95.61  (20% -- scheduled strategies)|
|  Off-sched trade                      $95.61  (20% -- other strategies)|
+========================================================================+

+========================================================================+
|                           HOLDINGS  (2 open)                           |
+========================================================================+
|  TICKER   STRATEGY        INVESTED   ENTRY    NOW      P&L%    P&L$    |
+------------------------------------------------------------------------+
|  AES      Pullback50      $96.40     $14.64   $14.62   -0.1%   $-0.07  |
|  CSCO     Pullback50      $98.16     $113.43  $116.83  +3.0%   $+2.86  |
|                                                                        |
|  Total invested                                                 $194.56|
|  Total open P&L                                                  $+2.79|
|  Buys today: 0  |  entry cap: 3  |  max open: 5                        |
+========================================================================+

+========================================================================+
|                               PLAN CACHE                               |
+========================================================================+
|  Mode                                                           morning|
|  File                                      logs/plans/morning_plan.json|
|  Use cached plan                                    yes (fresh (12.8m))|
|  Cached exits                                                         0|
|  Cached signals                                                      35|
+========================================================================+

+========================================================================+
|          EXIT EVALUATION  (EOD -- midline + stop + max-hold)           |
+========================================================================+
|  AES  P&L -0.1%  $-0.07                                            HOLD|
|  CSCO  P&L +3.0%  $+2.86                                           HOLD|
+========================================================================+

+========================================================================+
|                           EXIT EVAL SUMMARY                            |
+========================================================================+
|  Exit eval    attempted 0 | filled 0 | partial 0 | pending 0 | failed 0|
|  Other skips     already logged today 0  |  no price data 0  |  holds 2|
|  Stop-loss breaches                                                none|
|  Stop-loss look file                  logs/stop_losses_to_look_into.txt|
|  New investigations added                                             0|
+========================================================================+

+========================================================================+
|                             DATA DOWNLOAD                              |
+========================================================================+
|  Universe: both  |  Alpaca primary / yfinance fallback                 |
+========================================================================+

+========================================================================+
|                              SIGNAL SCAN                               |
+========================================================================+
|  Month: Jul  |  Regime: BULL                                           |
|  Primary: 52wkLow  |  Secondary: Pullback50                            |
|  Source                                                cached prep plan|
|  Universe scanned in prep                                           901|
+========================================================================+

+========================================================================+
|                         SIGNALS FOUND  --  35                          |
+========================================================================+
|  TICKER   STRATEGY        TIER   PRICE    RSI    VOL_Z   TRIGGER       |
+------------------------------------------------------------------------+
|  AKAM     RSIRecovery     off    $126.57  43.6   2.26    RSI 21.2→43.6 |
|  AME      Pullback50      SEAS   $231.34  49.4   -0.34   50MA bounce (+|
|  BKR      RSIRecovery     off    $57.58   37.8   1.81    RSI 21.4→37.8 |
|  CDNS     Pullback50      SEAS   $374.06  38.5   -0.78   50MA bounce (+|
|  CRH      GapDown         off    $102.95  29.3   -1.16   gap -3.1% reco|
|  DOW      MomReversal     off    $29.03   27.4   0.72    -25.6% drop/60|
|  HST      Pullback50      SEAS   $22.95   30.3   -2.64   50MA bounce (-|
|  INTU     GapDown         off    $262.29  46.1   -2.52   gap -4.2% reco|
|  IVZ      Pullback50      SEAS   $27.30   39.7   -1.78   50MA bounce (-|
|  KMI      Pullback50      SEAS   $32.51   62.1   -2.20   50MA bounce (+|
|  NWS      Pullback50      SEAS   $30.12   53.9   -1.14   50MA bounce (+|
|  PKG      Pullback50      SEAS   $225.66  44.9   -2.28   50MA bounce (+|
|  PSKY     GapDown         off    $9.38    38.4   -1.41   gap -5.1% reco|
|  NOW      GapDown         off    $102.79  58.6   -2.80   gap -5.3% reco|
|  SOLV     Pullback50      SEAS   $75.45   52.8   -2.35   50MA bounce (+|
|  TPR      Pullback50      SEAS   $140.25  39.0   -2.06   50MA bounce (-|
|  WAB      Pullback50      SEAS   $263.39  42.2   -2.33   50MA bounce (-|
|  XEL      Pullback50      SEAS   $79.78   59.1   -2.18   50MA bounce (+|
|  AIT      Pullback50      SEAS   $318.91  41.9   -2.44   50MA bounce (+|
|  APG      Pullback50      SEAS   $42.90   55.7   -2.65   50MA bounce (+|
|  AVNT     Pullback50      SEAS   $36.05   46.5   -1.96   50MA bounce (+|
|  AVT      Pullback50      SEAS   $86.09   43.5   -2.22   50MA bounce (+|
|  BKH      Pullback50      SEAS   $73.00   54.7   -1.85   50MA bounce (-|
|  BURL     Pullback50      SEAS   $318.24  39.5   -2.67   50MA bounce (+|
|  COLM     Pullback50      SEAS   $62.62   45.2   -2.45   50MA bounce (-|
|  CUBE     Pullback50      SEAS   $40.16   50.4   -3.27   50MA bounce (-|
|  KEX      Pullback50      SEAS   $142.85  54.4   -2.48   50MA bounce (+|13:47:13  INFO        BUY  AME  $86.53  [Pullback50]  id=3fb4d381-0125-43bc-bb29-785b5ee40b9c
13:47:13  INFO        BUY  CDNS  $86.53  [Pullback50]  id=fd94cc7f-6e6d-4ee6-9ba5-8d66fb5cd5e1
13:47:13  INFO        BUY  HST  $86.53  [Pullback50]  id=864fc0d4-d053-4c3a-aa0d-af3999155cf9
13:47:43  INFO        place_all_stops: checking 5 positions...
13:47:43  INFO        STOP already live AES @ $14.56
13:47:43  INFO        STOP skipped AME: fractional (0.3706 shares) — software exit will handle it
13:47:43  INFO        STOP skipped CDNS: fractional (0.2290 shares) — software exit will handle it
13:47:43  INFO        STOP skipped CSCO: fractional (0.8402 shares) — software exit will handle it
13:47:43  INFO        STOP-MARKET placed HST  qty=3 (pos=3.7569)  stop=$22.91  id=923443c3-9719-442f-ab00-ca827dd0bde2
13:47:43  INFO        Daily log -> logs/daily/2026-07-09.md
13:47:43  INFO        Dashboard written → logs/dashboard.md

|  NOVT     Pullback50      SEAS   $152.63  51.1   -2.26   50MA bounce (+|
|  NWE      Pullback50      SEAS   $70.45   56.0   -1.54   50MA bounce (-|
|  PII      Pullback50      SEAS   $66.97   46.4   -1.75   50MA bounce (-|
|  RS       Pullback50      SEAS   $383.26  36.2   -1.70   50MA bounce (+|
|  SPXC     Pullback50      SEAS   $219.00  42.0   -0.62   50MA bounce (-|
|  TTC      Pullback50      SEAS   $93.25   57.5   -2.29   50MA bounce (+|
|  UTHR     Pullback50      SEAS   $554.50  51.7   -1.34   50MA bounce (-|
|  XPO      Pullback50      SEAS   $207.77  58.9   -1.99   50MA bounce (-|
|                                                                        |
+========================================================================+

+========================================================================+
|                              ENTRY ORDERS                              |
+========================================================================+
|  Signal scaling: 35 signals / 3 slots → sea=$87 off=$87  (max sea=$96 ~|
|    ENTER [S] AME  Pullback50                                     $86.53|
|    BUY SUBMITTED [S~  fill pending — batched confirmation after entries|
|    ENTER [S] CDNS  Pullback50                                    $86.53|
|    BUY SUBMITTED [S~  fill pending — batched confirmation after entries|
|    ENTER [S] HST  Pullback50                                     $86.53|
|    BUY SUBMITTED [S~  fill pending — batched confirmation after entries|
|    SKIP [S] IVZ  Pullback50                                       cap 5|
|    SKIP [S] KMI  Pullback50                                       cap 5|
|    SKIP [S] NWS  Pullback50                                       cap 5|
|    SKIP [S] PKG  Pullback50                                       cap 5|
|    SKIP [S] SOLV  Pullback50                                      cap 5|
|    SKIP [S] TPR  Pullback50                                       cap 5|
|    SKIP [S] WAB  Pullback50                                       cap 5|
|    SKIP [S] XEL  Pullback50                                       cap 5|
|    SKIP [S] AIT  Pullback50                                       cap 5|
|    SKIP [S] APG  Pullback50                                       cap 5|
|    SKIP [S] AVNT  Pullback50                                      cap 5|
|    SKIP [S] AVT  Pullback50                                       cap 5|
|    SKIP [S] BKH  Pullback50                                       cap 5|
|    SKIP [S] BURL  Pullback50                                      cap 5|
|    SKIP [S] COLM  Pullback50                                      cap 5|
|    SKIP [S] CUBE  Pullback50                                      cap 5|
|    SKIP [S] KEX  Pullback50                                       cap 5|
|    SKIP [S] NOVT  Pullback50                                      cap 5|
|    SKIP [S] NWE  Pullback50                                       cap 5|
|    SKIP [S] PII  Pullback50                                       cap 5|
|    SKIP [S] RS  Pullback50                                        cap 5|
|    SKIP [S] SPXC  Pullback50                                      cap 5|
|    SKIP [S] TTC  Pullback50                                       cap 5|
|    SKIP [S] UTHR  Pullback50                                      cap 5|
|    SKIP [S] XPO  Pullback50                                       cap 5|
|    SKIP [o] AKAM  RSIRecovery                                     cap 5|
|    SKIP [o] BKR  RSIRecovery                                      cap 5|
|    SKIP [o] CRH  GapDown                                          cap 5|
|    SKIP [o] DOW  MomReversal                                      cap 5|
|    SKIP [o] INTU  GapDown                                         cap 5|
|    SKIP [o] PSKY  GapDown                                         cap 5|
|    SKIP [o] NOW  GapDown                                          cap 5|

+========================================================================+
|                         BUY FILL CONFIRMATION                          |
+========================================================================+
|  Pending submits                                                      3|
+------------------------------------------------------------------------+
|  AME                                                  still unconfirmed|
|  CDNS                                                 still unconfirmed|
|  HST                                                  still unconfirmed|
+========================================================================+
+========================================================================+

+========================================================================+
|                           GTC STOP PLACEMENT                           |
+========================================================================+
|  Waiting 5s for 3 buy submit(s) to settle...                           |
+========================================================================+

+========================================================================+
|                            SESSION SUMMARY                             |
+========================================================================+
|  Regime                                                            BULL|
|  Universe                                                          both|
|  Strategy                                          52wkLow + Pullback50|
|  Scanned                                                              0|
|  Signals                                                             35|
|  Entries                                                              0|
|  Buy submits                              0 confirmed  |  3 unconfirmed|
|  Exits                                                                0|
|  Open pos                                                             5|
|  Equity                                                         $478.07|
|  Cash                                                            $23.92|
+========================================================================+
