options_reconcile: state=/home/runner/work/TradingBot/TradingBot/logs/options_trial/_state/lab_state.json
  open_lots=48 paper_keys=yes dry_run=False
  alpaca positions=26
options_reconcile: done
Layout: controlled:1024:lab0000_s200_w1_0928_1005_r1 (layout changed controlled:100:c000_s173_w1_0928_1005_r1 -> controlled:1024:lab0000_s200_w1_0928_1005_r1)
Trial layout: /home/runner/work/TradingBot/TradingBot/logs/options_trial
Docs:         skipped (local docs unavailable on this runner)
Buckets:      1024
=== options_morning_bot (PAPER) 2026-08-13T11:30:53.562045-04:00 ===

[Run context]
Paper auth OK — equity $133199.66, account PA36KS87UPRS

[Setup]
Active buckets: 1024 | Strategies: S165, S164, S168, S167, S166, S163, S169, S170, S171, S172, S175, S200, S201, S202, S203, S204, S205, S206, S207, S208, S209, S210, S211, S212, S213, S214, S215, S216, S217, S218, S219, S220, S221, S400, S401, S402, S403, S350, S351, S352, S353, S354, S355, S356, S357, S358, S359, S360, S361, S362, S363, S364, S365, S366, S367, S368, S369, S370, S371, S372, S373, S374, S375, S376, S377, S378, S379, S380, S381, S382, S383, S384, S385, S386, S387, S388, S389, S390, S391, S392, S393, S394, S413, S414, S415, S416, S417, S418, S395, S396, S397, S398, S399, S404, S405, S406, S407, S408, S409, S410, S411, S412, S413, S414, S415, S416, S417, S418, S419
2026-08-13 11:31:00,604 INFO   EXIT [b87|lab0087_s210_w4_1120_1135_r2|S210] stop_loss (-50.0%) SELL 1 AXP260814C00345000 @<= 0.28
2026-08-13 11:31:00,920 INFO   EXIT [b265|lab0265_s403_w2_1005_1045_r2|S403] stop_loss (-51.6%) SELL 1 DKNG260821C00027000 @<= 0.12
Protective stops: placed=0 already=19 failed=1

[Scan + entries]
Scanning 117 symbols for [S165, S164, S168, S167, S166, S163, S169, S170, S171, S172, S175, S200, S201, S202, S203, S204, S205, S206, S207, S208, S209, S210, S211, S212, S213, S214, S215, S216, S217, S218, S219, S220, S221, S400, S401, S402, S403, S350, S351, S352, S353, S354, S355, S356, S357, S358, S359, S360, S361, S362, S363, S364, S365, S366, S367, S368, S369, S370, S371, S372, S373, S374, S375, S376, S377, S378, S379, S380, S381, S382, S383, S384, S385, S386, S387, S388, S389, S390, S391, S392, S393, S394, S413, S414, S415, S416, S417, S418, S395, S396, S397, S398, S399, S404, S405, S406, S407, S408, S409, S410, S411, S412, S413, S414, S415, S416, S417, S418, S419] …
Fetched daily bars for 114/117 symbols
Found 39 signal(s); top: ['S210:DKNG', 'S210:AXP', 'S210:KMB', 'S210:GIS', 'S211:TWLO', 'S211:DIS', 'S212:NFLX', 'S212:PEP']
Paper lab: $133246 broker equity -> 1024 bucket(s) ($500 virtual each, unlimited paper)
  [b114 NFLX] ENTRY failed: {"buy_limit_price":"0.21","code":40310000,"existing_order_id":"b4835a1c-c116-468b-8862-f0823aa83eae","message":"potential wash trade detected. use complex orders","reject_reason":"sell order exists, buy limit price should be less than existing sell limit price","sell_limit_price":"0.16"}
  [b115 NFLX] ENTRY failed: {"buy_limit_price":"0.21","code":40310000,"existing_order_id":"b4835a1c-c116-468b-8862-f0823aa83eae","message":"potential wash trade detected. use complex orders","reject_reason":"sell order exists, buy limit price should be less than existing sell limit price","sell_limit_price":"0.16"}
  [b198 NKE] ENTRY failed: {"buy_limit_price":"0.25","code":40310000,"existing_order_id":"f499c970-18e9-486b-9b14-83f5f5505233","message":"potential wash trade detected. use complex orders","reject_reason":"sell order exists, buy limit price should be less than existing sell limit price","sell_limit_price":"0.11"}
  [b199 NKE] ENTRY failed: {"buy_limit_price":"0.25","code":40310000,"existing_order_id":"f499c970-18e9-486b-9b14-83f5f5505233","message":"potential wash trade detected. use complex orders","reject_reason":"sell order exists, buy limit price should be less than existing sell limit price","sell_limit_price":"0.11"}
  Skipped: 46 no tradeable call, 2 already attempted today, 14 pending order
Placed 0 new entry order(s).
Protective stops: placed=2 already=18 failed=0

[Portfolio snapshot]
+========================================================================+
|[OPTIONS BOT DAILY VITALS (MATRIX EXPERIMENT)]                          |
+========================================================================+
|-- ACCOUNT STATUS (entry+manage) --                                     |
|Equity       : $133,199.66                                              |
|Open Risk    : 48 lots (24 broker pos)                                  |
|Today's Run  : 39 signals -> 0 orders submitted                         |
|                                                                        |
|-- SYSTEM HEALTH --                                                     |
|Zombies      : 0 (Ledger is clean)                                      |
|Lab Status   : 48 Active Lots | 2 Pending Orders                        |
|Auto-Matrix  : (Pending EOD report generation)                          |
+========================================================================+
+========================================================================+
|[DATA QUALITY: CLEAN vs ERRORS vs KEEP-ONLY]                            |
+========================================================================+
|  CLEAN              n=803   win= 41.8%  med= -47.5%  $+7,812           |
|  TAINTED            n=1726  win= 33.1%  med= -38.8%  $-8,916           |
|  KEEP-only          n=304   win= 63.2%  med= +37.6%  $+5,700           |
|  KEEP recent        n=116   win= 58.6%  med= +50.0%  $+1,674           |
|  KEEP(11): S173,S174,S210,S218,S350,S397,S398,S401...                  |
|  KILL(15): ORPHAN,S165,S203,S207,S211,S212,S217,S351...                |
+========================================================================+
+========================================================================+
|[+++ OVERPERFORMING STRATEGIES (n>=10)]                                 |
+========================================================================+
|  BKT  PROFILE                   WIN%   MED%   TOTAL TRADES             |
|  ---------------------------------------------------------             |
|  b832 lab0832_s406_w3_1045..  82%  +126.9%    11                       |
|  b238 lab0238_s401_w3_1045..  80%  +109.5%    15                       |
|  b861 lab0861_s408_w3_1045..  73%  +100.0%    11                       |
|  b365 lab0365_s361_w2_1005..  90%  +82.8%    10                        |
+========================================================================+
|[--- UNDERPERFORMING STRATEGIES (n>=10)]                                |
+========================================================================+
|  BKT  PROFILE                   WIN%   MED%   TOTAL TRADES             |
|  ---------------------------------------------------------             |
|  b47  lab0047_s205_w4_1120..   4%  -78.0%    28                        |
|  b114 lab0114_s212_w4_1120..   0%  -73.5%    11                        |
|  b113 lab0113_s212_w3_1045..   7%  -71.9%    14                        |
|  b112 lab0112_s212_w3_1045..   0%  -68.1%    11                        |
+========================================================================+
+========================================================================+
|[PENDING ORDERS (2)]                                                    |
+========================================================================+
|  Top groups: S401:CVX(2)                                               |
|  ---------------------------------------------------------             |
|  b240 S401 CVX      limit=0.25                                         |
|  b241 S401 CVX      limit=0.25                                         |
+========================================================================+
+========================================================================+
|[PENDING EXITS (1)]                                                     |
+========================================================================+
|  b238 S401 XOM260814C00170000 x1 stop_loss (-100.0%)                   |
+========================================================================+
+========================================================================+
|[OPEN OPTIONS (24)]                                                     |
+========================================================================+
|  SYMBOL                      QTY    RET%        OPEN P&L               |
|  ---------------------------------------------------------             |
|  DKNG260821C00027000           7    -51.6%   $   -112.00               |
|  DKNG260821C00026500           6    -39.0%   $    -96.00               |
|  PATH260821C00015500           7    -29.5%   $    -91.00               |
|  PATH260821C00015000           4    -22.5%   $    -64.00               |
|  PATH260814C00014500           2    -43.3%   $    -58.00               |
|  ARM260814C00310000            2    -40.3%   $    -54.00               |
|  DIS260814C00105000            2    -61.9%   $    -52.00               |
|  PATH260814C00015500           4    -70.6%   $    -48.00               |
|  ... 16 more position(s)                                               |
+========================================================================+
Full detail: logs/options_trial/runs/2026-08-13.log
elapsed=76.4s reconcile=0.38s cancel=0.01s manage=7.08s scan=64.66s entries=2.91s
STATUS: options_morning_bot run complete (PAPER) elapsed=76.4s. run=#6981 https://github.com/28twagg-ops/TradingBot/actions/runs/31715730716
Evaluation complete: 100 strategies evaluated, 0 killed, 0 promote candidates.
Wrote /home/runner/work/TradingBot/TradingBot/logs/options_trial/reports/2026-08-13_buckets.md
Wrote /home/runner/work/TradingBot/TradingBot/logs/options_trial/reports/2026-08-13_buckets.csv
Summary: 8 buckets closed trades, $-366.89 realized
STALE WARNING: 1 bucket(s) with open lots and last_entry >5d
Wrote /home/runner/work/TradingBot/TradingBot/logs/options_trial/reports/2026-08-13_strategy_selection.md
Wrote /home/runner/work/TradingBot/TradingBot/logs/options_trial/reports/2026-08-13_strategy_selection.csv
Summary: keep=0 watch=81 drop=24
Orphan rate: 13.1% (331/2529) ALERT
# Options signal frequency

_Generated 2026-08-13T11:32:15.718779_

Headline counts are **unique (strategy, underlying, date)** from `ENTRY` lines in `logs/options_trial/runs/*.log`.
Raw log-line counts (multi-bucket duplicates) are shown below for debug.

### Unique underlying symbols per day (headline)

| Date       | S163 | S164 | S165 | S166 | S167 | S168 | S169 | S170 | S171 | S172 | S175 | S173 | S174 | Total |
|------------|-----:|-----:|-----:|-----:|-----:|-----:|-----:|-----:|-----:|-----:|-----:|-----:|-----:|------:|
| 2026-07-07 |    0 |    0 |    0 |    0 |    0 |    0 |    0 |    0 |    0 |    0 |    0 |    1 |    0 |     1 |
| 2026-07-08 |    0 |    0 |    3 |    0 |    0 |    0 |    0 |    0 |    0 |    0 |    0 |    2 |    1 |     6 |
| 2026-07-09 |    0 |    0 |    1 |    0 |    0 |    0 |    0 |    0 |    0 |    0 |    0 |    2 |    3 |     6 |
| 2026-07-10 |    0 |    0 |    1 |    0 |    0 |    0 |    0 |    0 |    0 |    0 |    0 |    1 |    1 |     3 |
| 2026-07-13 |    0 |    0 |    2 |    0 |    0 |    0 |    0 |    0 |    0 |    0 |    0 |    3 |    2 |     7 |
| 2026-07-14 |    0 |    0 |    3 |    0 |    0 |    0 |    0 |    0 |    0 |    0 |    0 |    2 |    0 |     5 |
| 2026-07-16 |    0 |    0 |    2 |    0 |    0 |    0 |    0 |    0 |    0 |    0 |    0 |    3 |    0 |     5 |
| 2026-07-17 |    0 |    0 |    2 |    0 |    0 |    0 |    0 |    0 |    0 |    0 |    0 |    2 |    0 |     4 |
| 2026-07-20 |    0 |    0 |    0 |    0 |    0 |    0 |    0 |    0 |    0 |    0 |    0 |    1 |    0 |     1 |
| 2026-07-21 |    1 |    2 |    1 |    1 |    2 |    2 |    0 |    0 |    0 |    0 |    0 |    0 |    0 |     9 |
| 2026-07-22 |    1 |    1 |    1 |    0 |    1 |    0 |    0 |    0 |    0 |    0 |    0 |    0 |    0 |     4 |
| 2026-07-24 |    1 |    1 |    1 |    0 |    1 |    1 |    0 |    0 |    0 |    0 |    0 |    0 |    0 |     5 |
| 2026-07-27 |    1 |    0 |    1 |    1 |    1 |    1 |    0 |    0 |    0 |    0 |    0 |    0 |    0 |     5 |
| 2026-07-28 |    1 |    1 |    1 |    1 |    1 |    1 |    0 |    0 |    0 |    0 |    0 |    0 |    0 |     6 |
| 2026-07-29 |    1 |    2 |    1 |    1 |    1 |    0 |    0 |    0 |    0 |    0 |    0 |    0 |    0 |     6 |

## Per-strategy summary (unique underlyings)

| Strategy | Unique entries | Active days | Avg unique / active day | Est. active days to n=30 exits* |
|----------|---------------:|------------:|------------------------:|--------------------------------|
| S163 | 6 | 6 | 1.0 | ~38 active signal-days |
| S164 | 7 | 5 | 1.4 | ~27 active signal-days |
| S165 | 20 | 13 | 1.5 | ~25 active signal-days |
| S166 | 4 | 4 | 1.0 | ~38 active signal-days |
| S167 | 7 | 6 | 1.2 | ~33 active signal-days |
| S168 | 5 | 4 | 1.2 | ~30 active signal-days |
| S169 | 0 | 0 | 0.0 | inf (no unique entries yet) |
| S170 | 0 | 0 | 0.0 | inf (no unique entries yet) |
| S171 | 0 | 0 | 0.0 | inf (no unique entries yet) |
| S172 | 0 | 0 | 0.0 | inf (no unique entries yet) |
| S175 | 0 | 0 | 0.0 | inf (no unique entries yet) |
| S173 | 17 | 9 | 1.9 | ~20 active signal-days |
| S174 | 7 | 4 | 1.8 | ~22 active signal-days |

\* Formula: `ceil(30 / (avg_unique_per_active_day * 80%))`. Update when real exit rates are known.

## Signal frequency by window (all time, unique strategy×symbol×date×window)

| Window | S163 | S164 | S165 | S166 | S167 | S168 | S169 | S170 | S171 | S172 | S175 | S173 | S174 | Total |
|--------|-----:|-----:|-----:|-----:|-----:|-----:|-----:|-----:|-----:|-----:|-----:|-----:|-----:|------:|
| w1     |    2 |    1 |    6 |    1 |    2 |    1 |    0 |    0 |    0 |    0 |    0 |    7 |    1 |    21 |
| w2     |    5 |    4 |   10 |    4 |    5 |    4 |    0 |    0 |    0 |    0 |    0 |    6 |    3 |    41 |
| w3     |    5 |    4 |   11 |    3 |    5 |    3 |    0 |    0 |    0 |    0 |    0 |    7 |    4 |    42 |
| w4     |    4 |    2 |    8 |    2 |    3 |    3 |    0 |    0 |    0 |    0 |    0 |    6 |    3 |    31 |

Windows (ET): w1 09:28–10:05 · w2 10:05–10:45 · w3 10:45–11:20 · w4 11:20–11:35. Parsed from controlled-layout profile names in ENTRY log lines.

## Raw vs unique totals

| Strategy | Raw log lines (includes multi-bucket duplicates) | Unique underlying symbols |
|----------|-------------------------------------------------:|--------------------------:|
| S163 | 205 | 6 |
| S164 | 229 | 7 |
| S165 | 1675 | 20 |
| S166 | 105 | 4 |
| S167 | 229 | 7 |
| S168 | 150 | 5 |
| S169 | 0 | 0 |
| S170 | 0 | 0 |
| S171 | 0 | 0 |
| S172 | 0 | 0 |
| S175 | 0 | 0 |
| S173 | 1911 | 17 |
| S174 | 891 | 7 |

### Raw log lines per day (debug / multi-bucket)

| Date       | S163 | S164 | S165 | S166 | S167 | S168 | S169 | S170 | S171 | S172 | S175 | S173 | S174 | Total |
|------------|-----:|-----:|-----:|-----:|-----:|-----:|-----:|-----:|-----:|-----:|-----:|-----:|-----:|------:|
| 2026-07-07 |    0 |    0 |    0 |    0 |    0 |    0 |    0 |    0 |    0 |    0 |    0 |  100 |    0 |   100 |
| 2026-07-08 |    0 |    0 |  100 |    0 |    0 |    0 |    0 |    0 |    0 |    0 |    0 |  100 |  100 |   300 |
| 2026-07-09 |    0 |    0 |   24 |    0 |    0 |    0 |    0 |    0 |    0 |    0 |    0 |  100 |   15 |   139 |
| 2026-07-10 |    0 |    0 |  242 |    0 |    0 |    0 |    0 |    0 |    0 |    0 |    0 |  230 |  202 |   674 |
| 2026-07-13 |    0 |    0 |  190 |    0 |    0 |    0 |    0 |    0 |    0 |    0 |    0 |  212 |  188 |   590 |
| 2026-07-14 |    0 |    0 |  194 |    0 |    0 |    0 |    0 |    0 |    0 |    0 |    0 |  185 |  106 |   485 |
| 2026-07-15 |    0 |    0 |  146 |    0 |    0 |    0 |    0 |    0 |    0 |    0 |    0 |  154 |   58 |   358 |
| 2026-07-16 |    0 |    0 |  179 |    0 |    0 |    0 |    0 |    0 |    0 |    0 |    0 |  205 |   58 |   442 |
| 2026-07-17 |    0 |    0 |  127 |    0 |    0 |    0 |    0 |    0 |    0 |    0 |    0 |  207 |   58 |   392 |
| 2026-07-20 |    0 |    0 |  107 |    0 |    0 |    0 |    0 |    0 |    0 |    0 |    0 |  143 |   58 |   308 |
| 2026-07-21 |   30 |   35 |  113 |   30 |   35 |   35 |    0 |    0 |    0 |    0 |    0 |  118 |   48 |   444 |
| 2026-07-22 |   40 |   47 |   86 |   15 |   45 |   20 |    0 |    0 |    0 |    0 |    0 |   77 |    0 |   330 |
| 2026-07-23 |   30 |   42 |   50 |   15 |   40 |   20 |    0 |    0 |    0 |    0 |    0 |   40 |    0 |   237 |
| 2026-07-24 |   75 |   87 |   85 |   15 |   77 |   55 |    0 |    0 |    0 |    0 |    0 |   40 |    0 |   434 |
| 2026-07-27 |   14 |    0 |   14 |   14 |   14 |   14 |    0 |    0 |    0 |    0 |    0 |    0 |    0 |    70 |
| 2026-07-28 |    6 |    8 |    8 |    8 |    8 |    6 |    0 |    0 |    0 |    0 |    0 |    0 |    0 |    44 |
| 2026-07-29 |   10 |   10 |   10 |    8 |   10 |    0 |    0 |    0 |    0 |    0 |    0 |    0 |    0 |    48 |

## Notes

- Pre-router-fix (before 2026-07-17 commit `56660c9e`): S163/S166 were starved — expect zeros until a post-fix entry-window gap-down day.
- Controlled layout places one ENTRY per matching bucket×strategy; raw counts inflate, unique underlyings do not.


Wrote /home/runner/work/TradingBot/TradingBot/logs/options_trial/reports/signal_frequency.md
## Ledger health — 2026-08-13
| Check                       | Count | Status |
|-----------------------------|------:|--------|
| Current stuck (state)       |     0 | OK |
| Orphaned lots (post-stable) |   678 | WARN | <<<
| Missing exit records (post) |   678 | WARN | <<<
| State/ledger mismatches     |    10 | WARN | <<<
| Total open lots             |    48 | INFO |
| Total closed lots           |  1731 | INFO |
| Pre-cutoff audit debt       |     0 | INFO |
| Transition audit debt       |   744 | INFO |

Wrote /home/runner/work/TradingBot/TradingBot/logs/options_trial/reports/ledger_health.md
Wrote /home/runner/work/TradingBot/TradingBot/logs/options_trial/reports/2026-08-13_data_quality.md
Wrote /home/runner/work/TradingBot/TradingBot/logs/options_trial/reports/2026-08-13_data_quality.csv
Wrote /home/runner/work/TradingBot/TradingBot/logs/options_trial/reports/latest_data_quality.json
Wrote /home/runner/work/TradingBot/TradingBot/logs/options_trial/reports/latest_data_quality_snippet.md
CLEAN n=803 med=-47.5% | TAINTED n=1726 med=-38.8% | KEEP-only n=304 med=+37.6% | KILL=15 KEEP=11
Wrote /home/runner/work/TradingBot/TradingBot/logs/dashboard.html
equity=465.73 router=CONFIRMED leaderboard_rows=105
Wrote /home/runner/work/TradingBot/TradingBot/logs/rubber_band_report.md
| 1 | MomReversal | 14 | 43% | +0.39% | -0.69% | -1.92% | 1.95 | 1.6d | $+3.40 | WATCH |
| 2 | unknown | 32 | 19% | -0.03% | -0.59% | -1.27% | 1.44 | 0.0d | $+0.29 | ACTIVE |
