options_reconcile: state=/home/runner/work/TradingBot/TradingBot/logs/options_trial/_state/lab_state.json
  open_lots=39 paper_keys=yes dry_run=False
  alpaca positions=9
options_reconcile: done
Layout: controlled:1164:live_1to1+variations (layout changed controlled:100:c000_s173_w1_0928_1005_r1 -> controlled:1164:live_1to1+variations)
Trial layout: /home/runner/work/TradingBot/TradingBot/logs/options_trial
Docs:         skipped (local docs unavailable on this runner)
Buckets:      1164
PROBE FAIL: {"code":50010000,"message":"internal server error occurred"}
paper probe failed (non-fatal)
=== options_morning_bot (PAPER) 2026-09-14T10:46:48.440347-04:00 ===

[Run context]
2026-09-14 10:46:48,688 WARNING paper get_account failed attempt 1/3 (transient): {"code":50010000,"message":"internal server error occurred"}; sleep 2s
2026-09-14 10:46:50,756 WARNING paper get_account failed attempt 2/3 (transient): {"code":50010000,"message":"internal server error occurred"}; sleep 4s
2026-09-14 10:46:54,817 ERROR paper get_account failed after 3 attempts: {"code":50010000,"message":"internal server error occurred"}
WARN: get_account failed ({"code":50010000,"message":"internal server error occurred"}) but positions OK (n=9). Keys are fine; Alpaca account endpoint is flaky. Using cached equity $1000241.84.
2026-09-14 10:46:54,954 WARNING paper get_account failed attempt 1/2 (transient): {"code":50010000,"message":"internal server error occurred"}; sleep 2s
2026-09-14 10:46:57,015 ERROR paper get_account failed after 2 attempts: {"code":50010000,"message":"internal server error occurred"}
WARN: using cached paper equity $1000241.84 (get_account: {"code":50010000,"message":"internal server error occurred"})
2026-09-14 10:46:57,108 WARNING lab get_account failed attempt 1/2: {"code":50010000,"message":"internal server error occurred"}
2026-09-14 10:46:59,197 ERROR lab get_account failed after 2 attempts: {"code":50010000,"message":"internal server error occurred"}

[Setup]
LIVE 1:1 bucket b90 live_1to1 — S218, S404, S406 | TP+50%/SL-40% | stop-mkt | min $20
Variation study: 1163 lab/promising bucket(s) | cohort: all paper strategies | max 400 new entries/run
Dropped (no new entries; ex-reflected P&L): S203, S207, S212, S360, S405, S407
  EXIT [b802|lab0802_s404_w2_1005_1045_r1|S404] stop_loss (-100.0%) SELL failed AMD260914C00550000: {"code":40310000,"message":"account not eligible to trade uncovered option contracts"}
  EXIT [b779|lab0779_s397_w2_1005_1045_r2|S397] stop_loss (-100.0%) SELL failed AMD260914C00550000: {"code":40310000,"message":"account not eligible to trade uncovered option contracts"}
  EXIT [b330|lab0330_s357_w2_1005_1045_r1|S357] stop_loss (-91.1%) SELL failed PATH260925C00017000: {"code":50010000,"message":"internal server error occurred"}
Protective stops: placed=0 upgraded=0 already=1 failed=4 (market-first)

[Scan + entries]
Scanning 117 symbols for [S165, S164, S168, S167, S166, S163, S169, S170, S171, S172, S175, S200, S201, S202, S204, S205, S206, S208, S209, S210, S211, S213, S214, S215, S216, S217, S218, S219, S220, S221, S400, S401, S402, S403, S350, S351, S352, S353, S354, S355, S356, S357, S358, S359, S361, S362, S363, S364, S365, S366, S367, S368, S369, S370, S371, S372, S373, S374, S375, S376, S377, S378, S379, S380, S381, S382, S383, S384, S385, S386, S387, S388, S389, S390, S391, S392, S393, S394, S413, S414, S415, S416, S417, S418, S395, S396, S397, S398, S399, S404, S406, S408, S409, S410, S411, S412, S413, S414, S415, S416, S417, S418, S419] …
Fetched daily bars for 113/117 symbols
Found 309 signal(s); top: ['S165:NVDA', 'S164:NVDA', 'S168:NVDA', 'S167:NVDA', 'S166:NVDA', 'S163:NVDA', 'S350:NVDA', 'S351:NVDA']
Paper lab: $1000242 broker equity -> 1164 bucket(s) ($500 virtual each, unlimited paper)
  [b1056 NVDA] ENTRY failed: {"code":50010000,"message":"internal server error occurred"}
  [b1057 NVDA] ENTRY failed: {"code":50010000,"message":"internal server error occurred"}
  [b1154 NVDA] ENTRY failed: {"code":50010000,"message":"internal server error occurred"}
  [b1155 NVDA] ENTRY failed: {"code":50010000,"message":"internal server error occurred"}
  [b1098 NVDA] ENTRY failed: {"code":50010000,"message":"internal server error occurred"}
  [b1099 NVDA] ENTRY failed: {"code":50010000,"message":"internal server error occurred"}
  [b1112 NVDA] ENTRY failed: {"code":50010000,"message":"internal server error occurred"}
  [b1113 NVDA] ENTRY failed: {"code":50010000,"message":"internal server error occurred"}
  [b284 NVDA] ENTRY failed: {"code":50010000,"message":"internal server error occurred"}
  [b285 NVDA] ENTRY failed: {"code":50010000,"message":"internal server error occurred"}
  [b292 NVDA] ENTRY failed: {"code":50010000,"message":"internal server error occurred"}
  [b293 NVDA] ENTRY failed: {"code":50010000,"message":"internal server error occurred"}
  [b300 NVDA] ENTRY failed: {"code":50010000,"message":"internal server error occurred"}
  [b301 NVDA] ENTRY failed: {"code":50010000,"message":"internal server error occurred"}
  [b780 NVDA] ENTRY failed: {"code":50010000,"message":"internal server error occurred"}
  [b781 NVDA] ENTRY failed: {"code":50010000,"message":"internal server error occurred"}
  [b788 NVDA] ENTRY failed: {"code":50010000,"message":"internal server error occurred"}
  [b789 NVDA] ENTRY failed: {"code":50010000,"message":"internal server error occurred"}
  [b796 NVDA] ENTRY failed: {"code":50010000,"message":"internal server error occurred"}
  [b797 NVDA] ENTRY failed: {"code":50010000,"message":"internal server error occurred"}
  [b90 NVDA] ENTRY failed: {"code":50010000,"message":"internal server error occurred"}
  [b804 NVDA] ENTRY failed: {"code":50010000,"message":"internal server error occurred"}
  [b805 NVDA] ENTRY failed: {"code":50010000,"message":"internal server error occurred"}
  [b98 TSLA] ENTRY failed: {"code":50010000,"message":"internal server error occurred"}
  [b99 TSLA] ENTRY failed: {"code":50010000,"message":"internal server error occurred"}
  [b238 TSLA] ENTRY failed: {"code":50010000,"message":"internal server error occurred"}
  [b239 TSLA] ENTRY failed: {"code":50010000,"message":"internal server error occurred"}
  [b366 TSLA] ENTRY failed: {"code":50010000,"message":"internal server error occurred"}
  [b367 TSLA] ENTRY failed: {"code":50010000,"message":"internal server error occurred"}
  [b380 TSLA] ENTRY failed: {"code":50010000,"message":"internal server error occurred"}
  [b381 TSLA] ENTRY failed: {"code":50010000,"message":"internal server error occurred"}
  [b90 TSLA] ENTRY failed: {"code":50010000,"message":"internal server error occurred"}
  [b832 TSLA] ENTRY failed: {"code":50010000,"message":"internal server error occurred"}
  [b833 TSLA] ENTRY failed: {"code":50010000,"message":"internal server error occurred"}
  [b860 TSLA] ENTRY failed: {"code":50010000,"message":"internal server error occurred"}
  [b861 TSLA] ENTRY failed: {"code":50010000,"message":"internal server error occurred"}
  [b902 TSLA] ENTRY failed: {"code":50010000,"message":"internal server error occurred"}
  [b903 TSLA] ENTRY failed: {"code":50010000,"message":"internal server error occurred"}
  [b916 TSLA] ENTRY failed: {"code":50010000,"message":"internal server error occurred"}
  [b917 TSLA] ENTRY failed: {"code":50010000,"message":"internal server error occurred"}
  [b1056 AMD] ENTRY failed: {"code":50010000,"message":"internal server error occurred"}
  [b1057 AMD] ENTRY failed: {"code":50010000,"message":"internal server error occurred"}
  [b1154 AMD] ENTRY failed: {"code":50010000,"message":"internal server error occurred"}
  [b1155 AMD] ENTRY failed: {"code":50010000,"message":"internal server error occurred"}
  [b1098 AMD] ENTRY failed: {"code":50010000,"message":"internal server error occurred"}
  [b1099 AMD] ENTRY failed: {"code":50010000,"message":"internal server error occurred"}
  [b1112 AMD] ENTRY failed: {"code":50010000,"message":"internal server error occurred"}
  [b1113 AMD] ENTRY failed: {"code":50010000,"message":"internal server error occurred"}
  [b20 AMD] ENTRY failed: {"code":50010000,"message":"internal server error occurred"}
  [b21 AMD] ENTRY failed: {"code":50010000,"message":"internal server error occurred"}
  [b284 AMD] ENTRY failed: {"code":50010000,"message":"internal server error occurred"}
  [b285 AMD] ENTRY failed: {"code":50010000,"message":"internal server error occurred"}
  [b292 AMD] ENTRY failed: {"code":50010000,"message":"internal server error occurred"}
  [b293 AMD] ENTRY failed: {"code":50010000,"message":"internal server error occurred"}
  [b300 AMD] ENTRY failed: {"code":50010000,"message":"internal server error occurred"}
  [b301 AMD] ENTRY failed: {"code":50010000,"message":"internal server error occurred"}
  [b780 AMD] ENTRY failed: {"code":50010000,"message":"internal server error occurred"}
  [b781 AMD] ENTRY failed: {"code":50010000,"message":"internal server error occurred"}
  [b788 AMD] ENTRY failed: {"code":50010000,"message":"internal server error occurred"}
  [b789 AMD] ENTRY failed: {"code":50010000,"message":"internal server error occurred"}
  [b796 AMD] ENTRY failed: {"code":50010000,"message":"internal server error occurred"}
  [b797 AMD] ENTRY failed: {"code":50010000,"message":"internal server error occurred"}
  [b90 AMD] ENTRY failed: {"code":50010000,"message":"internal server error occurred"}
  [b804 AMD] ENTRY failed: {"code":50010000,"message":"internal server error occurred"}
  [b805 AMD] ENTRY failed: {"code":50010000,"message":"internal server error occurred"}
  [b1056 SMCI] ENTRY failed: {"code":50010000,"message":"internal server error occurred"}
  [b1057 SMCI] ENTRY failed: {"code":50010000,"message":"internal server error occurred"}
  [b1154 SMCI] ENTRY failed: {"code":50010000,"message":"internal server error occurred"}
  [b1155 SMCI] ENTRY failed: {"code":50010000,"message":"internal server error occurred"}
  [b1098 SMCI] ENTRY failed: {"code":50010000,"message":"internal server error occurred"}
  [b1099 SMCI] ENTRY failed: {"code":50010000,"message":"internal server error occurred"}
  [b1112 SMCI] ENTRY failed: {"code":50010000,"message":"internal server error occurred"}
  [b1113 SMCI] ENTRY failed: {"code":50010000,"message":"internal server error occurred"}
  [b20 SMCI] ENTRY failed: {"code":50010000,"message":"internal server error occurred"}
  [b21 SMCI] ENTRY failed: {"code":50010000,"message":"internal server error occurred"}
  [b284 SMCI] ENTRY failed: {"code":50010000,"message":"internal server error occurred"}
  [b285 SMCI] ENTRY failed: {"code":50010000,"message":"internal server error occurred"}
  [b292 SMCI] ENTRY failed: {"code":50010000,"message":"internal server error occurred"}
  [b293 SMCI] ENTRY failed: {"code":50010000,"message":"internal server error occurred"}
  [b300 SMCI] ENTRY failed: {"code":50010000,"message":"internal server error occurred"}
  [b301 SMCI] ENTRY failed: {"code":50010000,"message":"internal server error occurred"}
  [b780 SMCI] ENTRY failed: {"code":50010000,"message":"internal server error occurred"}
  [b781 SMCI] ENTRY failed: {"code":50010000,"message":"internal server error occurred"}
  [b788 SMCI] ENTRY failed: {"code":50010000,"message":"internal server error occurred"}
  [b789 SMCI] ENTRY failed: {"code":50010000,"message":"internal server error occurred"}
  [b796 SMCI] ENTRY failed: {"code":50010000,"message":"internal server error occurred"}
  [b797 SMCI] ENTRY failed: {"code":50010000,"message":"internal server error occurred"}
  [b90 SMCI] ENTRY failed: {"code":50010000,"message":"internal server error occurred"}
  [b804 SMCI] ENTRY failed: {"code":50010000,"message":"internal server error occurred"}
  [b805 SMCI] ENTRY failed: {"code":50010000,"message":"internal server error occurred"}
  [b1056 AVGO] ENTRY failed: {"code":50010000,"message":"internal server error occurred"}
  [b1057 AVGO] ENTRY failed: {"code":50010000,"message":"internal server error occurred"}
  [b1154 AVGO] ENTRY failed: {"code":50010000,"message":"internal server error occurred"}
  [b1155 AVGO] ENTRY failed: {"code":50010000,"message":"internal server error occurred"}
  [b1098 AVGO] ENTRY failed: {"code":50010000,"message":"internal server error occurred"}
  [b1099 AVGO] ENTRY failed: {"code":50010000,"message":"internal server error occurred"}
  [b1112 AVGO] ENTRY failed: {"code":50010000,"message":"internal server error occurred"}
  [b1113 AVGO] ENTRY failed: {"code":50010000,"message":"internal server error occurred"}
  [b284 AVGO] ENTRY failed: {"code":50010000,"message":"internal server error occurred"}
  [b285 AVGO] ENTRY failed: {"code":50010000,"message":"internal server error occurred"}
  [b292 AVGO] ENTRY failed: {"code":50010000,"message":"internal server error occurred"}
  [b293 AVGO] ENTRY failed: {"code":50010000,"message":"internal server error occurred"}
  [b300 AVGO] ENTRY failed: {"code":50010000,"message":"internal server error occurred"}
  [b301 AVGO] ENTRY failed: {"code":50010000,"message":"internal server error occurred"}
  [b780 AVGO] ENTRY failed: {"code":50010000,"message":"internal server error occurred"}
  [b781 AVGO] ENTRY failed: {"code":50010000,"message":"internal server error occurred"}
  [b788 AVGO] ENTRY failed: {"code":50010000,"message":"internal server error occurred"}
  [b789 AVGO] ENTRY failed: {"code":50010000,"message":"internal server error occurred"}
  [b796 AVGO] ENTRY failed: {"code":50010000,"message":"internal server error occurred"}
  [b797 AVGO] ENTRY failed: {"code":50010000,"message":"internal server error occurred"}
  [b90 AVGO] ENTRY failed: {"code":50010000,"message":"internal server error occurred"}
  [b804 AVGO] ENTRY failed: {"code":50010000,"message":"internal server error occurred"}
  [b805 AVGO] ENTRY failed: {"code":50010000,"message":"internal server error occurred"}
  [b1056 MARA] ENTRY failed: {"code":50010000,"message":"internal server error occurred"}
  [b1057 MARA] ENTRY failed: {"code":50010000,"message":"internal server error occurred"}
  [b1154 MARA] ENTRY failed: {"code":50010000,"message":"internal server error occurred"}
  [b1155 MARA] ENTRY failed: {"code":50010000,"message":"internal server error occurred"}
  [b1098 MARA] ENTRY failed: {"code":50010000,"message":"internal server error occurred"}
  [b1099 MARA] ENTRY failed: {"code":50010000,"message":"internal server error occurred"}
  [b1112 MARA] ENTRY failed: {"code":50010000,"message":"internal server error occurred"}
  [b1113 MARA] ENTRY failed: {"code":50010000,"message":"internal server error occurred"}
  [b20 MARA] ENTRY failed: {"code":50010000,"message":"internal server error occurred"}
  [b21 MARA] ENTRY failed: {"code":50010000,"message":"internal server error occurred"}
  [b284 MARA] ENTRY failed: {"code":50010000,"message":"internal server error occurred"}
  [b285 MARA] ENTRY failed: {"code":50010000,"message":"internal server error occurred"}
  [b292 MARA] ENTRY failed: {"code":50010000,"message":"internal server error occurred"}
  [b293 MARA] ENTRY failed: {"code":50010000,"message":"internal server error occurred"}
  [b300 MARA] ENTRY failed: {"code":50010000,"message":"internal server error occurred"}
  [b301 MARA] ENTRY failed: {"code":50010000,"message":"internal server error occurred"}
  [b366 MARA] ENTRY failed: {"code":50010000,"message":"internal server error occurred"}
  [b367 MARA] ENTRY failed: {"code":50010000,"message":"internal server error occurred"}
  [b380 MARA] ENTRY failed: {"code":50010000,"message":"internal server error occurred"}
  [b381 MARA] ENTRY failed: {"code":50010000,"message":"internal server error occurred"}
  [b422 MARA] ENTRY failed: {"code":50010000,"message":"internal server error occurred"}
  [b423 MARA] ENTRY failed: {"code":50010000,"message":"internal server error occurred"}
  [b780 MARA] ENTRY failed: {"code":40310000,"existing_order_id":"c103b7e0-eb01-43b5-93c6-18dabb5a34cc","message":"potential wash trade detected. use complex orders","reject_reason":"opposite side market/stop order exists"}
  [b781 MARA] ENTRY failed: {"code":40310000,"existing_order_id":"c103b7e0-eb01-43b5-93c6-18dabb5a34cc","message":"potential wash trade detected. use complex orders","reject_reason":"opposite side market/stop order exists"}
  [b788 MARA] ENTRY failed: {"code":50010000,"message":"internal server error occurred"}
  [b789 MARA] ENTRY failed: {"code":50010000,"message":"internal server error occurred"}
  [b796 MARA] ENTRY failed: {"code":50010000,"message":"internal server error occurred"}
  [b797 MARA] ENTRY failed: {"code":50010000,"message":"internal server error occurred"}
  [b90 MARA] ENTRY failed: {"code":40310000,"existing_order_id":"c103b7e0-eb01-43b5-93c6-18dabb5a34cc","message":"potential wash trade detected. use complex orders","reject_reason":"opposite side market/stop order exists"}
  [b804 MARA] ENTRY failed: {"code":40310000,"existing_order_id":"c103b7e0-eb01-43b5-93c6-18dabb5a34cc","message":"potential wash trade detected. use complex orders","reject_reason":"opposite side market/stop order exists"}
  [b805 MARA] ENTRY failed: {"code":40310000,"existing_order_id":"c103b7e0-eb01-43b5-93c6-18dabb5a34cc","message":"potential wash trade detected. use complex orders","reject_reason":"opposite side market/stop order exists"}
  [b90 MARA] ENTRY failed: {"code":50010000,"message":"internal server error occurred"}
  [b832 MARA] ENTRY failed: {"code":50010000,"message":"internal server error occurred"}
  [b833 MARA] ENTRY failed: {"code":50010000,"message":"internal server error occurred"}
  [b888 MARA] ENTRY failed: {"code":40310000,"existing_order_id":"c103b7e0-eb01-43b5-93c6-18dabb5a34cc","message":"potential wash trade detected. use complex orders","reject_reason":"opposite side market/stop order exists"}
  [b889 MARA] ENTRY failed: {"code":40310000,"existing_order_id":"c103b7e0-eb01-43b5-93c6-18dabb5a34cc","message":"potential wash trade detected. use complex orders","reject_reason":"opposite side market/stop order exists"}
  [b902 MARA] ENTRY failed: {"code":50010000,"message":"internal server error occurred"}
  [b903 MARA] ENTRY failed: {"code":50010000,"message":"internal server error occurred"}
  [b916 MARA] ENTRY failed: {"code":50010000,"message":"internal server error occurred"}
  [b917 MARA] ENTRY failed: {"code":50010000,"message":"internal server error occurred"}
  [b796 ARM] ENTRY failed: {"code":50010000,"message":"internal server error occurred"}
  [b797 ARM] ENTRY failed: {"code":50010000,"message":"internal server error occurred"}
  [b832 ARM] ENTRY failed: {"code":50010000,"message":"internal server error occurred"}
  [b833 ARM] ENTRY failed: {"code":50010000,"message":"internal server error occurred"}
  [b238 UPST] ENTRY failed: {"code":50010000,"message":"internal server error occurred"}
  [b239 UPST] ENTRY failed: {"code":50010000,"message":"internal server error occurred"}
  [b182 CELH] ENTRY failed: {"code":50010000,"message":"internal server error occurred"}
  [b183 CELH] ENTRY failed: {"code":50010000,"message":"internal server error occurred"}
  [b90 QQQ] ENTRY failed: {"code":50010000,"message":"internal server error occurred"}
  [b196 QQQ] ENTRY failed: {"code":50010000,"message":"internal server error occurred"}
  [b197 QQQ] ENTRY failed: {"code":50010000,"message":"internal server error occurred"}
  [b238 QQQ] ENTRY failed: {"code":50010000,"message":"internal server error occurred"}
  [b239 QQQ] ENTRY failed: {"code":50010000,"message":"internal server error occurred"}
  [b90 IWM] ENTRY failed: {"code":50010000,"message":"internal server error occurred"}
  [b196 IWM] ENTRY failed: {"code":50010000,"message":"internal server error occurred"}
  [b197 IWM] ENTRY failed: {"code":50010000,"message":"internal server error occurred"}
  [b182 HD] ENTRY failed: {"code":40310000,"existing_order_id":"efbafaec-2349-45fb-b0c3-9c9099e0c949","message":"potential wash trade detected. use complex orders","reject_reason":"opposite side market/stop order exists"}
  [b183 HD] ENTRY failed: {"code":40310000,"existing_order_id":"efbafaec-2349-45fb-b0c3-9c9099e0c949","message":"potential wash trade detected. use complex orders","reject_reason":"opposite side market/stop order exists"}
  [b238 HD] ENTRY failed: {"code":40310000,"existing_order_id":"efbafaec-2349-45fb-b0c3-9c9099e0c949","message":"potential wash trade detected. use complex orders","reject_reason":"opposite side market/stop order exists"}
  [b239 HD] ENTRY failed: {"code":40310000,"existing_order_id":"efbafaec-2349-45fb-b0c3-9c9099e0c949","message":"potential wash trade detected. use complex orders","reject_reason":"opposite side market/stop order exists"}
  [b84 BAC] ENTRY failed: {"code":50010000,"message":"internal server error occurred"}
  [b85 BAC] ENTRY failed: {"code":50010000,"message":"internal server error occurred"}
  [b84 MS] ENTRY failed: {"code":50010000,"message":"internal server error occurred"}
  [b85 MS] ENTRY failed: {"code":50010000,"message":"internal server error occurred"}
  [b238 MS] ENTRY failed: {"code":50010000,"message":"internal server error occurred"}
  [b239 MS] ENTRY failed: {"code":50010000,"message":"internal server error occurred"}
  [b238 BA] ENTRY failed: {"code":50010000,"message":"internal server error occurred"}
  [b239 BA] ENTRY failed: {"code":50010000,"message":"internal server error occurred"}
  [b182 MMM] ENTRY failed: {"code":50010000,"message":"internal server error occurred"}
  [b183 MMM] ENTRY failed: {"code":50010000,"message":"internal server error occurred"}
  [b238 MMM] ENTRY failed: {"code":50010000,"message":"internal server error occurred"}
  [b239 MMM] ENTRY failed: {"code":50010000,"message":"internal server error occurred"}
  [b90 UNH] ENTRY failed: {"code":50010000,"message":"internal server error occurred"}
  [b196 UNH] ENTRY failed: {"code":50010000,"message":"internal server error occurred"}
  [b197 UNH] ENTRY failed: {"code":50010000,"message":"internal server error occurred"}
  Skipped: 322 no tradeable call
Placed 0 new entry order(s).

[Portfolio snapshot]
+========================================================================+
|[OPTIONS BOT DAILY VITALS (MATRIX EXPERIMENT)]                          |
+========================================================================+
|-- ACCOUNT STATUS (entry+manage) --                                     |
|Equity       : $1,000,241.84                                            |
|Open Risk    : 39 lots (8 broker pos)                                   |
|Today's Run  : 309 signals -> 0 orders submitted                        |
|                                                                        |
|-- SYSTEM HEALTH --                                                     |
|Zombies      : 0 (Ledger is clean)                                      |
|Lab Status   : 39 Active Lots | 0 Pending Orders                        |
|Auto-Matrix  : (Pending EOD report generation)                          |
+========================================================================+
+========================================================================+
|[DATA QUALITY: CLEAN vs ERRORS vs KEEP-ONLY]                            |
+========================================================================+
|  CLEAN              n=1204  win= 49.2%  med= -10.1%  $+15,812          |
|  TAINTED            n=1829  win= 33.4%  med= -38.8%  $-9,097           |
|  KEEP-only          n=626   win= 63.3%  med= +51.4%  $+10,734          |
|  KEEP recent        n=429   win= 61.3%  med= +53.3%  $+6,089           |
|  KEEP(23): S163,S168,S173,S174,S210,S218,S350,S353...                  |
|  KILL(19): ORPHAN,S164,S202,S203,S207,S211,S212,S216...                |
+========================================================================+
+========================================================================+
|[+++ OVERPERFORMING STRATEGIES (n>=10)]                                 |
+========================================================================+
|  BKT  PROFILE                   WIN%   MED%   TOTAL TRADES             |
|  ---------------------------------------------------------             |
|  b832 lab0832_s406_w3_1045..  85%  +126.9%    13                       |
|  b238 lab0238_s401_w3_1045..  82%  +109.5%    17                       |
|  b861 lab0861_s408_w3_1045..  67%  +83.3%    12                        |
|  b365 lab0365_s361_w2_1005..  91%  +82.8%    11                        |
+========================================================================+
|[--- UNDERPERFORMING STRATEGIES (n>=10)]                                |
+========================================================================+
|  BKT  PROFILE                   WIN%   MED%   TOTAL TRADES             |
|  ---------------------------------------------------------             |
|  b47  lab0047_s205_w4_1120..   4%  -78.0%    28                        |
|  b167 lab0167_s216_w2_1005..  20%  -71.8%    10                        |
|  b307 lab0307_s354_w2_1005..  30%  -69.9%    10                        |
|  b1   lab0001_s200_w1_0928..   0%  -65.8%    10                        |
+========================================================================+
+========================================================================+
|[OPEN OPTIONS (8)]                                                      |
+========================================================================+
|  SYMBOL                      QTY    RET%        OPEN P&L               |
|  ---------------------------------------------------------             |
|  MARA260918C00012000          33    -43.2%   $   -652.00               |
|  AMD260914C00550000            2   -100.0%   $   -120.00               |
|  MARA260925C00011500          -1   -325.0%   $    -52.00               |
|  MARA260925C00012500           3    -33.6%   $    -50.00               |
|  PATH260925C00017000           1    -86.7%   $    -39.00               |
|  AMD260914C00547500           -1    +97.2%   $    +35.00               |
|  AMD260914C00552500           -1    +96.9%   $    +31.00               |
|  HD260918C00325000             1    -34.0%   $    -17.00               |
+========================================================================+
Full detail: logs/options_trial/runs/2026-09-14.log
elapsed=252.3s reconcile=2.48s cancel=0.12s manage=8.2s scan=35.52s entries=195.47s
STATUS: options_morning_bot run complete (PAPER) elapsed=252.3s. run=#9865 https://github.com/28twagg-ops/TradingBot/actions/runs/34857646462
Evaluation complete: 100 strategies evaluated, 0 killed, 0 promote candidates.
Wrote /home/runner/work/TradingBot/TradingBot/logs/options_trial/reports/2026-09-14_buckets.md
Wrote /home/runner/work/TradingBot/TradingBot/logs/options_trial/reports/2026-09-14_buckets.csv
Summary: 0 buckets closed trades, $+0.00 realized
STALE WARNING: 5 bucket(s) with open lots and last_entry >5d
