options_reconcile: state=/home/runner/work/TradingBot/TradingBot/logs/options_trial/_state/lab_state.json
  open_lots=10 pending_exits=0 paper_keys=yes dry_run=False
  alpaca open sell orders=0 positions=4
  zombies_flagged=8
  FLAG b5|S163|36993a9a zombie age_min=921 notional=$46.00 occ=CCL260731C00028000 action=submitted:8721f0c6-2de8-4285-a35e-dd5cb248a980
  FLAG b4|S163|5f6f0544 zombie age_min=921 notional=$46.00 occ=CCL260731C00028000 action=submitted:e6fa46ef-cb53-4fc4-99f1-aaf19a462b32
  FLAG b37|S167|bb0662cb zombie age_min=921 notional=$45.00 occ=CCL260731C00028000 action=submitted:d7561c7d-479a-471a-9c0e-ac9e79ef555e
  FLAG b36|S167|737bb626 zombie age_min=921 notional=$45.00 occ=CCL260731C00028000 action=submitted:d9d5336a-c603-4e9a-b064-2e3ce187df42
  FLAG b13|S164|af7b8c5d zombie age_min=921 notional=$45.00 occ=CCL260731C00028000 action=submitted:30a6b0ef-34ec-431a-b521-5c75f10f9831
  FLAG b12|S164|e95ceaf4 zombie age_min=921 notional=$45.00 occ=CCL260731C00028000 action=submitted:7f64e31d-d09f-4a8a-9580-20cfd094277c
  FLAG b21|S165|28d5cef8 zombie age_min=921 notional=$45.00 occ=CCL260731C00028000 action=submitted:7ce211c6-c0cc-47e6-a2dd-58407b06f132
  FLAG b20|S165|9fb95222 zombie age_min=921 notional=$45.00 occ=CCL260731C00028000 action=submitted:927f514b-3f84-416e-95d6-33f286ddb19c
options_reconcile: done
Layout: controlled:248:c000_s163_w1_0928_1005_r1 (layout changed controlled:100:c000_s173_w1_0928_1005_r1 -> controlled:248:c000_s163_w1_0928_1005_r1)
Trial layout: /home/runner/work/TradingBot/TradingBot/logs/options_trial
Docs:         skipped (local docs unavailable on this runner)
Buckets:      248
=== options_morning_bot (PAPER) 2026-07-29T11:20:46.441134-04:00 ===

[Run context]
Paper auth OK — equity $125729.20, account PA36KS87UPRS

[Setup]
Active buckets: 248 | Strategies: S165, S164, S168, S167, S166, S163, S169, S170, S171, S172, S175, S200, S201, S202, S203, S204, S205, S206, S207, S208, S209, S210, S211, S212, S213, S214, S215, S216, S217, S218, S219
Dropped (no new entries; ex-reflected P&L): S173, S174

[Scan + entries]
Scanning 903 symbols for [S165, S164, S168, S167, S166, S163, S169, S170, S171, S172, S175, S200, S201, S202, S203, S204, S205, S206, S207, S208, S209, S210, S211, S212, S213, S214, S215, S216, S217, S218, S219] …
Fetched daily bars for 903/903 symbols
Found 502 signal(s); top: ['S165:AMCR', 'S165:AON', 'S165:AMAT', 'S165:ACGL', 'S165:BSX', 'S165:BLDR', 'S165:BG', 'S165:CCL']
Paper lab: $125813 broker equity -> 248 bucket(s) ($500 virtual each, unlimited paper)
