13:47:13  INFO      Mode: morning_scan
13:47:14  INFO        [positions] 2/2 (2 valid)
13:47:14  INFO        Universe cache hit: 903 tickers (tickers_2026-10-09.json)
13:47:15  INFO        [universe] 40/901 (40 valid)
13:47:17  INFO        [universe] 80/901 (80 valid)
13:47:18  INFO        [universe] 120/901 (120 valid)
13:47:20  INFO        [universe] 160/901 (160 valid)
13:47:21  INFO        [universe] 200/901 (199 valid)
13:47:29  INFO        [universe] 240/901 (238 valid)
13:47:39  INFO        [universe] 280/901 (278 valid)
13:47:53  INFO        [universe] 320/901 (318 valid)
13:48:03  INFO        [universe] 360/901 (358 valid)
13:48:16  INFO        [universe] 400/901 (398 valid)
13:48:30  INFO        [universe] 440/901 (438 valid)
13:48:40  INFO        [universe] 480/901 (477 valid)
13:48:53  INFO        [universe] 520/901 (517 valid)
13:49:04  INFO        [universe] 560/901 (557 valid)
13:49:17  INFO        [universe] 600/901 (597 valid)
13:49:28  INFO        [universe] 640/901 (637 valid)
13:49:41  INFO        [universe] 680/901 (677 valid)
13:49:51  INFO        [universe] 720/901 (717 valid)
13:50:05  INFO        [universe] 760/901 (757 valid)
13:50:15  INFO        [universe] 800/901 (797 valid)
13:50:29  INFO        [universe] 840/901 (837 valid)
13:50:39  INFO        [universe] 880/901 (877 valid)
13:50:46  INFO        [universe] 901/901 (898 valid)

+========================================================================+
|  RUBBER BAND BOT  v8                                                   |
+------------------------------------------------------------------------+
|  Mode                                                      MORNING_SCAN|
|  Time                                                         13:47 UTC|
|  Regime                                                            BULL|
|  Universe                                                          both|
|  Equity                                                         $224.90|
+========================================================================+

+========================================================================+
|                   RUBBER BAND BOT v8  --  DAILY SCAN                   |
+========================================================================+
|  Mode                                                      *** LIVE ***|
|  Date                                                        2026-10-09|
|  Universe                                                          both|
|  Mon~  Oct: RubberBand + GapDown (display only — schedule not enforced)|
|  Disabled  GapDown, GoldenPocket, VolumeSpike (see DISABLED_STRATEGIES)|
|  Regime                                                            BULL|
|  Exit                                      midline / stop-0.5% / 3d max|
+========================================================================+

+========================================================================+
|                                ACCOUNT                                 |
+========================================================================+
|  Equity (total)                                                 $224.90|
|  Cash                                                           $156.64|
|  Reserve                                          $11.25  (always kept)|
|  Stocks~  $68.26 / $168.68  (75% equity; 25% reserved for live options)|
|  Options MV                        $0.00  open P&L $+0.00  (0 contract)|
|  Available                                    $100.42  (new stock buys)|
|  Trade size             $33.73  (15% per signal — all strategies equal)|
+========================================================================+

+========================================================================+
|                        STOCK HOLDINGS  (2 open)                        |
+========================================================================+
|  TICKER   STRATEGY        INVESTED   ENTRY    NOW      P&L%    P&L$    |
+------------------------------------------------------------------------+
|  BAC      MomReversal     $34.04     $53.41   $53.74   +0.6%   $+0.21  |
|  OC       MomReversal     $34.22     $113.39  $115.30  +1.7%   $+0.57  |
|                                                                        |
|  Total invested                                                  $68.26|
|  Total open P&L                                                  $+0.78|
|  Buys today: 0  |  entry cap: 1  |  max open: 3                        |
+========================================================================+

+========================================================================+
|                               PLAN CACHE                               |
+========================================================================+
|  Mode                                                           morning|
|  File                                      logs/plans/morning_plan.json|
|  Use cached plan                                  no (stale (15846.8m))|
+========================================================================+

+========================================================================+
|          EXIT EVALUATION  (EOD -- midline + stop + max-hold)           |
+========================================================================+
|  BAC  P&L +0.6%  $+0.21                                            HOLD|
|  OC  P&L +1.7%  $+0.57                                             HOLD|
+========================================================================+

+========================================================================+
|                           EXIT EVAL SUMMARY                            |
+========================================================================+
|  Exit eval    attempted 0 | filled 0 | partial 0 | pending 0 | failed 0|
|  Other skips     already logged today 0  |  no price data 0  |  holds 2|
|  Stop-loss breaches                                                none|
|  Stop-loss look file                  logs/stop_losses_to_look_into.txt|
|  New investigations added                                             0|
+========================================================================+

+========================================================================+
|                             DATA DOWNLOAD                              |
+========================================================================+
|  Universe: both  |  Alpaca primary / yfinance fallback                 |
+========================================================================+

+========================================================================+
|                              SIGNAL SCAN                               |
+========================================================================+
|  Month: Oct  |  Regime: BULL                                           |
|  Primary: RubberBand  |  Secondary: GapDown (display only — schedule n~|
|  Source                                                       live scan|
+========================================================================+

+========================================================================+
|                         SIGNALS FOUND  --  45                          |
+========================================================================+
|  TICKER   STRATEGY        TIER   PRICE    RSI    VOL_Z   TRIGGER       |
+------------------------------------------------------------------------+
|  AES      Pullback50      eq     $14.94   76.2   -2.26   50MA bounce (+|
|  AMZN     Pullback50      eq     $257.63  48.9   -3.45   50MA bounce (-|
|  AMGN     Pullback50      eq     $410.62  61.0   -1.87   50MA bounce (-|
|  ACGL     Pullback50      eq     $96.42   52.9   -2.14   50MA bounce (-|
|  ADM      Pullback50      eq     $82.64   46.1   -1.60   50MA bounce (+|
|  ADP      Pullback50      eq     $272.73  53.5   -1.70   50MA bounce (+|
|  BDX      Pullback50      eq     $183.23  55.0   -1.50   50MA bounce (+|
|  TECH     Pullback50      eq     $72.50   51.3   -2.60   50MA bounce (+|
|  CDW      Pullback50      eq     $141.25  43.3   -2.25   50MA bounce (-|
|  COR      Pullback50      eq     $320.59  54.3   -1.86   50MA bounce (+|
|  CHD      Pullback50      eq     $97.61   62.5   -2.90   50MA bounce (-|
|  CTAS     Pullback50      eq     $201.91  57.2   -2.22   50MA bounce (+|
|  KO       Pullback50      eq     $87.82   54.3   -2.90   50MA bounce (-|
|  CPAY     Pullback50      eq     $403.49  56.6   -2.79   50MA bounce (-|
|  EG       Pullback50      eq     $371.61  53.4   -1.19   50MA bounce (-|
|  ICE      Pullback50      eq     $156.39  52.4   -2.96   50MA bounce (+|
|  KDP      Pullback50      eq     $31.34   54.8   -2.39   50MA bounce (+|
|  LH       Pullback50      eq     $317.05  45.1   -1.83   50MA bounce (-|
|  LLY      Pullback50      eq     $1164.~  50.0   -2.50   50MA bounce (-|
|  MDT      Pullback50      eq     $89.36   42.3   -0.99   50MA bounce (-|
|  MRK      Pullback50      eq     $143.70  36.5   -1.61   50MA bounce (+|
|  NWSA     Pullback50      eq     $29.15   44.0   -1.38   50MA bounce (-|
|  RSG      Pullback50      eq     $217.34  59.0   -2.02   50MA bounce (+|
|  SOLV     Pullback50      eq     $87.54   41.3   -2.04   50MA bounce (-|
|  TRV      Pullback50      eq     $370.04  48.5   -1.94   50MA bounce (+|
|  UNH      Pullback50      eq     $386.97  57.5   -2.41   50MA bounce (-|
|  WMB      Pullback50      eq     $72.39   53.6   -1.88   50MA bounce (+|
|  WDAY     Pullback50      eq     $190.97  48.5   -1.41   50MA bounce (+|13:50:49  INFO        BUY  AES  $33.73  [Pullback50]  id=93540f0f-3afe-4d21-8b43-0b2c0f9b2a65
