options_reconcile: state=/home/runner/work/TradingBot/TradingBot/logs/options_trial/_state/lab_state.json
  open_lots=128 paper_keys=yes dry_run=False
  alpaca positions=41
options_reconcile: done
Layout: controlled:1164:live_1to1+variations (layout changed controlled:100:c000_s173_w1_0928_1005_r1 -> controlled:1164:live_1to1+variations)
Trial layout: /home/runner/work/TradingBot/TradingBot/logs/options_trial
Docs:         skipped (local docs unavailable on this runner)
Buckets:      1164
PROBE OK: paper account status=AccountStatus.ACTIVE equity=$1,005,727.43
  buying_power=$3,973,057.72 cash=$1,000,564.43
  open option orders: 20
    MARA260904C00012000 OrderSide.SELL qty=1 status=OrderStatus.NEW limit=0.01
    MARA260911C00012500 OrderSide.SELL qty=6 status=OrderStatus.NEW limit=None
    CRWD260911C00235000 OrderSide.SELL qty=2 status=OrderStatus.NEW limit=None
    MARA260925C00012500 OrderSide.SELL qty=4 status=OrderStatus.NEW limit=None
    BA260911C00217500 OrderSide.SELL qty=2 status=OrderStatus.NEW limit=None
  open option positions: 41
    AVGO260904C00357500 qty=-1 mkt=$-49.00
    AVGO260904C00367500 qty=-1 mkt=$-1.00
    AVGO260909C00380000 qty=3 mkt=$102.00
    AVGO260911C00385000 qty=1 mkt=$65.00
    BA260904C00215000 qty=-1 mkt=$-1.00
PROBE: check-only pass (use --smoke-entry to place a test order)
=== options_morning_bot (PAPER) 2026-09-04T15:01:09.830424-04:00 ===

[Run context]
Paper auth OK — equity $1005727.43, account PA33P8KT02IL

[Setup]
LIVE 1:1 bucket b90 live_1to1 — S218, S404, S406 | TP+50%/SL-40% | stop-mkt | min $20
Variation study: 1163 lab/promising bucket(s) | cohort: all paper strategies | max 400 new entries/run
Dropped (no new entries; ex-reflected P&L): S203, S207, S212, S360, S405, S407
  EXIT [b85|lab0085_s210_w3_1045_1120_r2|S210] stop_loss (-88.0%) SELL failed NVDA260904C00232500: {"code":40310000,"message":"account not eligible to trade uncovered option contracts"}
  EXIT [b84|lab0084_s210_w3_1045_1120_r1|S210] stop_loss (-88.0%) SELL failed NVDA260904C00232500: {"code":40310000,"message":"account not eligible to trade uncovered option contracts"}
  EXIT [b20|lab0020_s202_w3_1045_1120_r1|S202] stop_loss (-53.1%) SELL failed PATH260911C00016500: {"code":40310000,"message":"account not eligible to trade uncovered option contracts"}
  EXIT [b901|lab0901_s411_w2_1005_1045_r2|S411] take_profit (+151.3%) SELL failed RBLX260904C00042000: {"code":40310000,"message":"account not eligible to trade uncovered option contracts"}
  EXIT [b900|lab0900_s411_w2_1005_1045_r1|S411] take_profit (+151.3%) SELL failed RBLX260904C00042000: {"code":40310000,"message":"account not eligible to trade uncovered option contracts"}
Protective stops: placed=1 upgraded=1 already=23 failed=8 (market-first)

[Manage only]
Past entry window; manage/exit only.

[Portfolio snapshot]
+========================================================================+
|[OPTIONS BOT DAILY VITALS (MATRIX EXPERIMENT)]                          |
+========================================================================+
|-- ACCOUNT STATUS (manage-only) --                                      |
|Equity       : $1,005,727.43                                            |
|Open Risk    : 128 lots (41 broker pos)                                 |
|Today's Run  : 0 signals -> 0 orders submitted                          |
|                                                                        |
|-- SYSTEM HEALTH --                                                     |
|Zombies      : 0 (Ledger is clean)                                      |
|Lab Status   : 128 Active Lots | 0 Pending Orders                       |
|Auto-Matrix  : (Pending EOD report generation)                          |
+========================================================================+
+========================================================================+
|[DATA QUALITY: CLEAN vs ERRORS vs KEEP-ONLY]                            |
+========================================================================+
|  CLEAN              n=1028  win= 50.1%  med=  +8.6%  $+15,654          |
|  TAINTED            n=1790  win= 33.5%  med= -38.3%  $-8,613           |
|  KEEP-only          n=551   win= 64.2%  med= +51.4%  $+10,279          |
|  KEEP recent        n=343   win= 61.2%  med= +53.6%  $+5,022           |
|  KEEP(22): S173,S174,S210,S218,S350,S352,S353,S354...                  |
|  KILL(18): ORPHAN,S164,S202,S203,S207,S211,S212,S216...                |
+========================================================================+
+========================================================================+
|[+++ OVERPERFORMING STRATEGIES (n>=10)]                                 |
+========================================================================+
|  BKT  PROFILE                   WIN%   MED%   TOTAL TRADES             |
|  ---------------------------------------------------------             |
|  b832 lab0832_s406_w3_1045..  83%  +138.5%    12                       |
|  b238 lab0238_s401_w3_1045..  81%  +115.2%    16                       |
|  b861 lab0861_s408_w3_1045..  73%  +100.0%    11                       |
|  b833 lab0833_s406_w3_1045..  86%  +98.1%    14                        |
+========================================================================+
|[--- UNDERPERFORMING STRATEGIES (n>=10)]                                |
+========================================================================+
|  BKT  PROFILE                   WIN%   MED%   TOTAL TRADES             |
|  ---------------------------------------------------------             |
|  b47  lab0047_s205_w4_1120..   4%  -78.0%    28                        |
|  b307 lab0307_s354_w2_1005..  30%  -69.9%    10                        |
|  b84  lab0084_s210_w3_1045..  42%  -67.4%    12                        |
|  b1   lab0001_s200_w1_0928..   0%  -65.8%    10                        |
+========================================================================+
+========================================================================+
|[OPEN OPTIONS (41)]                                                     |
+========================================================================+
|  SYMBOL                      QTY    RET%        OPEN P&L               |
|  ---------------------------------------------------------             |
|  RBLX260904C00041000          -1   -654.8%   $   -203.00               |
|  RBLX260904C00041500          -1   -804.8%   $   -169.00               |
|  TSLA260909C00387500          12    -20.1%   $   -139.00               |
|  RBLX260904C00042000           2   +159.0%   $   +124.00               |
|  TSLA260909C00385000           4    -29.0%   $    -84.80               |
|  UPST260911C00029000           4    -34.7%   $    -68.00               |
|  MARA260918C00012000          17     -7.7%   $    -61.00               |
|  MARA260911C00011500          10    -13.0%   $    -60.00               |
|  ... 33 more position(s)                                               |
+========================================================================+
Full detail: logs/options_trial/runs/2026-09-04.log
elapsed=8.2s reconcile=0.16s cancel=0.04s manage=6.74s
STATUS: options_morning_bot run complete (PAPER) elapsed=8.2s. run=#9124 https://github.com/28twagg-ops/TradingBot/actions/runs/33908843196
Evaluation complete: 100 strategies evaluated, 0 killed, 0 promote candidates.
Wrote /home/runner/work/TradingBot/TradingBot/logs/options_trial/reports/2026-09-04_buckets.md
Wrote /home/runner/work/TradingBot/TradingBot/logs/options_trial/reports/2026-09-04_buckets.csv
Summary: 20 buckets closed trades, $+366.08 realized
STALE WARNING: 1 bucket(s) with open lots and last_entry >5d
Wrote /home/runner/work/TradingBot/TradingBot/logs/options_trial/reports/2026-09-04_strategy_selection.md
Wrote /home/runner/work/TradingBot/TradingBot/logs/options_trial/reports/2026-09-04_strategy_selection.csv
Summary: keep=0 watch=83 drop=22
Orphan rate: 12.5% (353/2818) ALERT
# Options signal frequency

_Generated 2026-09-04T15:01:24.125206_

Headline counts are **unique (strategy, underlying, date)** from `ENTRY` lines in `logs/options_trial/runs/*.log`.
Raw log-line counts (multi-bucket duplicates) are shown below for debug.

### Unique underlying symbols per day (headline)

| Date       | S163 | S164 | S165 | S166 | S167 | S168 | S169 | S170 | S171 | S172 | S175 | S173 | S174 | Total |
|------------|-----:|-----:|-----:|-----:|-----:|-----:|-----:|-----:|-----:|-----:|-----:|-----:|-----:|------:|
| 2026-07-07 |    0 |    0 |    0 |    0 |    0 |    0 |    0 |    0 |    0 |    0 |    0 |    1 |    0 |     1 |
| 2026-07-08 |    0 |    0 |    3 |    0 |    0 |    0 |    0 |    0 |    0 |    0 |    0 |    2 |    1 |     6 |
| 2026-07-09 |    0 |    0 |    1 |    0 |    0 |    0 |    0 |    0 |    0 |    0 |    0 |    2 |    3 |     6 |
| 2026-07-10 |    0 |    0 |    1 |    0 |    0 |    0 |    0 |    0 |    0 |    0 |    0 |    1 |    1 |     3 |
| 2026-07-13 |    0 |    0 |    2 |    0 |    0 |    0 |    0 |    0 |    0 |    0 |    0 |    3 |    2 |     7 |
| 2026-07-14 |    0 |    0 |    3 |    0 |    0 |    0 |    0 |    0 |    0 |    0 |    0 |    2 |    0 |     5 |
| 2026-07-16 |    0 |    0 |    2 |    0 |    0 |    0 |    0 |    0 |    0 |    0 |    0 |    3 |    0 |     5 |
| 2026-07-17 |    0 |    0 |    2 |    0 |    0 |    0 |    0 |    0 |    0 |    0 |    0 |    2 |    0 |     4 |
| 2026-07-20 |    0 |    0 |    0 |    0 |    0 |    0 |    0 |    0 |    0 |    0 |    0 |    1 |    0 |     1 |
| 2026-07-21 |    1 |    2 |    1 |    1 |    2 |    2 |    0 |    0 |    0 |    0 |    0 |    0 |    0 |     9 |
| 2026-07-22 |    1 |    1 |    1 |    0 |    1 |    0 |    0 |    0 |    0 |    0 |    0 |    0 |    0 |     4 |
| 2026-07-24 |    1 |    1 |    1 |    0 |    1 |    1 |    0 |    0 |    0 |    0 |    0 |    0 |    0 |     5 |
| 2026-07-27 |    1 |    0 |    1 |    1 |    1 |    1 |    0 |    0 |    0 |    0 |    0 |    0 |    0 |     5 |
| 2026-07-28 |    1 |    1 |    1 |    1 |    1 |    1 |    0 |    0 |    0 |    0 |    0 |    0 |    0 |     6 |
| 2026-07-29 |    1 |    2 |    1 |    1 |    1 |    0 |    0 |    0 |    0 |    0 |    0 |    0 |    0 |     6 |
| 2026-09-01 |    2 |    2 |    2 |    1 |    2 |    2 |    0 |    0 |    0 |    0 |    0 |    0 |    0 |    11 |
| 2026-09-02 |    1 |    1 |    1 |    1 |    1 |    1 |    0 |    0 |    0 |    0 |    0 |    0 |    0 |     6 |
| 2026-09-03 |    1 |    1 |    1 |    1 |    1 |    1 |    0 |    0 |    0 |    0 |    0 |    0 |    0 |     6 |
| 2026-09-04 |    2 |    2 |    2 |    2 |    2 |    2 |    0 |    0 |    0 |    0 |    0 |    0 |    0 |    12 |

## Per-strategy summary (unique underlyings)

| Strategy | Unique entries | Active days | Avg unique / active day | Est. active days to n=30 exits* |
|----------|---------------:|------------:|------------------------:|--------------------------------|
| S163 | 12 | 10 | 1.2 | ~32 active signal-days |
| S164 | 13 | 9 | 1.4 | ~26 active signal-days |
| S165 | 26 | 17 | 1.5 | ~25 active signal-days |
| S166 | 9 | 8 | 1.1 | ~34 active signal-days |
| S167 | 13 | 10 | 1.3 | ~29 active signal-days |
| S168 | 11 | 8 | 1.4 | ~28 active signal-days |
| S169 | 0 | 0 | 0.0 | inf (no unique entries yet) |
| S170 | 0 | 0 | 0.0 | inf (no unique entries yet) |
| S171 | 0 | 0 | 0.0 | inf (no unique entries yet) |
| S172 | 0 | 0 | 0.0 | inf (no unique entries yet) |
| S175 | 0 | 0 | 0.0 | inf (no unique entries yet) |
| S173 | 17 | 9 | 1.9 | ~20 active signal-days |
| S174 | 7 | 4 | 1.8 | ~22 active signal-days |

\* Formula: `ceil(30 / (avg_unique_per_active_day * 80%))`. Update when real exit rates are known.

## Signal frequency by window (all time, unique strategy×symbol×date×window)

| Window | S163 | S164 | S165 | S166 | S167 | S168 | S169 | S170 | S171 | S172 | S175 | S173 | S174 | Total |
|--------|-----:|-----:|-----:|-----:|-----:|-----:|-----:|-----:|-----:|-----:|-----:|-----:|-----:|------:|
| w1     |    5 |    4 |    8 |    3 |    4 |    4 |    0 |    0 |    0 |    0 |    0 |    7 |    1 |    36 |
| w2     |    7 |    6 |   12 |    7 |    7 |    6 |    0 |    0 |    0 |    0 |    0 |    6 |    3 |    54 |
| w3     |    9 |    7 |   14 |    6 |    8 |    6 |    0 |    0 |    0 |    0 |    0 |    7 |    4 |    61 |
| w4     |    6 |    4 |   10 |    3 |    5 |    7 |    0 |    0 |    0 |    0 |    0 |    6 |    3 |    44 |

Windows (ET): w1 09:28–10:05 · w2 10:05–10:45 · w3 10:45–11:20 · w4 11:20–11:35. Parsed from controlled-layout profile names in ENTRY log lines.

## Raw vs unique totals

| Strategy | Raw log lines (includes multi-bucket duplicates) | Unique underlying symbols |
|----------|-------------------------------------------------:|--------------------------:|
| S163 | 245 | 12 |
| S164 | 263 | 13 |
| S165 | 1703 | 26 |
| S166 | 135 | 9 |
| S167 | 257 | 13 |
| S168 | 190 | 11 |
| S169 | 0 | 0 |
| S170 | 0 | 0 |
| S171 | 0 | 0 |
| S172 | 0 | 0 |
| S175 | 0 | 0 |
| S173 | 1911 | 17 |
| S174 | 891 | 7 |

### Raw log lines per day (debug / multi-bucket)

| Date       | S163 | S164 | S165 | S166 | S167 | S168 | S169 | S170 | S171 | S172 | S175 | S173 | S174 | Total |
|------------|-----:|-----:|-----:|-----:|-----:|-----:|-----:|-----:|-----:|-----:|-----:|-----:|-----:|------:|
| 2026-07-07 |    0 |    0 |    0 |    0 |    0 |    0 |    0 |    0 |    0 |    0 |    0 |  100 |    0 |   100 |
| 2026-07-08 |    0 |    0 |  100 |    0 |    0 |    0 |    0 |    0 |    0 |    0 |    0 |  100 |  100 |   300 |
| 2026-07-09 |    0 |    0 |   24 |    0 |    0 |    0 |    0 |    0 |    0 |    0 |    0 |  100 |   15 |   139 |
| 2026-07-10 |    0 |    0 |  242 |    0 |    0 |    0 |    0 |    0 |    0 |    0 |    0 |  230 |  202 |   674 |
| 2026-07-13 |    0 |    0 |  190 |    0 |    0 |    0 |    0 |    0 |    0 |    0 |    0 |  212 |  188 |   590 |
| 2026-07-14 |    0 |    0 |  194 |    0 |    0 |    0 |    0 |    0 |    0 |    0 |    0 |  185 |  106 |   485 |
| 2026-07-15 |    0 |    0 |  146 |    0 |    0 |    0 |    0 |    0 |    0 |    0 |    0 |  154 |   58 |   358 |
| 2026-07-16 |    0 |    0 |  179 |    0 |    0 |    0 |    0 |    0 |    0 |    0 |    0 |  205 |   58 |   442 |
| 2026-07-17 |    0 |    0 |  127 |    0 |    0 |    0 |    0 |    0 |    0 |    0 |    0 |  207 |   58 |   392 |
| 2026-07-20 |    0 |    0 |  107 |    0 |    0 |    0 |    0 |    0 |    0 |    0 |    0 |  143 |   58 |   308 |
| 2026-07-21 |   30 |   35 |  113 |   30 |   35 |   35 |    0 |    0 |    0 |    0 |    0 |  118 |   48 |   444 |
| 2026-07-22 |   40 |   47 |   86 |   15 |   45 |   20 |    0 |    0 |    0 |    0 |    0 |   77 |    0 |   330 |
| 2026-07-23 |   30 |   42 |   50 |   15 |   40 |   20 |    0 |    0 |    0 |    0 |    0 |   40 |    0 |   237 |
| 2026-07-24 |   75 |   87 |   85 |   15 |   77 |   55 |    0 |    0 |    0 |    0 |    0 |   40 |    0 |   434 |
| 2026-07-27 |   14 |    0 |   14 |   14 |   14 |   14 |    0 |    0 |    0 |    0 |    0 |    0 |    0 |    70 |
| 2026-07-28 |    6 |    8 |    8 |    8 |    8 |    6 |    0 |    0 |    0 |    0 |    0 |    0 |    0 |    44 |
| 2026-07-29 |   10 |   10 |   10 |    8 |   10 |    0 |    0 |    0 |    0 |    0 |    0 |    0 |    0 |    48 |
| 2026-09-01 |    8 |    6 |    6 |    2 |    6 |    6 |    0 |    0 |    0 |    0 |    0 |    0 |    0 |    34 |
| 2026-09-02 |   10 |   10 |   10 |    2 |   10 |   14 |    0 |    0 |    0 |    0 |    0 |    0 |    0 |    56 |
| 2026-09-03 |   10 |    4 |    4 |   16 |    4 |   10 |    0 |    0 |    0 |    0 |    0 |    0 |    0 |    48 |
| 2026-09-04 |   12 |   14 |    8 |   10 |    8 |   10 |    0 |    0 |    0 |    0 |    0 |    0 |    0 |    62 |

## Notes

- Pre-router-fix (before 2026-07-17 commit `56660c9e`): S163/S166 were starved — expect zeros until a post-fix entry-window gap-down day.
- Controlled layout places one ENTRY per matching bucket×strategy; raw counts inflate, unique underlyings do not.


Wrote /home/runner/work/TradingBot/TradingBot/logs/options_trial/reports/signal_frequency.md
## Ledger health — 2026-09-04
| Check                       | Count | Status |
|-----------------------------|------:|--------|
| Current stuck (state)       |     0 | OK |
| Orphaned lots (post-stable) |   981 | WARN | <<<
| Missing exit records (post) |   981 | WARN | <<<
| State/ledger mismatches     |     7 | WARN | <<<
| Total open lots             |   128 | INFO |
| Total closed lots           |  1998 | INFO |
| Pre-cutoff audit debt       |     0 | INFO |
| Transition audit debt       |   744 | INFO |

Wrote /home/runner/work/TradingBot/TradingBot/logs/options_trial/reports/ledger_health.md
Wrote /home/runner/work/TradingBot/TradingBot/logs/options_trial/reports/2026-09-04_data_quality.md
Wrote /home/runner/work/TradingBot/TradingBot/logs/options_trial/reports/2026-09-04_data_quality.csv
Wrote /home/runner/work/TradingBot/TradingBot/logs/options_trial/reports/latest_data_quality.json
Wrote /home/runner/work/TradingBot/TradingBot/logs/options_trial/reports/latest_data_quality_snippet.md
CLEAN n=1028 med=+8.6% | TAINTED n=1790 med=-38.3% | KEEP-only n=551 med=+51.4% | KILL=18 KEEP=22
Wrote /home/runner/work/TradingBot/TradingBot/logs/dashboard.html
equity=230.48 router=CONFIRMED leaderboard_rows=105
Wrote /home/runner/work/TradingBot/TradingBot/logs/rubber_band_report.md
| 1 | MA_Squeeze | 2 | 100% | +0.56% | +0.56% | +0.17% | 999.00 | 0.0d | $+0.80 | WATCH |
| 2 | unknown | 32 | 19% | -0.03% | -0.59% | -1.27% | 1.44 | 0.0d | $+0.29 | ACTIVE |
