22:40:46  INFO      Mode: ext_exits
22:40:47  INFO        Daily log -> logs/daily/2026-07-31.md
22:40:47  INFO        Daily log reconciled -> logs/daily/2026-07-31.md (8 ledger rows)
22:40:47  INFO        Daily log -> logs/daily/2026-07-31.md

+========================================================================+
|  RUBBER BAND BOT  v8                                                   |
+------------------------------------------------------------------------+
|  Mode                                                         EXT_EXITS|
|  Time                                                         22:40 UTC|
|  Regime                                                            BULL|
|  Universe                                                          both|
|  Equity                                                         $468.48|
+========================================================================+

+========================================================================+
|                       EXIT CHECK [EXTENDED HRS]                        |
+========================================================================+
|  Exit log~  stop-0.5% / 3d max  (midline skipped — close already final)|
+------------------------------------------------------------------------+
|  PWR  P&L -0.2%  $-0.21       HOLDING until 9:35am scan (EarningsDrift)|
|  MP  P&L -0.0%  $-0.01          HOLDING until 9:35am scan (MomReversal)|
|  CINF  P&L +1.5%  $+1.41         HOLDING until 9:35am scan (Pullback50)|
|  APG  P&L +2.1%  $+0.68         HOLDING until 9:35am scan (MomReversal)|
+========================================================================+

+========================================================================+
|                          EXTENDED HOURS SELLS                          |
+========================================================================+
|                                                                        |
|  No extended-hours sells this run.                                     |
|                                                                        |
+========================================================================+

+========================================================================+
|                            EXIT RUN SUMMARY                            |
+========================================================================+
|  Mode                                                         ext_exits|
|  Candidates                                                           4|
|  Deferred/Skipped                                      already logged 0|
|  Data skips                                             no price data 0|
|  Se~  0 attempted  |  0 filled  |  0 partial  |  0 pending  |  0 failed|
|  Holds                                                                4|
|  Logged exits                                                         0|
+========================================================================+

+========================================================================+
|                      STOP-LOSS BREACHES THIS RUN                       |
+========================================================================+
|  None                                                                  |
+========================================================================+
|  Stop-loss look file                  logs/stop_losses_to_look_into.txt|
|  New investigations added                                             0|
+========================================================================+
