19:37:00  INFO      Mode: evening_prep
19:37:01  INFO        [prep_positions] 1/1 (1 valid)
19:37:01  INFO        Universe cache hit: 903 tickers (tickers_2026-10-06.json)
19:37:02  INFO        [prep_universe] 40/902 (40 valid)
19:37:05  INFO        [prep_universe] 80/902 (80 valid)
19:37:06  INFO        [prep_universe] 120/902 (120 valid)
19:37:07  INFO        [prep_universe] 160/902 (160 valid)
19:37:08  INFO        [prep_universe] 200/902 (199 valid)
19:37:15  INFO        [prep_universe] 240/902 (238 valid)
19:37:29  INFO        [prep_universe] 280/902 (278 valid)
19:37:39  INFO        [prep_universe] 320/902 (318 valid)
19:37:52  INFO        [prep_universe] 360/902 (358 valid)
19:38:02  INFO        [prep_universe] 400/902 (398 valid)
19:38:15  INFO        [prep_universe] 440/902 (438 valid)
19:38:29  INFO        [prep_universe] 480/902 (478 valid)
19:38:39  INFO        [prep_universe] 520/902 (518 valid)
19:38:52  INFO        [prep_universe] 560/902 (558 valid)
19:39:02  INFO        [prep_universe] 600/902 (598 valid)
19:39:15  INFO        [prep_universe] 640/902 (638 valid)
19:39:28  INFO        [prep_universe] 680/902 (678 valid)
19:39:39  INFO        [prep_universe] 720/902 (718 valid)
19:39:52  INFO        [prep_universe] 760/902 (758 valid)
19:40:02  INFO        [prep_universe] 800/902 (798 valid)
19:40:15  INFO        [prep_universe] 840/902 (838 valid)
19:40:29  INFO        [prep_universe] 880/902 (878 valid)
19:40:32  INFO        [prep_universe] 902/902 (900 valid)

+========================================================================+
|  RUBBER BAND BOT  v8                                                   |
+------------------------------------------------------------------------+
|  Mode                                                      EVENING_PREP|
|  Time                                                         19:37 UTC|
|  Regime                                                            BULL|
|  Universe                                                          both|
|  Equity                                                         $223.32|
+========================================================================+

+========================================================================+
|                              EVENING PREP                              |
+========================================================================+
|  Goal                   Precompute exits/signals for next execution run|
|  Plan file                                 logs/plans/evening_plan.json|
|  Regime                                                            BULL|
+========================================================================+

+========================================================================+
|                       OPEN POSITION P&L SNAPSHOT                       |
+========================================================================+
|  Open positions                                                       1|
|  Invested                                                        $33.70|
|  Open P&L                                                        $+0.26|
|  TICKER   STRATEGY        INVESTED   ENTRY    NOW      P&L%    P&L$    |
+------------------------------------------------------------------------+
|  MO       Pullback50      $33.70     $67.96   $68.48   +0.8%   $+0.26  |
+========================================================================+

+========================================================================+
|                            OPEN SELL ORDERS                            |
+========================================================================+
|  Count                                                                0|
|                                                                        |
|  No open sell orders.                                                  |
|                                                                        |
+========================================================================+

+========================================================================+
|                              PREP SUMMARY                              |
+========================================================================+
|  Saved                                                              yes|
|  Exit candidates                                                      0|
|  Signal candidates                                                   35|
|  Universe scanned                                                   902|
+========================================================================+
