options_reconcile: state=/home/runner/work/TradingBot/TradingBot/logs/options_trial/_state/lab_state.json
  open_lots=21 pending_exits=1 paper_keys=yes dry_run=False
  alpaca open sell orders=1 positions=4
  zombies_flagged=20
  FLAG b109|S168|aeefeb9a zombie age_min=856 notional=$60.00 occ=CMCSA260731C00022000 action=submitted:b04b55a9-0760-411e-a6ad-86de48af9202
  FLAG b81|S168|5223749d zombie age_min=856 notional=$60.00 occ=CMCSA260731C00022000 action=submitted:f8be9728-b65e-4c2b-8519-f5d45d5197c5
  FLAG b53|S168|3b63896f zombie age_min=856 notional=$60.00 occ=CMCSA260731C00022000 action=submitted:4f15641c-65af-4d2c-bc0e-1deaa9fe4a59
  FLAG b25|S168|ad7ff39e zombie age_min=856 notional=$60.00 occ=CMCSA260731C00022000 action=submitted:61cb7b1c-9f0b-4403-97ff-10346b0cfe0c
  FLAG b121|S165|65f47e84 zombie age_min=856 notional=$59.00 occ=CMCSA260731C00022000 action=submitted:53a55649-e358-4eab-9de9-e8f6cb5f5812
  FLAG b93|S165|60051553 zombie age_min=856 notional=$59.00 occ=CMCSA260731C00022000 action=submitted:14a8b316-a928-4687-a8ea-064cb16467f5
  FLAG b65|S165|00714206 zombie age_min=856 notional=$59.00 occ=CMCSA260731C00022000 action=submitted:41973ce1-2aeb-4282-a287-a2e7952f04d0
  FLAG b37|S165|2f534b25 zombie age_min=856 notional=$59.00 occ=CMCSA260731C00022000 action=submitted:d3120b91-8c15-4a3f-9368-2523c2a11299
  FLAG b9|S165|a7a161ec zombie age_min=856 notional=$59.00 occ=CMCSA260731C00022000 action=submitted:417b98f3-1643-4d36-91f2-4de7af7833e2
  FLAG b128|S163|3a6f7ac8 zombie age_min=856 notional=$65.00 occ=CMCSA260731C00022000 action=submitted:1e44c9b2-b131-4ac0-86ab-805358474578
  FLAG b136|S168|56d023a9 zombie age_min=856 notional=$40.00 occ=CMCSA260731C00022000 action=submitted:e356bdbe-d947-4131-b5cf-1c76b69a6359
  FLAG b108|S168|874f2953 zombie age_min=856 notional=$40.00 occ=CMCSA260731C00022000 action=submitted:5e8ac493-4148-41cb-bf8b-ce8dac8712f1
  FLAG b80|S168|035d58f7 zombie age_min=856 notional=$40.00 occ=CMCSA260731C00022000 action=submitted:bc387df0-ff94-420a-93e4-3714f37c6f55
  FLAG b52|S168|825e5db5 zombie age_min=856 notional=$40.00 occ=CMCSA260731C00022000 action=submitted:45e7b743-7ea9-4713-afab-c01e76d75963
  FLAG b24|S168|3fde6f6b zombie age_min=856 notional=$40.00 occ=CMCSA260731C00022000 action=submitted:fb87f462-7796-4afa-b2b7-11ac53ad7e35
  FLAG b120|S165|ca559d30 zombie age_min=856 notional=$45.00 occ=CMCSA260731C00022000 action=submitted:1161e5c3-4f35-4dc2-b419-66239b48c39f
  FLAG b92|S165|ccff2f20 zombie age_min=856 notional=$45.00 occ=CMCSA260731C00022000 action=submitted:fb1d9948-d514-4d48-9e1c-ffe224980abf
  FLAG b64|S165|e5191ff8 zombie age_min=856 notional=$45.00 occ=CMCSA260731C00022000 action=submitted:bce57c6b-3e4a-4f92-b53a-868ff72d30b6
  FLAG b36|S165|929493a4 zombie age_min=856 notional=$45.00 occ=CMCSA260731C00022000 action=submitted:d85cc943-8ce8-4398-ab98-b81448525067
  FLAG b8|S165|a89a1dd0 zombie age_min=856 notional=$45.00 occ=CMCSA260731C00022000 action=submitted:92bd9b3a-43a0-4d98-84fb-c3d95d6351ac
options_reconcile: done
Layout: controlled:140:c000_s173_w1_0928_1005_r1 (layout changed controlled:100:c000_s173_w1_0928_1005_r1 -> controlled:140:c000_s173_w1_0928_1005_r1)
Trial layout: /home/runner/work/TradingBot/TradingBot/logs/options_trial
Docs:         skipped (local docs unavailable on this runner)
Buckets:      140
=== options_morning_bot (PAPER) 2026-07-24T10:15:45.567459-04:00 ===

[Run context]
Paper auth OK — equity $130959.61, account PA36KS87UPRS

[Setup]
Active buckets: 140 | Strategies: S165, S164, S168, S167, S166, S163
Dropped (no new entries; ex-reflected P&L): S173, S174

[Scan + entries]
Scanning 903 symbols for [S165, S164, S168, S167, S166, S163] …
Fetched daily bars for 903/903 symbols
Found 143 signal(s); top: ['S165:AXP', 'S165:CHRW', 'S165:CHTR', 'S165:COHR', 'S165:CMCSA', 'S165:DECK', 'S165:EBAY', 'S165:HIG']
Paper lab: $130684 broker equity -> 140 bucket(s) ($500 virtual each, unlimited paper)
  Skipped: 65 no tradeable call, 650 already attempted today
Placed 0 new entry order(s).

[Portfolio snapshot]
+========================================================================+
|  OPTIONS BOT SUMMARY                                                   |
+------------------------------------------------------------------------+
|  Mode                          entry+manage                            |
|  Equity                        $130,959.61                             |
|  Signals this run              143                                     |
|  Orders submitted (session)    51                                      |
|  Orders filled today (ledger)  61                                      |
|  Entries placed this run       0                                       |
|  Open virtual lots             1                                       |
|  Broker option positions       1                                       |
|  Pending orders                0                                       |
+========================================================================+
+========================================================================+
|  BUCKET LEADERBOARD (reflected ex-S173,S174)                           |
+------------------------------------------------------------------------+
|  Reflected trades=272  buckets=26  win=31%                             |
|  Returns   avg=-4.9%  med=-40.0%  p10=-66.2%  p90=+81.8%               |
|  Realized  $+4,427.13                                                  |
|  Raw incl dropped  trades=806  real=$+2,831.58                         |
|  Today     trades=4  avg=-76.4%  med=-83.3%  real=$-25.00              |
+------------------------------------------------------------------------+
|  BKT PROFILE               N  WIN  AVG%   MED%   BEST%  REAL$          |
+------------------------------------------------------------------------+
|  b51  c051_s164_w4_1120_  1 100% +263.6 +263.6 +263.6 $   +174         |
|  b91  c091_s167_w4_1120_  2 100% +222.0 +222.0 +247.0 $   +293         |
|  b31  c031_s173_w4_1120_  2 100% +145.5 +145.5 +175.8 $   +192         |
|  b28  c028_s173_w1_0928_ 22  77% +50.0 +80.0 +102.0 $   +590           |
|  b58  c058_s173_w3_1045_  1 100% +59.1 +59.1 +59.1 $    +25            |
|  b56  c056_s173_w1_0928_  1 100% +47.7 +47.7 +47.7 $    +21            |
|  b57  c057_s173_w2_1005_  1 100% +47.7 +47.7 +47.7 $    +21            |
|  b89  c089_s167_w2_1005_  9  56% +84.4 +30.9 +790.0 $    +45           |
|  ... 18 more bucket(s) with exits                                      |
+------------------------------------------------------------------------+
|  Low  b20  c020_s164_w1_0928_  1   0% -88.9 -88.9 -88.9 $     -8       |
+========================================================================+
+========================================================================+
|  PENDING EXITS (1)                                                     |
+------------------------------------------------------------------------+
|  b48  S164 MRVL260724C00220000 x1 stop_loss (-50.0%)                   |
+========================================================================+
+========================================================================+
|  OPEN OPTIONS (1)                                                      |
+------------------------------------------------------------------------+
|  SYMBOL                      QTY    RET%        OPEN P&L               |
|------------------------------------------------------------------------|
|  MRVL260724C00220000           1    -50.0%   $     -2.00               |
+========================================================================+
Full detail: logs/options_trial/runs/2026-07-24.log
elapsed=54.8s reconcile=1.66s cancel=0.13s manage=0.14s scan=39.89s entries=12.35s
STATUS: options_morning_bot run complete (PAPER) elapsed=54.8s. run=#4980 https://github.com/28twagg-ops/TradingBot/actions/runs/30100217506
Wrote /home/runner/work/TradingBot/TradingBot/logs/options_trial/reports/2026-07-24_buckets.md
Wrote /home/runner/work/TradingBot/TradingBot/logs/options_trial/reports/2026-07-24_buckets.csv
Summary: 4 buckets closed trades, $-25.00 realized
Wrote /home/runner/work/TradingBot/TradingBot/logs/options_trial/reports/2026-07-24_strategy_selection.md
Wrote /home/runner/work/TradingBot/TradingBot/logs/options_trial/reports/2026-07-24_strategy_selection.csv
Summary: keep=0 watch=5 drop=3
Orphan rate: 2.7% (22/806)
# Options signal frequency

_Generated 2026-07-24T10:16:44.270766_

Headline counts are **unique (strategy, underlying, date)** from `ENTRY` lines in `logs/options_trial/runs/*.log`.
Raw log-line counts (multi-bucket duplicates) are shown below for debug.

### Unique underlying symbols per day (headline)

| Date       | S163 | S164 | S165 | S166 | S167 | S168 | S173 | S174 | Total |
|------------|-----:|-----:|-----:|-----:|-----:|-----:|-----:|-----:|------:|
| 2026-07-07 |    0 |    0 |    0 |    0 |    0 |    0 |    1 |    0 |     1 |
| 2026-07-08 |    0 |    0 |    3 |    0 |    0 |    0 |    2 |    1 |     6 |
| 2026-07-09 |    0 |    0 |    1 |    0 |    0 |    0 |    2 |    3 |     6 |
| 2026-07-10 |    0 |    0 |    1 |    0 |    0 |    0 |    1 |    1 |     3 |
| 2026-07-13 |    0 |    0 |    2 |    0 |    0 |    0 |    3 |    2 |     7 |
| 2026-07-14 |    0 |    0 |    3 |    0 |    0 |    0 |    2 |    0 |     5 |
| 2026-07-16 |    0 |    0 |    2 |    0 |    0 |    0 |    3 |    0 |     5 |
| 2026-07-17 |    0 |    0 |    2 |    0 |    0 |    0 |    2 |    0 |     4 |
| 2026-07-20 |    0 |    0 |    0 |    0 |    0 |    0 |    1 |    0 |     1 |
| 2026-07-21 |    1 |    2 |    1 |    1 |    2 |    2 |    0 |    0 |     9 |
| 2026-07-22 |    1 |    1 |    1 |    0 |    1 |    0 |    0 |    0 |     4 |
| 2026-07-24 |    1 |    1 |    1 |    0 |    1 |    1 |    0 |    0 |     5 |

## Per-strategy summary (unique underlyings)

| Strategy | Unique entries | Active days | Avg unique / active day | Est. active days to n=30 exits* |
|----------|---------------:|------------:|------------------------:|--------------------------------|
| S163 | 3 | 3 | 1.0 | ~38 active signal-days |
| S164 | 4 | 3 | 1.3 | ~29 active signal-days |
| S165 | 17 | 10 | 1.7 | ~23 active signal-days |
| S166 | 1 | 1 | 1.0 | ~38 active signal-days |
| S167 | 4 | 3 | 1.3 | ~29 active signal-days |
| S168 | 3 | 2 | 1.5 | ~25 active signal-days |
| S173 | 17 | 9 | 1.9 | ~20 active signal-days |
| S174 | 7 | 4 | 1.8 | ~22 active signal-days |

\* Formula: `ceil(30 / (avg_unique_per_active_day * 80%))`. Update when real exit rates are known.

## Raw vs unique totals

| Strategy | Raw log lines (includes multi-bucket duplicates) | Unique underlying symbols |
|----------|-------------------------------------------------:|--------------------------:|
| S163 | 155 | 3 |
| S164 | 191 | 4 |
| S165 | 1623 | 17 |
| S166 | 75 | 1 |
| S167 | 177 | 4 |
| S168 | 110 | 3 |
| S173 | 1911 | 17 |
| S174 | 891 | 7 |

### Raw log lines per day (debug / multi-bucket)

| Date       | S163 | S164 | S165 | S166 | S167 | S168 | S173 | S174 | Total |
|------------|-----:|-----:|-----:|-----:|-----:|-----:|-----:|-----:|------:|
| 2026-07-07 |    0 |    0 |    0 |    0 |    0 |    0 |  100 |    0 |   100 |
| 2026-07-08 |    0 |    0 |  100 |    0 |    0 |    0 |  100 |  100 |   300 |
| 2026-07-09 |    0 |    0 |   24 |    0 |    0 |    0 |  100 |   15 |   139 |
| 2026-07-10 |    0 |    0 |  242 |    0 |    0 |    0 |  230 |  202 |   674 |
| 2026-07-13 |    0 |    0 |  190 |    0 |    0 |    0 |  212 |  188 |   590 |
| 2026-07-14 |    0 |    0 |  194 |    0 |    0 |    0 |  185 |  106 |   485 |
| 2026-07-15 |    0 |    0 |  146 |    0 |    0 |    0 |  154 |   58 |   358 |
| 2026-07-16 |    0 |    0 |  179 |    0 |    0 |    0 |  205 |   58 |   442 |
| 2026-07-17 |    0 |    0 |  127 |    0 |    0 |    0 |  207 |   58 |   392 |
| 2026-07-20 |    0 |    0 |  107 |    0 |    0 |    0 |  143 |   58 |   308 |
| 2026-07-21 |   30 |   35 |  113 |   30 |   35 |   35 |  118 |   48 |   444 |
| 2026-07-22 |   40 |   47 |   86 |   15 |   45 |   20 |   77 |    0 |   330 |
| 2026-07-23 |   30 |   42 |   50 |   15 |   40 |   20 |   40 |    0 |   237 |
| 2026-07-24 |   55 |   67 |   65 |   15 |   57 |   35 |   40 |    0 |   334 |

## Notes

- Pre-router-fix (before 2026-07-17 commit `56660c9e`): S163/S166 were starved — expect zeros until a post-fix entry-window gap-down day.
- Controlled layout places one ENTRY per matching bucket×strategy; raw counts inflate, unique underlyings do not.


Wrote /home/runner/work/TradingBot/TradingBot/logs/options_trial/reports/signal_frequency.md
## Ledger health — 2026-07-24
| Check                       | Count | Status |
|-----------------------------|------:|--------|
| Current stuck (state)       |     0 | OK |
| Orphaned lots (post-stable) |    18 | WARN | <<<
| Missing exit records (post) |    18 | WARN | <<<
| State/ledger mismatches     |     1 | WARN | <<<
| Total open lots             |     1 | INFO |
| Total closed lots           |   317 | INFO |
| Pre-cutoff audit debt       |     0 | INFO |
| Transition audit debt       |   616 | INFO |

Wrote /home/runner/work/TradingBot/TradingBot/logs/options_trial/reports/ledger_health.md
Wrote /home/runner/work/TradingBot/TradingBot/logs/dashboard.html
equity=485.56 router=CONFIRMED leaderboard_rows=8
Wrote /home/runner/work/TradingBot/TradingBot/logs/rubber_band_report.md
| 1 | MomReversal | 9 | 33% | +0.31% | -0.78% | -1.14% | 4.09 | 1.3d | $+1.33 |
| 2 | unknown | 32 | 19% | -0.03% | -0.59% | -1.27% | 1.44 | 0.0d | $+0.29 |
