16:15:59  INFO      Mode: exits
16:16:00  INFO        Daily log -> logs/daily/2026-08-28.md
16:16:00  INFO        Daily log reconciled -> logs/daily/2026-08-28.md (3 ledger rows)
16:16:00  INFO        place_all_stops: checking 1 positions...
16:16:01  INFO        Daily log -> logs/daily/2026-08-28.md

+========================================================================+
|  RUBBER BAND BOT  v8                                                   |
+------------------------------------------------------------------------+
|  Mode                                                             EXITS|
|  Time                                                         16:16 UTC|
|  Regime                                                            BULL|
|  Universe                                                          both|
|  Equity                                                         $232.22|
+========================================================================+

+========================================================================+
|                             MORNING CHECK                              |
+========================================================================+
|                                                                        |
|  No open stock positions.                                              |
|                                                                        |
+========================================================================+

+========================================================================+
|                            EXIT RUN SUMMARY                            |
+========================================================================+
|  Mode                                                             exits|
|  Candidates                                                           0|
|  Deferred/Skipped                                      already logged 0|
|  Data skips                                             no price data 0|
|  Se~  0 attempted  |  0 filled  |  0 partial  |  0 pending  |  0 failed|
|  Holds                                                                0|
|  Logged exits                                                         0|
+========================================================================+

+========================================================================+
|            OPTIONS SLEEVE  (managed by options_live_micro)             |
+========================================================================+
|  CONTRACT                ENTRY    NOW      P&L%     P&L$      MV       |
+------------------------------------------------------------------------+
|  MCD260904C00272500      $0.28    $0.19    -32.1%   $-9.00    $19.00   |
|                                                                        |
|  Options open P&L                                                $-9.00|
+========================================================================+

+========================================================================+
|                      STOP-LOSS BREACHES THIS RUN                       |
+========================================================================+
|  None                                                                  |
+========================================================================+
|  Stop-loss look file                  logs/stop_losses_to_look_into.txt|
|  New investigations added                                             0|
+========================================================================+
