17:30:59  INFO      Mode: exits
17:31:00  INFO        Daily log -> logs/daily/2026-08-18.md
17:31:00  INFO        Daily log reconciled -> logs/daily/2026-08-18.md (4 ledger rows)
17:31:00  INFO        place_all_stops: checking 4 positions...
17:31:00  INFO        STOP skipped AON: fractional (0.2011 shares) — software exit will handle it
17:31:00  INFO        [positions] 1/1 (1 valid)
17:31:00  INFO        SELL MARKET [urgent] AON closed
17:31:02  INFO        TX logged: SELL AON  P&L -0.51%
17:31:03  INFO        Daily log -> logs/daily/2026-08-18.md

+========================================================================+
|  RUBBER BAND BOT  v8                                                   |
+------------------------------------------------------------------------+
|  Mode                                                             EXITS|
|  Time                                                         17:30 UTC|
|  Regime                                                            BULL|
|  Universe                                                          both|
|  Equity                                                         $483.95|
+========================================================================+

+========================================================================+
|                           STOCKS EXIT CHECK                            |
+========================================================================+
|  Exit logic                   stop-0.5% / 3d max  (midline at EOD only)|
+------------------------------------------------------------------------+
|  AON  P&L -0.5%  $-0.36                         EXIT: stop_loss (-0.5%)|
+========================================================================+

+========================================================================+
|                            EXIT RUN SUMMARY                            |
+========================================================================+
|  Mode                                                             exits|
|  Candidates                                                           1|
|  Deferred/Skipped                                      already logged 0|
|  Data skips                                             no price data 0|
|  Se~  1 attempted  |  1 filled  |  0 partial  |  0 pending  |  0 failed|
|  Holds                                                                0|
|  Logged exits                                                         1|
+========================================================================+

+========================================================================+
|            OPTIONS SLEEVE  (managed by options_live_micro)             |
+========================================================================+
|  CONTRACT                ENTRY    NOW      P&L%     P&L$      MV       |
+------------------------------------------------------------------------+
|  AVGO260821C00412500     $0.31    $0.21    -32.3%   $-10.00   $21.00   |
|  CELH260821C00030000     $0.70    $0.49    -30.0%   $-21.00   $49.00   |
|  NKE260821C00040000      $0.54    $0.66    +22.2%   $+12.00   $66.00   |
|                                                                        |
|  Options open P&L                                               $-19.00|
+========================================================================+

+========================================================================+
|                      STOP-LOSS BREACHES THIS RUN                       |
+========================================================================+
|  AON                                         -0.51%  (threshold -0.50%)|
|  Count                                                                1|
+========================================================================+
|  Stop-loss look file                  logs/stop_losses_to_look_into.txt|
|  New investigations added                                             0|
+========================================================================+
