Trial layout: /home/runner/work/TradingBot/TradingBot/logs/options_trial
Docs:         /home/runner/work/TradingBot/TradingBot/docs/options_trial
Buckets:      100
=== options_morning_bot (PAPER) 2026-07-09T11:25:42.479747-04:00 ===

[Run context]
Paper auth OK — equity $155239.15, account PA36KS87UPRS

[Setup]
Active buckets: 100 | Strategies: S173, S174, S165, S166, S163

[Scan + entries]
Scanning 903 symbols for [S173, S174, S165, S166, S163] …
Fetched daily bars for 903/903 symbols
Found 74 signal(s); top: ['S173:ACN', 'S173:ADBE', 'S173:AMZN', 'S173:APP', 'S173:ADSK', 'S173:ADP', 'S173:AXON', 'S173:CHTR']
Paper lab: $156945 broker equity -> 100 bucket(s) ($500 virtual each, unlimited paper)
  Skipped: 5 no tradeable call, 347 already attempted today, 12 pending order
Placed 6 new entry order(s).

[Portfolio snapshot]
+========================================================================+
|  OPTIONS BOT SUMMARY                                                   |
+------------------------------------------------------------------------+
|  Mode                          entry+manage                            |
|  Equity                        $155,239.15                             |
|  Signals this run              74                                      |
|  Entries placed                6                                       |
|  Open option positions         19                                      |
|  Pending orders                7                                       |
+========================================================================+
+========================================================================+
|  OPEN OPTIONS (19)                                                     |
+------------------------------------------------------------------------+
|  SYMBOL                      QTY    RET%        OPEN P&L               |
|------------------------------------------------------------------------|
|  AVGO260710C00400000          49   +812.0%   $+22,250.00               |
|  ANET260710C00185000          22  +1110.0%   $ +6,660.00               |
|  GOOGL260710C00365000         75    -62.2%   $ -3,818.99               |
|  CCL260717C00026000           93    +49.2%   $ +3,435.00               |
|  MRNA260710C00085000          54   -100.0%   $ -1,667.00               |
|  PLTR260710C00136000          24    -81.5%   $   -636.00               |
|  GOOGL260710C00367500         24    -58.1%   $   -600.00               |
|  BA260710C00237500            22    -90.6%   $   -422.00               |
|  ... 11 more position(s)                                               |
+========================================================================+
Full detail: logs/options_trial/runs/2026-07-09.log
elapsed=30.5s reconcile=0.13s cancel=0.03s manage=0.03s scan=28.86s entries=1.24s
STATUS: options_morning_bot run complete (PAPER) elapsed=30.5s.
Wrote /home/runner/work/TradingBot/TradingBot/logs/options_trial/reports/2026-07-09_buckets.md
Wrote /home/runner/work/TradingBot/TradingBot/logs/options_trial/reports/2026-07-09_buckets.csv
Summary: 0 buckets closed trades, $+0.00 realized
Wrote /home/runner/work/TradingBot/TradingBot/logs/options_trial/reports/2026-07-09_strategy_selection.md
Wrote /home/runner/work/TradingBot/TradingBot/logs/options_trial/reports/2026-07-09_strategy_selection.csv
Summary: keep=0 watch=5 drop=0
