19:57:36  INFO      Mode: scan
19:57:36  INFO        Universe cache hit: 903 tickers (tickers_2026-10-01.json)
19:57:37  INFO        [universe] 40/903 (40 valid)
19:57:38  INFO        [universe] 80/903 (80 valid)
19:57:39  INFO        [universe] 120/903 (120 valid)
19:57:40  INFO        [universe] 160/903 (160 valid)
19:57:41  INFO        [universe] 200/903 (199 valid)
19:57:51  INFO        [universe] 240/903 (238 valid)
19:58:01  INFO        [universe] 280/903 (278 valid)
19:58:14  INFO        [universe] 320/903 (318 valid)
19:58:26  INFO        [universe] 360/903 (358 valid)
19:58:39  INFO        [universe] 400/903 (398 valid)
19:58:49  INFO        [universe] 440/903 (438 valid)
19:59:02  INFO        [universe] 480/903 (478 valid)
19:59:15  INFO        [universe] 520/903 (518 valid)
19:59:24  INFO        [universe] 560/903 (558 valid)
19:59:37  INFO        [universe] 600/903 (598 valid)
19:59:50  INFO        [universe] 640/903 (638 valid)
20:00:03  INFO        [universe] 680/903 (678 valid)
20:00:13  INFO        [universe] 720/903 (718 valid)
20:00:26  INFO        [universe] 760/903 (758 valid)
20:00:39  INFO        [universe] 800/903 (798 valid)
20:00:52  INFO        [universe] 840/903 (838 valid)
20:01:01  INFO        [universe] 880/903 (878 valid)
20:01:08  INFO        [universe] 903/903 (901 valid)

+========================================================================+
|  RUBBER BAND BOT  v8                                                   |
+------------------------------------------------------------------------+
|  Mode                                                              SCAN|
|  Time                                                         19:57 UTC|
|  Regime                                                            BULL|
|  Universe                                                          both|
|  Equity                                                         $224.09|
+========================================================================+

+========================================================================+
|                   RUBBER BAND BOT v8  --  DAILY SCAN                   |
+========================================================================+
|  Mode                                                      *** LIVE ***|
|  Date                                                        2026-10-01|
|  Universe                                                          both|
|  Mon~  Oct: RubberBand + GapDown (display only — schedule not enforced)|
|  Disabled  GapDown, GoldenPocket, VolumeSpike (see DISABLED_STRATEGIES)|
|  Regime                                                            BULL|
|  Exit                                      midline / stop-0.5% / 3d max|
+========================================================================+

+========================================================================+
|                                ACCOUNT                                 |
+========================================================================+
|  Equity (total)                                                 $224.09|
|  Cash                                                           $224.09|
|  Reserve                                          $11.20  (always kept)|
|  Stocks ~  $0.00 / $168.07  (75% equity; 25% reserved for live options)|
|  Options MV                        $0.00  open P&L $+0.00  (0 contract)|
|  Available                                    $168.07  (new stock buys)|
|  Trade size             $33.61  (15% per signal — all strategies equal)|
+========================================================================+

+========================================================================+
|                        STOCK HOLDINGS  (0 open)                        |
+========================================================================+
|                                                                        |
|  No open positions.                                                    |
|                                                                        |
|  Buys today: 0  |  entry cap: 3  |  max open: 3                        |
+========================================================================+

+========================================================================+
|                               PLAN CACHE                               |
+========================================================================+
|  Mode                                                           evening|
|  File                                      logs/plans/evening_plan.json|
|  Use cached plan                                   no (stale (2896.5m))|
+========================================================================+

+========================================================================+
|                             DATA DOWNLOAD                              |
+========================================================================+
|  Universe: both  |  Alpaca primary / yfinance fallback                 |
+========================================================================+

+========================================================================+
|                              SIGNAL SCAN                               |
+========================================================================+
|  Month: Oct  |  Regime: BULL                                           |
|  Primary: RubberBand  |  Secondary: GapDown (display only — schedule n~|
|  Source                                                       live scan|
+========================================================================+

+========================================================================+
|                         SIGNALS FOUND  --  49                          |
+========================================================================+
|  TICKER   STRATEGY        TIER   PRICE    RSI    VOL_Z   TRIGGER       |
+------------------------------------------------------------------------+
|  AES      Pullback50      eq     $14.93   79.2   -0.46   50MA bounce (+|
|  BBY      Pullback50      eq     $87.89   42.6   -1.05   50MA bounce (+|
|  BA       MomReversal     eq     $193.60  34.3   0.95    -13.9% drop/60|
|  CAH      Pullback50      eq     $230.81  44.1   -0.72   50MA bounce (-|
|  CAT      Pullback50      eq     $828.16  53.3   -1.04   50MA bounce (+|
|  CMS      MomReversal     eq     $63.68   26.2   0.78    -16.4% drop/60|
|  COHR     VWAP_Reclaim    eq     $318.75  53.5   1.89    VWAP reclaim V|
|  COP      Pullback50      eq     $126.92  34.0   -0.76   50MA bounce (-|
|  ED       RSIRecovery     eq     $103.47  36.6   0.39    RSI 27.8→36.6 |
|  CMI      MomReversal     eq     $516.88  24.2   0.50    -22.8% drop/60|
|  DAL      Pullback50      eq     $84.17   62.3   -0.43   50MA bounce (+|
|  DVN      Pullback50      eq     $47.16   38.2   -1.02   50MA bounce (+|
|  FAST     Pullback50      eq     $50.18   58.5   -1.27   50MA bounce (+|
|  IEX      Pullback50      eq     $230.07  62.3   -0.98   50MA bounce (+|
|  IBM      MomReversal     eq     $225.69  32.0   0.53    -25.3% drop/60|
|  IFF      Pullback50      eq     $83.09   47.3   -0.94   50MA bounce (-|
|  MU       VWAP_Reclaim    eq     $1096.~  68.3   2.63    VWAP reclaim V|
|  OXY      Pullback50      eq     $57.81   39.3   0.31    50MA bounce (-|
|  Q        Pullback50      eq     $128.27  53.1   -0.74   50MA bounce (+|
|  SOLV     Pullback50      eq     $87.83   51.9   -0.95   50MA bounce (-|
|  TRGP     Pullback50      eq     $278.99  37.6   -0.29   50MA bounce (-|
|  VRSN     Pullback50      eq     $286.79  44.5   -0.98   50MA bounce (-|
|  VMC      MomReversal     eq     $244.02  37.8   1.20    -14.9% drop/60|
|  WSM      Pullback50      eq     $233.58  57.7   0.15    50MA bounce (+|
|  AIT      Pullback50      eq     $339.42  65.9   -0.87   50MA bounce (+|
|  APPF     Pullback50      eq     $204.44  46.8   -1.26   50MA bounce (-|
|  BJ       Pullback50      eq     $94.33   55.8   2.38    50MA bounce (+|
|  BJ       VWAP_Reclaim    eq     $94.33   55.8   2.38    VWAP reclaim V|
|  CGNX     Pullback50      eq     $62.16   43.8   -0.76   50MA bounce (+|
|  CLH      Pullback50      eq     $312.81  31.6   -1.41   50MA bounce (-|
|  FLR      RSIRecovery     eq     $49.24   32.2   0.50    RSI 28.5→32.2 |
|  GHC      Pullback50      eq     $1151.~  54.6   -1.05   50MA bounce (-|
|  LECO     Pullback50      eq     $269.39  73.9   -0.72   50MA bounce (-|
|  MAT      RSIRecovery     eq     $15.02   60.5   4.01    RSI 28.4→60.5 |
|  MAT      VWAP_Reclaim    eq     $15.02   60.5   4.01    VWAP reclaim V|
|  MOG-A    Pullback50      eq     $390.49  66.2   -0.56   50MA bounce (+|
|  NBIX     MomReversal     eq     $140.62  26.6   0.69    -21.1% drop/60|
|  OLN      MomReversal     eq     $15.96   33.2   1.75    -24.0% drop/60|
|  OLN      RSIRecovery     eq     $15.96   33.2   1.75    RSI 22.7→33.2 |
|  PCTY     Pullback50      eq     $146.52  61.7   -1.03   50MA bounce (+|
|  PNFP     RSIRecovery     eq     $94.65   32.5   0.86    RSI 27.5→32.5 |
|  RBA      MomReversal     eq     $81.59   39.7   0.61    -26.6% drop/60|
|  RNR      Pullback50      eq     $322.95  46.9   0.15    50MA bounce (-|
|  SFM      MomReversal     eq     $64.49   32.0   0.63    -19.6% drop/60|
|  SPXC     MomReversal     eq     $169.64  14.1   1.04    -20.6% drop/60|
|  TEX      RSIRecovery     eq     $54.98   30.9   0.69    RSI 25.0→30.9 |20:01:10  INFO        BUY  BA  $33.61  [MomReversal]  id=ca276e44-4c40-4977-94e2-1a44d7355408
20:01:10  INFO        BUY  CMS  $33.61  [MomReversal]  id=91856d21-95c5-43c4-88ca-67f16f13c1b3
20:01:10  INFO        BUY  CMI  $33.61  [MomReversal]  id=22c2d0fc-2c1a-4e3a-99dd-b75e8f349cc6
