=== options_live_micro LIVE 2026-08-21T13:55:52.304561-04:00 share=25% ===
2026-08-21 13:55:52,304 INFO === options_live_micro LIVE 2026-08-21T13:55:52.304561-04:00 share=25% ===
Live account equity $316.84 cash $201.38 #225458845 options_level=3
2026-08-21 13:55:52,364 INFO Live account equity $316.84 cash $201.38 #225458845 options_level=3
Live micro cancel-scan WMT260821C00110000: symbol-scoped n=1
2026-08-21 13:55:52,388 INFO Live micro cancel-scan WMT260821C00110000: symbol-scoped n=1
Live micro cancel stale sell WMT260821C00110000 id=1c59410a-a50e-4d63-85e8-7b2406b38b4c cid=OLX|af7ca38ec472 broker_sym='WMT260821C00110000'
2026-08-21 13:55:52,399 INFO Live micro cancel stale sell WMT260821C00110000 id=1c59410a-a50e-4d63-85e8-7b2406b38b4c cid=OLX|af7ca38ec472 broker_sym='WMT260821C00110000'
Live micro orphan_adopt WMT260821C00110000 x1 entry=0.09
2026-08-21 13:55:52,399 INFO Live micro orphan_adopt WMT260821C00110000 x1 entry=0.09
Live micro hold ORPHAN COST260828C01000000 -28.6% (tp +50% / sl -40%)
2026-08-21 13:55:52,412 INFO Live micro hold ORPHAN COST260828C01000000 -28.6% (tp +50% / sl -40%)
Live micro cancel-scan WMT260821C00110000: symbol-scoped n=1
2026-08-21 13:55:52,436 INFO Live micro cancel-scan WMT260821C00110000: symbol-scoped n=1
Live micro cancel stale sell WMT260821C00110000 id=1c59410a-a50e-4d63-85e8-7b2406b38b4c cid=OLX|af7ca38ec472 broker_sym='WMT260821C00110000'
2026-08-21 13:55:52,446 INFO Live micro cancel stale sell WMT260821C00110000 id=1c59410a-a50e-4d63-85e8-7b2406b38b4c cid=OLX|af7ca38ec472 broker_sym='WMT260821C00110000'
LIVE EXIT stop_loss (-100.0%) WMT260821C00110000 x1 limit=0.01 id=517dad4d-56cf-4d7a-bd6f-6244e222ec04
2026-08-21 13:55:52,655 INFO LIVE EXIT stop_loss (-100.0%) WMT260821C00110000 x1 limit=0.01 id=517dad4d-56cf-4d7a-bd6f-6244e222ec04
Live micro cancel-scan COST260828C01000000: symbol-scoped n=1
2026-08-21 13:55:52,668 INFO Live micro cancel-scan COST260828C01000000: symbol-scoped n=1
Live micro cancel-scan COST260828C01000000: no non-OLS sell to cancel
2026-08-21 13:55:52,668 INFO Live micro cancel-scan COST260828C01000000: no non-OLS sell to cancel
LIVE PROT check COST260828C01000000: have_ols=True open_matched=1 ols_id=ab9b8a23-2f03-4a3a-b25a-799118f49712 ols_type=stop
2026-08-21 13:55:52,708 INFO LIVE PROT check COST260828C01000000: have_ols=True open_matched=1 ols_id=ab9b8a23-2f03-4a3a-b25a-799118f49712 ols_type=stop
Live micro: manage/exits only
2026-08-21 13:55:52,708 INFO Live micro: manage/exits only
Live micro done. open_options=2 lots=1
2026-08-21 13:55:52,720 INFO Live micro done. open_options=2 lots=1
