Layout: controlled:100:c000_s173_w1_0928_1005_r1
Trial layout: /home/runner/work/TradingBot/TradingBot/logs/options_trial
Docs:         skipped (local docs unavailable on this runner)
Buckets:      100
=== options_morning_bot (PAPER) 2026-07-17T10:35:36.589332-04:00 ===

[Run context]
Paper auth OK — equity $123640.03, account PA36KS87UPRS

[Setup]
Active buckets: 100 | Strategies: S173, S165, S166, S163
Dropped (no new entries; ex-reflected P&L): S174
2026-07-17 10:35:39,397 INFO   EXIT [b28|c028_s165_w1_0928_1005_r2|S165] stop_loss (-50.9%) SELL 1 GOOGL260720C00360000 @<= 0.28

[Scan + entries]
Scanning 903 symbols for [S173, S165, S166, S163] …
Fetched daily bars for 903/903 symbols
Found 206 signal(s); top: ['S173:AMD', 'S173:AKAM', 'S173:ALB', 'S173:AMZN', 'S173:AMP', 'S173:AME', 'S173:APH', 'S173:ADI']
Paper lab: $123912 broker equity -> 100 bucket(s) ($500 virtual each, unlimited paper)
  All bucket slots blocked or closed for today's signals — skip entry loop.
Placed 0 new entry order(s).

[Portfolio snapshot]
+========================================================================+
|  OPTIONS BOT SUMMARY                                                   |
+------------------------------------------------------------------------+
|  Mode                          entry+manage                            |
|  Equity                        $123,640.03                             |
|  Signals this run              206                                     |
|  Orders submitted (session)    20                                      |
|  Orders filled today (ledger)  20                                      |
|  Entries placed this run       0                                       |
|  Open virtual lots             14                                      |
|  Broker option positions       3                                       |
|  Pending orders                0                                       |
+========================================================================+
+========================================================================+
|  BUCKET LEADERBOARD (reflected ex-S174)                                |
+------------------------------------------------------------------------+
|  Reflected trades=353  buckets=46  win=36%                             |
|  Returns   avg=+8.8%  med=-24.2%  p10=-77.0%  p90=+90.2%               |
|  Realized  $+3,447.77                                                  |
|  Raw incl dropped  trades=462  real=$+2,110.58                         |
|  Today     trades=10  avg=+4.8%  med=+57.8%  real=$-19.00              |
+------------------------------------------------------------------------+
|  BKT PROFILE               N  WIN  AVG%   MED%   BEST%  REAL$          |
+------------------------------------------------------------------------+
|  b28  c028_s165_w1_0928_ 10  90% +68.7 +80.9 +102.0 $   +363           |
|  b92  c092_s166_w1_0928_  1 100% +70.8 +70.8 +70.8 $    +71            |
|  b93  c093_s166_w2_1005_  1 100% +70.8 +70.8 +70.8 $    +71            |
|  b95  c095_s166_w4_1120_  1 100% +70.8 +70.8 +70.8 $    +71            |
|  b96  c096_s163_w1_0928_  1 100% +70.8 +70.8 +70.8 $    +71            |
|  b98  c098_s163_w3_1045_  1 100% +70.8 +70.8 +70.8 $    +71            |
|  b99  c099_s163_w4_1120_  1 100% +70.8 +70.8 +70.8 $    +71            |
|  b80  c080_s173_w1_0928_ 35  74% +58.0 +62.9 +177.3 $   +403           |
|  ... 38 more bucket(s) with exits                                      |
+------------------------------------------------------------------------+
|  Low  b21  c021_s173_w2_1005_ 17   0% -62.7 -72.1 -98.5 $   -712       |
+========================================================================+
+========================================================================+
|  PENDING EXITS (1)                                                     |
+------------------------------------------------------------------------+
|  b28  S165 GOOGL260720C00360000 x1 stop_loss (-50.9%)                  |
+========================================================================+
+========================================================================+
|  OPEN OPTIONS (3)                                                      |
+------------------------------------------------------------------------+
|  SYMBOL                      QTY    RET%        OPEN P&L               |
|------------------------------------------------------------------------|
|  GOOGL260720C00360000          5    -50.9%   $   -140.00               |
|  META260720C00675000           5    -33.8%   $   -115.00               |
|  AMD260717C00512500            4    -33.3%   $    -88.00               |
+========================================================================+
Full detail: logs/options_trial/runs/2026-07-17.log
elapsed=42.6s reconcile=2.08s cancel=0.02s manage=2.51s scan=37.66s entries=0.11s
STATUS: options_morning_bot run complete (PAPER) elapsed=42.6s. run=#4269 https://github.com/28twagg-ops/TradingBot/actions/runs/29588584546
Wrote /home/runner/work/TradingBot/TradingBot/logs/options_trial/reports/2026-07-17_buckets.md
Wrote /home/runner/work/TradingBot/TradingBot/logs/options_trial/reports/2026-07-17_buckets.csv
Summary: 5 buckets closed trades, $-19.00 realized
Wrote /home/runner/work/TradingBot/TradingBot/logs/options_trial/reports/2026-07-17_strategy_selection.md
Wrote /home/runner/work/TradingBot/TradingBot/logs/options_trial/reports/2026-07-17_strategy_selection.csv
Summary: keep=0 watch=2 drop=3
Orphan rate: 4.8% (22/462)
