14:20:41  INFO      Mode: exits
14:20:41  INFO        Daily log -> logs/daily/2026-08-03.md
14:20:41  INFO        Daily log reconciled -> logs/daily/2026-08-03.md (5 ledger rows)
14:20:41  INFO        place_all_stops: checking 4 positions...
14:20:41  INFO        STOP already live AES @ $14.62
14:20:41  INFO        STOP skipped AVB: fractional (0.5001 shares) — software exit will handle it
14:20:41  INFO        STOP skipped CPT: fractional (0.8366 shares) — software exit will handle it
14:20:41  INFO        STOP skipped ED: fractional (0.6468 shares) — software exit will handle it
14:20:41  INFO        [positions] 4/4 (4 valid)
14:20:41  INFO        Daily log -> logs/daily/2026-08-03.md

+========================================================================+
|  RUBBER BAND BOT  v8                                                   |
+------------------------------------------------------------------------+
|  Mode                                                             EXITS|
|  Time                                                         14:20 UTC|
|  Regime                                                            BULL|
|  Universe                                                          both|
|  Equity                                                         $468.50|
+========================================================================+

+========================================================================+
|                               EXIT CHECK                               |
+========================================================================+
|  Exit logic                   stop-0.5% / 3d max  (midline at EOD only)|
+------------------------------------------------------------------------+
|  CPT  P&L -0.1%  $-0.13                                            HOLD|
|  AES  P&L +0.1%  $+0.12                                            HOLD|
|  ED  P&L +0.4%  $+0.27                                             HOLD|
|  AVB  P&L +0.4%  $+0.38                                            HOLD|
+========================================================================+

+========================================================================+
|                            EXIT RUN SUMMARY                            |
+========================================================================+
|  Mode                                                             exits|
|  Candidates                                                           4|
|  Deferred/Skipped                                      already logged 0|
|  Data skips                                             no price data 0|
|  Se~  0 attempted  |  0 filled  |  0 partial  |  0 pending  |  0 failed|
|  Holds                                                                4|
|  Logged exits                                                         0|
+========================================================================+

+========================================================================+
|                      STOP-LOSS BREACHES THIS RUN                       |
+========================================================================+
|  None                                                                  |
+========================================================================+
|  Stop-loss look file                  logs/stop_losses_to_look_into.txt|
|  New investigations added                                             0|
+========================================================================+
