13:30:54  INFO      Mode: morning_prep
13:30:56  INFO        [prep_positions] 3/3 (3 valid)
13:30:56  INFO      Fetching tickers (universe=both)...
13:30:56  INFO        S&P 500: 503
13:30:57  INFO        MidCap 400: 400
13:30:57  INFO        Total: 903 tickers
13:30:58  INFO        [prep_universe] 40/900 (40 valid)
13:31:00  INFO        [prep_universe] 80/900 (80 valid)
13:31:02  INFO        [prep_universe] 120/900 (120 valid)
13:31:04  INFO        [prep_universe] 160/900 (160 valid)
13:31:06  INFO        [prep_universe] 200/900 (199 valid)
13:31:11  INFO        [prep_universe] 240/900 (238 valid)
13:31:21  INFO        [prep_universe] 280/900 (278 valid)
13:31:35  INFO        [prep_universe] 320/900 (318 valid)
13:31:47  INFO        [prep_universe] 360/900 (358 valid)
13:31:58  INFO        [prep_universe] 400/900 (397 valid)
13:32:10  INFO        [prep_universe] 440/900 (437 valid)
13:32:21  INFO        [prep_universe] 480/900 (477 valid)
13:32:35  INFO        [prep_universe] 520/900 (517 valid)
13:32:46  INFO        [prep_universe] 560/900 (557 valid)
13:33:00  INFO        [prep_universe] 600/900 (597 valid)
13:33:10  INFO        [prep_universe] 640/900 (637 valid)
13:33:24  INFO        [prep_universe] 680/900 (677 valid)
13:33:34  INFO        [prep_universe] 720/900 (717 valid)
13:33:48  INFO        [prep_universe] 760/900 (757 valid)
13:33:58  INFO        [prep_universe] 800/900 (797 valid)
13:34:12  INFO        [prep_universe] 840/900 (836 valid)
13:34:22  INFO        [prep_universe] 880/900 (876 valid)
13:34:29  INFO        [prep_universe] 900/900 (896 valid)

+========================================================================+
|  RUBBER BAND BOT  v8                                                   |
+------------------------------------------------------------------------+
|  Mode                                                      MORNING_PREP|
|  Time                                                         13:30 UTC|
|  Regime                                                            BULL|
|  Universe                                                          both|
|  Equity                                                         $471.34|
+========================================================================+

+========================================================================+
|                              MORNING PREP                              |
+========================================================================+
|  Goal                   Precompute exits/signals for next execution run|
|  Plan file                                 logs/plans/morning_plan.json|
|  Regime                                                            BULL|
+========================================================================+

+========================================================================+
|                       OPEN POSITION P&L SNAPSHOT                       |
+========================================================================+
|  Open positions                                                       3|
|  Invested                                                       $171.10|
|  Open P&L                                                        $-0.74|
|  TICKER   STRATEGY        INVESTED   ENTRY    NOW      P&L%    P&L$    |
+------------------------------------------------------------------------+
|  ARE      Pullback50      $70.30     $50.78   $50.37   -0.8%   $-0.57  |
|  JKHY     MA_Squeeze      $70.88     $163.31  $163.34  +0.0%   $+0.01  |
|  MNST     MomReversal     $29.93     $47.41   $47.13   -0.6%   $-0.18  |
+========================================================================+

+========================================================================+
|                            OPEN SELL ORDERS                            |
+========================================================================+
|  Count                                                                0|
|                                                                        |
|  No open sell orders.                                                  |
|                                                                        |
+========================================================================+

+========================================================================+
|                              PREP SUMMARY                              |
+========================================================================+
|  Saved                                                              yes|
|  Exit candidates                                                      3|
|  Signal candidates                                                   37|
|  Universe scanned                                                   900|
+========================================================================+
