15:00:57  INFO      Mode: exits
15:00:59  INFO        Daily log -> logs/daily/2026-08-12.md
15:00:59  INFO        Daily log reconciled -> logs/daily/2026-08-12.md (2 ledger rows)
15:00:59  INFO        place_all_stops: checking 3 positions...
15:00:59  INFO        STOP already live AES @ $14.65
15:00:59  INFO        STOP skipped AFL: fractional (0.7729 shares) — software exit will handle it
15:00:59  INFO        STOP skipped AXP: fractional (0.2736 shares) — software exit will handle it
15:01:00  INFO        [positions] 3/3 (3 valid)
15:01:00  INFO        Daily log -> logs/daily/2026-08-12.md

+========================================================================+
|  RUBBER BAND BOT  v8                                                   |
+------------------------------------------------------------------------+
|  Mode                                                             EXITS|
|  Time                                                         15:00 UTC|
|  Regime                                                            BULL|
|  Universe                                                          both|
|  Equity                                                         $465.04|
+========================================================================+

+========================================================================+
|                               EXIT CHECK                               |
+========================================================================+
|  Exit logic                   stop-0.5% / 3d max  (midline at EOD only)|
+------------------------------------------------------------------------+
|  AXP  P&L -0.1%  $-0.07                                            HOLD|
|  AFL  P&L -0.0%  $-0.01                                            HOLD|
|  AES  P&L +0.0%  $+0.02                                            HOLD|
+========================================================================+

+========================================================================+
|                            EXIT RUN SUMMARY                            |
+========================================================================+
|  Mode                                                             exits|
|  Candidates                                                           3|
|  Deferred/Skipped                                      already logged 0|
|  Data skips                                             no price data 0|
|  Se~  0 attempted  |  0 filled  |  0 partial  |  0 pending  |  0 failed|
|  Holds                                                                3|
|  Logged exits                                                         0|
+========================================================================+

+========================================================================+
|                      STOP-LOSS BREACHES THIS RUN                       |
+========================================================================+
|  None                                                                  |
+========================================================================+
|  Stop-loss look file                  logs/stop_losses_to_look_into.txt|
|  New investigations added                                             0|
+========================================================================+
