Layout: controlled:100:c000_s173_w1_0928_1005_r1
Trial layout: /home/runner/work/TradingBot/TradingBot/logs/options_trial
Docs:         skipped (local docs unavailable on this runner)
Buckets:      100
=== options_morning_bot (PAPER) 2026-07-16T10:25:37.907915-04:00 ===

[Run context]
Paper auth OK — equity $128011.99, account PA36KS87UPRS

[Setup]
Active buckets: 100 | Strategies: S173, S165, S166, S163
Dropped (no new entries; ex-reflected P&L): S174
2026-07-16 10:25:42,892 INFO   EXIT [b41|c041_s173_w2_1005_1045_r3|S173] stop_loss (-64.7%) SELL 1 AMD260717C00567500 @<= 0.25
2026-07-16 10:25:43,635 INFO   EXIT [b49|c049_s165_w2_1005_1045_r3|S165] stop_loss (-52.1%) SELL 1 AVGO260717C00405000 @<= 0.26

[Scan + entries]
Scanning 903 symbols for [S173, S165, S166, S163] …
Fetched daily bars for 903/903 symbols
Found 95 signal(s); top: ['S173:APH', 'S173:ADI', 'S173:AMAT', 'S173:BLDR', 'S173:CAT', 'S173:FIX', 'S173:DELL', 'S173:ETN']
Paper lab: $128194 broker equity -> 100 bucket(s) ($500 virtual each, unlimited paper)
  All bucket slots blocked or closed for today's signals — skip entry loop.
Placed 0 new entry order(s).

[Portfolio snapshot]
+========================================================================+
|  OPTIONS BOT SUMMARY                                                   |
+------------------------------------------------------------------------+
|  Mode                          entry+manage                            |
|  Equity                        $128,011.99                             |
|  Signals this run              95                                      |
|  Orders submitted (session)    12                                      |
|  Orders filled today (ledger)  21                                      |
|  Entries placed this run       0                                       |
|  Open virtual lots             26                                      |
|  Broker option positions       6                                       |
|  Pending orders                0                                       |
+========================================================================+
+========================================================================+
|  BUCKET LEADERBOARD (reflected ex-S174)                                |
+------------------------------------------------------------------------+
|  Reflected trades=219  buckets=44  win=42%                             |
|  Returns   avg=+28.1%  med=-8.3%  p10=-77.0%  p90=+100.4%              |
|  Realized  $+5,700.77                                                  |
|  Raw incl dropped  trades=322  real=$+4,577.58                         |
|  Today     trades=9  avg=-0.8%  med=-50.0%  real=$-185.00              |
+------------------------------------------------------------------------+
|  BKT PROFILE               N  WIN  AVG%   MED%   BEST%  REAL$          |
+------------------------------------------------------------------------+
|  b62  c062_s173_w3_1045_  8  50% +511.3 +520.8 +1100.0 $    +97        |
|  b89  c089_s165_w2_1005_  2 100% +425.9 +425.9 +790.0 $   +113         |
|  b69  c069_s165_w2_1005_  3  67% +122.1 +200.0 +210.0 $    +17         |
|  b29  c029_s165_w2_1005_  2  50% +100.0 +100.0 +250.0 $    +20         |
|  b28  c028_s165_w1_0928_  5 100% +85.7 +94.1 +102.0 $   +221           |
|  b92  c092_s166_w1_0928_  1 100% +70.8 +70.8 +70.8 $    +71            |
|  b93  c093_s166_w2_1005_  1 100% +70.8 +70.8 +70.8 $    +71            |
|  b95  c095_s166_w4_1120_  1 100% +70.8 +70.8 +70.8 $    +71            |
|  ... 36 more bucket(s) with exits                                      |
+------------------------------------------------------------------------+
|  Low  b21  c021_s173_w2_1005_  9   0% -62.2 -77.0 -98.5 $   -369       |
+========================================================================+
+========================================================================+
|  PENDING EXITS (3)                                                     |
+------------------------------------------------------------------------+
|  b3   S173 ADBE260717C00240000 x1 stop_loss (-61.4%)                   |
|  b41  S173 AMD260717C00567500 x1 stop_loss (-64.7%)                    |
|  b49  S165 AVGO260717C00405000 x1 stop_loss (-52.1%)                   |
+========================================================================+
+========================================================================+
|  OPEN OPTIONS (6)                                                      |
+------------------------------------------------------------------------+
|  SYMBOL                      QTY    RET%        OPEN P&L               |
|------------------------------------------------------------------------|
|  ADBE260717C00240000           7    -81.8%   $   -252.00               |
|  AMD260717C00567500            4    -64.7%   $   -176.00               |
|  AVGO260717C00405000           8    -40.6%   $   -169.78               |
|  UAL260717C00122000            4    -47.7%   $   -124.00               |
|  AVGO260717C00400000           1    -20.5%   $    -15.00               |
|  AAL260717C00015000            1    +12.5%   $     +7.00               |
+========================================================================+
Full detail: logs/options_trial/runs/2026-07-16.log
elapsed=31.8s reconcile=2.65s cancel=0.02s manage=2.99s scan=25.83s entries=0.05s
STATUS: options_morning_bot run complete (PAPER) elapsed=31.8s. run=#4123 https://github.com/28twagg-ops/TradingBot/actions/runs/29506486469
Wrote /home/runner/work/TradingBot/TradingBot/logs/options_trial/reports/2026-07-16_buckets.md
Wrote /home/runner/work/TradingBot/TradingBot/logs/options_trial/reports/2026-07-16_buckets.csv
Summary: 9 buckets closed trades, $-185.00 realized
Wrote /home/runner/work/TradingBot/TradingBot/logs/options_trial/reports/2026-07-16_strategy_selection.md
Wrote /home/runner/work/TradingBot/TradingBot/logs/options_trial/reports/2026-07-16_strategy_selection.csv
Summary: keep=0 watch=2 drop=3
Orphan rate: 6.8% (22/322)
