13:21:26  INFO      Mode: summary

+========================================================================+
|  RUBBER BAND BOT  v8                                                   |
+------------------------------------------------------------------------+
|  Mode                                                           SUMMARY|
|  Time                                                         13:21 UTC|
|  Regime                                                            BULL|
|  Universe                                                          both|
|  Equity                                                         $223.71|
+========================================================================+

+========================================================================+
|                             ACCOUNT STATUS                             |
+========================================================================+
|  Equity                                                         $223.71|
|  Cash                                                           $122.69|
|  Regime                                                            BULL|
|  Universe                                                          both|
|  Total invested                                                 $101.02|
|  Open P&L                                                        $+0.63|
+========================================================================+

+========================================================================+
|                     STOCK HOLDINGS  (2 positions)                      |
+========================================================================+
|  TICKER   STRATEGY        INVESTED   ENTRY    NOW      P&L%    P&L$    |
+------------------------------------------------------------------------+
|  CMS      MomReversal     $66.89     $63.48   $63.45   -0.0%   $-0.03  |
|  NCLH     EarningsDrift   $34.13     $14.85   $15.14   +2.0%   $+0.66  |
|                                                                        |
|  Total invested                                                 $101.02|
|  Total open P&L                                                  $+0.63|
+========================================================================+

+========================================================================+
|                     OPTION HOLDINGS  (0 contracts)                     |
+========================================================================+
|                                                                        |
|  No open option positions.                                             |
|                                                                        |
+========================================================================+

+========================================================================+
|                        EXIT LOGIC ACTIVE  (v8)                         |
+========================================================================+
|  Profit target                              price > 20-day MA (midline)|
|  Stop loss                                             -0.5% from entry|
|  Time stop                                          max 3 calendar days|
+========================================================================+

+========================================================================+
|                          RECENT TRANSACTIONS                           |
+========================================================================+
|  2026-09-29  SELL  AES  Pullback50  $33.44  P&L $-0.02                 |
|  2026-09-29  SELL  NCLH  EarningsDrift  $33.37  P&L $-0.10             |
|  2026-09-29  SELL  NNN  MomReversal  $33.35  P&L $-0.19                |
|  2026-09-29  SELL  AYI  MomReversal  $33.37  P&L $-0.17                |
|  2026-09-29  SELL  AES  Pullback50  $33.56  P&L $-0.02                 |
|  2026-09-28  SELL  AES  Pullback50  $33.53  P&L $-0.02                 |
+========================================================================+
