13:52:17  INFO      Mode: morning_scan
13:52:17  INFO        [positions] 1/1 (1 valid)
13:52:17  INFO        Universe cache hit: 903 tickers (tickers_2026-09-15.json)
13:52:18  INFO        [universe] 40/902 (40 valid)
13:52:20  INFO        [universe] 80/902 (80 valid)
13:52:21  INFO        [universe] 120/902 (120 valid)
13:52:22  INFO        [universe] 160/902 (160 valid)
13:52:23  INFO        [universe] 200/902 (199 valid)
13:52:30  INFO        [universe] 240/902 (238 valid)
13:52:44  INFO        [universe] 280/902 (278 valid)
13:52:54  INFO        [universe] 320/902 (318 valid)
13:53:07  INFO        [universe] 360/902 (358 valid)
13:53:20  INFO        [universe] 400/902 (398 valid)
13:53:31  INFO        [universe] 440/902 (438 valid)
13:53:44  INFO        [universe] 480/902 (478 valid)
13:53:54  INFO        [universe] 520/902 (518 valid)
13:54:08  INFO        [universe] 560/902 (558 valid)
13:54:21  INFO        [universe] 600/902 (598 valid)
13:54:31  INFO        [universe] 640/902 (638 valid)
13:54:44  INFO        [universe] 680/902 (678 valid)
13:54:55  INFO        [universe] 720/902 (718 valid)
13:55:08  INFO        [universe] 760/902 (758 valid)
13:55:18  INFO        [universe] 800/902 (798 valid)
13:55:31  INFO        [universe] 840/902 (838 valid)
13:55:45  INFO        [universe] 880/902 (878 valid)
13:55:48  INFO        [universe] 902/902 (900 valid)
13:55:51  INFO        BUY  AMZN  $33.79  [Pullback50]  id=59dd612c-339f-4eaf-a2b3-e8499f6b632d

+========================================================================+
|  RUBBER BAND BOT  v8                                                   |
+------------------------------------------------------------------------+
|  Mode                                                      MORNING_SCAN|
|  Time                                                         13:52 UTC|
|  Regime                                                            BULL|
|  Universe                                                          both|
|  Equity                                                         $225.24|
+========================================================================+

+========================================================================+
|                   RUBBER BAND BOT v8  --  DAILY SCAN                   |
+========================================================================+
|  Mode                                                      *** LIVE ***|
|  Date                                                        2026-09-15|
|  Universe                                                          both|
|  Mo~  Sep: GapDown + VolumeSpike (display only — schedule not enforced)|
|  Disabled  GapDown, GoldenPocket, VolumeSpike (see DISABLED_STRATEGIES)|
|  Regime                                                            BULL|
|  Exit                                      midline / stop-0.5% / 3d max|
+========================================================================+

+========================================================================+
|                                ACCOUNT                                 |
+========================================================================+
|  Equity (total)                                                 $225.24|
|  Cash                                                           $191.23|
|  Reserve                                          $11.26  (always kept)|
|  Stocks~  $34.01 / $168.93  (75% equity; 25% reserved for live options)|
|  Options MV                        $0.00  open P&L $+0.00  (0 contract)|
|  Available                                    $134.92  (new stock buys)|
|  Trade size             $33.79  (15% per signal — all strategies equal)|
+========================================================================+

+========================================================================+
|                        STOCK HOLDINGS  (1 open)                        |
+========================================================================+
|  TICKER   STRATEGY        INVESTED   ENTRY    NOW      P&L%    P&L$    |
+------------------------------------------------------------------------+
|  ALLE     Pullback50      $34.01     $153.74  $154.16  +0.3%   $+0.09  |
|                                                                        |
|  Total invested                                                  $34.01|
|  Total open P&L                                                  $+0.09|
|  Buys today: 0  |  entry cap: 2  |  max open: 3                        |
+========================================================================+

+========================================================================+
|                               PLAN CACHE                               |
+========================================================================+
|  Mode                                                           morning|
|  File                                      logs/plans/morning_plan.json|
|  Use cached plan                                  no (stale (28816.8m))|
+========================================================================+

+========================================================================+
|          EXIT EVALUATION  (EOD -- midline + stop + max-hold)           |
+========================================================================+
|  ALLE  P&L +0.3%  $+0.09                                           HOLD|
+========================================================================+

+========================================================================+
|                           EXIT EVAL SUMMARY                            |
+========================================================================+
|  Exit eval    attempted 0 | filled 0 | partial 0 | pending 0 | failed 0|
|  Other skips     already logged today 0  |  no price data 0  |  holds 1|
|  Stop-loss breaches                                                none|
|  Stop-loss look file                  logs/stop_losses_to_look_into.txt|
|  New investigations added                                             0|
+========================================================================+

+========================================================================+
|                             DATA DOWNLOAD                              |
+========================================================================+
|  Universe: both  |  Alpaca primary / yfinance fallback                 |
+========================================================================+

+========================================================================+
|                              SIGNAL SCAN                               |
+========================================================================+
|  Month: Sep  |  Regime: BULL                                           |
|  Primary: GapDown  |  Secondary: VolumeSpike (display only — schedule ~|
|  Source                                                       live scan|
+========================================================================+

+========================================================================+
|                         SIGNALS FOUND  --  22                          |
+========================================================================+
|  TICKER   STRATEGY        TIER   PRICE    RSI    VOL_Z   TRIGGER       |
+------------------------------------------------------------------------+
|  AMZN     Pullback50      eq     $253.15  41.4   -2.89   50MA bounce (-|
|  APO      Pullback50      eq     $128.90  39.5   -1.82   50MA bounce (+|
|  CFG      Pullback50      eq     $70.83   55.8   -2.05   50MA bounce (-|
|  DHR      Pullback50      eq     $204.59  31.0   -2.50   50MA bounce (+|
|  FDS      Pullback50      eq     $275.82  40.4   -1.86   50MA bounce (-|
|  NVDA     Pullback50      eq     $213.65  50.4   -2.01   50MA bounce (+|
|  STLD     Pullback50      eq     $240.71  59.9   -1.78   50MA bounce (-|
|  TFC      Pullback50      eq     $51.05   55.3   -2.87   50MA bounce (-|
|  USB      Pullback50      eq     $63.09   54.7   -3.21   50MA bounce (-|
|  AN       Pullback50      eq     $205.84  66.8   -2.20   50MA bounce (+|
|  CART     Pullback50      eq     $47.56   34.9   -1.80   50MA bounce (-|
|  CBSH     Pullback50      eq     $58.86   57.9   -3.07   50MA bounce (+|
|  CFR      Pullback50      eq     $163.72  51.2   -3.22   50MA bounce (+|
|  CVLT     Pullback50      eq     $138.70  57.7   -2.83   50MA bounce (+|
|  HOMB     Pullback50      eq     $30.18   55.1   -3.09   50MA bounce (-|
|  HWC      Pullback50      eq     $76.07   58.4   -2.79   50MA bounce (-|
|  KEX      Pullback50      eq     $139.25  54.6   -3.38   50MA bounce (-|
|  SIRI     Pullback50      eq     $29.58   57.6   -2.40   50MA bounce (-|
|  SLAB     Pullback50      eq     $219.60  58.5   -2.09   50MA bounce (+|
|  TOST     Pullback50      eq     $32.94   25.4   -2.43   50MA bounce (+|
|  UBSI     Pullback50      eq     $48.13   57.2   -3.33   50MA bounce (+|
|  ZION     Pullback50      eq     $69.59   61.9   -2.53   50MA bounce (-|
|                                                                        |
+========================================================================+

+========================================================================+
|                              ENTRY ORDERS                              |
+========================================================================+
|    ENTER [eq] AMZN  Pullback50                                   $33.79|
|    BUY SUBMITTED [e~  fill pending — batched confirmation after entries|13:55:51  INFO        BUY  APO  $33.79  [Pullback50]  id=4979f33c-0eea-48b2-ae5c-a2f2833250ee
13:56:13  INFO        place_all_stops: checking 3 positions...
13:56:13  INFO        STOP skipped ALLE: fractional (0.2206 shares) — software exit will handle it
13:56:13  INFO        STOP skipped AMZN: fractional (0.1339 shares) — software exit will handle it
13:56:13  INFO        STOP skipped APO: fractional (0.2624 shares) — software exit will handle it
13:56:13  INFO        Daily log -> logs/daily/2026-09-15.md
13:56:13  INFO        Dashboard written → logs/dashboard.md

|    ENTER [eq] APO  Pullback50                                    $33.79|
|    BUY SUBMITTED [e~  fill pending — batched confirmation after entries|
|    SKIP [eq] CFG  Pullback50                                      cap 3|
|    SKIP [eq] DHR  Pullback50                                      cap 3|
|    SKIP [eq] FDS  Pullback50                                      cap 3|
|    SKIP [eq] NVDA  Pullback50                                     cap 3|
|    SKIP [eq] STLD  Pullback50                                     cap 3|
|    SKIP [eq] TFC  Pullback50                                      cap 3|
|    SKIP [eq] USB  Pullback50                                      cap 3|
|    SKIP [eq] AN  Pullback50                                       cap 3|
|    SKIP [eq] CART  Pullback50                                     cap 3|
|    SKIP [eq] CBSH  Pullback50                                     cap 3|
|    SKIP [eq] CFR  Pullback50                                      cap 3|
|    SKIP [eq] CVLT  Pullback50                                     cap 3|
|    SKIP [eq] HOMB  Pullback50                                     cap 3|
|    SKIP [eq] HWC  Pullback50                                      cap 3|
|    SKIP [eq] KEX  Pullback50                                      cap 3|
|    SKIP [eq] SIRI  Pullback50                                     cap 3|
|    SKIP [eq] SLAB  Pullback50                                     cap 3|
|    SKIP [eq] TOST  Pullback50                                     cap 3|
|    SKIP [eq] UBSI  Pullback50                                     cap 3|
|    SKIP [eq] ZION  Pullback50                                     cap 3|

+========================================================================+
|                         BUY FILL CONFIRMATION                          |
+========================================================================+
|  Pending submits                                                      2|
+------------------------------------------------------------------------+
|  AMZN                                                 still unconfirmed|
|  APO                                                  still unconfirmed|
+========================================================================+
+========================================================================+

+========================================================================+
|                           GTC STOP PLACEMENT                           |
+========================================================================+
|  Waiting 5s for 2 buy submit(s) to settle...                           |
+========================================================================+

+========================================================================+
|                            SESSION SUMMARY                             |
+========================================================================+
|  Regime                                                            BULL|
|  Universe                                                          both|
|  Strategy  GapDown + VolumeSpike (display only — schedule not enforced)|
|  Scanned                                                            900|
|  Signals                                                             22|
|  Entries                                                              0|
|  Buy submits                              0 confirmed  |  2 unconfirmed|
|  Exits                                                                0|
|  Open pos                                                             3|
|  Equity                                                         $225.17|
|  Cash                                                           $123.67|
+========================================================================+
