13:10:56  INFO      Mode: summary

+========================================================================+
|  RUBBER BAND BOT  v8                                                   |
+------------------------------------------------------------------------+
|  Mode                                                           SUMMARY|
|  Time                                                         13:10 UTC|
|  Regime                                                            BULL|
|  Universe                                                          both|
|  Equity                                                         $516.97|
+========================================================================+

+========================================================================+
|                             ACCOUNT STATUS                             |
+========================================================================+
|  Equity                                                         $516.97|
|  Cash                                                           $284.37|
|  Regime                                                            BULL|
|  Universe                                                          both|
|  Total invested                                                 $232.60|
|  Open P&L                                                        $+0.06|
+========================================================================+

+========================================================================+
|                     STOCK HOLDINGS  (3 positions)                      |
+========================================================================+
|  TICKER   STRATEGY        INVESTED   ENTRY    NOW      P&L%    P&L$    |
+------------------------------------------------------------------------+
|  AAPL     Pullback50      $77.40     $310.56  $310.13  -0.1%   $-0.11  |
|  CDW      Pullback50      $77.60     $134.83  $134.97  +0.1%   $+0.08  |
|  MNST     MomReversal     $77.60     $47.41   $47.46   +0.1%   $+0.09  |
|                                                                        |
|  Total invested                                                 $232.60|
|  Total open P&L                                                  $+0.06|
+========================================================================+

+========================================================================+
|                     OPTION HOLDINGS  (0 contracts)                     |
+========================================================================+
|                                                                        |
|  No open option positions.                                             |
|                                                                        |
+========================================================================+

+========================================================================+
|                        EXIT LOGIC ACTIVE  (v8)                         |
+========================================================================+
|  Profit target                              price > 20-day MA (midline)|
|  Stop loss                                             -0.5% from entry|
|  Time stop                                          max 3 calendar days|
+========================================================================+

+========================================================================+
|                          RECENT TRANSACTIONS                           |
+========================================================================+
|  2026-08-18  SELL  CNC  Pullback50  $77.65  P&L $+0.14                 |
|  2026-08-18  SELL  AON  Pullback50  $69.74  P&L $-0.36                 |
|  2026-08-18  SELL  AEE  Pullback50  $69.70  P&L $-0.40                 |
|  2026-08-18  SELL  AFL  Pullback50  $69.80  P&L $-0.36                 |
|  2026-08-18  SELL  AES  Pullback50  $70.15  P&L $+0.00                 |
|  2026-08-18  SELL  AKAM  Pullback50  $69.79  P&L $-0.37                |
+========================================================================+
