19:31:49  INFO      Mode: evening_prep
19:31:49  INFO        [prep_positions] 1/1 (1 valid)
19:31:49  INFO        Universe cache hit: 903 tickers (tickers_2026-09-14.json)
19:31:50  INFO        [prep_universe] 40/902 (40 valid)
19:31:52  INFO        [prep_universe] 80/902 (80 valid)
19:31:53  INFO        [prep_universe] 120/902 (120 valid)
19:31:55  INFO        [prep_universe] 160/902 (160 valid)
19:31:56  INFO        [prep_universe] 200/902 (199 valid)
19:32:03  INFO        [prep_universe] 240/902 (238 valid)
19:32:16  INFO        [prep_universe] 280/902 (278 valid)
19:32:29  INFO        [prep_universe] 320/902 (318 valid)
19:32:39  INFO        [prep_universe] 360/902 (358 valid)
19:32:52  INFO        [prep_universe] 400/902 (398 valid)
19:33:04  INFO        [prep_universe] 440/902 (438 valid)
19:33:14  INFO        [prep_universe] 480/902 (478 valid)
19:33:27  INFO        [prep_universe] 520/902 (518 valid)
19:33:40  INFO        [prep_universe] 560/902 (558 valid)
19:33:50  INFO        [prep_universe] 600/902 (598 valid)
19:34:03  INFO        [prep_universe] 640/902 (638 valid)
19:34:16  INFO        [prep_universe] 680/902 (678 valid)
19:34:26  INFO        [prep_universe] 720/902 (718 valid)
19:34:39  INFO        [prep_universe] 760/902 (758 valid)
19:34:52  INFO        [prep_universe] 800/902 (798 valid)
19:35:05  INFO        [prep_universe] 840/902 (838 valid)
19:35:15  INFO        [prep_universe] 880/902 (878 valid)
19:35:21  INFO        [prep_universe] 902/902 (900 valid)

+========================================================================+
|  RUBBER BAND BOT  v8                                                   |
+------------------------------------------------------------------------+
|  Mode                                                      EVENING_PREP|
|  Time                                                         19:31 UTC|
|  Regime                                                            BULL|
|  Universe                                                          both|
|  Equity                                                         $226.35|
+========================================================================+

+========================================================================+
|                              EVENING PREP                              |
+========================================================================+
|  Goal                   Precompute exits/signals for next execution run|
|  Plan file                                 logs/plans/evening_plan.json|
|  Regime                                                            BULL|
+========================================================================+

+========================================================================+
|                       OPEN POSITION P&L SNAPSHOT                       |
+========================================================================+
|  Open positions                                                       1|
|  Invested                                                        $34.34|
|  Open P&L                                                        $+0.42|
|  TICKER   STRATEGY        INVESTED   ENTRY    NOW      P&L%    P&L$    |
+------------------------------------------------------------------------+
|  ALLE     Pullback50      $34.34     $153.74  $155.64  +1.2%   $+0.42  |
+========================================================================+

+========================================================================+
|                            OPEN SELL ORDERS                            |
+========================================================================+
|  Count                                                                0|
|                                                                        |
|  No open sell orders.                                                  |
|                                                                        |
+========================================================================+

+========================================================================+
|                              PREP SUMMARY                              |
+========================================================================+
|  Saved                                                              yes|
|  Exit candidates                                                      0|
|  Signal candidates                                                   43|
|  Universe scanned                                                   902|
+========================================================================+
