Layout: controlled:100:c000_s173_w1_0928_1005_r1
Trial layout: /home/runner/work/TradingBot/TradingBot/logs/options_trial
Docs:         skipped (local docs unavailable on this runner)
Buckets:      100
=== options_morning_bot (PAPER) 2026-07-17T11:50:34.873872-04:00 ===

[Run context]
Paper auth OK — equity $123323.29, account PA36KS87UPRS

[Setup]
Active buckets: 100 | Strategies: S173, S165, S166, S163
Dropped (no new entries; ex-reflected P&L): S174
2026-07-17 11:50:37,629 INFO   EXIT [b22|c022_s173_w3_1045_1120_r2|S173] take_profit (+60.2%) SELL 1 AMD260717C00505000 @<= 0.91

[Manage only]
Past entry window; manage/exit only.

[Portfolio snapshot]
+========================================================================+
|  OPTIONS BOT SUMMARY                                                   |
+------------------------------------------------------------------------+
|  Mode                          manage-only                             |
|  Equity                        $123,323.29                             |
|  Signals this run              0                                       |
|  Orders submitted (session)    40                                      |
|  Orders filled today (ledger)  40                                      |
|  Entries placed this run       0                                       |
|  Open virtual lots             17                                      |
|  Broker option positions       3                                       |
|  Pending orders                0                                       |
+========================================================================+
+========================================================================+
|  BUCKET LEADERBOARD (reflected ex-S174)                                |
+------------------------------------------------------------------------+
|  Reflected trades=385  buckets=47  win=34%                             |
|  Returns   avg=+4.5%  med=-33.9%  p10=-73.8%  p90=+87.0%               |
|  Realized  $+2,568.77                                                  |
|  Raw incl dropped  trades=494  real=$+1,231.58                         |
|  Today     trades=26  avg=-16.4%  med=-50.5%  real=$-330.00            |
+------------------------------------------------------------------------+
|  BKT PROFILE               N  WIN  AVG%   MED%   BEST%  REAL$          |
+------------------------------------------------------------------------+
|  b28  c028_s165_w1_0928_ 12  75% +48.6 +77.3 +102.0 $   +306           |
|  b92  c092_s166_w1_0928_  1 100% +70.8 +70.8 +70.8 $    +71            |
|  b93  c093_s166_w2_1005_  1 100% +70.8 +70.8 +70.8 $    +71            |
|  b95  c095_s166_w4_1120_  1 100% +70.8 +70.8 +70.8 $    +71            |
|  b96  c096_s163_w1_0928_  1 100% +70.8 +70.8 +70.8 $    +71            |
|  b98  c098_s163_w3_1045_  1 100% +70.8 +70.8 +70.8 $    +71            |
|  b99  c099_s163_w4_1120_  1 100% +70.8 +70.8 +70.8 $    +71            |
|  b80  c080_s173_w1_0928_ 35  74% +58.0 +62.9 +177.3 $   +403           |
|  ... 39 more bucket(s) with exits                                      |
+------------------------------------------------------------------------+
|  Low  b83  c083_s173_w4_1120_ 14  14% -49.9 -68.7 -87.7 $   -410       |
+========================================================================+
+========================================================================+
|  PENDING EXITS (1)                                                     |
+------------------------------------------------------------------------+
|  b22  S173 AMD260717C00505000 x1 take_profit (+60.2%)                  |
+========================================================================+
+========================================================================+
|  OPEN OPTIONS (3)                                                      |
+------------------------------------------------------------------------+
|  SYMBOL                      QTY    RET%        OPEN P&L               |
|------------------------------------------------------------------------|
|  AMD260717C00505000            6    +70.5%   $   +248.00               |
|  META260720C00670000           5    -40.5%   $   -150.00               |
|  META260720C00667500           5    -18.2%   $    -60.00               |
+========================================================================+
Full detail: logs/options_trial/runs/2026-07-17.log
elapsed=4.9s reconcile=1.5s cancel=0.08s manage=3.06s
STATUS: options_morning_bot run complete (PAPER) elapsed=4.9s. run=#4285 https://github.com/28twagg-ops/TradingBot/actions/runs/29593726299
Wrote /home/runner/work/TradingBot/TradingBot/logs/options_trial/reports/2026-07-17_buckets.md
Wrote /home/runner/work/TradingBot/TradingBot/logs/options_trial/reports/2026-07-17_buckets.csv
Summary: 17 buckets closed trades, $-330.00 realized
Wrote /home/runner/work/TradingBot/TradingBot/logs/options_trial/reports/2026-07-17_strategy_selection.md
Wrote /home/runner/work/TradingBot/TradingBot/logs/options_trial/reports/2026-07-17_strategy_selection.csv
Summary: keep=0 watch=2 drop=3
Orphan rate: 4.5% (22/494)
