13:21:43  INFO      Mode: summary

+========================================================================+
|  RUBBER BAND BOT  v8                                                   |
+------------------------------------------------------------------------+
|  Mode                                                           SUMMARY|
|  Time                                                         13:21 UTC|
|  Regime                                                            BULL|
|  Universe                                                          both|
|  Equity                                                         $472.72|
+========================================================================+

+========================================================================+
|                             ACCOUNT STATUS                             |
+========================================================================+
|  Equity                                                         $472.72|
|  Cash                                                           $117.67|
|  Regime                                                            BULL|
|  Universe                                                          both|
|  Total invested                                                 $355.05|
|  Open P&L                                                        $+1.74|
+========================================================================+

+========================================================================+
|                        HOLDINGS  (4 positions)                         |
+========================================================================+
|  TICKER   STRATEGY        INVESTED   ENTRY    NOW      P&L%    P&L$    |
+------------------------------------------------------------------------+
|  AAPL     Pullback50      $93.68     $311.48  $308.90  -0.8%   $-0.78  |
|  AES      Pullback50      $94.27     $14.72   $14.70   -0.2%   $-0.16  |
|  BBY      Pullback50      $96.67     $80.12   $82.00   +2.3%   $+2.21  |
|  ESS      Pullback50      $70.43     $286.19  $288.10  +0.7%   $+0.47  |
|                                                                        |
|  Total invested                                                 $355.05|
|  Total open P&L                                                  $+1.74|
+========================================================================+

+========================================================================+
|                        EXIT LOGIC ACTIVE  (v8)                         |
+========================================================================+
|  Profit target                              price > 20-day MA (midline)|
|  Stop loss                                             -0.5% from entry|
|  Time stop                                          max 3 calendar days|
+========================================================================+

+========================================================================+
|                          RECENT TRANSACTIONS                           |
+========================================================================+
|  2026-08-07  SELL  BR  EarningsDrift  $93.95  P&L $-0.05               |
|  2026-08-07  SELL  GOOG  Pullback50  $93.95  P&L $-0.49                |
|  2026-08-07  SELL  CNC  Pullback50  $94.73  P&L $+0.36                 |
|  2026-08-07  SELL  DOV  Pullback50  $94.30  P&L $+0.02                 |
|  2026-08-07  SELL  JBL  Pullback50  $96.36  P&L $+2.18                 |
|  2026-08-06  SELL  GEV  Pullback50  $93.51  P&L $-0.67                 |
+========================================================================+
