Layout: controlled:100:c000_s173_w1_0928_1005_r1
Trial layout: /home/runner/work/TradingBot/TradingBot/logs/options_trial
Docs:         skipped (local docs unavailable on this runner)
Buckets:      100
=== options_morning_bot (PAPER) 2026-07-16T10:55:53.973106-04:00 ===

[Run context]
Paper auth OK — equity $127700.73, account PA36KS87UPRS

[Setup]
Active buckets: 100 | Strategies: S173, S165, S166, S163
Dropped (no new entries; ex-reflected P&L): S174
2026-07-16 10:56:00,978 INFO   EXIT [b69|c069_s165_w2_1005_1045_r4|S165] stop_loss (-52.1%) SELL 1 AVGO260717C00405000 @<= 0.26

[Scan + entries]
Scanning 903 symbols for [S173, S165, S166, S163] …
Fetched daily bars for 903/903 symbols
Found 91 signal(s); top: ['S173:ADI', 'S173:AMAT', 'S173:BLDR', 'S173:EME', 'S173:EMR', 'S173:GEV', 'S173:GNRC', 'S173:HUBB']
Paper lab: $127752 broker equity -> 100 bucket(s) ($500 virtual each, unlimited paper)
  Skipped: 10 no tradeable call, 31 pending order
Placed 1 new entry order(s).

[Portfolio snapshot]
+========================================================================+
|  OPTIONS BOT SUMMARY                                                   |
+------------------------------------------------------------------------+
|  Mode                          entry+manage                            |
|  Equity                        $127,700.73                             |
|  Signals this run              91                                      |
|  Orders submitted (session)    20                                      |
|  Orders filled today (ledger)  28                                      |
|  Entries placed this run       1                                       |
|  Open virtual lots             27                                      |
|  Broker option positions       7                                       |
|  Pending orders                1                                       |
+========================================================================+
+========================================================================+
|  BUCKET LEADERBOARD (reflected ex-S174)                                |
+------------------------------------------------------------------------+
|  Reflected trades=225  buckets=44  win=42%                             |
|  Returns   avg=+27.0%  med=-9.2%  p10=-77.0%  p90=+100.0%              |
|  Realized  $+5,649.77                                                  |
|  Raw incl dropped  trades=328  real=$+4,526.58                         |
|  Today     trades=15  avg=-5.4%  med=-50.0%  real=$-236.00             |
+------------------------------------------------------------------------+
|  BKT PROFILE               N  WIN  AVG%   MED%   BEST%  REAL$          |
+------------------------------------------------------------------------+
|  b62  c062_s173_w3_1045_  8  50% +511.3 +520.8 +1100.0 $    +97        |
|  b89  c089_s165_w2_1005_  2 100% +425.9 +425.9 +790.0 $   +113         |
|  b69  c069_s165_w2_1005_  3  67% +122.1 +200.0 +210.0 $    +17         |
|  b29  c029_s165_w2_1005_  2  50% +100.0 +100.0 +250.0 $    +20         |
|  b28  c028_s165_w1_0928_  5 100% +85.7 +94.1 +102.0 $   +221           |
|  b92  c092_s166_w1_0928_  1 100% +70.8 +70.8 +70.8 $    +71            |
|  b93  c093_s166_w2_1005_  1 100% +70.8 +70.8 +70.8 $    +71            |
|  b95  c095_s166_w4_1120_  1 100% +70.8 +70.8 +70.8 $    +71            |
|  ... 36 more bucket(s) with exits                                      |
+------------------------------------------------------------------------+
|  Low  b21  c021_s173_w2_1005_ 10   0% -61.7 -75.5 -98.5 $   -408       |
+========================================================================+
+========================================================================+
|  PENDING ORDERS (1)                                                    |
+------------------------------------------------------------------------+
|  Top groups                    S173:LULU(1)                            |
+------------------------------------------------------------------------+
|  b82  S173 LULU     limit=0.47                                         |
+========================================================================+
+========================================================================+
|  PENDING EXITS (4)                                                     |
+------------------------------------------------------------------------+
|  b3   S173 ADBE260717C00240000 x1 stop_loss (-61.4%)                   |
|  b21  S173 AMD260717C00567500 x1 stop_loss (-57.4%)                    |
|  b80  S173 UAL260717C00122000 x1 take_profit (+53.8%)                  |
|  b69  S165 AVGO260717C00405000 x1 stop_loss (-52.1%)                   |
+========================================================================+
+========================================================================+
|  OPEN OPTIONS (7)                                                      |
+------------------------------------------------------------------------+
|  SYMBOL                      QTY    RET%        OPEN P&L               |
|------------------------------------------------------------------------|
|  ADBE260717C00240000           7    -79.5%   $   -245.00               |
|  AVGO260717C00405000           8    -52.1%   $   -217.78               |
|  AVGO260717C00400000           6    -21.2%   $    -79.00               |
|  AMD260717C00567500            1    -70.6%   $    -48.00               |
|  AMD260717C00557500            1    -37.3%   $    -25.00               |
|  UAL260717C00122000            3     -7.7%   $    -15.00               |
|  AMD260717C00552500            1    -12.9%   $     -9.00               |
+========================================================================+
Full detail: logs/options_trial/runs/2026-07-16.log
elapsed=40.7s reconcile=4.61s cancel=0.12s manage=8.56s scan=18.5s entries=2.91s
STATUS: options_morning_bot run complete (PAPER) elapsed=40.7s. run=#4129 https://github.com/28twagg-ops/TradingBot/actions/runs/29508758964
Wrote /home/runner/work/TradingBot/TradingBot/logs/options_trial/reports/2026-07-16_buckets.md
Wrote /home/runner/work/TradingBot/TradingBot/logs/options_trial/reports/2026-07-16_buckets.csv
Summary: 13 buckets closed trades, $-236.00 realized
Wrote /home/runner/work/TradingBot/TradingBot/logs/options_trial/reports/2026-07-16_strategy_selection.md
Wrote /home/runner/work/TradingBot/TradingBot/logs/options_trial/reports/2026-07-16_strategy_selection.csv
Summary: keep=0 watch=2 drop=3
Orphan rate: 6.7% (22/328)
