18:11:10  INFO      Mode: exits
18:11:10  INFO        Daily log -> logs/daily/2026-09-16.md
18:11:10  INFO        Daily log reconciled -> logs/daily/2026-09-16.md (2 ledger rows)
18:11:10  INFO        place_all_stops: checking 2 positions...
18:11:10  INFO        STOP skipped ABNB: fractional (0.2010 shares) — software exit will handle it
18:11:10  INFO        STOP skipped ALLE: fractional (0.2206 shares) — software exit will handle it
18:11:10  INFO        [positions] 2/2 (2 valid)
18:11:11  INFO        Daily log -> logs/daily/2026-09-16.md

+========================================================================+
|  RUBBER BAND BOT  v8                                                   |
+------------------------------------------------------------------------+
|  Mode                                                             EXITS|
|  Time                                                         18:11 UTC|
|  Regime                                                            BULL|
|  Universe                                                          both|
|  Equity                                                         $224.81|
+========================================================================+

+========================================================================+
|                           STOCKS EXIT CHECK                            |
+========================================================================+
|  Exit logic                   stop-0.5% / 3d max  (midline at EOD only)|
+------------------------------------------------------------------------+
|  ALLE  P&L -0.0%  $-0.00                                           HOLD|
|  ABNB  P&L +0.4%  $+0.14                                           HOLD|
+========================================================================+

+========================================================================+
|                            EXIT RUN SUMMARY                            |
+========================================================================+
|  Mode                                                             exits|
|  Candidates                                                           2|
|  Deferred/Skipped                                      already logged 0|
|  Data skips                                             no price data 0|
|  Se~  0 attempted  |  0 filled  |  0 partial  |  0 pending  |  0 failed|
|  Holds                                                                2|
|  Logged exits                                                         0|
+========================================================================+

+========================================================================+
|            OPTIONS SLEEVE  (managed by options_live_micro)             |
+========================================================================+
|                                                                        |
|  No open option positions.                                             |
|                                                                        |
+========================================================================+

+========================================================================+
|                      STOP-LOSS BREACHES THIS RUN                       |
+========================================================================+
|  None                                                                  |
+========================================================================+
|  Stop-loss look file                  logs/stop_losses_to_look_into.txt|
|  New investigations added                                             0|
+========================================================================+
