13:11:26  INFO      Mode: summary

+========================================================================+
|  RUBBER BAND BOT  v8                                                   |
+------------------------------------------------------------------------+
|  Mode                                                           SUMMARY|
|  Time                                                         13:11 UTC|
|  Regime                                                            BULL|
|  Universe                                                          both|
|  Equity                                                         $223.86|
+========================================================================+

+========================================================================+
|                             ACCOUNT STATUS                             |
+========================================================================+
|  Equity                                                         $223.86|
|  Cash                                                           $156.57|
|  Regime                                                            BULL|
|  Universe                                                          both|
|  Total invested                                                  $67.29|
|  Open P&L                                                        $+0.21|
+========================================================================+

+========================================================================+
|                     STOCK HOLDINGS  (2 positions)                      |
+========================================================================+
|  TICKER   STRATEGY        INVESTED   ENTRY    NOW      P&L%    P&L$    |
+------------------------------------------------------------------------+
|  AYI      MomReversal     $33.59     $305.46  $305.91  +0.1%   $+0.05  |
|  NNN      MomReversal     $33.70     $41.40   $41.60   +0.5%   $+0.16  |
|                                                                        |
|  Total invested                                                  $67.29|
|  Total open P&L                                                  $+0.21|
+========================================================================+

+========================================================================+
|                     OPTION HOLDINGS  (0 contracts)                     |
+========================================================================+
|                                                                        |
|  No open option positions.                                             |
|                                                                        |
+========================================================================+

+========================================================================+
|                        EXIT LOGIC ACTIVE  (v8)                         |
+========================================================================+
|  Profit target                              price > 20-day MA (midline)|
|  Stop loss                                             -0.5% from entry|
|  Time stop                                          max 3 calendar days|
+========================================================================+

+========================================================================+
|                          RECENT TRANSACTIONS                           |
+========================================================================+
|  2026-09-28  SELL  AES  Pullback50  $33.53  P&L $-0.02                 |
|  2026-09-28  SELL  AES  Pullback50  $33.56  P&L $-0.00                 |
|  2026-09-28  SELL  AKAM  Pullback50  $33.59  P&L $-0.01                |
|  2026-09-28  SELL  GOOGL  Pullback50  $33.55  P&L $-0.02               |
|  2026-09-28  SELL  CVS  MomReversal  $33.86  P&L $+0.29                |
|  2026-09-28  SELL  EVR  MomReversal  $33.25  P&L $-0.32                |
+========================================================================+
