19:36:13  INFO      Mode: evening_prep
19:36:13  INFO        [prep_positions] 3/3 (3 valid)
19:36:13  INFO        Universe cache hit: 903 tickers (tickers_2026-09-07.json)
19:36:14  INFO        [prep_universe] 40/900 (40 valid)
19:36:15  INFO        [prep_universe] 80/900 (80 valid)
19:36:16  INFO        [prep_universe] 120/900 (120 valid)
19:36:18  INFO        [prep_universe] 160/900 (160 valid)
19:36:19  INFO        [prep_universe] 200/900 (199 valid)
19:36:29  INFO        [prep_universe] 240/900 (238 valid)
19:36:39  INFO        [prep_universe] 280/900 (278 valid)
19:36:52  INFO        [prep_universe] 320/900 (318 valid)
19:37:04  INFO        [prep_universe] 360/900 (358 valid)
19:37:15  INFO        [prep_universe] 400/900 (397 valid)
19:37:28  INFO        [prep_universe] 440/900 (437 valid)
19:37:40  INFO        [prep_universe] 480/900 (477 valid)
19:37:50  INFO        [prep_universe] 520/900 (517 valid)
19:38:03  INFO        [prep_universe] 560/900 (557 valid)
19:38:16  INFO        [prep_universe] 600/900 (597 valid)
19:38:29  INFO        [prep_universe] 640/900 (637 valid)
19:38:39  INFO        [prep_universe] 680/900 (677 valid)
19:38:52  INFO        [prep_universe] 720/900 (717 valid)
19:39:04  INFO        [prep_universe] 760/900 (757 valid)
19:39:14  INFO        [prep_universe] 800/900 (797 valid)
19:39:27  INFO        [prep_universe] 840/900 (837 valid)
19:39:40  INFO        [prep_universe] 880/900 (877 valid)
19:39:47  INFO        [prep_universe] 900/900 (896 valid)

+========================================================================+
|  RUBBER BAND BOT  v8                                                   |
+------------------------------------------------------------------------+
|  Mode                                                      EVENING_PREP|
|  Time                                                         19:36 UTC|
|  Regime                                                            BULL|
|  Universe                                                          both|
|  Equity                                                         $230.56|
+========================================================================+

+========================================================================+
|                              EVENING PREP                              |
+========================================================================+
|  Goal                   Precompute exits/signals for next execution run|
|  Plan file                                 logs/plans/evening_plan.json|
|  Regime                                                            BULL|
+========================================================================+

+========================================================================+
|                       OPEN POSITION P&L SNAPSHOT                       |
+========================================================================+
|  Open positions                                                       3|
|  Invested                                                       $104.54|
|  Open P&L                                                        $+0.83|
|  TICKER   STRATEGY        INVESTED   ENTRY    NOW      P&L%    P&L$    |
+------------------------------------------------------------------------+
|  AMZN     unknown         $34.99     $255.49  $258.51  +1.2%   $+0.41  |
|  FLEX     unknown         $34.61     $109.37  $109.51  +0.1%   $+0.04  |
|  LII      unknown         $34.94     $386.29  $390.53  +1.1%   $+0.38  |
+========================================================================+

+========================================================================+
|                            OPEN SELL ORDERS                            |
+========================================================================+
|  Count                                                                3|
|  TICKER    TYPE              QTY       LIMIT       STOP                |
+------------------------------------------------------------------------+
|  FLEX      OrderType.MARKET  0.31607~  None        None                |
|  LII       OrderType.MARKET  0.08946~  None        None                |
|  AMZN      OrderType.MARKET  0.13534~  None        None                |
+========================================================================+

+========================================================================+
|                              PREP SUMMARY                              |
+========================================================================+
|  Saved                                                              yes|
|  Exit candidates                                                      0|
|  Signal candidates                                                   90|
|  Universe scanned                                                   900|
+========================================================================+
