19:51:57  INFO      Mode: scan
19:51:58  INFO        Universe cache hit: 903 tickers (tickers_2026-09-25.json)
19:51:59  INFO        [universe] 40/903 (40 valid)
19:52:01  INFO        [universe] 80/903 (80 valid)
19:52:02  INFO        [universe] 120/903 (120 valid)
19:52:03  INFO        [universe] 160/903 (160 valid)
19:52:04  INFO        [universe] 200/903 (199 valid)
19:52:12  INFO        [universe] 240/903 (238 valid)
19:52:25  INFO        [universe] 280/903 (278 valid)
19:52:34  INFO        [universe] 320/903 (318 valid)
19:52:47  INFO        [universe] 360/903 (358 valid)
19:53:00  INFO        [universe] 400/903 (398 valid)
19:53:13  INFO        [universe] 440/903 (438 valid)
19:53:23  INFO        [universe] 480/903 (478 valid)
19:53:37  INFO        [universe] 520/903 (518 valid)
19:53:47  INFO        [universe] 560/903 (558 valid)
19:54:00  INFO        [universe] 600/903 (598 valid)
19:54:13  INFO        [universe] 640/903 (638 valid)
19:54:23  INFO        [universe] 680/903 (678 valid)
19:54:36  INFO        [universe] 720/903 (718 valid)
19:54:49  INFO        [universe] 760/903 (758 valid)
19:54:59  INFO        [universe] 800/903 (798 valid)
19:55:12  INFO        [universe] 840/903 (838 valid)
19:55:25  INFO        [universe] 880/903 (878 valid)
19:55:32  INFO        [universe] 903/903 (901 valid)

+========================================================================+
|  RUBBER BAND BOT  v8                                                   |
+------------------------------------------------------------------------+
|  Mode                                                              SCAN|
|  Time                                                         19:51 UTC|
|  Regime                                                            BULL|
|  Universe                                                          both|
|  Equity                                                         $223.86|
+========================================================================+

+========================================================================+
|                   RUBBER BAND BOT v8  --  DAILY SCAN                   |
+========================================================================+
|  Mode                                                      *** LIVE ***|
|  Date                                                        2026-09-25|
|  Universe                                                          both|
|  Mo~  Sep: GapDown + VolumeSpike (display only — schedule not enforced)|
|  Disabled  GapDown, GoldenPocket, VolumeSpike (see DISABLED_STRATEGIES)|
|  Regime                                                            BULL|
|  Exit                                      midline / stop-0.5% / 3d max|
+========================================================================+

+========================================================================+
|                                ACCOUNT                                 |
+========================================================================+
|  Equity (total)                                                 $223.86|
|  Cash                                                           $223.86|
|  Reserve                                          $11.19  (always kept)|
|  Stocks ~  $0.00 / $167.90  (75% equity; 25% reserved for live options)|
|  Options MV                        $0.00  open P&L $+0.00  (0 contract)|
|  Available                                    $167.90  (new stock buys)|
|  Trade size             $33.58  (15% per signal — all strategies equal)|
+========================================================================+

+========================================================================+
|                        STOCK HOLDINGS  (0 open)                        |
+========================================================================+
|                                                                        |
|  No open positions.                                                    |
|                                                                        |
|  Buys today: 0  |  entry cap: 3  |  max open: 3                        |
+========================================================================+

+========================================================================+
|                               PLAN CACHE                               |
+========================================================================+
|  Mode                                                           evening|
|  File                                      logs/plans/evening_plan.json|
|  Use cached plan                                 no (stale (144017.8m))|
+========================================================================+

+========================================================================+
|                             DATA DOWNLOAD                              |
+========================================================================+
|  Universe: both  |  Alpaca primary / yfinance fallback                 |
+========================================================================+

+========================================================================+
|                              SIGNAL SCAN                               |
+========================================================================+
|  Month: Sep  |  Regime: BULL                                           |
|  Primary: GapDown  |  Secondary: VolumeSpike (display only — schedule ~|
|  Source                                                       live scan|
+========================================================================+

+========================================================================+
|                         SIGNALS FOUND  --  47                          |
+========================================================================+
|  TICKER   STRATEGY        TIER   PRICE    RSI    VOL_Z   TRIGGER       |
+------------------------------------------------------------------------+
|  AES      Pullback50      eq     $14.88   68.6   -1.44   50MA bounce (+|
|  GOOG     Pullback50      eq     $341.38  54.7   -1.50   50MA bounce (-|
|  GOOGL    Pullback50      eq     $344.10  54.1   -1.48   50MA bounce (-|
|  MO       Pullback50      eq     $68.74   49.0   -1.78   50MA bounce (-|
|  AMAT     Pullback50      eq     $487.44  60.7   -1.24   50MA bounce (-|
|  TECH     Pullback50      eq     $72.63   59.4   -1.18   50MA bounce (+|
|  BRK-B    Pullback50      eq     $505.47  49.3   -1.26   50MA bounce (-|
|  CAT      Pullback50      eq     $822.23  52.8   -1.52   50MA bounce (-|
|  C        Pullback50      eq     $134.53  41.7   -1.00   50MA bounce (+|
|  FIX      Pullback50      eq     $1657.~  55.0   -1.13   50MA bounce (-|
|  CVS      MomReversal     eq     $89.20   28.6   0.83    -14.9% drop/60|
|  ECL      Pullback50      eq     $279.97  51.1   -1.38   50MA bounce (+|
|  XOM      Pullback50      eq     $160.71  52.2   -1.19   50MA bounce (+|
|  FLEX     Pullback50      eq     $114.80  56.8   -0.62   50MA bounce (-|
|  IEX      Pullback50      eq     $230.32  62.4   -1.74   50MA bounce (+|
|  IVZ      Pullback50      eq     $31.04   33.2   0.75    50MA bounce (-|
|  LLY      Pullback50      eq     $1186.~  62.6   -1.53   50MA bounce (+|
|  MAR      Pullback50      eq     $352.56  66.2   -1.10   50MA bounce (-|
|  MA       Pullback50      eq     $567.35  39.7   -1.21   50MA bounce (-|
|  MSFT     VWAP_Reclaim    eq     $516.53  60.1   1.51    VWAP reclaim V|
|  MCK      Pullback50      eq     $866.48  35.2   -1.29   50MA bounce (-|
|  MSI      Pullback50      eq     $456.47  39.7   -1.84   50MA bounce (-|
|  PH       Pullback50      eq     $978.38  55.8   -1.23   50MA bounce (-|
|  PRU      Pullback50      eq     $119.56  40.7   -1.61   50MA bounce (-|
|  DGX      Pullback50      eq     $236.87  49.7   -1.22   50MA bounce (+|
|  ROST     Pullback50      eq     $236.11  58.0   -1.35   50MA bounce (-|
|  TT       Pullback50      eq     $455.36  55.6   -0.02   50MA bounce (-|
|  VLTO     Pullback50      eq     $97.11   53.7   -0.82   50MA bounce (+|
|  V        Pullback50      eq     $367.37  40.6   -0.82   50MA bounce (-|
|  WSM      Pullback50      eq     $231.91  55.0   -1.82   50MA bounce (-|
|  APPF     Pullback50      eq     $204.06  41.2   -1.81   50MA bounce (+|
|  AVNT     Pullback50      eq     $41.40   30.0   -2.09   50MA bounce (-|
|  AYI      MomReversal     eq     $318.27  39.2   0.62    -13.4% drop/60|
|  BJ       Pullback50      eq     $93.87   51.5   -1.13   50MA bounce (+|
|  CHE      RSIRecovery     eq     $511.97  42.6   0.32    RSI 15.5→42.6 |
|  CNO      Pullback50      eq     $54.04   27.2   -1.40   50MA bounce (-|
|  COKE     Pullback50      eq     $190.30  51.5   -0.61   50MA bounce (+|
|  CROX     Pullback50      eq     $126.11  63.5   -1.43   50MA bounce (+|
|  EVR      MomReversal     eq     $262.44  20.9   1.53    -23.0% drop/60|
|  GHC      Pullback50      eq     $1155.~  57.2   -1.27   50MA bounce (-|
|  MSA      Pullback50      eq     $182.73  37.7   -1.09   50MA bounce (-|
|  MOG-A    Pullback50      eq     $390.30  65.4   0.41    50MA bounce (-|
|  MSM      Pullback50      eq     $121.31  49.7   -1.05   50MA bounce (-|
|  PCTY     Pullback50      eq     $143.68  34.2   -0.64   50MA bounce (-|
|  SEIC     Pullback50      eq     $105.66  28.9   -0.57   50MA bounce (+|
|  SYNA     Pullback50      eq     $102.77  54.2   -1.17   50MA bounce (+|
|  WTS      Pullback50      eq     $358.50  44.4   -1.17   50MA bounce (-|19:55:34  INFO        BUY  CVS  $33.58  [MomReversal]  id=1b913381-d64b-4716-8610-9bfd2864df0c
19:55:34  INFO        BUY  AYI  $33.58  [MomReversal]  id=28d4dce6-d1d2-4fa5-9dfc-cb27dc281b68
19:55:34  INFO        BUY  EVR  $33.58  [MomReversal]  id=56c783c9-0a20-441d-a281-2d628aa56858
