Layout: controlled:100:c000_s173_w1_0928_1005_r1
Trial layout: /home/runner/work/TradingBot/TradingBot/logs/options_trial
Docs:         skipped (local docs unavailable on this runner)
Buckets:      100
=== options_morning_bot (PAPER) 2026-07-14T11:20:49.135119-04:00 ===

[Run context]
Paper auth OK — equity $134031.04, account PA36KS87UPRS

[Setup]
Active buckets: 100 | Strategies: S173, S165, S166, S163
Dropped (no new entries; ex-reflected P&L): S174
2026-07-14 11:20:54,129 INFO   EXIT [b21|c021_s173_w2_1005_1045_r2|S173] stop_loss (-70.6%) SELL 1 C260717C00148000 @<= 0.16

[Scan + entries]
Scanning 903 symbols for [S173, S165, S166, S163] …
Fetched daily bars for 903/903 symbols
Found 103 signal(s); top: ['S173:ACN', 'S173:ADBE', 'S173:ALL', 'S173:APP', 'S173:AJG', 'S173:ADSK', 'S173:ADP', 'S173:AXON']
Paper lab: $134037 broker equity -> 100 bucket(s) ($500 virtual each, unlimited paper)
  Skipped: 15 no tradeable call, 490 pending order
Placed 10 new entry order(s).

[Portfolio snapshot]
+========================================================================+
|  OPTIONS BOT SUMMARY                                                   |
+------------------------------------------------------------------------+
|  Mode                          entry+manage                            |
|  Equity                        $134,031.04                             |
|  Signals this run              103                                     |
|  Orders submitted (session)    38                                      |
|  Orders filled today (ledger)  42                                      |
|  Entries placed this run       10                                      |
|  Open virtual lots             22                                      |
|  Broker option positions       7                                       |
|  Pending orders                10                                      |
+========================================================================+
+========================================================================+
|  BUCKET LEADERBOARD (reflected ex-S174)                                |
+------------------------------------------------------------------------+
|  Reflected trades=163  buckets=39  win=50%                             |
|  Returns   avg=+36.3%  med=+0.0%  p10=-73.4%  p90=+100.0%              |
|  Realized  $+6,514.77                                                  |
|  Raw incl dropped  trades=260  real=$+5,605.58                         |
|  Today     trades=16  avg=+67.1%  med=+62.7%  real=$+135.00            |
+------------------------------------------------------------------------+
|  BKT PROFILE               N  WIN  AVG%   MED%   BEST%  REAL$          |
+------------------------------------------------------------------------+
|  b62  c062_s173_w3_1045_  5  60% +628.8 +1100.0 +1100.0 $   +116       |
|  b89  c089_s165_w2_1005_  2 100% +425.9 +425.9 +790.0 $   +113         |
|  b28  c028_s165_w1_0928_  4 100% +91.7 +95.1 +102.0 $   +187           |
|  b69  c069_s165_w2_1005_  2  50% +83.2 +83.2 +210.0 $     -3           |
|  b60  c060_s173_w1_0928_  5  60% +57.5 +78.8 +168.2 $    +75           |
|  b92  c092_s166_w1_0928_  1 100% +70.8 +70.8 +70.8 $    +71            |
|  b93  c093_s166_w2_1005_  1 100% +70.8 +70.8 +70.8 $    +71            |
|  b95  c095_s166_w4_1120_  1 100% +70.8 +70.8 +70.8 $    +71            |
|  ... 31 more bucket(s) with exits                                      |
+------------------------------------------------------------------------+
|  Low  b21  c021_s173_w2_1005_  7   0% -54.4 -74.0 -77.0 $   -243       |
+========================================================================+
+========================================================================+
|  PENDING ORDERS (10)                                                   |
+------------------------------------------------------------------------+
|  Top groups                    S173:ADBE(5), S165:BSX(5)               |
+------------------------------------------------------------------------+
|  b3   S173 ADBE     limit=0.43                                         |
|  b23  S173 ADBE     limit=0.43                                         |
|  b43  S173 ADBE     limit=0.43                                         |
|  b63  S173 ADBE     limit=0.43                                         |
|  b83  S173 ADBE     limit=0.43                                         |
|  ... 5 more pending order(s)                                           |
+========================================================================+
+========================================================================+
|  PENDING EXITS (2)                                                     |
+------------------------------------------------------------------------+
|  b40  S173 C260717C00150000 x1 take_profit (+68.2%)                    |
|  b89  S165 BSX260717C00045500 x1 stop_loss (-50.0%)                    |
+========================================================================+
+========================================================================+
|  OPEN OPTIONS (7)                                                      |
+------------------------------------------------------------------------+
|  SYMBOL                      QTY    RET%        OPEN P&L               |
|------------------------------------------------------------------------|
|  C260717C00148000              4    -70.6%   $   -182.67               |
|  BSX260717C00043000            5    -38.5%   $   -125.00               |
|  ADBE260717C00240000           5    -18.8%   $    -45.00               |
|  BSX260717C00045500            4   -100.0%   $    -40.00               |
|  SMCI260717C00029000           2    -25.7%   $    -32.50               |
|  GEHC260717C00062000           1    -35.7%   $    -25.00               |
|  C260717C00150000              1    -54.5%   $    -12.00               |
+========================================================================+
Full detail: logs/options_trial/runs/2026-07-14.log
elapsed=34.8s reconcile=3.32s cancel=0.08s manage=1.42s scan=23.82s entries=2.43s
STATUS: options_morning_bot run complete (PAPER) elapsed=34.8s. run=#3864 https://github.com/28twagg-ops/TradingBot/actions/runs/29344875119
Wrote /home/runner/work/TradingBot/TradingBot/logs/options_trial/reports/2026-07-14_buckets.md
Wrote /home/runner/work/TradingBot/TradingBot/logs/options_trial/reports/2026-07-14_buckets.csv
Summary: 9 buckets closed trades, $+135.00 realized
Wrote /home/runner/work/TradingBot/TradingBot/logs/options_trial/reports/2026-07-14_strategy_selection.md
Wrote /home/runner/work/TradingBot/TradingBot/logs/options_trial/reports/2026-07-14_strategy_selection.csv
Summary: keep=0 watch=3 drop=2
