19:56:25  INFO      Mode: scan
19:56:26  INFO        [positions] 2/2 (2 valid)
19:56:26  INFO        SELL LIMIT AES  qty=2.708554315  limit=$14.72  id=8fbcff27-3e20-4224-b379-0e88ae0a76c0
19:56:57  INFO        SELL LIMIT filled AES (confirmed by position check)
19:56:57  INFO        TX logged: SELL AES  P&L -0.01%
19:56:57  INFO        Universe cache hit: 903 tickers (tickers_2026-08-27.json)
19:56:58  INFO        [universe] 40/902 (40 valid)
19:56:59  INFO        [universe] 80/902 (80 valid)
19:57:01  INFO        [universe] 120/902 (120 valid)
19:57:02  INFO        [universe] 160/902 (160 valid)
19:57:03  INFO        [universe] 200/902 (199 valid)
19:57:11  INFO        [universe] 240/902 (238 valid)
19:57:24  INFO        [universe] 280/902 (278 valid)
19:57:34  INFO        [universe] 320/902 (318 valid)
19:57:47  INFO        [universe] 360/902 (358 valid)
19:57:58  INFO        [universe] 400/902 (397 valid)
19:58:11  INFO        [universe] 440/902 (437 valid)
19:58:24  INFO        [universe] 480/902 (477 valid)
19:58:34  INFO        [universe] 520/902 (517 valid)
19:58:48  INFO        [universe] 560/902 (557 valid)
19:58:58  INFO        [universe] 600/902 (597 valid)
19:59:11  INFO        [universe] 640/902 (637 valid)
19:59:21  INFO        [universe] 680/902 (677 valid)
19:59:35  INFO        [universe] 720/902 (717 valid)
19:59:48  INFO        [universe] 760/902 (757 valid)
19:59:58  INFO        [universe] 800/902 (797 valid)
20:00:11  INFO        [universe] 840/902 (836 valid)
