16:05:37  INFO      Mode: exits
16:05:38  INFO        Daily log -> logs/daily/2026-07-20.md
16:05:38  INFO        Daily log reconciled -> logs/daily/2026-07-20.md (5 ledger rows)
16:05:38  INFO        place_all_stops: checking 3 positions...
16:05:38  INFO        STOP skipped CI: fractional (0.3102 shares) — software exit will handle it
16:05:38  INFO        STOP skipped COP: fractional (0.7700 shares) — software exit will handle it
16:05:38  INFO        STOP skipped KO: fractional (0.1793 shares) — software exit will handle it
16:05:38  INFO        [positions] 3/3 (3 valid)
16:05:38  INFO        SELL MARKET [urgent] KO closed
16:05:41  INFO        TX logged: SELL KO  P&L -0.56%
16:05:41  INFO        Daily log -> logs/daily/2026-07-20.md

+========================================================================+
|  RUBBER BAND BOT  v8                                                   |
+------------------------------------------------------------------------+
|  Mode                                                             EXITS|
|  Time                                                         16:05 UTC|
|  Regime                                                            BULL|
|  Universe                                                          both|
|  Equity                                                         $482.28|
+========================================================================+

+========================================================================+
|                               EXIT CHECK                               |
+========================================================================+
|  Exit logic                   stop-0.5% / 3d max  (midline at EOD only)|
+------------------------------------------------------------------------+
|  KO  P&L -0.6%  $-0.08                          EXIT: stop_loss (-0.6%)|
|  CI  P&L -0.2%  $-0.16                                             HOLD|
|  COP  P&L +1.1%  $+0.98                                            HOLD|
+========================================================================+

+========================================================================+
|                            EXIT RUN SUMMARY                            |
+========================================================================+
|  Mode                                                             exits|
|  Candidates                                                           3|
|  Deferred/Skipped                                      already logged 0|
|  Data skips                                             no price data 0|
|  Se~  1 attempted  |  1 filled  |  0 partial  |  0 pending  |  0 failed|
|  Holds                                                                2|
|  Logged exits                                                         1|
+========================================================================+

+========================================================================+
|                      STOP-LOSS BREACHES THIS RUN                       |
+========================================================================+
|  KO                                          -0.56%  (threshold -0.50%)|
|  Count                                                                1|
+========================================================================+
|  Stop-loss look file                  logs/stop_losses_to_look_into.txt|
|  New investigations added                                             0|
+========================================================================+
