16:10:55  INFO      Mode: exits
16:10:56  INFO        Daily log -> logs/daily/2026-08-19.md
16:10:56  INFO        Daily log reconciled -> logs/daily/2026-08-19.md (1 ledger rows)
16:10:56  INFO        place_all_stops: checking 3 positions...
16:10:56  INFO        STOP skipped AAPL: fractional (0.2496 shares) — software exit will handle it
16:10:56  INFO        STOP already live MNST @ $47.17
16:10:57  INFO        [positions] 2/2 (2 valid)
16:10:57  INFO        Daily log -> logs/daily/2026-08-19.md

+========================================================================+
|  RUBBER BAND BOT  v8                                                   |
+------------------------------------------------------------------------+
|  Mode                                                             EXITS|
|  Time                                                         16:10 UTC|
|  Regime                                                            BULL|
|  Universe                                                          both|
|  Equity                                                         $461.45|
+========================================================================+

+========================================================================+
|                           STOCKS EXIT CHECK                            |
+========================================================================+
|  Exit logic                   stop-0.5% / 3d max  (midline at EOD only)|
+------------------------------------------------------------------------+
|  MNST  P&L -0.3%  $-0.22                                           HOLD|
|  AAPL  P&L +2.0%  $+1.54                                           HOLD|
+========================================================================+

+========================================================================+
|                            EXIT RUN SUMMARY                            |
+========================================================================+
|  Mode                                                             exits|
|  Candidates                                                           2|
|  Deferred/Skipped                                      already logged 0|
|  Data skips                                             no price data 0|
|  Se~  0 attempted  |  0 filled  |  0 partial  |  0 pending  |  0 failed|
|  Holds                                                                2|
|  Logged exits                                                         0|
+========================================================================+

+========================================================================+
|            OPTIONS SLEEVE  (managed by options_live_micro)             |
+========================================================================+
|  CONTRACT                ENTRY    NOW      P&L%     P&L$      MV       |
+------------------------------------------------------------------------+
|  AVGO260821C00380000     $0.54    $0.72    +33.3%   $+18.00   $72.00   |
|                                                                        |
|  Options open P&L                                               $+18.00|
+========================================================================+

+========================================================================+
|                      STOP-LOSS BREACHES THIS RUN                       |
+========================================================================+
|  None                                                                  |
+========================================================================+
|  Stop-loss look file                  logs/stop_losses_to_look_into.txt|
|  New investigations added                                             0|
+========================================================================+
