Layout: controlled:100:c000_s173_w1_0928_1005_r1
Trial layout: /home/runner/work/TradingBot/TradingBot/logs/options_trial
Docs:         skipped (local docs unavailable on this runner)
Buckets:      100
=== options_morning_bot (PAPER) 2026-07-17T12:20:40.059523-04:00 ===

[Run context]
Paper auth OK — equity $127021.17, account PA36KS87UPRS

[Setup]
Active buckets: 100 | Strategies: S173, S165, S166, S163
Dropped (no new entries; ex-reflected P&L): S174
2026-07-17 12:20:42,625 INFO   EXIT [b91|c091_s165_w4_1120_1135_r5|S165] take_profit (+247.0%) SELL 1 META260720C00667500 @<= 2.23
2026-07-17 12:20:43,417 INFO   EXIT [b30|c030_s165_w3_1045_1120_r2|S165] take_profit (+167.6%) SELL 1 META260720C00670000 @<= 1.96
2026-07-17 12:20:44,145 INFO   EXIT [b2|c002_s173_w3_1045_1120_r1|S173] take_profit (+419.9%) SELL 1 AMD260717C00505000 @<= 3.02

[Manage only]
Past entry window; manage/exit only.

[Portfolio snapshot]
+========================================================================+
|  OPTIONS BOT SUMMARY                                                   |
+------------------------------------------------------------------------+
|  Mode                          manage-only                             |
|  Equity                        $127,021.17                             |
|  Signals this run              0                                       |
|  Orders submitted (session)    40                                      |
|  Orders filled today (ledger)  40                                      |
|  Entries placed this run       0                                       |
|  Open virtual lots             11                                      |
|  Broker option positions       3                                       |
|  Pending orders                0                                       |
+========================================================================+
+========================================================================+
|  BUCKET LEADERBOARD (reflected ex-S174)                                |
+------------------------------------------------------------------------+
|  Reflected trades=391  buckets=47  win=35%                             |
|  Returns   avg=+10.4%  med=-33.8%  p10=-73.5%  p90=+90.9%              |
|  Realized  $+3,837.77                                                  |
|  Raw incl dropped  trades=500  real=$+2,500.58                         |
|  Today     trades=32  avg=+58.6%  med=-47.7%  real=$+939.00            |
+------------------------------------------------------------------------+
|  BKT PROFILE               N  WIN  AVG%   MED%   BEST%  REAL$          |
+------------------------------------------------------------------------+
|  b28  c028_s165_w1_0928_ 12  75% +48.6 +77.3 +102.0 $   +306           |
|  b92  c092_s166_w1_0928_  1 100% +70.8 +70.8 +70.8 $    +71            |
|  b93  c093_s166_w2_1005_  1 100% +70.8 +70.8 +70.8 $    +71            |
|  b95  c095_s166_w4_1120_  1 100% +70.8 +70.8 +70.8 $    +71            |
|  b96  c096_s163_w1_0928_  1 100% +70.8 +70.8 +70.8 $    +71            |
|  b98  c098_s163_w3_1045_  1 100% +70.8 +70.8 +70.8 $    +71            |
|  b99  c099_s163_w4_1120_  1 100% +70.8 +70.8 +70.8 $    +71            |
|  b43  c043_s173_w4_1120_  5  60% +64.1 +69.2 +286.5 $   +153           |
|  ... 39 more bucket(s) with exits                                      |
+------------------------------------------------------------------------+
|  Low  b83  c083_s173_w4_1120_ 15  20% -12.8 -68.2 -87.7 $   -147       |
+========================================================================+
+========================================================================+
|  PENDING EXITS (3)                                                     |
+------------------------------------------------------------------------+
|  b91  S165 META260720C00667500 x1 take_profit (+247.0%                 |
|  b30  S165 META260720C00670000 x1 take_profit (+167.6%                 |
|  b2   S173 AMD260717C00505000 x1 take_profit (+419.9%                  |
+========================================================================+
+========================================================================+
|  OPEN OPTIONS (3)                                                      |
+------------------------------------------------------------------------+
|  SYMBOL                      QTY    RET%        OPEN P&L               |
|------------------------------------------------------------------------|
|  META260720C00667500           4   +248.5%   $   +656.00               |
|  META260720C00670000           4   +170.3%   $   +504.00               |
|  AMD260717C00505000            1   +419.9%   $   +246.33               |
+========================================================================+
Full detail: logs/options_trial/runs/2026-07-17.log
elapsed=4.3s reconcile=1.76s cancel=0.03s manage=2.24s
STATUS: options_morning_bot run complete (PAPER) elapsed=4.3s. run=#4291 https://github.com/28twagg-ops/TradingBot/actions/runs/29595745700
Wrote /home/runner/work/TradingBot/TradingBot/logs/options_trial/reports/2026-07-17_buckets.md
Wrote /home/runner/work/TradingBot/TradingBot/logs/options_trial/reports/2026-07-17_buckets.csv
Summary: 20 buckets closed trades, $+939.00 realized
Wrote /home/runner/work/TradingBot/TradingBot/logs/options_trial/reports/2026-07-17_strategy_selection.md
Wrote /home/runner/work/TradingBot/TradingBot/logs/options_trial/reports/2026-07-17_strategy_selection.csv
Summary: keep=0 watch=2 drop=3
Orphan rate: 4.4% (22/500)
