14:30:56  INFO      Mode: exits
14:30:57  INFO        Daily log -> logs/daily/2026-08-12.md
14:30:57  INFO        Daily log reconciled -> logs/daily/2026-08-12.md (2 ledger rows)
14:30:57  INFO        place_all_stops: checking 3 positions...
14:30:57  INFO        STOP already live AES @ $14.65
14:30:57  INFO        STOP skipped AFL: fractional (0.7729 shares) — software exit will handle it
14:30:57  INFO        STOP skipped AXP: fractional (0.2736 shares) — software exit will handle it
14:30:58  INFO        [positions] 3/3 (3 valid)
14:30:58  INFO        Daily log -> logs/daily/2026-08-12.md

+========================================================================+
|  RUBBER BAND BOT  v8                                                   |
+------------------------------------------------------------------------+
|  Mode                                                             EXITS|
|  Time                                                         14:30 UTC|
|  Regime                                                            BULL|
|  Universe                                                          both|
|  Equity                                                         $465.32|
+========================================================================+

+========================================================================+
|                               EXIT CHECK                               |
+========================================================================+
|  Exit logic                   stop-0.5% / 3d max  (midline at EOD only)|
+------------------------------------------------------------------------+
|  AES  P&L +0.0%  $+0.00                                            HOLD|
|  AXP  P&L +0.0%  $+0.04                                            HOLD|
|  AFL  P&L +0.2%  $+0.23                                            HOLD|
+========================================================================+

+========================================================================+
|                            EXIT RUN SUMMARY                            |
+========================================================================+
|  Mode                                                             exits|
|  Candidates                                                           3|
|  Deferred/Skipped                                      already logged 0|
|  Data skips                                             no price data 0|
|  Se~  0 attempted  |  0 filled  |  0 partial  |  0 pending  |  0 failed|
|  Holds                                                                3|
|  Logged exits                                                         0|
+========================================================================+

+========================================================================+
|                      STOP-LOSS BREACHES THIS RUN                       |
+========================================================================+
|  None                                                                  |
+========================================================================+
|  Stop-loss look file                  logs/stop_losses_to_look_into.txt|
|  New investigations added                                             0|
+========================================================================+
