19:35:57  INFO      Mode: evening_prep
19:35:58  INFO        [prep_positions] 2/2 (2 valid)
19:35:58  INFO        Universe cache hit: 903 tickers (tickers_2026-07-31.json)
19:35:59  INFO        [prep_universe] 40/901 (40 valid)
19:36:01  INFO        [prep_universe] 80/901 (80 valid)
19:36:02  INFO        [prep_universe] 120/901 (120 valid)
19:36:03  INFO        [prep_universe] 160/901 (160 valid)
19:36:04  INFO        [prep_universe] 200/901 (199 valid)
19:36:11  INFO        [prep_universe] 240/901 (238 valid)
19:36:25  INFO        [prep_universe] 280/901 (278 valid)
19:36:35  INFO        [prep_universe] 320/901 (318 valid)
19:36:48  INFO        [prep_universe] 360/901 (358 valid)
19:36:59  INFO        [prep_universe] 400/901 (397 valid)
19:37:12  INFO        [prep_universe] 440/901 (437 valid)
19:37:23  INFO        [prep_universe] 480/901 (477 valid)
19:37:36  INFO        [prep_universe] 520/901 (517 valid)
19:37:49  INFO        [prep_universe] 560/901 (557 valid)
19:38:00  INFO        [prep_universe] 600/901 (597 valid)
19:38:13  INFO        [prep_universe] 640/901 (637 valid)
19:38:23  INFO        [prep_universe] 680/901 (677 valid)
19:38:37  INFO        [prep_universe] 720/901 (717 valid)
19:38:47  INFO        [prep_universe] 760/901 (757 valid)
19:39:00  INFO        [prep_universe] 800/901 (797 valid)
19:39:11  INFO        [prep_universe] 840/901 (836 valid)
19:39:24  INFO        [prep_universe] 880/901 (876 valid)
19:39:31  INFO        [prep_universe] 901/901 (897 valid)

+========================================================================+
|  RUBBER BAND BOT  v8                                                   |
+------------------------------------------------------------------------+
|  Mode                                                      EVENING_PREP|
|  Time                                                         19:35 UTC|
|  Regime                                                            BULL|
|  Universe                                                          both|
|  Equity                                                         $470.12|
+========================================================================+

+========================================================================+
|                              EVENING PREP                              |
+========================================================================+
|  Goal                   Precompute exits/signals for next execution run|
|  Plan file                                 logs/plans/evening_plan.json|
|  Regime                                                            BULL|
+========================================================================+

+========================================================================+
|                       OPEN POSITION P&L SNAPSHOT                       |
+========================================================================+
|  Open positions                                                       2|
|  Invested                                                       $168.27|
|  Open P&L                                                        $+3.87|
|  TICKER   STRATEGY        INVESTED   ENTRY    NOW      P&L%    P&L$    |
+------------------------------------------------------------------------+
|  APG      MomReversal     $72.96     $38.85   $40.23   +3.5%   $+2.50  |
|  CINF     Pullback50      $95.31     $175.04  $177.59  +1.5%   $+1.37  |
+========================================================================+

+========================================================================+
|                            OPEN SELL ORDERS                            |
+========================================================================+
|  Count                                                                1|
|  TICKER    TYPE              QTY       LIMIT       STOP                |
+------------------------------------------------------------------------+
|  APG       OrderType.STOP    1         None        38.65               |
+========================================================================+

+========================================================================+
|                              PREP SUMMARY                              |
+========================================================================+
|  Saved                                                              yes|
|  Exit candidates                                                      0|
|  Signal candidates                                                   37|
|  Universe scanned                                                   901|
+========================================================================+
