13:57:00  INFO      Mode: morning_scan
13:57:01  INFO        [positions] 3/3 (3 valid)
13:57:01  INFO        SELL LIMIT CAH  qty=0.196990914  limit=$233.83  id=ac2d3da7-be82-42ce-9e8f-05dd47933069
13:57:31  INFO        SELL LIMIT filled CAH (confirmed by position check)
13:57:31  INFO        TX logged: SELL CAH  P&L 0.03%
13:57:31  INFO        Universe cache hit: 903 tickers (tickers_2026-08-25.json)
13:57:32  INFO        [universe] 40/901 (40 valid)
13:57:33  INFO        [universe] 80/901 (80 valid)
13:57:34  INFO        [universe] 120/901 (120 valid)
13:57:35  INFO        [universe] 160/901 (160 valid)
13:57:37  INFO        [universe] 200/901 (199 valid)
13:57:44  INFO        [universe] 240/901 (238 valid)
13:57:57  INFO        [universe] 280/901 (278 valid)
13:58:10  INFO        [universe] 320/901 (318 valid)
13:58:20  INFO        [universe] 360/901 (358 valid)
13:58:33  INFO        [universe] 400/901 (397 valid)
13:58:45  INFO        [universe] 440/901 (437 valid)
13:58:55  INFO        [universe] 480/901 (477 valid)
13:59:08  INFO        [universe] 520/901 (517 valid)
13:59:21  INFO        [universe] 560/901 (557 valid)
13:59:31  INFO        [universe] 600/901 (597 valid)
13:59:44  INFO        [universe] 640/901 (637 valid)
13:59:57  INFO        [universe] 680/901 (677 valid)
14:00:07  INFO        [universe] 720/901 (717 valid)
14:00:20  INFO        [universe] 760/901 (757 valid)
14:00:33  INFO        [universe] 800/901 (797 valid)
