options_reconcile: state=/home/runner/work/TradingBot/TradingBot/logs/options_trial/_state/lab_state.json
  open_lots=156 paper_keys=yes dry_run=False
  alpaca positions=27
  FLAG b0|ORPHAN|a20b38ca missing from Alpaca
  State updated with reconciled lots.
options_reconcile: done
Layout: controlled:1024:lab0000_s200_w1_0928_1005_r1 (layout changed controlled:100:c000_s173_w1_0928_1005_r1 -> controlled:1024:lab0000_s200_w1_0928_1005_r1)
Trial layout: /home/runner/work/TradingBot/TradingBot/logs/options_trial
Docs:         skipped (local docs unavailable on this runner)
Buckets:      1024
=== options_morning_bot (PAPER) 2026-08-06T09:34:30.613047-04:00 ===

[Run context]
Paper auth OK — equity $139851.07, account PA36KS87UPRS

[Setup]
Active buckets: 1024 | Strategies: S165, S164, S168, S167, S166, S163, S169, S170, S171, S172, S175, S200, S201, S202, S203, S204, S205, S206, S207, S208, S209, S210, S211, S212, S213, S214, S215, S216, S217, S218, S219, S220, S221, S400, S401, S402, S403, S350, S351, S352, S353, S354, S355, S356, S357, S358, S359, S360, S361, S362, S363, S364, S365, S366, S367, S368, S369, S370, S371, S372, S373, S374, S375, S376, S377, S378, S379, S380, S381, S382, S383, S384, S385, S386, S387, S388, S389, S390, S391, S392, S393, S394, S413, S414, S415, S416, S417, S418, S395, S396, S397, S398, S399, S404, S405, S406, S407, S408, S409, S410, S411, S412, S413, S414, S415, S416, S417, S418, S419
Dropped (no new entries; ex-reflected P&L): S173, S174
2026-08-06 09:34:36,058 INFO   EXIT [b0|orphan_reconcile|ORPHAN] stop_loss (-87.5%) SELL 1 HOOD260807C00101000 @<= 0.07
2026-08-06 09:34:38,095 INFO   EXIT [b799|lab0799_s399_w4_1120_1135_r2|S399] stop_loss (-83.6%) SELL 1 AMD260807C00555000 @<= 0.07
2026-08-06 09:34:38,556 INFO   EXIT [b96|lab0096_s211_w2_1005_1045_r1|S211] stop_loss (-97.1%) SELL 1 AMZN260807C00297500 @<= 0.02
  EXIT [b366|lab0366_s361_w3_1045_1120_r1|S361] stop_loss (-82.2%) SELL failed DKNG260807C00024500: {"code":40010001,"message":"client_order_id must be unique"}
2026-08-06 09:34:38,959 INFO   EXIT [b352|lab0352_s360_w3_1045_1120_r1|S360] stop_loss (-82.2%) SELL 1 DKNG260807C00024500 @<= 0.04
2026-08-06 09:34:39,647 INFO   EXIT [b171|lab0171_s216_w4_1120_1135_r2|S216] stop_loss (-75.0%) SELL 1 HOOD260807C00100000 @<= 0.11
  EXIT [b803|lab0803_s404_w2_1005_1045_r2|S404] stop_loss (-95.0%) SELL failed AMZN260807C00295000: {"code":40010001,"message":"client_order_id must be unique"}
2026-08-06 09:34:40,338 INFO   EXIT [b779|lab0779_s397_w2_1005_1045_r2|S397] stop_loss (-95.0%) SELL 1 AMZN260807C00295000 @<= 0.03
  EXIT [b301|lab0301_s353_w3_1045_1120_r2|S353] stop_loss (-94.4%) SELL failed AMZN260807C00292500: {"code":40010001,"message":"client_order_id must be unique"}
2026-08-06 09:34:40,984 INFO   EXIT [b805|lab0805_s404_w3_1045_1120_r2|S404] stop_loss (-94.4%) SELL 1 AMZN260807C00292500 @<= 0.04
  EXIT [b112|lab0112_s212_w3_1045_1120_r1|S212] stop_loss (-100.0%) SELL failed UBER260807C00078000: {"code":40010001,"message":"client_order_id must be unique"}
2026-08-06 09:34:41,413 INFO   EXIT [b0|orphan_reconcile|ORPHAN] stop_loss (-100.0%) SELL 3 UBER260807C00078000 @<= 0.01
2026-08-06 09:34:41,631 INFO   EXIT [b0|orphan_reconcile|ORPHAN] take_profit (+84.1%) SELL 2 T260807C00022500 @<= 0.82
2026-08-06 09:34:42,294 INFO   EXIT [b0|orphan_reconcile|ORPHAN] stop_loss (-52.2%) SELL 2 TTD260807C00021500 @<= 0.19
2026-08-06 09:34:42,702 INFO   EXIT [b0|orphan_reconcile|ORPHAN] stop_loss (-97.0%) SELL 2 RBLX260807C00040000 @<= 0.01
2026-08-06 09:34:43,377 INFO   EXIT [b115|lab0115_s212_w4_1120_1135_r2|S212] take_profit (+134.9%) SELL 1 AAPL260807C00317500 @<= 1.55

[Scan + entries]
Scanning 117 symbols for [S165, S164, S168, S167, S166, S163, S169, S170, S171, S172, S175, S200, S201, S202, S203, S204, S205, S206, S207, S208, S209, S210, S211, S212, S213, S214, S215, S216, S217, S218, S219, S220, S221, S400, S401, S402, S403, S350, S351, S352, S353, S354, S355, S356, S357, S358, S359, S360, S361, S362, S363, S364, S365, S366, S367, S368, S369, S370, S371, S372, S373, S374, S375, S376, S377, S378, S379, S380, S381, S382, S383, S384, S385, S386, S387, S388, S389, S390, S391, S392, S393, S394, S413, S414, S415, S416, S417, S418, S395, S396, S397, S398, S399, S404, S405, S406, S407, S408, S409, S410, S411, S412, S413, S414, S415, S416, S417, S418, S419] …
Fetched daily bars for 114/117 symbols
