Layout: controlled:100:c000_s173_w1_0928_1005_r1
Trial layout: /home/runner/work/TradingBot/TradingBot/logs/options_trial
Docs:         skipped (local docs unavailable on this runner)
Buckets:      100
=== options_morning_bot (PAPER) 2026-07-16T10:40:44.595381-04:00 ===

[Run context]
Paper auth OK — equity $127956.19, account PA36KS87UPRS

[Setup]
Active buckets: 100 | Strategies: S173, S165, S166, S163
Dropped (no new entries; ex-reflected P&L): S174
2026-07-16 10:40:49,262 INFO   EXIT [b21|c021_s173_w2_1005_1045_r2|S173] stop_loss (-57.4%) SELL 1 AMD260717C00567500 @<= 0.30

[Scan + entries]
Scanning 903 symbols for [S173, S165, S166, S163] …
Fetched daily bars for 903/903 symbols
Found 94 signal(s); top: ['S173:AMD', 'S173:APH', 'S173:ADI', 'S173:AMAT', 'S173:BLDR', 'S173:CAT', 'S173:FIX', 'S173:DELL']
Paper lab: $127937 broker equity -> 100 bucket(s) ($500 virtual each, unlimited paper)
  All bucket slots blocked or closed for today's signals — skip entry loop.
Placed 0 new entry order(s).

[Portfolio snapshot]
+========================================================================+
|  OPTIONS BOT SUMMARY                                                   |
+------------------------------------------------------------------------+
|  Mode                          entry+manage                            |
|  Equity                        $127,956.19                             |
|  Signals this run              94                                      |
|  Orders submitted (session)    12                                      |
|  Orders filled today (ledger)  21                                      |
|  Entries placed this run       0                                       |
|  Open virtual lots             22                                      |
|  Broker option positions       6                                       |
|  Pending orders                0                                       |
+========================================================================+
+========================================================================+
|  BUCKET LEADERBOARD (reflected ex-S174)                                |
+------------------------------------------------------------------------+
|  Reflected trades=223  buckets=44  win=41%                             |
|  Returns   avg=+26.6%  med=-12.5%  p10=-77.0%  p90=+100.0%             |
|  Realized  $+5,558.77                                                  |
|  Raw incl dropped  trades=326  real=$+4,435.58                         |
|  Today     trades=13  avg=-17.6%  med=-52.7%  real=$-327.00            |
+------------------------------------------------------------------------+
|  BKT PROFILE               N  WIN  AVG%   MED%   BEST%  REAL$          |
+------------------------------------------------------------------------+
|  b62  c062_s173_w3_1045_  8  50% +511.3 +520.8 +1100.0 $    +97        |
|  b89  c089_s165_w2_1005_  2 100% +425.9 +425.9 +790.0 $   +113         |
|  b69  c069_s165_w2_1005_  3  67% +122.1 +200.0 +210.0 $    +17         |
|  b29  c029_s165_w2_1005_  2  50% +100.0 +100.0 +250.0 $    +20         |
|  b28  c028_s165_w1_0928_  5 100% +85.7 +94.1 +102.0 $   +221           |
|  b92  c092_s166_w1_0928_  1 100% +70.8 +70.8 +70.8 $    +71            |
|  b93  c093_s166_w2_1005_  1 100% +70.8 +70.8 +70.8 $    +71            |
|  b95  c095_s166_w4_1120_  1 100% +70.8 +70.8 +70.8 $    +71            |
|  ... 36 more bucket(s) with exits                                      |
+------------------------------------------------------------------------+
|  Low  b21  c021_s173_w2_1005_ 10   0% -61.7 -75.5 -98.5 $   -408       |
+========================================================================+
+========================================================================+
|  PENDING EXITS (2)                                                     |
+------------------------------------------------------------------------+
|  b3   S173 ADBE260717C00240000 x1 stop_loss (-61.4%)                   |
|  b21  S173 AMD260717C00567500 x1 stop_loss (-57.4%)                    |
+========================================================================+
+========================================================================+
|  OPEN OPTIONS (6)                                                      |
+------------------------------------------------------------------------+
|  SYMBOL                      QTY    RET%        OPEN P&L               |
|------------------------------------------------------------------------|
|  ADBE260717C00240000           7    -81.8%   $   -252.00               |
|  AVGO260717C00405000           8    -44.5%   $   -185.78               |
|  UAL260717C00122000            4    -43.1%   $   -112.00               |
|  AMD260717C00567500            1    -57.4%   $    -39.00               |
|  AVGO260717C00400000           1    -24.7%   $    -18.00               |
|  AAL260717C00015000            1    +21.4%   $    +12.00               |
+========================================================================+
Full detail: logs/options_trial/runs/2026-07-16.log
elapsed=27.0s reconcile=2.58s cancel=0.02s manage=1.99s scan=22.14s entries=0.05s
STATUS: options_morning_bot run complete (PAPER) elapsed=27.0s. run=#4126 https://github.com/28twagg-ops/TradingBot/actions/runs/29507625445
Wrote /home/runner/work/TradingBot/TradingBot/logs/options_trial/reports/2026-07-16_buckets.md
Wrote /home/runner/work/TradingBot/TradingBot/logs/options_trial/reports/2026-07-16_buckets.csv
Summary: 12 buckets closed trades, $-327.00 realized
Wrote /home/runner/work/TradingBot/TradingBot/logs/options_trial/reports/2026-07-16_strategy_selection.md
Wrote /home/runner/work/TradingBot/TradingBot/logs/options_trial/reports/2026-07-16_strategy_selection.csv
Summary: keep=0 watch=2 drop=3
Orphan rate: 6.8% (22/326)
