options_reconcile: state=/home/runner/work/TradingBot/TradingBot/logs/options_trial/_state/lab_state.json
  open_lots=0 pending_exits=0 paper_keys=yes dry_run=False
  alpaca open sell orders=0 positions=3
  zombies_flagged=0
options_reconcile: done
Layout: controlled:140:c000_s173_w1_0928_1005_r1 (layout changed controlled:100:c000_s173_w1_0928_1005_r1 -> controlled:140:c000_s173_w1_0928_1005_r1)
Trial layout: /home/runner/work/TradingBot/TradingBot/logs/options_trial
Docs:         skipped (local docs unavailable on this runner)
Buckets:      140
=== options_morning_bot (PAPER) 2026-07-21T10:06:09.233997-04:00 ===

[Run context]
Paper auth OK — equity $131448.69, account PA36KS87UPRS

[Setup]
Active buckets: 140 | Strategies: S165, S164, S168, S167, S166, S163
Dropped (no new entries; ex-reflected P&L): S173, S174

[Scan + entries]
Scanning 903 symbols for [S165, S164, S168, S167, S166, S163] …
Fetched daily bars for 903/903 symbols
Found 335 signal(s); top: ['S165:ACN', 'S165:ADBE', 'S165:A', 'S165:BR', 'S165:CSGP', 'S165:DHR', 'S165:EFX', 'S165:FDS']
Paper lab: $131541 broker equity -> 140 bucket(s) ($500 virtual each, unlimited paper)
  Skipped: 550 no tradeable call, 1095 pending order
Placed 30 new entry order(s).

[Portfolio snapshot]
+========================================================================+
|  OPTIONS BOT SUMMARY                                                   |
+------------------------------------------------------------------------+
|  Mode                          entry+manage                            |
|  Equity                        $131,446.65                             |
|  Signals this run              335                                     |
|  Orders submitted (session)    30                                      |
|  Orders filled today (ledger)  40                                      |
|  Entries placed this run       30                                      |
|  Open virtual lots             40                                      |
|  Broker option positions       4                                       |
|  Pending orders                15                                      |
+========================================================================+
+========================================================================+
|  BUCKET LEADERBOARD (reflected ex-S173,S174)                           |
+------------------------------------------------------------------------+
|  Reflected trades=222  buckets=22  win=33%                             |
|  Returns   avg=-0.4%  med=-38.1%  p10=-66.0%  p90=+84.6%               |
|  Realized  $+5,148.13                                                  |
|  Raw incl dropped  trades=667  real=$+3,510.58                         |
+------------------------------------------------------------------------+
|  BKT PROFILE               N  WIN  AVG%   MED%   BEST%  REAL$          |
+------------------------------------------------------------------------+
|  b51  c051_s164_w4_1120_  1 100% +263.6 +263.6 +263.6 $   +174         |
|  b91  c091_s167_w4_1120_  2 100% +222.0 +222.0 +247.0 $   +293         |
|  b31  c031_s173_w4_1120_  2 100% +145.5 +145.5 +175.8 $   +192         |
|  b28  c028_s173_w1_0928_ 17  76% +49.5 +80.0 +102.0 $   +448           |
|  b58  c058_s173_w3_1045_  1 100% +59.1 +59.1 +59.1 $    +25            |
|  b56  c056_s173_w1_0928_  1 100% +47.7 +47.7 +47.7 $    +21            |
|  b57  c057_s173_w2_1005_  1 100% +47.7 +47.7 +47.7 $    +21            |
|  b30  c030_s173_w3_1045_  9  33% +38.8  +0.0 +168.9 $   +260           |
|  ... 14 more bucket(s) with exits                                      |
+------------------------------------------------------------------------+
|  Low  b9   c009_s165_w2_1005_  5   0% -73.0 -66.2 -92.7 $   -203       |
+========================================================================+
+========================================================================+
|  PENDING ORDERS (15)                                                   |
+------------------------------------------------------------------------+
|  Top groups                    S164:LULU(5), S167:CELH(5), S163:HAL(5) |
+------------------------------------------------------------------------+
|  b21  S164 LULU     limit=0.65                                         |
|  b49  S164 LULU     limit=0.65                                         |
|  b77  S164 LULU     limit=0.65                                         |
|  b105 S164 LULU     limit=0.65                                         |
|  b133 S164 LULU     limit=0.65                                         |
|  ... 10 more pending order(s)                                          |
+========================================================================+
+========================================================================+
|  OPEN OPTIONS (4)                                                      |
+------------------------------------------------------------------------+
|  SYMBOL                      QTY    RET%        OPEN P&L               |
|------------------------------------------------------------------------|
|  HAL260724C00033000           15    -19.4%   $   -180.00               |
|  HAL260731C00033500           10    -19.1%   $   -135.00               |
|  CELH260724C00029000          10    -22.2%   $   -100.00               |
|  HAL260724C00035000            5    -25.0%   $    -10.00               |
+========================================================================+
Full detail: logs/options_trial/runs/2026-07-21.log
elapsed=197.3s reconcile=1.92s cancel=0.16s manage=1.0s scan=52.37s entries=138.61s
STATUS: options_morning_bot run complete (PAPER) elapsed=197.3s. run=#4550 https://github.com/28twagg-ops/TradingBot/actions/runs/29837434495
Wrote /home/runner/work/TradingBot/TradingBot/logs/options_trial/reports/2026-07-21_buckets.md
Wrote /home/runner/work/TradingBot/TradingBot/logs/options_trial/reports/2026-07-21_buckets.csv
Summary: 0 buckets closed trades, $+0.00 realized
Wrote /home/runner/work/TradingBot/TradingBot/logs/options_trial/reports/2026-07-21_strategy_selection.md
Wrote /home/runner/work/TradingBot/TradingBot/logs/options_trial/reports/2026-07-21_strategy_selection.csv
Summary: keep=0 watch=5 drop=3
Orphan rate: 3.3% (22/667)
# Options signal frequency

_Generated 2026-07-21T10:09:29.626911_

Headline counts are **unique (strategy, underlying, date)** from `ENTRY` lines in `logs/options_trial/runs/*.log`.
Raw log-line counts (multi-bucket duplicates) are shown below for debug.

### Unique underlying symbols per day (headline)

| Date       | S163 | S164 | S165 | S166 | S167 | S168 | S173 | S174 | Total |
|------------|-----:|-----:|-----:|-----:|-----:|-----:|-----:|-----:|------:|
| 2026-07-07 |    0 |    0 |    0 |    0 |    0 |    0 |    1 |    0 |     1 |
| 2026-07-08 |    0 |    0 |    3 |    0 |    0 |    0 |    2 |    1 |     6 |
| 2026-07-09 |    0 |    0 |    1 |    0 |    0 |    0 |    2 |    3 |     6 |
| 2026-07-10 |    0 |    0 |    1 |    0 |    0 |    0 |    1 |    1 |     3 |
| 2026-07-13 |    0 |    0 |    2 |    0 |    0 |    0 |    3 |    2 |     7 |
| 2026-07-14 |    0 |    0 |    3 |    0 |    0 |    0 |    2 |    0 |     5 |
| 2026-07-16 |    0 |    0 |    2 |    0 |    0 |    0 |    3 |    0 |     5 |
| 2026-07-17 |    0 |    0 |    2 |    0 |    0 |    0 |    2 |    0 |     4 |
| 2026-07-20 |    0 |    0 |    0 |    0 |    0 |    0 |    1 |    0 |     1 |
| 2026-07-21 |    1 |    1 |    1 |    1 |    1 |    1 |    0 |    0 |     6 |

## Per-strategy summary (unique underlyings)

| Strategy | Unique entries | Active days | Avg unique / active day | Est. active days to n=30 exits* |
|----------|---------------:|------------:|------------------------:|--------------------------------|
| S163 | 1 | 1 | 1.0 | ~38 active signal-days |
| S164 | 1 | 1 | 1.0 | ~38 active signal-days |
| S165 | 15 | 8 | 1.9 | ~20 active signal-days |
| S166 | 1 | 1 | 1.0 | ~38 active signal-days |
| S167 | 1 | 1 | 1.0 | ~38 active signal-days |
| S168 | 1 | 1 | 1.0 | ~38 active signal-days |
| S173 | 17 | 9 | 1.9 | ~20 active signal-days |
| S174 | 7 | 4 | 1.8 | ~22 active signal-days |

\* Formula: `ceil(30 / (avg_unique_per_active_day * 80%))`. Update when real exit rates are known.

## Raw vs unique totals

| Strategy | Raw log lines (includes multi-bucket duplicates) | Unique underlying symbols |
|----------|-------------------------------------------------:|--------------------------:|
| S163 | 10 | 1 |
| S164 | 10 | 1 |
| S165 | 1407 | 15 |
| S166 | 10 | 1 |
| S167 | 10 | 1 |
| S168 | 15 | 1 |
| S173 | 1754 | 17 |
| S174 | 891 | 7 |

### Raw log lines per day (debug / multi-bucket)

| Date       | S163 | S164 | S165 | S166 | S167 | S168 | S173 | S174 | Total |
|------------|-----:|-----:|-----:|-----:|-----:|-----:|-----:|-----:|------:|
| 2026-07-07 |    0 |    0 |    0 |    0 |    0 |    0 |  100 |    0 |   100 |
| 2026-07-08 |    0 |    0 |  100 |    0 |    0 |    0 |  100 |  100 |   300 |
| 2026-07-09 |    0 |    0 |   24 |    0 |    0 |    0 |  100 |   15 |   139 |
| 2026-07-10 |    0 |    0 |  242 |    0 |    0 |    0 |  230 |  202 |   674 |
| 2026-07-13 |    0 |    0 |  190 |    0 |    0 |    0 |  212 |  188 |   590 |
| 2026-07-14 |    0 |    0 |  194 |    0 |    0 |    0 |  185 |  106 |   485 |
| 2026-07-15 |    0 |    0 |  146 |    0 |    0 |    0 |  154 |   58 |   358 |
| 2026-07-16 |    0 |    0 |  179 |    0 |    0 |    0 |  205 |   58 |   442 |
| 2026-07-17 |    0 |    0 |  127 |    0 |    0 |    0 |  207 |   58 |   392 |
| 2026-07-20 |    0 |    0 |  107 |    0 |    0 |    0 |  143 |   58 |   308 |
| 2026-07-21 |   10 |   10 |   98 |   10 |   10 |   15 |  118 |   48 |   319 |

## Notes

- Pre-router-fix (before 2026-07-17 commit `56660c9e`): S163/S166 were starved — expect zeros until a post-fix entry-window gap-down day.
- Controlled layout places one ENTRY per matching bucket×strategy; raw counts inflate, unique underlyings do not.


Wrote /home/runner/work/TradingBot/TradingBot/logs/options_trial/reports/signal_frequency.md
## Ledger health — 2026-07-21
| Check                       | Count | Status |
|-----------------------------|------:|--------|
| Current stuck (state)       |     0 | OK |
| Orphaned lots (post-stable) |    27 | WARN | <<<
| Missing exit records (post) |    27 | WARN | <<<
| State/ledger mismatches     |     1 | WARN | <<<
| Total open lots             |    40 | INFO |
| Total closed lots           |   286 | INFO |
| Pre-cutoff audit debt       |     0 | INFO |
| Transition audit debt       |   589 | INFO |

Wrote /home/runner/work/TradingBot/TradingBot/logs/options_trial/reports/ledger_health.md
Wrote /home/runner/work/TradingBot/TradingBot/logs/dashboard.html
equity=481.35 router=CONFIRMED leaderboard_rows=8
Wrote /home/runner/work/TradingBot/TradingBot/logs/rubber_band_report.md
| 1 | MomReversal | 9 | 33% | +0.31% | -0.78% | -1.14% | 4.09 | 1.3d | $+1.33 |
| 2 | unknown | 32 | 19% | -0.03% | -0.59% | -1.27% | 1.44 | 0.0d | $+0.29 |
