Layout: controlled:100:c000_s173_w1_0928_1005_r1
Trial layout: /home/runner/work/TradingBot/TradingBot/logs/options_trial
Docs:         skipped (local docs unavailable on this runner)
Buckets:      100
=== options_morning_bot (PAPER) 2026-07-16T09:34:19.498718-04:00 ===

[Run context]
Paper auth OK — equity $128691.59, account PA36KS87UPRS

[Setup]
Active buckets: 100 | Strategies: S173, S165, S166, S163
Dropped (no new entries; ex-reflected P&L): S174
2026-07-16 09:34:23,047 INFO   EXIT [b21|c021_s173_w2_1005_1045_r2|S173] stop_loss (-98.5%) SELL 1 C260717C00148000 @<= 0.01
2026-07-16 09:34:23,250 INFO   EXIT [b9|c009_s165_w2_1005_1045_r1|S165] stop_loss (-50.0%) SELL 1 BSX260717C00045500 @<= 0.02
2026-07-16 09:34:23,768 INFO   EXIT [b62|c062_s173_w3_1045_1120_r4|S173] stop_loss (-61.4%) SELL 1 ADBE260717C00240000 @<= 0.18

[Scan + entries]
Scanning 903 symbols for [S173, S165, S166, S163] …
Fetched daily bars for 903/903 symbols
Found 94 signal(s); top: ['S173:AMD', 'S173:ALB', 'S173:APH', 'S173:ADI', 'S173:AMAT', 'S173:ANET', 'S173:BLDR', 'S173:CAT']
Paper lab: $128411 broker equity -> 100 bucket(s) ($500 virtual each, unlimited paper)
  Skipped: 140 no tradeable call, 249 pending order
Placed 9 new entry order(s).

[Portfolio snapshot]
+========================================================================+
|  OPTIONS BOT SUMMARY                                                   |
+------------------------------------------------------------------------+
|  Mode                          entry+manage                            |
|  Equity                        $128,691.59                             |
|  Signals this run              94                                      |
|  Orders submitted (session)    9                                       |
|  Orders filled today (ledger)  0                                       |
|  Entries placed this run       9                                       |
|  Open virtual lots             12                                      |
|  Broker option positions       3                                       |
|  Pending orders                9                                       |
+========================================================================+
+========================================================================+
|  BUCKET LEADERBOARD (reflected ex-S174)                                |
+------------------------------------------------------------------------+
|  Reflected trades=178  buckets=44  win=46%                             |
|  Returns   avg=+29.5%  med=-4.4%  p10=-77.0%  p90=+97.7%               |
|  Realized  $+6,158.77                                                  |
|  Raw incl dropped  trades=275  real=$+5,249.58                         |
|  Today     trades=2  avg=-74.3%  med=-74.3%  real=$-77.00              |
+------------------------------------------------------------------------+
|  BKT PROFILE               N  WIN  AVG%   MED%   BEST%  REAL$          |
+------------------------------------------------------------------------+
|  b62  c062_s173_w3_1045_  5  60% +628.8 +1100.0 +1100.0 $   +116       |
|  b89  c089_s165_w2_1005_  2 100% +425.9 +425.9 +790.0 $   +113         |
|  b28  c028_s165_w1_0928_  4 100% +91.7 +95.1 +102.0 $   +187           |
|  b69  c069_s165_w2_1005_  2  50% +83.2 +83.2 +210.0 $     -3           |
|  b92  c092_s166_w1_0928_  1 100% +70.8 +70.8 +70.8 $    +71            |
|  b93  c093_s166_w2_1005_  1 100% +70.8 +70.8 +70.8 $    +71            |
|  b95  c095_s166_w4_1120_  1 100% +70.8 +70.8 +70.8 $    +71            |
|  b96  c096_s163_w1_0928_  1 100% +70.8 +70.8 +70.8 $    +71            |
|  ... 36 more bucket(s) with exits                                      |
+------------------------------------------------------------------------+
|  Low  b21  c021_s173_w2_1005_  8   0% -59.9 -75.5 -98.6 $   -315       |
+========================================================================+
+========================================================================+
|  PENDING ORDERS (9)                                                    |
+------------------------------------------------------------------------+
|  Top groups                    S165:AVGO(5), S173:UAL(4)               |
+------------------------------------------------------------------------+
|  b0   S173 UAL      limit=0.67                                         |
|  b40  S173 UAL      limit=0.67                                         |
|  b60  S173 UAL      limit=0.67                                         |
|  b80  S173 UAL      limit=0.67                                         |
|  b8   S165 AVGO     limit=0.55                                         |
|  ... 4 more pending order(s)                                           |
+========================================================================+
+========================================================================+
|  PENDING EXITS (1)                                                     |
+------------------------------------------------------------------------+
|  b62  S173 ADBE260717C00240000 x1 stop_loss (-61.4%)                   |
+========================================================================+
+========================================================================+
|  OPEN OPTIONS (3)                                                      |
+------------------------------------------------------------------------+
|  SYMBOL                      QTY    RET%        OPEN P&L               |
|------------------------------------------------------------------------|
|  ADBE260717C00240000           9    -63.6%   $   -252.00               |
|  C260717C00148000              1    -98.5%   $    -63.67               |
|  BSX260717C00045500            2   +100.0%   $    +20.00               |
+========================================================================+
Full detail: logs/options_trial/runs/2026-07-16.log
elapsed=38.6s reconcile=2.65s cancel=0.08s manage=1.35s scan=20.63s entries=10.85s
STATUS: options_morning_bot run complete (PAPER) elapsed=38.6s. run=#4111 https://github.com/28twagg-ops/TradingBot/actions/runs/29502453507
Wrote /home/runner/work/TradingBot/TradingBot/logs/options_trial/reports/2026-07-16_buckets.md
Wrote /home/runner/work/TradingBot/TradingBot/logs/options_trial/reports/2026-07-16_buckets.csv
Summary: 2 buckets closed trades, $-77.00 realized
Wrote /home/runner/work/TradingBot/TradingBot/logs/options_trial/reports/2026-07-16_strategy_selection.md
Wrote /home/runner/work/TradingBot/TradingBot/logs/options_trial/reports/2026-07-16_strategy_selection.csv
Summary: keep=0 watch=2 drop=3
Orphan rate: 8.0% (22/275)
