17:35:52  INFO      Mode: exits
17:35:53  INFO        Daily log -> logs/daily/2026-08-06.md
17:35:53  INFO        Daily log reconciled -> logs/daily/2026-08-06.md (4 ledger rows)
17:35:53  INFO        place_all_stops: checking 2 positions...
17:35:53  INFO        STOP skipped GEV: fractional (0.0924 shares) — software exit will handle it
17:35:53  INFO        STOP skipped JBL: fractional (0.2749 shares) — software exit will handle it
17:35:54  INFO        [positions] 2/2 (2 valid)
17:35:54  INFO        SELL MARKET [urgent] GEV closed
17:35:56  INFO        TX logged: SELL GEV  P&L -0.71%
17:35:57  INFO        Daily log -> logs/daily/2026-08-06.md

+========================================================================+
|  RUBBER BAND BOT  v8                                                   |
+------------------------------------------------------------------------+
|  Mode                                                             EXITS|
|  Time                                                         17:35 UTC|
|  Regime                                                            BULL|
|  Universe                                                          both|
|  Equity                                                         $471.90|
+========================================================================+

+========================================================================+
|                               EXIT CHECK                               |
+========================================================================+
|  Exit logic                   stop-0.5% / 3d max  (midline at EOD only)|
+------------------------------------------------------------------------+
|  GEV  P&L -0.7%  $-0.67                         EXIT: stop_loss (-0.7%)|
|  JBL  P&L +1.8%  $+1.68                                            HOLD|
+========================================================================+

+========================================================================+
|                            EXIT RUN SUMMARY                            |
+========================================================================+
|  Mode                                                             exits|
|  Candidates                                                           2|
|  Deferred/Skipped                                      already logged 0|
|  Data skips                                             no price data 0|
|  Se~  1 attempted  |  1 filled  |  0 partial  |  0 pending  |  0 failed|
|  Holds                                                                1|
|  Logged exits                                                         1|
+========================================================================+

+========================================================================+
|                      STOP-LOSS BREACHES THIS RUN                       |
+========================================================================+
|  GEV                                         -0.71%  (threshold -0.50%)|
|  Count                                                                1|
+========================================================================+
|  Stop-loss look file                  logs/stop_losses_to_look_into.txt|
|  New investigations added                                             0|
+========================================================================+
