13:15:47  INFO      Mode: summary
13:15:48  INFO        Daily log -> logs/daily/2026-08-06.md
13:15:48  INFO        Daily log reconciled -> logs/daily/2026-08-06.md (0 ledger rows)

+========================================================================+
|  RUBBER BAND BOT  v8                                                   |
+------------------------------------------------------------------------+
|  Mode                                                           SUMMARY|
|  Time                                                         13:15 UTC|
|  Regime                                                            BULL|
|  Universe                                                          both|
|  Equity                                                         $471.15|
+========================================================================+

+========================================================================+
|                             ACCOUNT STATUS                             |
+========================================================================+
|  Equity                                                         $471.15|
|  Cash                                                           $282.79|
|  Regime                                                            BULL|
|  Universe                                                          both|
|  Total invested                                                 $188.36|
|  Open P&L                                                        $+1.08|
+========================================================================+

+========================================================================+
|                        HOLDINGS  (2 positions)                         |
+========================================================================+
|  TICKER   STRATEGY        INVESTED   ENTRY    NOW      P&L%    P&L$    |
+------------------------------------------------------------------------+
|  AES      Pullback50      $93.54     $14.70   $14.68   -0.1%   $-0.10  |
|  AVB      Pullback50      $94.82     $187.24  $189.61  +1.3%   $+1.18  |
|                                                                        |
|  Total invested                                                 $188.36|
|  Total open P&L                                                  $+1.08|
+========================================================================+

+========================================================================+
|                        EXIT LOGIC ACTIVE  (v8)                         |
+========================================================================+
|  Profit target                              price > 20-day MA (midline)|
|  Stop loss                                             -0.5% from entry|
|  Time stop                                          max 3 calendar days|
+========================================================================+

+========================================================================+
|                          RECENT TRANSACTIONS                           |
+========================================================================+
|  2026-08-05  SELL  NVST  EarningsDrift  $94.33  P&L $-0.22             |
|  2026-08-05  SELL  ALGN  Pullback50  $94.07  P&L $-0.77                |
|  2026-08-05  SELL  AMAT  Pullback50  $94.48  P&L $-0.32                |
|  2026-08-05  SELL  COHR  Pullback50  $72.51  P&L $-0.37                |
|  2026-08-04  SELL  ECHO  MomReversal  $73.53  P&L $+4.48               |
|  2026-08-04  SELL  AMD  Pullback50  $96.71  P&L $+3.16                 |
+========================================================================+
