options_reconcile: state=/home/runner/work/TradingBot/TradingBot/logs/options_trial/_state/lab_state.json
  open_lots=116 paper_keys=yes dry_run=False
  alpaca positions=22
  FLAG b425|S365|65934967 missing from Alpaca
  FLAG b424|S365|6293c02e missing from Alpaca
  FLAG b798|S399|c9912ae4 missing from Alpaca
  FLAG b199|S218|8539e1f8 missing from Alpaca
  FLAG b198|S218|a29f0405 missing from Alpaca
  State updated with reconciled lots.
options_reconcile: done
Layout: controlled:1164:live_1to1+variations (layout changed controlled:100:c000_s173_w1_0928_1005_r1 -> controlled:1164:live_1to1+variations)
Trial layout: /home/runner/work/TradingBot/TradingBot/logs/options_trial
Docs:         skipped (local docs unavailable on this runner)
Buckets:      1164
PROBE OK: paper account status=AccountStatus.ACTIVE equity=$1,001,185.85
  buying_power=$3,985,531.40 cash=$996,532.85
  open option orders: 13
    UPST260904C00029000 OrderSide.SELL qty=1 status=OrderStatus.NEW limit=None
    MARA260925C00011000 OrderSide.SELL qty=8 status=OrderStatus.NEW limit=None
    MARA260904C00011500 OrderSide.SELL qty=3 status=OrderStatus.NEW limit=None
    IWM260904C00297000 OrderSide.SELL qty=2 status=OrderStatus.NEW limit=None
    NVDA260904C00235000 OrderSide.SELL qty=1 status=OrderStatus.NEW limit=None
  open option positions: 22
    BA260904C00215000 qty=1 mkt=$19.00
    BA260904C00217500 qty=-1 mkt=$-10.00
    GOOGL260904C00347500 qty=3 mkt=$345.00
    IWM260904C00297000 qty=2 mkt=$102.00
    MARA260904C00009500 qty=4 mkt=$428.00
PROBE: check-only pass (use --smoke-entry to place a test order)
=== options_morning_bot (PAPER) 2026-09-03T09:45:54.224665-04:00 ===

[Run context]
Paper auth OK — equity $1001185.85, account PA33P8KT02IL

[Setup]
LIVE 1:1 bucket b90 live_1to1 — S218, S404, S406 | TP+50%/SL-40% | stop-mkt | min $20
Variation study: 1163 lab/promising bucket(s) | cohort: all paper strategies | max 400 new entries/run
Dropped (no new entries; ex-reflected P&L): S203, S207, S212, S360, S405, S407
2026-09-03 09:45:56,338 INFO   EXIT [b835|lab0835_s406_w4_1120_1135_r2|S406] take_profit (+66.7%) SELL 1 MARA260904C00011500 @<= 0.06
  EXIT [b901|lab0901_s411_w2_1005_1045_r2|S411] take_profit (+230.8%) SELL failed RBLX260904C00042000: {"code":40310000,"message":"account not eligible to trade uncovered option contracts"}
  EXIT [b900|lab0900_s411_w2_1005_1045_r1|S411] take_profit (+230.8%) SELL failed RBLX260904C00042000: {"code":40310000,"message":"account not eligible to trade uncovered option contracts"}
2026-09-03 09:45:58,271 INFO   EXIT [b193|lab0193_s218_w1_0928_1005_r2|S218] take_profit (+129.1%) SELL 1 GOOGL260904C00347500 @<= 1.18
2026-09-03 09:45:59,271 INFO   EXIT [b344|lab0344_s359_w1_0928_1005_r1|S359] take_profit (+142.9%) SELL 1 MARA260904C00011000 @<= 0.18
2026-09-03 09:45:59,579 INFO   EXIT [b409|lab0409_s364_w3_1045_1120_r2|S364] take_profit (+71.7%) SELL 1 MARA260911C00010500 @<= 0.60
  EXIT [b182|lab0182_s217_w3_1045_1120_r1|S217] stop_loss (-66.7%) SELL failed BA260904C00215000: {"code":40310000,"message":"account not eligible to trade uncovered option contracts"}
2026-09-03 09:46:00,473 INFO   EXIT [b419|lab0419_s365_w1_0928_1005_r2|S365] take_profit (+57.4%) SELL 1 MARA260918C00010500 @<= 0.86
2026-09-03 09:46:00,975 INFO   EXIT [b915|lab0915_s412_w2_1005_1045_r2|S412] take_profit (+119.3%) SELL 1 MARA260904C00010500 @<= 0.43
  EXIT [b238|lab0238_s401_w3_1045_1120_r1|S401] take_profit (+551.4%) SELL failed NVDA260904C00227500: {"code":40310000,"message":"account not eligible to trade uncovered option contracts"}
Protective stops: placed=0 upgraded=0 already=14 failed=5 (market-first)

[Scan + entries]
Scanning 117 symbols for [S165, S164, S168, S167, S166, S163, S169, S170, S171, S172, S175, S200, S201, S202, S204, S205, S206, S208, S209, S210, S211, S213, S214, S215, S216, S217, S218, S219, S220, S221, S400, S401, S402, S403, S350, S351, S352, S353, S354, S355, S356, S357, S358, S359, S361, S362, S363, S364, S365, S366, S367, S368, S369, S370, S371, S372, S373, S374, S375, S376, S377, S378, S379, S380, S381, S382, S383, S384, S385, S386, S387, S388, S389, S390, S391, S392, S393, S394, S413, S414, S415, S416, S417, S418, S395, S396, S397, S398, S399, S404, S406, S408, S409, S410, S411, S412, S413, S414, S415, S416, S417, S418, S419] …
Fetched daily bars for 113/117 symbols
