19:15:56  INFO      Mode: exits
19:15:56  INFO        Daily log -> logs/daily/2026-08-18.md
19:15:56  INFO        Daily log reconciled -> logs/daily/2026-08-18.md (5 ledger rows)
19:15:56  INFO        place_all_stops: checking 2 positions...
19:15:56  INFO        Daily log -> logs/daily/2026-08-18.md

+========================================================================+
|  RUBBER BAND BOT  v8                                                   |
+------------------------------------------------------------------------+
|  Mode                                                             EXITS|
|  Time                                                         19:15 UTC|
|  Regime                                                            BULL|
|  Universe                                                          both|
|  Equity                                                         $514.90|
+========================================================================+

+========================================================================+
|                             MORNING CHECK                              |
+========================================================================+
|                                                                        |
|  No open stock positions.                                              |
|                                                                        |
+========================================================================+

+========================================================================+
|                            EXIT RUN SUMMARY                            |
+========================================================================+
|  Mode                                                             exits|
|  Candidates                                                           0|
|  Deferred/Skipped                                      already logged 0|
|  Data skips                                             no price data 0|
|  Se~  0 attempted  |  0 filled  |  0 partial  |  0 pending  |  0 failed|
|  Holds                                                                0|
|  Logged exits                                                         0|
+========================================================================+

+========================================================================+
|            OPTIONS SLEEVE  (managed by options_live_micro)             |
+========================================================================+
|  CONTRACT                ENTRY    NOW      P&L%     P&L$      MV       |
+------------------------------------------------------------------------+
|  AVGO260821C00412500     $0.31    $0.19    -38.7%   $-12.00   $19.00   |
|  CELH260821C00030000     $0.70    $0.62    -11.4%   $-8.00    $62.00   |
|                                                                        |
|  Options open P&L                                               $-20.00|
+========================================================================+

+========================================================================+
|                      STOP-LOSS BREACHES THIS RUN                       |
+========================================================================+
|  None                                                                  |
+========================================================================+
|  Stop-loss look file                  logs/stop_losses_to_look_into.txt|
|  New investigations added                                             0|
+========================================================================+
