options_reconcile: state=/home/runner/work/TradingBot/TradingBot/logs/options_trial/_state/lab_state.json
  open_lots=90 paper_keys=yes dry_run=False
  alpaca positions=32
options_reconcile: done
Layout: controlled:1164:live_1to1+variations (layout changed controlled:100:c000_s173_w1_0928_1005_r1 -> controlled:1164:live_1to1+variations)
Trial layout: /home/runner/work/TradingBot/TradingBot/logs/options_trial
Docs:         skipped (local docs unavailable on this runner)
Buckets:      1164
PROBE OK: paper account status=AccountStatus.ACTIVE equity=$999,765.48
  buying_power=$3,977,668.60 cash=$995,706.48
  open option orders: 20
    DKNG260925C00026000 OrderSide.BUY qty=1 status=OrderStatus.NEW limit=0.46
    DKNG260925C00026000 OrderSide.BUY qty=1 status=OrderStatus.NEW limit=0.46
    NVDA260904C00235000 OrderSide.SELL qty=2 status=OrderStatus.NEW limit=None
    TSLA260904C00385000 OrderSide.SELL qty=4 status=OrderStatus.NEW limit=None
    AMD260904C00502500 OrderSide.SELL qty=2 status=OrderStatus.NEW limit=None
  open option positions: 32
    AMD260902C00477500 qty=2 mkt=$82.00
    AMD260902C00480000 qty=4 mkt=$116.00
    AMD260904C00495000 qty=4 mkt=$228.00
    AMD260904C00497500 qty=12 mkt=$540.00
    AMD260904C00500000 qty=2 mkt=$74.00
PROBE: check-only pass (use --smoke-entry to place a test order)
=== options_morning_bot (PAPER) 2026-09-01T11:36:14.292734-04:00 ===

[Run context]
Paper auth OK — equity $999759.48, account PA33P8KT02IL

[Setup]
LIVE 1:1 bucket b90 live_1to1 — S218, S404, S406 | TP+50%/SL-40% | stop-mkt | min $20
Variation study: 1163 lab/promising bucket(s) | cohort: all paper strategies | max 400 new entries/run
Dropped (no new entries; ex-reflected P&L): S203, S207, S212, S360, S405, S407
Cancelled 33 unfilled LAB entry order(s).
Protective stops: placed=7 upgraded=0 already=25 failed=0 (market-first)

[Manage only]
Past entry window; manage/exit only.

[Portfolio snapshot]
+========================================================================+
|[OPTIONS BOT DAILY VITALS (MATRIX EXPERIMENT)]                          |
+========================================================================+
|-- ACCOUNT STATUS (manage-only) --                                      |
|Equity       : $999,759.48                                              |
|Open Risk    : 92 lots (32 broker pos)                                  |
|Today's Run  : 0 signals -> 0 orders submitted                          |
|                                                                        |
|-- SYSTEM HEALTH --                                                     |
|Zombies      : 0 (Ledger is clean)                                      |
|Lab Status   : 92 Active Lots | 33 Pending Orders                       |
|Auto-Matrix  : (Pending EOD report generation)                          |
+========================================================================+
+========================================================================+
|[DATA QUALITY: CLEAN vs ERRORS vs KEEP-ONLY]                            |
+========================================================================+
|  CLEAN              n=821   win= 41.8%  med= -47.5%  $+8,207           |
|  TAINTED            n=1762  win= 33.0%  med= -39.2%  $-9,207           |
|  KEEP-only          n=294   win= 63.3%  med= +37.5%  $+5,699           |
|  KEEP recent        n=106   win= 58.5%  med= +50.0%  $+1,673           |
|  KEEP(10): S173,S174,S210,S218,S350,S397,S398,S401...                  |
|  KILL(16): ORPHAN,S165,S203,S207,S211,S212,S217,S351...                |
+========================================================================+
+========================================================================+
|[+++ OVERPERFORMING STRATEGIES (n>=10)]                                 |
+========================================================================+
|  BKT  PROFILE                   WIN%   MED%   TOTAL TRADES             |
|  ---------------------------------------------------------             |
|  b832 lab0832_s406_w3_1045..  82%  +126.9%    11                       |
|  b238 lab0238_s401_w3_1045..  80%  +109.5%    15                       |
|  b861 lab0861_s408_w3_1045..  73%  +100.0%    11                       |
|  b365 lab0365_s361_w2_1005..  90%  +82.8%    10                        |
+========================================================================+
|[--- UNDERPERFORMING STRATEGIES (n>=10)]                                |
+========================================================================+
|  BKT  PROFILE                   WIN%   MED%   TOTAL TRADES             |
|  ---------------------------------------------------------             |
|  b47  lab0047_s205_w4_1120..   4%  -78.0%    28                        |
|  b84  lab0084_s210_w3_1045..  42%  -67.4%    12                        |
|  b1   lab0001_s200_w1_0928..   0%  -65.8%    10                        |
|  b41  lab0041_s205_w1_0928..  12%  -65.3%    16                        |
+========================================================================+
+========================================================================+
|[PENDING ORDERS (33)]                                                   |
+========================================================================+
|  Top groups: S361:NVDA(2), S406:NVDA(2), S356:MARA(2)                  |
|  ---------------------------------------------------------             |
|  b90  S404 AMD      limit=0.63                                         |
|  b366 S361 NVDA     limit=0.12                                         |
|  b367 S361 NVDA     limit=0.12                                         |
|  b832 S406 NVDA     limit=0.16                                         |
|  b833 S406 NVDA     limit=0.16                                         |
|  ... 28 more pending order(s)                                          |
+========================================================================+
+========================================================================+
|[PENDING EXITS (1)]                                                     |
+========================================================================+
|  b27  S203 MDT260904P00085000 x1 stop_loss (-50.0%)                    |
+========================================================================+
+========================================================================+
|[OPEN OPTIONS (32)]                                                     |
+========================================================================+
|  SYMBOL                      QTY    RET%        OPEN P&L               |
|  ---------------------------------------------------------             |
|  AMD260904C00497500           12    -13.5%   $    -84.00               |
|  TSLA260904C00385000           4    +18.2%   $    +40.00               |
|  WFC260904C00088000            4    -19.6%   $    -38.00               |
|  BA260904C00212500             2    -18.5%   $    -24.00               |
|  NVDA260904C00227500           6    +11.4%   $    +24.00               |
|  AMD260902C00477500            2    -21.2%   $    -22.00               |
|  TSLA260904C00382500           2    +15.9%   $    +22.00               |
|  AMD260902C00480000            4    -14.7%   $    -20.00               |
|  ... 24 more position(s)                                               |
+========================================================================+
Full detail: logs/options_trial/runs/2026-09-01.log
elapsed=24.4s reconcile=0.32s cancel=1.74s manage=19.67s
STATUS: options_morning_bot run complete (PAPER) elapsed=24.4s. run=#8687 https://github.com/28twagg-ops/TradingBot/actions/runs/33526610770
Evaluation complete: 100 strategies evaluated, 0 killed, 0 promote candidates.
Wrote /home/runner/work/TradingBot/TradingBot/logs/options_trial/reports/2026-09-01_buckets.md
Wrote /home/runner/work/TradingBot/TradingBot/logs/options_trial/reports/2026-09-01_buckets.csv
Summary: 0 buckets closed trades, $+0.00 realized
Wrote /home/runner/work/TradingBot/TradingBot/logs/options_trial/reports/2026-09-01_strategy_selection.md
Wrote /home/runner/work/TradingBot/TradingBot/logs/options_trial/reports/2026-09-01_strategy_selection.csv
Summary: keep=0 watch=79 drop=26
Orphan rate: 13.4% (345/2583) ALERT
# Options signal frequency

_Generated 2026-09-01T11:36:44.680873_

Headline counts are **unique (strategy, underlying, date)** from `ENTRY` lines in `logs/options_trial/runs/*.log`.
Raw log-line counts (multi-bucket duplicates) are shown below for debug.

### Unique underlying symbols per day (headline)

| Date       | S163 | S164 | S165 | S166 | S167 | S168 | S169 | S170 | S171 | S172 | S175 | S173 | S174 | Total |
|------------|-----:|-----:|-----:|-----:|-----:|-----:|-----:|-----:|-----:|-----:|-----:|-----:|-----:|------:|
| 2026-07-07 |    0 |    0 |    0 |    0 |    0 |    0 |    0 |    0 |    0 |    0 |    0 |    1 |    0 |     1 |
| 2026-07-08 |    0 |    0 |    3 |    0 |    0 |    0 |    0 |    0 |    0 |    0 |    0 |    2 |    1 |     6 |
| 2026-07-09 |    0 |    0 |    1 |    0 |    0 |    0 |    0 |    0 |    0 |    0 |    0 |    2 |    3 |     6 |
| 2026-07-10 |    0 |    0 |    1 |    0 |    0 |    0 |    0 |    0 |    0 |    0 |    0 |    1 |    1 |     3 |
| 2026-07-13 |    0 |    0 |    2 |    0 |    0 |    0 |    0 |    0 |    0 |    0 |    0 |    3 |    2 |     7 |
| 2026-07-14 |    0 |    0 |    3 |    0 |    0 |    0 |    0 |    0 |    0 |    0 |    0 |    2 |    0 |     5 |
| 2026-07-16 |    0 |    0 |    2 |    0 |    0 |    0 |    0 |    0 |    0 |    0 |    0 |    3 |    0 |     5 |
| 2026-07-17 |    0 |    0 |    2 |    0 |    0 |    0 |    0 |    0 |    0 |    0 |    0 |    2 |    0 |     4 |
| 2026-07-20 |    0 |    0 |    0 |    0 |    0 |    0 |    0 |    0 |    0 |    0 |    0 |    1 |    0 |     1 |
| 2026-07-21 |    1 |    2 |    1 |    1 |    2 |    2 |    0 |    0 |    0 |    0 |    0 |    0 |    0 |     9 |
| 2026-07-22 |    1 |    1 |    1 |    0 |    1 |    0 |    0 |    0 |    0 |    0 |    0 |    0 |    0 |     4 |
| 2026-07-24 |    1 |    1 |    1 |    0 |    1 |    1 |    0 |    0 |    0 |    0 |    0 |    0 |    0 |     5 |
| 2026-07-27 |    1 |    0 |    1 |    1 |    1 |    1 |    0 |    0 |    0 |    0 |    0 |    0 |    0 |     5 |
| 2026-07-28 |    1 |    1 |    1 |    1 |    1 |    1 |    0 |    0 |    0 |    0 |    0 |    0 |    0 |     6 |
| 2026-07-29 |    1 |    2 |    1 |    1 |    1 |    0 |    0 |    0 |    0 |    0 |    0 |    0 |    0 |     6 |
| 2026-09-01 |    2 |    2 |    2 |    1 |    2 |    2 |    0 |    0 |    0 |    0 |    0 |    0 |    0 |    11 |

## Per-strategy summary (unique underlyings)

| Strategy | Unique entries | Active days | Avg unique / active day | Est. active days to n=30 exits* |
|----------|---------------:|------------:|------------------------:|--------------------------------|
| S163 | 8 | 7 | 1.1 | ~33 active signal-days |
| S164 | 9 | 6 | 1.5 | ~25 active signal-days |
| S165 | 22 | 14 | 1.6 | ~24 active signal-days |
| S166 | 5 | 5 | 1.0 | ~38 active signal-days |
| S167 | 9 | 7 | 1.3 | ~30 active signal-days |
| S168 | 7 | 5 | 1.4 | ~27 active signal-days |
| S169 | 0 | 0 | 0.0 | inf (no unique entries yet) |
| S170 | 0 | 0 | 0.0 | inf (no unique entries yet) |
| S171 | 0 | 0 | 0.0 | inf (no unique entries yet) |
| S172 | 0 | 0 | 0.0 | inf (no unique entries yet) |
| S175 | 0 | 0 | 0.0 | inf (no unique entries yet) |
| S173 | 17 | 9 | 1.9 | ~20 active signal-days |
| S174 | 7 | 4 | 1.8 | ~22 active signal-days |

\* Formula: `ceil(30 / (avg_unique_per_active_day * 80%))`. Update when real exit rates are known.

## Signal frequency by window (all time, unique strategy×symbol×date×window)

| Window | S163 | S164 | S165 | S166 | S167 | S168 | S169 | S170 | S171 | S172 | S175 | S173 | S174 | Total |
|--------|-----:|-----:|-----:|-----:|-----:|-----:|-----:|-----:|-----:|-----:|-----:|-----:|-----:|------:|
| w1     |    2 |    1 |    6 |    1 |    2 |    1 |    0 |    0 |    0 |    0 |    0 |    7 |    1 |    21 |
| w2     |    5 |    4 |   10 |    4 |    5 |    4 |    0 |    0 |    0 |    0 |    0 |    6 |    3 |    41 |
| w3     |    6 |    5 |   12 |    4 |    6 |    4 |    0 |    0 |    0 |    0 |    0 |    7 |    4 |    48 |
| w4     |    5 |    3 |    9 |    2 |    4 |    4 |    0 |    0 |    0 |    0 |    0 |    6 |    3 |    36 |

Windows (ET): w1 09:28–10:05 · w2 10:05–10:45 · w3 10:45–11:20 · w4 11:20–11:35. Parsed from controlled-layout profile names in ENTRY log lines.

## Raw vs unique totals

| Strategy | Raw log lines (includes multi-bucket duplicates) | Unique underlying symbols |
|----------|-------------------------------------------------:|--------------------------:|
| S163 | 213 | 8 |
| S164 | 235 | 9 |
| S165 | 1681 | 22 |
| S166 | 107 | 5 |
| S167 | 235 | 9 |
| S168 | 156 | 7 |
| S169 | 0 | 0 |
| S170 | 0 | 0 |
| S171 | 0 | 0 |
| S172 | 0 | 0 |
| S175 | 0 | 0 |
| S173 | 1911 | 17 |
| S174 | 891 | 7 |

### Raw log lines per day (debug / multi-bucket)

| Date       | S163 | S164 | S165 | S166 | S167 | S168 | S169 | S170 | S171 | S172 | S175 | S173 | S174 | Total |
|------------|-----:|-----:|-----:|-----:|-----:|-----:|-----:|-----:|-----:|-----:|-----:|-----:|-----:|------:|
| 2026-07-07 |    0 |    0 |    0 |    0 |    0 |    0 |    0 |    0 |    0 |    0 |    0 |  100 |    0 |   100 |
| 2026-07-08 |    0 |    0 |  100 |    0 |    0 |    0 |    0 |    0 |    0 |    0 |    0 |  100 |  100 |   300 |
| 2026-07-09 |    0 |    0 |   24 |    0 |    0 |    0 |    0 |    0 |    0 |    0 |    0 |  100 |   15 |   139 |
| 2026-07-10 |    0 |    0 |  242 |    0 |    0 |    0 |    0 |    0 |    0 |    0 |    0 |  230 |  202 |   674 |
| 2026-07-13 |    0 |    0 |  190 |    0 |    0 |    0 |    0 |    0 |    0 |    0 |    0 |  212 |  188 |   590 |
| 2026-07-14 |    0 |    0 |  194 |    0 |    0 |    0 |    0 |    0 |    0 |    0 |    0 |  185 |  106 |   485 |
| 2026-07-15 |    0 |    0 |  146 |    0 |    0 |    0 |    0 |    0 |    0 |    0 |    0 |  154 |   58 |   358 |
| 2026-07-16 |    0 |    0 |  179 |    0 |    0 |    0 |    0 |    0 |    0 |    0 |    0 |  205 |   58 |   442 |
| 2026-07-17 |    0 |    0 |  127 |    0 |    0 |    0 |    0 |    0 |    0 |    0 |    0 |  207 |   58 |   392 |
| 2026-07-20 |    0 |    0 |  107 |    0 |    0 |    0 |    0 |    0 |    0 |    0 |    0 |  143 |   58 |   308 |
| 2026-07-21 |   30 |   35 |  113 |   30 |   35 |   35 |    0 |    0 |    0 |    0 |    0 |  118 |   48 |   444 |
| 2026-07-22 |   40 |   47 |   86 |   15 |   45 |   20 |    0 |    0 |    0 |    0 |    0 |   77 |    0 |   330 |
| 2026-07-23 |   30 |   42 |   50 |   15 |   40 |   20 |    0 |    0 |    0 |    0 |    0 |   40 |    0 |   237 |
| 2026-07-24 |   75 |   87 |   85 |   15 |   77 |   55 |    0 |    0 |    0 |    0 |    0 |   40 |    0 |   434 |
| 2026-07-27 |   14 |    0 |   14 |   14 |   14 |   14 |    0 |    0 |    0 |    0 |    0 |    0 |    0 |    70 |
| 2026-07-28 |    6 |    8 |    8 |    8 |    8 |    6 |    0 |    0 |    0 |    0 |    0 |    0 |    0 |    44 |
| 2026-07-29 |   10 |   10 |   10 |    8 |   10 |    0 |    0 |    0 |    0 |    0 |    0 |    0 |    0 |    48 |
| 2026-09-01 |    8 |    6 |    6 |    2 |    6 |    6 |    0 |    0 |    0 |    0 |    0 |    0 |    0 |    34 |

## Notes

- Pre-router-fix (before 2026-07-17 commit `56660c9e`): S163/S166 were starved — expect zeros until a post-fix entry-window gap-down day.
- Controlled layout places one ENTRY per matching bucket×strategy; raw counts inflate, unique underlyings do not.


Wrote /home/runner/work/TradingBot/TradingBot/logs/options_trial/reports/signal_frequency.md
## Ledger health — 2026-09-01
| Check                       | Count | Status |
|-----------------------------|------:|--------|
| Current stuck (state)       |     0 | OK |
| Orphaned lots (post-stable) |   979 | WARN | <<<
| Missing exit records (post) |   979 | WARN | <<<
| State/ledger mismatches     |     0 | OK |
| Total open lots             |    92 | INFO |
| Total closed lots           |  1771 | INFO |
| Pre-cutoff audit debt       |     0 | INFO |
| Transition audit debt       |   744 | INFO |

Wrote /home/runner/work/TradingBot/TradingBot/logs/options_trial/reports/ledger_health.md
Wrote /home/runner/work/TradingBot/TradingBot/logs/options_trial/reports/2026-09-01_data_quality.md
Wrote /home/runner/work/TradingBot/TradingBot/logs/options_trial/reports/2026-09-01_data_quality.csv
Wrote /home/runner/work/TradingBot/TradingBot/logs/options_trial/reports/latest_data_quality.json
Wrote /home/runner/work/TradingBot/TradingBot/logs/options_trial/reports/latest_data_quality_snippet.md
CLEAN n=821 med=-47.5% | TAINTED n=1762 med=-39.2% | KEEP-only n=294 med=+37.5% | KILL=16 KEEP=10
Wrote /home/runner/work/TradingBot/TradingBot/logs/dashboard.html
equity=231.4 router=CONFIRMED leaderboard_rows=105
Wrote /home/runner/work/TradingBot/TradingBot/logs/rubber_band_report.md
| 1 | MA_Squeeze | 2 | 100% | +0.56% | +0.56% | +0.17% | 999.00 | 0.0d | $+0.80 | WATCH |
| 2 | unknown | 32 | 19% | -0.03% | -0.59% | -1.27% | 1.44 | 0.0d | $+0.29 | ACTIVE |
