Layout: controlled:100:c000_s173_w1_0928_1005_r1
Trial layout: /home/runner/work/TradingBot/TradingBot/logs/options_trial
Docs:         skipped (local docs unavailable on this runner)
Buckets:      100
=== options_morning_bot (PAPER) 2026-07-14T10:05:55.153446-04:00 ===

[Run context]
Paper auth OK — equity $131900.70, account PA36KS87UPRS

[Setup]
Active buckets: 100 | Strategies: S173, S165, S166, S163
Dropped (no new entries; ex-reflected P&L): S174
2026-07-14 10:06:04,754 INFO   EXIT [b80|c080_s173_w1_0928_1005_r5|S173] take_profit (+59.1%) SELL 1 C260717C00150000 @<= 0.36

[Scan + entries]
Scanning 903 symbols for [S173, S165, S166, S163] …
Fetched daily bars for 903/903 symbols
Found 108 signal(s); top: ['S173:ACN', 'S173:ADBE', 'S173:ALL', 'S173:APP', 'S173:AJG', 'S173:ADSK', 'S173:ADP', 'S173:AXON']
Paper lab: $132205 broker equity -> 100 bucket(s) ($500 virtual each, unlimited paper)
  Skipped: 56 no tradeable call, 178 open order exists, 368 pending order
Placed 8 new entry order(s).

[Portfolio snapshot]
+========================================================================+
|  OPTIONS BOT SUMMARY                                                   |
+------------------------------------------------------------------------+
|  Mode                          entry+manage                            |
|  Equity                        $131,900.70                             |
|  Signals this run              108                                     |
|  Orders submitted (session)    16                                      |
|  Orders filled today (ledger)  8                                       |
|  Entries placed this run       8                                       |
|  Open virtual lots             13                                      |
|  Broker option positions       5                                       |
|  Pending orders                8                                       |
+========================================================================+
+========================================================================+
|  BUCKET LEADERBOARD (reflected ex-S174)                                |
+------------------------------------------------------------------------+
|  Reflected trades=107  buckets=36  win=55%                             |
|  Returns   avg=+31.8%  med=+8.3%  p10=-77.6%  p90=+80.6%               |
|  Realized  $+6,708.77                                                  |
|  Raw incl dropped  trades=198  real=$+6,013.58                         |
|  Today     trades=1  avg=+61.8%  med=+61.8%  real=$+34.00              |
+------------------------------------------------------------------------+
|  BKT PROFILE               N  WIN  AVG%   MED%   BEST%  REAL$          |
+------------------------------------------------------------------------+
|  b62  c062_s173_w3_1045_  3  67% +713.3 +1100.0 +1100.0 $   +107       |
|  b60  c060_s173_w1_0928_  3  67% +44.3 +78.8 +96.7 $    +41            |
|  b92  c092_s166_w1_0928_  1 100% +70.8 +70.8 +70.8 $    +71            |
|  b93  c093_s166_w2_1005_  1 100% +70.8 +70.8 +70.8 $    +71            |
|  b95  c095_s166_w4_1120_  1 100% +70.8 +70.8 +70.8 $    +71            |
|  b96  c096_s163_w1_0928_  1 100% +70.8 +70.8 +70.8 $    +71            |
|  b98  c098_s163_w3_1045_  1 100% +70.8 +70.8 +70.8 $    +71            |
|  b99  c099_s163_w4_1120_  1 100% +70.8 +70.8 +70.8 $    +71            |
|  ... 28 more bucket(s) with exits                                      |
+------------------------------------------------------------------------+
|  Low  b21  c021_s173_w2_1005_  3   0% -55.5 -77.0 -77.0 $    -96       |
+========================================================================+
+========================================================================+
|  PENDING ORDERS (8)                                                    |
+------------------------------------------------------------------------+
|  Top groups                    S173:C(4), S165:BSX(4)                  |
+------------------------------------------------------------------------+
|  b21  S173 C        limit=0.74                                         |
|  b41  S173 C        limit=0.74                                         |
|  b61  S173 C        limit=0.74                                         |
|  b81  S173 C        limit=0.74                                         |
|  b9   S165 BSX      limit=0.12                                         |
|  ... 3 more pending order(s)                                           |
+========================================================================+
+========================================================================+
|  PENDING EXITS (1)                                                     |
+------------------------------------------------------------------------+
|  b80  S173 C260717C00150000 x1 take_profit (+59.1%)                    |
+========================================================================+
+========================================================================+
|  OPEN OPTIONS (5)                                                      |
+------------------------------------------------------------------------+
|  SYMBOL                      QTY    RET%        OPEN P&L               |
|------------------------------------------------------------------------|
|  C260717C00148000              4    -19.2%   $    -56.00               |
|  MSFT260715C00395000           5    +21.6%   $    +55.00               |
|  INTC260715C00113000           2    -45.2%   $    -51.20               |
|  SMCI260717C00029000           2    -32.0%   $    -40.50               |
|  C260717C00150000              3    +31.8%   $    +21.00               |
+========================================================================+
Full detail: logs/options_trial/runs/2026-07-14.log
elapsed=64.4s reconcile=8.28s cancel=0.12s manage=4.23s scan=22.77s entries=24.1s
STATUS: options_morning_bot run complete (PAPER) elapsed=64.4s. run=#3849 https://github.com/28twagg-ops/TradingBot/actions/runs/29339266308
Wrote /home/runner/work/TradingBot/TradingBot/logs/options_trial/reports/2026-07-14_buckets.md
Wrote /home/runner/work/TradingBot/TradingBot/logs/options_trial/reports/2026-07-14_buckets.csv
Summary: 1 buckets closed trades, $+34.00 realized
Wrote /home/runner/work/TradingBot/TradingBot/logs/options_trial/reports/2026-07-14_strategy_selection.md
Wrote /home/runner/work/TradingBot/TradingBot/logs/options_trial/reports/2026-07-14_strategy_selection.csv
Summary: keep=0 watch=4 drop=1
