14:16:06  INFO      Mode: exits
14:16:07  INFO        Daily log -> logs/daily/2026-09-16.md
14:16:07  INFO        Daily log reconciled -> logs/daily/2026-09-16.md (1 ledger rows)
14:16:07  INFO        place_all_stops: checking 3 positions...
14:16:07  INFO        STOP skipped ABNB: fractional (0.2010 shares) — software exit will handle it
14:16:07  INFO        STOP skipped ALL: fractional (0.1311 shares) — software exit will handle it
14:16:07  INFO        STOP skipped ALLE: fractional (0.2206 shares) — software exit will handle it
14:16:08  INFO        [positions] 3/3 (3 valid)
14:16:08  INFO        Daily log -> logs/daily/2026-09-16.md

+========================================================================+
|  RUBBER BAND BOT  v8                                                   |
+------------------------------------------------------------------------+
|  Mode                                                             EXITS|
|  Time                                                         14:16 UTC|
|  Regime                                                            BULL|
|  Universe                                                          both|
|  Equity                                                         $225.06|
+========================================================================+

+========================================================================+
|                           STOCKS EXIT CHECK                            |
+========================================================================+
|  Exit logic                   stop-0.5% / 3d max  (midline at EOD only)|
+------------------------------------------------------------------------+
|  ALL  P&L -0.4%  $-0.15                                            HOLD|
|  ALLE  P&L +0.4%  $+0.13                                           HOLD|
|  ABNB  P&L +0.6%  $+0.20                                           HOLD|
+========================================================================+

+========================================================================+
|                            EXIT RUN SUMMARY                            |
+========================================================================+
|  Mode                                                             exits|
|  Candidates                                                           3|
|  Deferred/Skipped                                      already logged 0|
|  Data skips                                             no price data 0|
|  Se~  0 attempted  |  0 filled  |  0 partial  |  0 pending  |  0 failed|
|  Holds                                                                3|
|  Logged exits                                                         0|
+========================================================================+

+========================================================================+
|            OPTIONS SLEEVE  (managed by options_live_micro)             |
+========================================================================+
|                                                                        |
|  No open option positions.                                             |
|                                                                        |
+========================================================================+

+========================================================================+
|                      STOP-LOSS BREACHES THIS RUN                       |
+========================================================================+
|  None                                                                  |
+========================================================================+
|  Stop-loss look file                  logs/stop_losses_to_look_into.txt|
|  New investigations added                                             0|
+========================================================================+
