14:21:04  INFO      Mode: exits
14:21:05  INFO        Daily log -> logs/daily/2026-08-31.md
14:21:05  INFO        Daily log reconciled -> logs/daily/2026-08-31.md (4 ledger rows)
14:21:05  INFO        place_all_stops: checking 2 positions...
14:21:05  INFO        STOP skipped PFG: fractional (0.3136 shares) — software exit will handle it
14:21:05  INFO        STOP skipped PH: fractional (0.0354 shares) — software exit will handle it
14:21:06  INFO        [positions] 2/2 (2 valid)
14:21:06  INFO        Daily log -> logs/daily/2026-08-31.md

+========================================================================+
|  RUBBER BAND BOT  v8                                                   |
+------------------------------------------------------------------------+
|  Mode                                                             EXITS|
|  Time                                                         14:21 UTC|
|  Regime                                                            BULL|
|  Universe                                                          both|
|  Equity                                                         $232.41|
+========================================================================+

+========================================================================+
|                           STOCKS EXIT CHECK                            |
+========================================================================+
|  Exit logic                   stop-0.5% / 3d max  (midline at EOD only)|
+------------------------------------------------------------------------+
|  PH  P&L -0.5%  $-0.17                                             HOLD|
|  PFG  P&L -0.3%  $-0.11                                            HOLD|
+========================================================================+

+========================================================================+
|                            EXIT RUN SUMMARY                            |
+========================================================================+
|  Mode                                                             exits|
|  Candidates                                                           2|
|  Deferred/Skipped                                      already logged 0|
|  Data skips                                             no price data 0|
|  Se~  0 attempted  |  0 filled  |  0 partial  |  0 pending  |  0 failed|
|  Holds                                                                2|
|  Logged exits                                                         0|
+========================================================================+

+========================================================================+
|            OPTIONS SLEEVE  (managed by options_live_micro)             |
+========================================================================+
|                                                                        |
|  No open option positions.                                             |
|                                                                        |
+========================================================================+

+========================================================================+
|                      STOP-LOSS BREACHES THIS RUN                       |
+========================================================================+
|  None                                                                  |
+========================================================================+
|  Stop-loss look file                  logs/stop_losses_to_look_into.txt|
|  New investigations added                                             0|
+========================================================================+
