Trial layout: /home/runner/work/TradingBot/TradingBot/logs/options_trial
Docs:         /home/runner/work/TradingBot/TradingBot/docs/options_trial
Buckets:      100
=== options_morning_bot (PAPER) 2026-07-09T11:40:52.087300-04:00 ===

[Run context]
Paper auth OK — equity $164378.03, account PA36KS87UPRS

[Setup]
Active buckets: 100 | Strategies: S173, S174, S165, S166, S163

[Manage only]
Past entry window; manage/exit only.

[Portfolio snapshot]
+========================================================================+
|  OPTIONS BOT SUMMARY                                                   |
+------------------------------------------------------------------------+
|  Mode                          manage-only                             |
|  Equity                        $164,378.03                             |
|  Signals this run              0                                       |
|  Entries placed                0                                       |
|  Open option positions         19                                      |
|  Pending orders                1                                       |
+========================================================================+
+========================================================================+
|  OPEN OPTIONS (19)                                                     |
+------------------------------------------------------------------------+
|  SYMBOL                      QTY    RET%        OPEN P&L               |
|------------------------------------------------------------------------|
|  AVGO260710C00400000          49  +1035.6%   $+28,375.00               |
|  ANET260710C00185000          22  +1183.3%   $ +7,100.00               |
|  GOOGL260710C00365000         75    -64.6%   $ -3,968.99               |
|  CCL260717C00026000           93    +55.9%   $ +3,900.00               |
|  MRNA260710C00085000          54    -93.5%   $ -1,559.00               |
|  GOOGL260710C00367500         24    -60.5%   $   -624.00               |
|  PLTR260710C00136000          24    -78.5%   $   -612.00               |
|  INTC260710C00118000          25    -19.2%   $   -433.00               |
|  ... 11 more position(s)                                               |
+========================================================================+
Full detail: logs/options_trial/runs/2026-07-09.log
elapsed=1.2s reconcile=0.38s cancel=0.14s manage=0.08s
STATUS: options_morning_bot run complete (PAPER) elapsed=1.2s.
Wrote /home/runner/work/TradingBot/TradingBot/logs/options_trial/reports/2026-07-09_buckets.md
Wrote /home/runner/work/TradingBot/TradingBot/logs/options_trial/reports/2026-07-09_buckets.csv
Summary: 0 buckets closed trades, $+0.00 realized
Wrote /home/runner/work/TradingBot/TradingBot/logs/options_trial/reports/2026-07-09_strategy_selection.md
Wrote /home/runner/work/TradingBot/TradingBot/logs/options_trial/reports/2026-07-09_strategy_selection.csv
Summary: keep=0 watch=5 drop=0
