14:35:43  INFO      Mode: exits
14:35:43  INFO        Daily log -> logs/daily/2026-07-16.md
14:35:43  INFO        Daily log reconciled -> logs/daily/2026-07-16.md (4 ledger rows)
14:35:43  INFO        place_all_stops: checking 3 positions...
14:35:43  INFO        STOP skipped AME: fractional (0.3685 shares) — software exit will handle it
14:35:43  INFO        STOP already live CARR @ $67.55
14:35:43  INFO        STOP skipped MO: fractional (0.3388 shares) — software exit will handle it
14:35:43  INFO        [positions] 3/3 (3 valid)
14:35:43  INFO        SELL MARKET [urgent] MO closed
14:35:45  INFO        TX logged: SELL MO  P&L -0.58%
14:35:46  INFO        Daily log -> logs/daily/2026-07-16.md

+========================================================================+
|  RUBBER BAND BOT  v8                                                   |
+------------------------------------------------------------------------+
|  Mode                                                             EXITS|
|  Time                                                         14:35 UTC|
|  Regime                                                            BULL|
|  Universe                                                          both|
|  Equity                                                         $482.79|
+========================================================================+

+========================================================================+
|                               EXIT CHECK                               |
+========================================================================+
|  Exit logic                   stop-0.5% / 3d max  (midline at EOD only)|
+------------------------------------------------------------------------+
|  MO  P&L -0.6%  $-0.14                          EXIT: stop_loss (-0.6%)|
|  AME  P&L +0.8%  $+0.72                                            HOLD|
|  CARR  P&L +1.0%  $+0.85                                           HOLD|
+========================================================================+

+========================================================================+
|                            EXIT RUN SUMMARY                            |
+========================================================================+
|  Mode                                                             exits|
|  Candidates                                                           3|
|  Deferred/Skipped                                      already logged 0|
|  Data skips                                             no price data 0|
|  Se~  1 attempted  |  1 filled  |  0 partial  |  0 pending  |  0 failed|
|  Holds                                                                2|
|  Logged exits                                                         1|
+========================================================================+

+========================================================================+
|                      STOP-LOSS BREACHES THIS RUN                       |
+========================================================================+
|  MO                                          -0.58%  (threshold -0.50%)|
|  Count                                                                1|
+========================================================================+
|  Stop-loss look file                  logs/stop_losses_to_look_into.txt|
|  New investigations added                                             0|
+========================================================================+
