13:31:27  INFO      Mode: morning_prep
13:31:28  INFO        [prep_positions] 2/2 (2 valid)
13:31:28  INFO      Fetching tickers (universe=both)...
13:31:29  INFO        S&P 500: 503
13:31:29  INFO        MidCap 400: 400
13:31:29  INFO        Total: 903 tickers
13:31:30  INFO        [prep_universe] 40/901 (40 valid)
13:31:31  INFO        [prep_universe] 80/901 (80 valid)
13:31:32  INFO        [prep_universe] 120/901 (120 valid)
13:31:34  INFO        [prep_universe] 160/901 (160 valid)
13:31:35  INFO        [prep_universe] 200/901 (199 valid)
13:31:42  INFO        [prep_universe] 240/901 (238 valid)
13:31:55  INFO        [prep_universe] 280/901 (278 valid)
13:32:08  INFO        [prep_universe] 320/901 (318 valid)
13:32:18  INFO        [prep_universe] 360/901 (358 valid)
13:32:31  INFO        [prep_universe] 400/901 (398 valid)
13:32:44  INFO        [prep_universe] 440/901 (438 valid)
13:32:54  INFO        [prep_universe] 480/901 (478 valid)
13:33:07  INFO        [prep_universe] 520/901 (518 valid)
13:33:20  INFO        [prep_universe] 560/901 (558 valid)
13:33:30  INFO        [prep_universe] 600/901 (598 valid)
13:33:43  INFO        [prep_universe] 640/901 (638 valid)
13:33:53  INFO        [prep_universe] 680/901 (678 valid)
13:34:06  INFO        [prep_universe] 720/901 (718 valid)
13:34:19  INFO        [prep_universe] 760/901 (758 valid)
13:34:32  INFO        [prep_universe] 800/901 (798 valid)
13:34:42  INFO        [prep_universe] 840/901 (838 valid)
13:34:55  INFO        [prep_universe] 880/901 (878 valid)
13:35:02  INFO        [prep_universe] 901/901 (899 valid)

+========================================================================+
|  RUBBER BAND BOT  v8                                                   |
+------------------------------------------------------------------------+
|  Mode                                                      MORNING_PREP|
|  Time                                                         13:31 UTC|
|  Regime                                                            BULL|
|  Universe                                                          both|
|  Equity                                                         $223.73|
+========================================================================+

+========================================================================+
|                              MORNING PREP                              |
+========================================================================+
|  Goal                   Precompute exits/signals for next execution run|
|  Plan file                                 logs/plans/morning_plan.json|
|  Regime                                                            BULL|
+========================================================================+

+========================================================================+
|                       OPEN POSITION P&L SNAPSHOT                       |
+========================================================================+
|  Open positions                                                       2|
|  Invested                                                        $67.16|
|  Open P&L                                                        $+0.08|
|  TICKER   STRATEGY        INVESTED   ENTRY    NOW      P&L%    P&L$    |
+------------------------------------------------------------------------+
|  AYI      MomReversal     $33.88     $305.46  $308.55  +1.0%   $+0.34  |
|  NNN      MomReversal     $33.28     $41.40   $41.08   -0.8%   $-0.26  |
+========================================================================+

+========================================================================+
|                            OPEN SELL ORDERS                            |
+========================================================================+
|  Count                                                                0|
|                                                                        |
|  No open sell orders.                                                  |
|                                                                        |
+========================================================================+

+========================================================================+
|                              PREP SUMMARY                              |
+========================================================================+
|  Saved                                                              yes|
|  Exit candidates                                                      1|
|  Signal candidates                                                   23|
|  Universe scanned                                                   901|
+========================================================================+
