13:41:28  INFO      Mode: morning_prep
13:41:30  INFO        [prep_positions] 5/5 (5 valid)
13:41:30  INFO        Universe cache hit: 903 tickers (tickers_2026-08-11.json)
13:41:31  INFO        [prep_universe] 40/898 (40 valid)
13:41:32  INFO        [prep_universe] 80/898 (80 valid)
13:41:34  INFO        [prep_universe] 120/898 (120 valid)
13:41:35  INFO        [prep_universe] 160/898 (160 valid)
13:41:36  INFO        [prep_universe] 200/898 (199 valid)
13:41:43  INFO        [prep_universe] 240/898 (238 valid)
13:41:57  INFO        [prep_universe] 280/898 (278 valid)
13:42:07  INFO        [prep_universe] 320/898 (318 valid)
13:42:21  INFO        [prep_universe] 360/898 (358 valid)
13:42:31  INFO        [prep_universe] 400/898 (397 valid)
13:42:44  INFO        [prep_universe] 440/898 (437 valid)
13:42:55  INFO        [prep_universe] 480/898 (477 valid)
13:43:09  INFO        [prep_universe] 520/898 (517 valid)
13:43:19  INFO        [prep_universe] 560/898 (557 valid)
13:43:33  INFO        [prep_universe] 600/898 (597 valid)
13:43:43  INFO        [prep_universe] 640/898 (637 valid)
13:43:57  INFO        [prep_universe] 680/898 (677 valid)
13:44:10  INFO        [prep_universe] 720/898 (717 valid)
13:44:20  INFO        [prep_universe] 760/898 (757 valid)
13:44:34  INFO        [prep_universe] 800/898 (797 valid)
13:44:44  INFO        [prep_universe] 840/898 (836 valid)
13:44:58  INFO        [prep_universe] 880/898 (876 valid)
13:45:01  INFO        [prep_universe] 898/898 (894 valid)

+========================================================================+
|  RUBBER BAND BOT  v8                                                   |
+------------------------------------------------------------------------+
|  Mode                                                      MORNING_PREP|
|  Time                                                         13:41 UTC|
|  Regime                                                            BULL|
|  Universe                                                          both|
|  Equity                                                         $468.33|
+========================================================================+

+========================================================================+
|                              MORNING PREP                              |
+========================================================================+
|  Goal                   Precompute exits/signals for next execution run|
|  Plan file                                 logs/plans/morning_plan.json|
|  Regime                                                            BULL|
+========================================================================+

+========================================================================+
|                       OPEN POSITION P&L SNAPSHOT                       |
+========================================================================+
|  Open positions                                                       5|
|  Invested                                                       $444.57|
|  Open P&L                                                        $-2.52|
|  TICKER   STRATEGY        INVESTED   ENTRY    NOW      P&L%    P&L$    |
+------------------------------------------------------------------------+
|  AAPL     Pullback50      $93.79     $307.55  $306.38  -0.4%   $-0.36  |
|  ADM      Pullback50      $94.18     $80.48   $80.50   +0.0%   $+0.03  |
|  AES      Pullback50      $94.12     $14.72   $14.72   +0.0%   $+0.03  |
|  CDW      Pullback50      $69.46     $136.69  $134.47  -1.6%   $-1.15  |
|  GOOG     Pullback50      $93.02     $354.24  $350.20  -1.1%   $-1.07  |
+========================================================================+

+========================================================================+
|                            OPEN SELL ORDERS                            |
+========================================================================+
|  Count                                                                0|
|                                                                        |
|  No open sell orders.                                                  |
|                                                                        |
+========================================================================+

+========================================================================+
|                              PREP SUMMARY                              |
+========================================================================+
|  Saved                                                              yes|
|  Exit candidates                                                      2|
|  Signal candidates                                                   48|
|  Universe scanned                                                   898|
+========================================================================+
