17:11:25  INFO      Mode: exits
17:11:26  INFO        Daily log -> logs/daily/2026-10-01.md
17:11:26  INFO        Daily log reconciled -> logs/daily/2026-10-01.md (1 ledger rows)
17:11:26  INFO        place_all_stops: checking 2 positions...
17:11:26  INFO        STOP already live AES @ $14.84
17:11:26  INFO        STOP skipped FCN: fractional (0.2495 shares) — software exit will handle it
17:11:27  INFO        [positions] 2/2 (2 valid)
17:11:27  INFO        Daily log -> logs/daily/2026-10-01.md

+========================================================================+
|  RUBBER BAND BOT  v8                                                   |
+------------------------------------------------------------------------+
|  Mode                                                             EXITS|
|  Time                                                         17:11 UTC|
|  Regime                                                            BULL|
|  Universe                                                          both|
|  Equity                                                         $224.03|
+========================================================================+

+========================================================================+
|                           STOCKS EXIT CHECK                            |
+========================================================================+
|  Exit logic                   stop-0.5% / 3d max  (midline at EOD only)|
+------------------------------------------------------------------------+
|  AES  P&L +0.1%  $+0.03                                            HOLD|
|  FCN  P&L +6.3%  $+2.12                                            HOLD|
+========================================================================+

+========================================================================+
|                            EXIT RUN SUMMARY                            |
+========================================================================+
|  Mode                                                             exits|
|  Candidates                                                           2|
|  Deferred/Skipped                                      already logged 0|
|  Data skips                                             no price data 0|
|  Se~  0 attempted  |  0 filled  |  0 partial  |  0 pending  |  0 failed|
|  Holds                                                                2|
|  Logged exits                                                         0|
+========================================================================+

+========================================================================+
|            OPTIONS SLEEVE  (managed by options_live_micro)             |
+========================================================================+
|                                                                        |
|  No open option positions.                                             |
|                                                                        |
+========================================================================+

+========================================================================+
|                      STOP-LOSS BREACHES THIS RUN                       |
+========================================================================+
|  None                                                                  |
+========================================================================+
|  Stop-loss look file                  logs/stop_losses_to_look_into.txt|
|  New investigations added                                             0|
+========================================================================+
