19:35:43  INFO      Mode: evening_prep
19:35:44  INFO        [prep_positions] 4/4 (4 valid)
19:35:44  INFO        Universe cache hit: 903 tickers (tickers_2026-08-07.json)
19:35:45  INFO        [prep_universe] 40/899 (40 valid)
19:35:46  INFO        [prep_universe] 80/899 (80 valid)
19:35:47  INFO        [prep_universe] 120/899 (120 valid)
19:35:49  INFO        [prep_universe] 160/899 (160 valid)
19:35:51  INFO        [prep_universe] 200/899 (199 valid)
19:35:58  INFO        [prep_universe] 240/899 (238 valid)
19:36:11  INFO        [prep_universe] 280/899 (278 valid)
19:36:21  INFO        [prep_universe] 320/899 (318 valid)
19:36:35  INFO        [prep_universe] 360/899 (358 valid)
19:36:45  INFO        [prep_universe] 400/899 (397 valid)
19:36:58  INFO        [prep_universe] 440/899 (437 valid)
19:37:11  INFO        [prep_universe] 480/899 (477 valid)
19:37:21  INFO        [prep_universe] 520/899 (517 valid)
19:37:35  INFO        [prep_universe] 560/899 (557 valid)
19:37:48  INFO        [prep_universe] 600/899 (597 valid)
19:37:58  INFO        [prep_universe] 640/899 (637 valid)
19:38:11  INFO        [prep_universe] 680/899 (677 valid)
19:38:21  INFO        [prep_universe] 720/899 (717 valid)
19:38:34  INFO        [prep_universe] 760/899 (757 valid)
19:38:47  INFO        [prep_universe] 800/899 (797 valid)
19:38:57  INFO        [prep_universe] 840/899 (836 valid)
19:39:10  INFO        [prep_universe] 880/899 (876 valid)
19:39:17  INFO        [prep_universe] 899/899 (895 valid)

+========================================================================+
|  RUBBER BAND BOT  v8                                                   |
+------------------------------------------------------------------------+
|  Mode                                                      EVENING_PREP|
|  Time                                                         19:35 UTC|
|  Regime                                                            BULL|
|  Universe                                                          both|
|  Equity                                                         $473.91|
+========================================================================+

+========================================================================+
|                              EVENING PREP                              |
+========================================================================+
|  Goal                   Precompute exits/signals for next execution run|
|  Plan file                                 logs/plans/evening_plan.json|
|  Regime                                                            BULL|
+========================================================================+

+========================================================================+
|                       OPEN POSITION P&L SNAPSHOT                       |
+========================================================================+
|  Open positions                                                       4|
|  Invested                                                       $356.16|
|  Open P&L                                                        $+2.85|
|  TICKER   STRATEGY        INVESTED   ENTRY    NOW      P&L%    P&L$    |
+------------------------------------------------------------------------+
|  AAPL     Pullback50      $94.94     $311.48  $313.08  +0.5%   $+0.48  |
|  AES      Pullback50      $94.40     $14.72   $14.72   -0.0%   $-0.03  |
|  BBY      Pullback50      $96.47     $80.12   $81.83   +2.1%   $+2.01  |
|  ESS      Pullback50      $70.34     $286.19  $287.75  +0.5%   $+0.38  |
+========================================================================+

+========================================================================+
|                            OPEN SELL ORDERS                            |
+========================================================================+
|  Count                                                                2|
|  TICKER    TYPE              QTY       LIMIT       STOP                |
+------------------------------------------------------------------------+
|  AES       OrderType.STOP    6         None        14.65               |
|  BBY       OrderType.STOP    1         None        79.72               |
+========================================================================+

+========================================================================+
|                              PREP SUMMARY                              |
+========================================================================+
|  Saved                                                              yes|
|  Exit candidates                                                      0|
|  Signal candidates                                                   48|
|  Universe scanned                                                   899|
+========================================================================+
