19:36:29  INFO      Mode: evening_prep
19:36:29  INFO        [prep_positions] 2/2 (2 valid)
19:36:29  INFO        Universe cache hit: 903 tickers (tickers_2026-08-14.json)
19:36:31  INFO        [prep_universe] 40/901 (40 valid)
19:36:35  INFO        [prep_universe] 80/901 (80 valid)
19:36:36  INFO        [prep_universe] 120/901 (120 valid)
19:36:38  INFO        [prep_universe] 160/901 (160 valid)
19:36:40  INFO        [prep_universe] 200/901 (199 valid)
19:36:45  INFO        [prep_universe] 240/901 (238 valid)
19:36:56  INFO        [prep_universe] 280/901 (278 valid)
19:37:07  INFO        [prep_universe] 320/901 (318 valid)
19:37:20  INFO        [prep_universe] 360/901 (358 valid)
19:37:31  INFO        [prep_universe] 400/901 (397 valid)
19:37:44  INFO        [prep_universe] 440/901 (437 valid)
19:37:54  INFO        [prep_universe] 480/901 (477 valid)
19:38:08  INFO        [prep_universe] 520/901 (517 valid)
19:38:20  INFO        [prep_universe] 560/901 (557 valid)
19:38:33  INFO        [prep_universe] 600/901 (597 valid)
19:38:43  INFO        [prep_universe] 640/901 (637 valid)
19:38:57  INFO        [prep_universe] 680/901 (677 valid)
19:39:07  INFO        [prep_universe] 720/901 (717 valid)
19:39:20  INFO        [prep_universe] 760/901 (757 valid)
19:39:31  INFO        [prep_universe] 800/901 (797 valid)
19:39:44  INFO        [prep_universe] 840/901 (836 valid)
19:39:55  INFO        [prep_universe] 880/901 (876 valid)
19:40:02  INFO        [prep_universe] 901/901 (897 valid)

+========================================================================+
|  RUBBER BAND BOT  v8                                                   |
+------------------------------------------------------------------------+
|  Mode                                                      EVENING_PREP|
|  Time                                                         19:36 UTC|
|  Regime                                                            BULL|
|  Universe                                                          both|
|  Equity                                                         $467.26|
+========================================================================+

+========================================================================+
|                              EVENING PREP                              |
+========================================================================+
|  Goal                   Precompute exits/signals for next execution run|
|  Plan file                                 logs/plans/evening_plan.json|
|  Regime                                                            BULL|
+========================================================================+

+========================================================================+
|                       OPEN POSITION P&L SNAPSHOT                       |
+========================================================================+
|  Open positions                                                       2|
|  Invested                                                       $163.89|
|  Open P&L                                                        $+1.89|
|  TICKER   STRATEGY        INVESTED   ENTRY    NOW      P&L%    P&L$    |
+------------------------------------------------------------------------+
|  ACGL     Pullback50      $69.88     $97.48   $98.79   +1.3%   $+0.93  |
|  AFL      Pullback50      $94.02     $120.39  $121.64  +1.0%   $+0.97  |
+========================================================================+

+========================================================================+
|                            OPEN SELL ORDERS                            |
+========================================================================+
|  Count                                                                0|
|                                                                        |
|  No open sell orders.                                                  |
|                                                                        |
+========================================================================+

+========================================================================+
|                              PREP SUMMARY                              |
+========================================================================+
|  Saved                                                              yes|
|  Exit candidates                                                      0|
|  Signal candidates                                                   36|
|  Universe scanned                                                   901|
+========================================================================+
