05:58:49  INFO      Mode: summary

+========================================================================+
|  RUBBER BAND BOT  v8                                                   |
+------------------------------------------------------------------------+
|  Mode                                                           SUMMARY|
|  Time                                                         05:58 UTC|
|  Regime                                                            BULL|
|  Universe                                                          both|
|  Equity                                                         $486.05|
+========================================================================+

+========================================================================+
|                             ACCOUNT STATUS                             |
+========================================================================+
|  Equity                                                         $486.05|
|  Cash                                                            $73.64|
|  Regime                                                            BULL|
|  Universe                                                          both|
|  Total invested                                                 $412.41|
|  Open P&L                                                        $+3.42|
+========================================================================+

+========================================================================+
|                        HOLDINGS  (5 positions)                         |
+========================================================================+
|  TICKER   STRATEGY        INVESTED   ENTRY    NOW      P&L%    P&L$    |
+------------------------------------------------------------------------+
|  ABNB     Pullback50      $97.40     $139.66  $140.21  +0.4%   $+0.38  |
|  CARR     Pullback50      $97.49     $67.80   $68.88   +1.6%   $+1.53  |
|  CL       Pullback50      $97.36     $90.74   $90.75   +0.0%   $+0.01  |
|  DTE      Pullback50      $97.38     $147.63  $149.46  +1.2%   $+1.19  |
|  LNT      Pullback50      $22.77     $73.97   $74.94   +1.3%   $+0.30  |
|                                                                        |
|  Total invested                                                 $412.41|
|  Total open P&L                                                  $+3.42|
+========================================================================+

+========================================================================+
|                        EXIT LOGIC ACTIVE  (v8)                         |
+========================================================================+
|  Profit target                              price > 20-day MA (midline)|
|  Stop loss                                             -0.5% from entry|
|  Time stop                                          max 3 calendar days|
+========================================================================+

+========================================================================+
|                          RECENT TRANSACTIONS                           |
+========================================================================+
|  2026-07-24  SELL  CHD  Pullback50  $97.41  P&L $+0.12                 |
|  2026-07-24  SELL  CI  Pullback50  $97.40  P&L $+0.93                  |
|  2026-07-24  SELL  AEP  Pullback50  $99.33  P&L $+2.96                 |
|  2026-07-23  SELL  FIX  Pullback50  $96.39  P&L $+0.32                 |
|  2026-07-23  SELL  C  Pullback50  $69.34  P&L $-0.52                   |
|  2026-07-23  SELL  CHD  Pullback50  $95.22  P&L $-1.19                 |
+========================================================================+
