19:26:01  INFO      Mode: exits
19:26:02  INFO        Daily log -> logs/daily/2026-08-26.md
19:26:02  INFO        Daily log reconciled -> logs/daily/2026-08-26.md (3 ledger rows)
19:26:02  INFO        place_all_stops: checking 1 positions...
19:26:02  INFO        STOP already live AES @ $14.65
19:26:02  INFO        [positions] 1/1 (1 valid)
19:26:02  INFO        Daily log -> logs/daily/2026-08-26.md

+========================================================================+
|  RUBBER BAND BOT  v8                                                   |
+------------------------------------------------------------------------+
|  Mode                                                             EXITS|
|  Time                                                         19:26 UTC|
|  Regime                                                            BULL|
|  Universe                                                          both|
|  Equity                                                         $306.05|
+========================================================================+

+========================================================================+
|                           STOCKS EXIT CHECK                            |
+========================================================================+
|  Exit logic                   stop-0.5% / 3d max  (midline at EOD only)|
+------------------------------------------------------------------------+
|  AES  P&L -0.0%  $-0.00                                            HOLD|
+========================================================================+

+========================================================================+
|                            EXIT RUN SUMMARY                            |
+========================================================================+
|  Mode                                                             exits|
|  Candidates                                                           1|
|  Deferred/Skipped                                      already logged 0|
|  Data skips                                             no price data 0|
|  Se~  0 attempted  |  0 filled  |  0 partial  |  0 pending  |  0 failed|
|  Holds                                                                1|
|  Logged exits                                                         0|
+========================================================================+

+========================================================================+
|            OPTIONS SLEEVE  (managed by options_live_micro)             |
+========================================================================+
|                                                                        |
|  No open option positions.                                             |
|                                                                        |
+========================================================================+

+========================================================================+
|                      STOP-LOSS BREACHES THIS RUN                       |
+========================================================================+
|  None                                                                  |
+========================================================================+
|  Stop-loss look file                  logs/stop_losses_to_look_into.txt|
|  New investigations added                                             0|
+========================================================================+
