Layout: controlled:100:c000_s173_w1_0928_1005_r1
Trial layout: /home/runner/work/TradingBot/TradingBot/logs/options_trial
Docs:         skipped (local docs unavailable on this runner)
Buckets:      100
=== options_morning_bot (PAPER) 2026-07-20T11:13:35.875302-04:00 ===

[Run context]
Paper auth OK — equity $129402.23, account PA36KS87UPRS

[Setup]
Active buckets: 100 | Strategies: S173, S165, S166, S163
Dropped (no new entries; ex-reflected P&L): S174

[Scan + entries]
Scanning 903 symbols for [S173, S165, S166, S163] …
Fetched daily bars for 903/903 symbols
Found 22 signal(s); top: ['S173:ADM', 'S173:AXON', 'S173:FANG', 'S173:GDDY', 'S173:INTU', 'S173:CRM', 'S173:NOW', 'S173:WDAY']
Paper lab: $129393 broker equity -> 100 bucket(s) ($500 virtual each, unlimited paper)
  Skipped: 50 no tradeable call
Placed 0 new entry order(s).

[Portfolio snapshot]
+========================================================================+
|  OPTIONS BOT SUMMARY                                                   |
+------------------------------------------------------------------------+
|  Mode                          entry+manage                            |
|  Equity                        $129,402.23                             |
|  Signals this run              22                                      |
|  Orders submitted (session)    15                                      |
|  Orders filled today (ledger)  15                                      |
|  Entries placed this run       0                                       |
|  Open virtual lots             15                                      |
|  Broker option positions       1                                       |
|  Pending orders                0                                       |
+========================================================================+
+========================================================================+
|  BUCKET LEADERBOARD (reflected ex-S174)                                |
+------------------------------------------------------------------------+
|  Reflected trades=497  buckets=49  win=34%                             |
|  Returns   avg=+7.4%  med=-33.8%  p10=-77.0%  p90=+93.5%               |
|  Realized  $+3,607.77                                                  |
|  Raw incl dropped  trades=611  real=$+2,109.58                         |
+------------------------------------------------------------------------+
|  BKT PROFILE               N  WIN  AVG%   MED%   BEST%  REAL$          |
+------------------------------------------------------------------------+
|  b51  c051_s165_w4_1120_  1 100% +263.6 +263.6 +263.6 $   +174         |
|  b91  c091_s165_w4_1120_  3  67% +142.7 +197.0 +247.0 $   +282         |
|  b31  c031_s165_w4_1120_  2 100% +145.5 +145.5 +175.8 $   +192         |
|  b28  c028_s165_w1_0928_ 17  76% +49.5 +80.0 +102.0 $   +448           |
|  b92  c092_s166_w1_0928_  1 100% +70.8 +70.8 +70.8 $    +71            |
|  b93  c093_s166_w2_1005_  1 100% +70.8 +70.8 +70.8 $    +71            |
|  b95  c095_s166_w4_1120_  1 100% +70.8 +70.8 +70.8 $    +71            |
|  b96  c096_s163_w1_0928_  1 100% +70.8 +70.8 +70.8 $    +71            |
|  ... 41 more bucket(s) with exits                                      |
+------------------------------------------------------------------------+
|  Low  b21  c021_s173_w2_1005_ 22   0% -64.0 -72.1 -98.5 $   -942       |
+========================================================================+
+========================================================================+
|  OPEN OPTIONS (1)                                                      |
+------------------------------------------------------------------------+
|  SYMBOL                      QTY    RET%        OPEN P&L               |
|------------------------------------------------------------------------|
|  CRM260724C00185000           15    +12.1%   $   +115.00               |
+========================================================================+
Full detail: logs/options_trial/runs/2026-07-20.log
elapsed=26.5s reconcile=4.2s cancel=0.15s manage=0.77s scan=12.71s entries=8.17s
STATUS: options_morning_bot run complete (PAPER) elapsed=26.5s. run=#4421 https://github.com/28twagg-ops/TradingBot/actions/runs/29753933863
Wrote /home/runner/work/TradingBot/TradingBot/logs/options_trial/reports/2026-07-20_buckets.md
Wrote /home/runner/work/TradingBot/TradingBot/logs/options_trial/reports/2026-07-20_buckets.csv
Summary: 0 buckets closed trades, $+0.00 realized
Wrote /home/runner/work/TradingBot/TradingBot/logs/options_trial/reports/2026-07-20_strategy_selection.md
Wrote /home/runner/work/TradingBot/TradingBot/logs/options_trial/reports/2026-07-20_strategy_selection.csv
Summary: keep=0 watch=2 drop=3
Orphan rate: 3.6% (22/611)
  File "/home/runner/work/TradingBot/TradingBot/scripts/options_signal_frequency.py", line 80
    return f"{day}|{sid}|{re.sub(r'\s+', ' ', line.strip())[:160]}"
                                                                   ^
SyntaxError: f-string expression part cannot include a backslash
signal_frequency report failed (non-fatal)
## Ledger health — 2026-07-20
| Check                       | Count | Status |
|-----------------------------|------:|--------|
| Current stuck (state)       |     0 | OK |
| Orphaned lots (post-stable) |    27 | WARN | <<<
| Missing exit records (post) |    27 | WARN | <<<
| State/ledger mismatches     |     5 | WARN | <<<
| Total open lots             |    15 | INFO |
| Total closed lots           |   269 | INFO |
| Pre-cutoff audit debt       |     0 | INFO |
| Transition audit debt       |   589 | INFO |

Wrote /home/runner/work/TradingBot/TradingBot/logs/options_trial/reports/ledger_health.md
