=== options_live_micro LIVE 2026-08-21T12:51:04.883856-04:00 share=25% ===
2026-08-21 12:51:04,883 INFO === options_live_micro LIVE 2026-08-21T12:51:04.883856-04:00 share=25% ===
Live account equity $317.12 cash $201.38 #225458845 options_level=3
2026-08-21 12:51:05,066 INFO Live account equity $317.12 cash $201.38 #225458845 options_level=3
Live micro cancel-scan WMT260821C00110000: symbol-scoped n=1
2026-08-21 12:51:05,160 INFO Live micro cancel-scan WMT260821C00110000: symbol-scoped n=1
Live micro cancel stale sell WMT260821C00110000 id=54560199-e3c6-4592-9308-3e05cb2868de cid=OLX|30ee1a07359f broker_sym='WMT260821C00110000'
2026-08-21 12:51:05,208 INFO Live micro cancel stale sell WMT260821C00110000 id=54560199-e3c6-4592-9308-3e05cb2868de cid=OLX|30ee1a07359f broker_sym='WMT260821C00110000'
Live micro orphan_adopt WMT260821C00110000 x1 entry=0.09
2026-08-21 12:51:05,209 INFO Live micro orphan_adopt WMT260821C00110000 x1 entry=0.09
Live micro hold ORPHAN COST260828C01000000 -28.6% (tp +50% / sl -40%)
2026-08-21 12:51:05,262 INFO Live micro hold ORPHAN COST260828C01000000 -28.6% (tp +50% / sl -40%)
Live micro cancel-scan WMT260821C00110000: symbol-scoped n=1
2026-08-21 12:51:05,356 INFO Live micro cancel-scan WMT260821C00110000: symbol-scoped n=1
Live micro cancel stale sell WMT260821C00110000 id=54560199-e3c6-4592-9308-3e05cb2868de cid=OLX|30ee1a07359f broker_sym='WMT260821C00110000'
2026-08-21 12:51:05,402 INFO Live micro cancel stale sell WMT260821C00110000 id=54560199-e3c6-4592-9308-3e05cb2868de cid=OLX|30ee1a07359f broker_sym='WMT260821C00110000'
LIVE EXIT stop_loss (-100.0%) WMT260821C00110000 x1 limit=0.01 id=4582846c-9325-4dfb-bf97-1cf6fca60fc6
2026-08-21 12:51:05,882 INFO LIVE EXIT stop_loss (-100.0%) WMT260821C00110000 x1 limit=0.01 id=4582846c-9325-4dfb-bf97-1cf6fca60fc6
Live micro cancel-scan COST260828C01000000: symbol-scoped n=1
2026-08-21 12:51:05,931 INFO Live micro cancel-scan COST260828C01000000: symbol-scoped n=1
Live micro cancel-scan COST260828C01000000: no non-OLS sell to cancel
2026-08-21 12:51:05,932 INFO Live micro cancel-scan COST260828C01000000: no non-OLS sell to cancel
LIVE PROT check COST260828C01000000: have_ols=True open_matched=1 ols_id=ab9b8a23-2f03-4a3a-b25a-799118f49712 ols_type=stop
2026-08-21 12:51:06,029 INFO LIVE PROT check COST260828C01000000: have_ols=True open_matched=1 ols_id=ab9b8a23-2f03-4a3a-b25a-799118f49712 ols_type=stop
Live micro: manage/exits only
2026-08-21 12:51:06,029 INFO Live micro: manage/exits only
Live micro done. open_options=2 lots=1
2026-08-21 12:51:06,077 INFO Live micro done. open_options=2 lots=1
