options_reconcile: state=/home/runner/work/TradingBot/TradingBot/logs/options_trial/_state/lab_state.json
  open_lots=14 pending_exits=0 paper_keys=yes dry_run=False
  alpaca open sell orders=0 positions=8
  zombies_flagged=10
  FLAG b221|S216|64e1cc1e zombie age_min=891 notional=$48.00 occ=HAL260731C00031500 action=submitted:a0735fc0-bd1f-4be7-969f-8cdecad1d5f9
  FLAG b220|S216|7dbc6558 zombie age_min=891 notional=$48.00 occ=HAL260731C00031500 action=submitted:f52fda05-ead8-4056-82a7-15f227109928
  FLAG b181|S211|b6d49f19 zombie age_min=891 notional=$63.00 occ=HPQ260731C00028500 action=error:{"bid":"0.51","buy_limit_price":"0.6","code":40310000,"existing_order_id":"3849b58b-1ed1-4767-84e9-9f94103740c2","message":"potential wash trade detected. use complex orders","reject_reason":"buy order exists, quote bid should be greater than existing buy limit price"}
  FLAG b180|S211|377c778f zombie age_min=891 notional=$63.00 occ=HPQ260731C00028500 action=error:{"bid":"0.51","buy_limit_price":"0.6","code":40310000,"existing_order_id":"3849b58b-1ed1-4767-84e9-9f94103740c2","message":"potential wash trade detected. use complex orders","reject_reason":"buy order exists, quote bid should be greater than existing buy limit price"}
  FLAG b173|S210|c41e7340 zombie age_min=891 notional=$66.00 occ=KO260731C00091000 action=submitted:24de4f3c-e0b4-4a20-92a9-6fc59546c716
  FLAG b172|S210|38e31f10 zombie age_min=891 notional=$66.00 occ=KO260731C00091000 action=submitted:80dad98e-f68a-469f-9a01-fa8c70c360da
  FLAG b165|S209|4bf7bdd0 zombie age_min=891 notional=$55.00 occ=V260731C00382500 action=submitted:9e0271e4-d0ff-4e08-883b-4f6537f3f7d4
  FLAG b164|S209|4534c5f6 zombie age_min=891 notional=$55.00 occ=V260731C00382500 action=submitted:8d4e89a0-bfe6-4f65-b407-dee029852e2d
  FLAG b5|S163|36993a9a zombie age_min=891 notional=$46.00 occ=CCL260731C00028000 action=error:{"bid":"0.42","buy_limit_price":"0.45","code":40310000,"existing_order_id":"4b667dd3-9644-4c43-8b77-07a995c3a2b1","message":"potential wash trade detected. use complex orders","reject_reason":"buy order exists, quote bid should be greater than existing buy limit price"}
  FLAG b4|S163|5f6f0544 zombie age_min=891 notional=$46.00 occ=CCL260731C00028000 action=error:{"bid":"0.42","buy_limit_price":"0.45","code":40310000,"existing_order_id":"4b667dd3-9644-4c43-8b77-07a995c3a2b1","message":"potential wash trade detected. use complex orders","reject_reason":"buy order exists, quote bid should be greater than existing buy limit price"}
options_reconcile: done
Layout: controlled:248:c000_s163_w1_0928_1005_r1 (layout changed controlled:100:c000_s173_w1_0928_1005_r1 -> controlled:248:c000_s163_w1_0928_1005_r1)
Trial layout: /home/runner/work/TradingBot/TradingBot/logs/options_trial
Docs:         skipped (local docs unavailable on this runner)
Buckets:      248
=== options_morning_bot (PAPER) 2026-07-29T10:50:52.696322-04:00 ===

[Run context]
Paper auth OK — equity $126647.72, account PA36KS87UPRS

[Setup]
Active buckets: 248 | Strategies: S165, S164, S168, S167, S166, S163, S169, S170, S171, S172, S175, S200, S201, S202, S203, S204, S205, S206, S207, S208, S209, S210, S211, S212, S213, S214, S215, S216, S217, S218, S219
Dropped (no new entries; ex-reflected P&L): S173, S174

[Scan + entries]
Scanning 903 symbols for [S165, S164, S168, S167, S166, S163, S169, S170, S171, S172, S175, S200, S201, S202, S203, S204, S205, S206, S207, S208, S209, S210, S211, S212, S213, S214, S215, S216, S217, S218, S219] …
Fetched daily bars for 903/903 symbols
Found 508 signal(s); top: ['S165:AMCR', 'S165:AON', 'S165:AMAT', 'S165:ACGL', 'S165:BSX', 'S165:BLDR', 'S165:BG', 'S165:CCL']
Paper lab: $126636 broker equity -> 248 bucket(s) ($500 virtual each, unlimited paper)
  Skipped: 136 no tradeable call, 70 already attempted today, 612 pending order
Placed 0 new entry order(s).

[Portfolio snapshot]
+========================================================================+
|  OPTIONS BOT SUMMARY                                                   |
+------------------------------------------------------------------------+
|  Mode                          entry+manage                            |
|  Equity                        $126,647.72                             |
|  Signals this run              508                                     |
|  Orders submitted (session)    57                                      |
|  Orders filled today (ledger)  44                                      |
|  Entries placed this run       0                                       |
|  Open virtual lots             12                                      |
|  Broker option positions       4                                       |
|  Pending orders                17                                      |
+========================================================================+
+========================================================================+
|  BUCKET LEADERBOARD (reflected ex-S173,S174)                           |
+------------------------------------------------------------------------+
|  Reflected trades=273  buckets=27  win=30%                             |
|  Returns   avg=-5.1%  med=-40.0%  p10=-66.2%  p90=+81.8%               |
|  Realized  $+4,423.13                                                  |
|  Raw incl dropped  trades=807  real=$+2,827.58                         |
+------------------------------------------------------------------------+
|  BKT PROFILE               N  WIN  AVG%   MED%   BEST%  REAL$          |
+------------------------------------------------------------------------+
|  b51  c051_s169_w2_1005_  1 100% +263.6 +263.6 +263.6 $   +174         |
|  b91  c091_s200_w2_1005_  2 100% +222.0 +222.0 +247.0 $   +293         |
|  b31  c031_s166_w4_1120_  2 100% +145.5 +145.5 +175.8 $   +192         |
|  b28  c028_s166_w3_1045_ 22  77% +50.0 +80.0 +102.0 $   +590           |
|  b58  c058_s170_w2_1005_  1 100% +59.1 +59.1 +59.1 $    +25            |
|  b56  c056_s170_w1_0928_  1 100% +47.7 +47.7 +47.7 $    +21            |
|  b57  c057_s170_w1_0928_  1 100% +47.7 +47.7 +47.7 $    +21            |
|  b89  c089_s200_w1_0928_  9  56% +84.4 +30.9 +790.0 $    +45           |
|  ... 19 more bucket(s) with exits                                      |
+------------------------------------------------------------------------+
|  Low  b20  c020_s165_w3_1045_  1   0% -88.9 -88.9 -88.9 $     -8       |
+========================================================================+
+========================================================================+
|  PENDING ORDERS (17)                                                   |
+------------------------------------------------------------------------+
|  Top groups                    S202:BSX(2), S165:CCL(2), S164:CCL(2)   |
+------------------------------------------------------------------------+
|  b106 S202 BSX      limit=0.07                                         |
|  b107 S202 BSX      limit=0.07                                         |
|  b11  S164 NCLH     limit=0.42                                         |
|  b20  S165 CCL      limit=0.45                                         |
|  b21  S165 CCL      limit=0.45                                         |
|  ... 12 more pending order(s)                                          |
+========================================================================+
+========================================================================+
|  OPEN OPTIONS (4)                                                      |
+------------------------------------------------------------------------+
|  SYMBOL                      QTY    RET%        OPEN P&L               |
|------------------------------------------------------------------------|
|  HPQ260731C00028500            4     -8.2%   $    -20.00               |
|  KO260731C00091000             2     -8.9%   $    -11.00               |
|  CCL260731C00028000            2     -6.5%   $     -6.00               |
|  PG260731C00155000             4    -33.3%   $     -4.00               |
+========================================================================+
Full detail: logs/options_trial/runs/2026-07-29.log
elapsed=207.0s reconcile=0.12s cancel=0.03s manage=0.48s scan=192.11s entries=13.48s
STATUS: options_morning_bot run complete (PAPER) elapsed=207.0s. run=#5414 https://github.com/28twagg-ops/TradingBot/actions/runs/30462832651
Evaluation complete: 30 strategies evaluated, 0 killed, 0 promote candidates.
Wrote /home/runner/work/TradingBot/TradingBot/logs/options_trial/reports/2026-07-29_buckets.md
Wrote /home/runner/work/TradingBot/TradingBot/logs/options_trial/reports/2026-07-29_buckets.csv
Summary: 0 buckets closed trades, $+0.00 realized
Wrote /home/runner/work/TradingBot/TradingBot/logs/options_trial/reports/2026-07-29_strategy_selection.md
Wrote /home/runner/work/TradingBot/TradingBot/logs/options_trial/reports/2026-07-29_strategy_selection.csv
Summary: keep=0 watch=30 drop=3
Orphan rate: 2.7% (22/807)
# Options signal frequency

_Generated 2026-07-29T10:54:24.574891_

Headline counts are **unique (strategy, underlying, date)** from `ENTRY` lines in `logs/options_trial/runs/*.log`.
Raw log-line counts (multi-bucket duplicates) are shown below for debug.

### Unique underlying symbols per day (headline)

| Date       | S163 | S164 | S165 | S166 | S167 | S168 | S169 | S170 | S171 | S172 | S175 | S173 | S174 | Total |
|------------|-----:|-----:|-----:|-----:|-----:|-----:|-----:|-----:|-----:|-----:|-----:|-----:|-----:|------:|
| 2026-07-07 |    0 |    0 |    0 |    0 |    0 |    0 |    0 |    0 |    0 |    0 |    0 |    1 |    0 |     1 |
| 2026-07-08 |    0 |    0 |    3 |    0 |    0 |    0 |    0 |    0 |    0 |    0 |    0 |    2 |    1 |     6 |
| 2026-07-09 |    0 |    0 |    1 |    0 |    0 |    0 |    0 |    0 |    0 |    0 |    0 |    2 |    3 |     6 |
| 2026-07-10 |    0 |    0 |    1 |    0 |    0 |    0 |    0 |    0 |    0 |    0 |    0 |    1 |    1 |     3 |
| 2026-07-13 |    0 |    0 |    2 |    0 |    0 |    0 |    0 |    0 |    0 |    0 |    0 |    3 |    2 |     7 |
| 2026-07-14 |    0 |    0 |    3 |    0 |    0 |    0 |    0 |    0 |    0 |    0 |    0 |    2 |    0 |     5 |
| 2026-07-16 |    0 |    0 |    2 |    0 |    0 |    0 |    0 |    0 |    0 |    0 |    0 |    3 |    0 |     5 |
| 2026-07-17 |    0 |    0 |    2 |    0 |    0 |    0 |    0 |    0 |    0 |    0 |    0 |    2 |    0 |     4 |
| 2026-07-20 |    0 |    0 |    0 |    0 |    0 |    0 |    0 |    0 |    0 |    0 |    0 |    1 |    0 |     1 |
| 2026-07-21 |    1 |    2 |    1 |    1 |    2 |    2 |    0 |    0 |    0 |    0 |    0 |    0 |    0 |     9 |
| 2026-07-22 |    1 |    1 |    1 |    0 |    1 |    0 |    0 |    0 |    0 |    0 |    0 |    0 |    0 |     4 |
| 2026-07-24 |    1 |    1 |    1 |    0 |    1 |    1 |    0 |    0 |    0 |    0 |    0 |    0 |    0 |     5 |
| 2026-07-27 |    1 |    0 |    1 |    1 |    1 |    1 |    0 |    0 |    0 |    0 |    0 |    0 |    0 |     5 |
| 2026-07-28 |    1 |    1 |    1 |    1 |    1 |    1 |    0 |    0 |    0 |    0 |    0 |    0 |    0 |     6 |
| 2026-07-29 |    1 |    2 |    1 |    1 |    1 |    0 |    0 |    0 |    0 |    0 |    0 |    0 |    0 |     6 |

## Per-strategy summary (unique underlyings)

| Strategy | Unique entries | Active days | Avg unique / active day | Est. active days to n=30 exits* |
|----------|---------------:|------------:|------------------------:|--------------------------------|
| S163 | 6 | 6 | 1.0 | ~38 active signal-days |
| S164 | 7 | 5 | 1.4 | ~27 active signal-days |
| S165 | 20 | 13 | 1.5 | ~25 active signal-days |
| S166 | 4 | 4 | 1.0 | ~38 active signal-days |
| S167 | 7 | 6 | 1.2 | ~33 active signal-days |
| S168 | 5 | 4 | 1.2 | ~30 active signal-days |
| S169 | 0 | 0 | 0.0 | inf (no unique entries yet) |
| S170 | 0 | 0 | 0.0 | inf (no unique entries yet) |
| S171 | 0 | 0 | 0.0 | inf (no unique entries yet) |
| S172 | 0 | 0 | 0.0 | inf (no unique entries yet) |
| S175 | 0 | 0 | 0.0 | inf (no unique entries yet) |
| S173 | 17 | 9 | 1.9 | ~20 active signal-days |
| S174 | 7 | 4 | 1.8 | ~22 active signal-days |

\* Formula: `ceil(30 / (avg_unique_per_active_day * 80%))`. Update when real exit rates are known.

## Signal frequency by window (all time, unique strategy×symbol×date×window)

| Window | S163 | S164 | S165 | S166 | S167 | S168 | S169 | S170 | S171 | S172 | S175 | S173 | S174 | Total |
|--------|-----:|-----:|-----:|-----:|-----:|-----:|-----:|-----:|-----:|-----:|-----:|-----:|-----:|------:|
| w1     |    2 |    1 |    6 |    1 |    2 |    1 |    0 |    0 |    0 |    0 |    0 |    7 |    1 |    21 |
| w2     |    5 |    4 |   10 |    4 |    5 |    4 |    0 |    0 |    0 |    0 |    0 |    6 |    3 |    41 |
| w3     |    5 |    4 |   11 |    3 |    5 |    3 |    0 |    0 |    0 |    0 |    0 |    7 |    4 |    42 |
| w4     |    4 |    2 |    8 |    2 |    3 |    3 |    0 |    0 |    0 |    0 |    0 |    6 |    3 |    31 |

Windows (ET): w1 09:28–10:05 · w2 10:05–10:45 · w3 10:45–11:20 · w4 11:20–11:35. Parsed from controlled-layout profile names in ENTRY log lines.

## Raw vs unique totals

| Strategy | Raw log lines (includes multi-bucket duplicates) | Unique underlying symbols |
|----------|-------------------------------------------------:|--------------------------:|
| S163 | 203 | 6 |
| S164 | 224 | 7 |
| S165 | 1671 | 20 |
| S166 | 103 | 4 |
| S167 | 225 | 7 |
| S168 | 150 | 5 |
| S169 | 0 | 0 |
| S170 | 0 | 0 |
| S171 | 0 | 0 |
| S172 | 0 | 0 |
| S175 | 0 | 0 |
| S173 | 1911 | 17 |
| S174 | 891 | 7 |

### Raw log lines per day (debug / multi-bucket)

| Date       | S163 | S164 | S165 | S166 | S167 | S168 | S169 | S170 | S171 | S172 | S175 | S173 | S174 | Total |
|------------|-----:|-----:|-----:|-----:|-----:|-----:|-----:|-----:|-----:|-----:|-----:|-----:|-----:|------:|
| 2026-07-07 |    0 |    0 |    0 |    0 |    0 |    0 |    0 |    0 |    0 |    0 |    0 |  100 |    0 |   100 |
| 2026-07-08 |    0 |    0 |  100 |    0 |    0 |    0 |    0 |    0 |    0 |    0 |    0 |  100 |  100 |   300 |
| 2026-07-09 |    0 |    0 |   24 |    0 |    0 |    0 |    0 |    0 |    0 |    0 |    0 |  100 |   15 |   139 |
| 2026-07-10 |    0 |    0 |  242 |    0 |    0 |    0 |    0 |    0 |    0 |    0 |    0 |  230 |  202 |   674 |
| 2026-07-13 |    0 |    0 |  190 |    0 |    0 |    0 |    0 |    0 |    0 |    0 |    0 |  212 |  188 |   590 |
| 2026-07-14 |    0 |    0 |  194 |    0 |    0 |    0 |    0 |    0 |    0 |    0 |    0 |  185 |  106 |   485 |
| 2026-07-15 |    0 |    0 |  146 |    0 |    0 |    0 |    0 |    0 |    0 |    0 |    0 |  154 |   58 |   358 |
| 2026-07-16 |    0 |    0 |  179 |    0 |    0 |    0 |    0 |    0 |    0 |    0 |    0 |  205 |   58 |   442 |
| 2026-07-17 |    0 |    0 |  127 |    0 |    0 |    0 |    0 |    0 |    0 |    0 |    0 |  207 |   58 |   392 |
| 2026-07-20 |    0 |    0 |  107 |    0 |    0 |    0 |    0 |    0 |    0 |    0 |    0 |  143 |   58 |   308 |
| 2026-07-21 |   30 |   35 |  113 |   30 |   35 |   35 |    0 |    0 |    0 |    0 |    0 |  118 |   48 |   444 |
| 2026-07-22 |   40 |   47 |   86 |   15 |   45 |   20 |    0 |    0 |    0 |    0 |    0 |   77 |    0 |   330 |
| 2026-07-23 |   30 |   42 |   50 |   15 |   40 |   20 |    0 |    0 |    0 |    0 |    0 |   40 |    0 |   237 |
| 2026-07-24 |   75 |   87 |   85 |   15 |   77 |   55 |    0 |    0 |    0 |    0 |    0 |   40 |    0 |   434 |
| 2026-07-27 |   14 |    0 |   14 |   14 |   14 |   14 |    0 |    0 |    0 |    0 |    0 |    0 |    0 |    70 |
| 2026-07-28 |    6 |    8 |    8 |    8 |    8 |    6 |    0 |    0 |    0 |    0 |    0 |    0 |    0 |    44 |
| 2026-07-29 |    8 |    5 |    6 |    6 |    6 |    0 |    0 |    0 |    0 |    0 |    0 |    0 |    0 |    31 |

## Notes

- Pre-router-fix (before 2026-07-17 commit `56660c9e`): S163/S166 were starved — expect zeros until a post-fix entry-window gap-down day.
- Controlled layout places one ENTRY per matching bucket×strategy; raw counts inflate, unique underlyings do not.


Wrote /home/runner/work/TradingBot/TradingBot/logs/options_trial/reports/signal_frequency.md
## Ledger health — 2026-07-29
| Check                       | Count | Status |
|-----------------------------|------:|--------|
| Current stuck (state)       |     0 | OK |
| Orphaned lots (post-stable) |    60 | WARN | <<<
| Missing exit records (post) |    60 | WARN | <<<
| State/ledger mismatches     |     0 | OK |
| Total open lots             |    12 | INFO |
| Total closed lots           |   318 | INFO |
| Pre-cutoff audit debt       |     0 | INFO |
| Transition audit debt       |   744 | INFO |

Wrote /home/runner/work/TradingBot/TradingBot/logs/options_trial/reports/ledger_health.md
Wrote /home/runner/work/TradingBot/TradingBot/logs/dashboard.html
equity=474.5 router=CONFIRMED leaderboard_rows=33
Wrote /home/runner/work/TradingBot/TradingBot/logs/rubber_band_report.md
| 1 | MomReversal | 9 | 33% | +0.31% | -0.78% | -1.14% | 4.09 | 1.3d | $+1.33 | WATCH |
| 2 | unknown | 32 | 19% | -0.03% | -0.59% | -1.27% | 1.44 | 0.0d | $+0.29 | ACTIVE |
