16:55:56  INFO      Mode: exits
16:55:57  INFO        Daily log -> logs/daily/2026-08-24.md
16:55:57  INFO        Daily log reconciled -> logs/daily/2026-08-24.md (6 ledger rows)
16:55:57  INFO        Daily log -> logs/daily/2026-08-24.md

+========================================================================+
|  RUBBER BAND BOT  v8                                                   |
+------------------------------------------------------------------------+
|  Mode                                                             EXITS|
|  Time                                                         16:55 UTC|
|  Regime                                                            BULL|
|  Universe                                                          both|
|  Equity                                                         $307.98|
+========================================================================+

+========================================================================+
|                             MORNING CHECK                              |
+========================================================================+
|                                                                        |
|  No open stock positions.                                              |
|                                                                        |
+========================================================================+

+========================================================================+
|                            EXIT RUN SUMMARY                            |
+========================================================================+
|  Mode                                                             exits|
|  Candidates                                                           0|
|  Deferred/Skipped                                      already logged 0|
|  Data skips                                             no price data 0|
|  Se~  0 attempted  |  0 filled  |  0 partial  |  0 pending  |  0 failed|
|  Holds                                                                0|
|  Logged exits                                                         0|
+========================================================================+

+========================================================================+
|            OPTIONS SLEEVE  (managed by options_live_micro)             |
+========================================================================+
|                                                                        |
|  No open option positions.                                             |
|                                                                        |
+========================================================================+

+========================================================================+
|                      STOP-LOSS BREACHES THIS RUN                       |
+========================================================================+
|  None                                                                  |
+========================================================================+
|  Stop-loss look file                  logs/stop_losses_to_look_into.txt|
|  New investigations added                                             0|
+========================================================================+
