=== options_live_micro LIVE 2026-08-21T12:10:52.307535-04:00 share=25% ===
2026-08-21 12:10:52,307 INFO === options_live_micro LIVE 2026-08-21T12:10:52.307535-04:00 share=25% ===
Live account equity $317.29 cash $201.38 #225458845 options_level=3
2026-08-21 12:10:52,390 INFO Live account equity $317.29 cash $201.38 #225458845 options_level=3
Live micro cancel-scan WMT260821C00110000: symbol-scoped n=1
2026-08-21 12:10:52,436 INFO Live micro cancel-scan WMT260821C00110000: symbol-scoped n=1
Live micro cancel stale sell WMT260821C00110000 id=ba4149a4-a08c-4a90-97f4-f35a4bb0f02d cid=OLX|cefef98faca7 broker_sym='WMT260821C00110000'
2026-08-21 12:10:52,458 INFO Live micro cancel stale sell WMT260821C00110000 id=ba4149a4-a08c-4a90-97f4-f35a4bb0f02d cid=OLX|cefef98faca7 broker_sym='WMT260821C00110000'
Live micro orphan_adopt WMT260821C00110000 x1 entry=0.09
2026-08-21 12:10:52,458 INFO Live micro orphan_adopt WMT260821C00110000 x1 entry=0.09
Live micro hold ORPHAN COST260828C01000000 -28.6% (tp +50% / sl -40%)
2026-08-21 12:10:52,490 INFO Live micro hold ORPHAN COST260828C01000000 -28.6% (tp +50% / sl -40%)
Live micro cancel-scan WMT260821C00110000: symbol-scoped n=1
2026-08-21 12:10:52,536 INFO Live micro cancel-scan WMT260821C00110000: symbol-scoped n=1
Live micro cancel stale sell WMT260821C00110000 id=ba4149a4-a08c-4a90-97f4-f35a4bb0f02d cid=OLX|cefef98faca7 broker_sym='WMT260821C00110000'
2026-08-21 12:10:52,556 INFO Live micro cancel stale sell WMT260821C00110000 id=ba4149a4-a08c-4a90-97f4-f35a4bb0f02d cid=OLX|cefef98faca7 broker_sym='WMT260821C00110000'
LIVE EXIT stop_loss (-100.0%) WMT260821C00110000 x1 limit=0.01 id=ca56ef57-c07a-46db-ac29-f98cc0171530
2026-08-21 12:10:52,863 INFO LIVE EXIT stop_loss (-100.0%) WMT260821C00110000 x1 limit=0.01 id=ca56ef57-c07a-46db-ac29-f98cc0171530
Live micro cancel-scan COST260828C01000000: symbol-scoped n=1
2026-08-21 12:10:52,885 INFO Live micro cancel-scan COST260828C01000000: symbol-scoped n=1
Live micro cancel-scan COST260828C01000000: no non-OLS sell to cancel
2026-08-21 12:10:52,885 INFO Live micro cancel-scan COST260828C01000000: no non-OLS sell to cancel
LIVE PROT check COST260828C01000000: have_ols=True open_matched=1 ols_id=ab9b8a23-2f03-4a3a-b25a-799118f49712 ols_type=stop
2026-08-21 12:10:52,934 INFO LIVE PROT check COST260828C01000000: have_ols=True open_matched=1 ols_id=ab9b8a23-2f03-4a3a-b25a-799118f49712 ols_type=stop
Live micro: manage/exits only
2026-08-21 12:10:52,934 INFO Live micro: manage/exits only
Live micro done. open_options=2 lots=1
2026-08-21 12:10:52,965 INFO Live micro done. open_options=2 lots=1
