18:00:39  INFO      Mode: exits
18:00:39  INFO        Daily log -> logs/daily/2026-07-28.md
18:00:39  INFO        Daily log reconciled -> logs/daily/2026-07-28.md (4 ledger rows)
18:00:39  INFO        place_all_stops: checking 3 positions...
18:00:39  INFO        STOP skipped ALGN: fractional (0.5675 shares) — software exit will handle it
18:00:39  INFO        STOP already live EQR @ $67.45
18:00:39  INFO        STOP skipped FFIV: fractional (0.2428 shares) — software exit will handle it
18:00:40  INFO        [positions] 3/3 (3 valid)
18:00:40  INFO        Daily log -> logs/daily/2026-07-28.md

+========================================================================+
|  RUBBER BAND BOT  v8                                                   |
+------------------------------------------------------------------------+
|  Mode                                                             EXITS|
|  Time                                                         18:00 UTC|
|  Regime                                                            BULL|
|  Universe                                                          both|
|  Equity                                                         $487.94|
+========================================================================+

+========================================================================+
|                               EXIT CHECK                               |
+========================================================================+
|  Exit logic                   stop-0.5% / 3d max  (midline at EOD only)|
+------------------------------------------------------------------------+
|  EQR  P&L +1.2%  $+0.87                                            HOLD|
|  FFIV  P&L +1.2%  $+1.20                                           HOLD|
|  ALGN  P&L +1.3%  $+1.22                                           HOLD|
+========================================================================+

+========================================================================+
|                            EXIT RUN SUMMARY                            |
+========================================================================+
|  Mode                                                             exits|
|  Candidates                                                           3|
|  Deferred/Skipped                                      already logged 0|
|  Data skips                                             no price data 0|
|  Se~  0 attempted  |  0 filled  |  0 partial  |  0 pending  |  0 failed|
|  Holds                                                                3|
|  Logged exits                                                         0|
+========================================================================+

+========================================================================+
|                      STOP-LOSS BREACHES THIS RUN                       |
+========================================================================+
|  None                                                                  |
+========================================================================+
|  Stop-loss look file                  logs/stop_losses_to_look_into.txt|
|  New investigations added                                             0|
+========================================================================+
