15:05:38  INFO      Mode: exits
15:05:39  INFO        Daily log -> logs/daily/2026-07-31.md
15:05:39  INFO        Daily log reconciled -> logs/daily/2026-07-31.md (4 ledger rows)
15:05:39  INFO        place_all_stops: checking 3 positions...
15:05:39  INFO        STOP already live APG @ $38.65
15:05:39  INFO        STOP skipped AVB: fractional (0.5044 shares) — software exit will handle it
15:05:39  INFO        STOP skipped CINF: fractional (0.5367 shares) — software exit will handle it
15:05:39  INFO        [positions] 3/3 (3 valid)
15:05:39  INFO        SELL MARKET [urgent] AVB closed
15:05:42  INFO        TX logged: SELL AVB  P&L -0.61%
15:05:42  INFO        Daily log -> logs/daily/2026-07-31.md

+========================================================================+
|  RUBBER BAND BOT  v8                                                   |
+------------------------------------------------------------------------+
|  Mode                                                             EXITS|
|  Time                                                         15:05 UTC|
|  Regime                                                            BULL|
|  Universe                                                          both|
|  Equity                                                         $468.03|
+========================================================================+

+========================================================================+
|                               EXIT CHECK                               |
+========================================================================+
|  Exit logic                   stop-0.5% / 3d max  (midline at EOD only)|
+------------------------------------------------------------------------+
|  AVB  P&L -0.6%  $-0.58                         EXIT: stop_loss (-0.6%)|
|  CINF  P&L +0.4%  $+0.42                                           HOLD|
|  APG  P&L +2.0%  $+1.38                                            HOLD|
+========================================================================+

+========================================================================+
|                            EXIT RUN SUMMARY                            |
+========================================================================+
|  Mode                                                             exits|
|  Candidates                                                           3|
|  Deferred/Skipped                                      already logged 0|
|  Data skips                                             no price data 0|
|  Se~  1 attempted  |  1 filled  |  0 partial  |  0 pending  |  0 failed|
|  Holds                                                                2|
|  Logged exits                                                         1|
+========================================================================+

+========================================================================+
|                      STOP-LOSS BREACHES THIS RUN                       |
+========================================================================+
|  AVB                                         -0.61%  (threshold -0.50%)|
|  Count                                                                1|
+========================================================================+
|  Stop-loss look file                  logs/stop_losses_to_look_into.txt|
|  New investigations added                                             0|
+========================================================================+
