19:51:34  INFO      Mode: scan
19:51:35  INFO        [positions] 3/3 (3 valid)
19:51:35  INFO        SELL LIMIT AAPL  qty=0.127077877  limit=$314.16  id=be1b39b0-fc4a-4df8-b30e-e42b3b2b062e
19:52:05  INFO        SELL LIMIT filled AAPL (confirmed by position check)
19:52:05  INFO        TX logged: SELL AAPL  P&L 0.09%
19:52:05  INFO        Universe cache hit: 903 tickers (tickers_2026-08-27.json)
19:52:06  INFO        [universe] 40/901 (40 valid)
19:52:08  INFO        [universe] 80/901 (80 valid)
19:52:09  INFO        [universe] 120/901 (120 valid)
19:52:10  INFO        [universe] 160/901 (160 valid)
19:52:11  INFO        [universe] 200/901 (199 valid)
19:52:18  INFO        [universe] 240/901 (238 valid)
19:52:31  INFO        [universe] 280/901 (278 valid)
19:52:44  INFO        [universe] 320/901 (318 valid)
19:52:54  INFO        [universe] 360/901 (358 valid)
19:53:07  INFO        [universe] 400/901 (397 valid)
19:53:20  INFO        [universe] 440/901 (437 valid)
19:53:30  INFO        [universe] 480/901 (477 valid)
19:53:43  INFO        [universe] 520/901 (517 valid)
19:53:56  INFO        [universe] 560/901 (557 valid)
19:54:06  INFO        [universe] 600/901 (597 valid)
19:54:19  INFO        [universe] 640/901 (637 valid)
19:54:32  INFO        [universe] 680/901 (677 valid)
19:54:42  INFO        [universe] 720/901 (717 valid)
19:54:55  INFO        [universe] 760/901 (757 valid)
19:55:08  INFO        [universe] 800/901 (797 valid)
