Layout: controlled:100:c000_s173_w1_0928_1005_r1
Trial layout: /home/runner/work/TradingBot/TradingBot/logs/options_trial
Docs:         skipped (local docs unavailable on this runner)
Buckets:      100
=== options_morning_bot (PAPER) 2026-07-20T12:30:43.232933-04:00 ===

[Run context]
Paper auth OK — equity $131516.03, account PA36KS87UPRS

[Setup]
Active buckets: 100 | Strategies: S173, S165, S166, S163
Dropped (no new entries; ex-reflected P&L): S174
2026-07-20 12:30:47,582 INFO   EXIT [b0|c000_s173_w1_0928_1005_r1|S173] take_profit (+94.2%) SELL 1 CRM260724C00185000 @<= 1.24

[Manage only]
Past entry window; manage/exit only.

[Portfolio snapshot]
+========================================================================+
|  OPTIONS BOT SUMMARY                                                   |
+------------------------------------------------------------------------+
|  Mode                          manage-only                             |
|  Equity                        $131,516.03                             |
|  Signals this run              0                                       |
|  Orders submitted (session)    20                                      |
|  Orders filled today (ledger)  20                                      |
|  Entries placed this run       0                                       |
|  Open virtual lots             15                                      |
|  Broker option positions       2                                       |
|  Pending orders                0                                       |
+========================================================================+
+========================================================================+
|  BUCKET LEADERBOARD (reflected ex-S174)                                |
+------------------------------------------------------------------------+
|  Reflected trades=502  buckets=49  win=35%                             |
|  Returns   avg=+8.1%  med=-32.8%  p10=-77.0%  p90=+92.9%               |
|  Realized  $+3,831.77                                                  |
|  Raw incl dropped  trades=616  real=$+2,333.58                         |
|  Today     trades=5  avg=+73.0%  med=+65.1%  real=$+224.00             |
+------------------------------------------------------------------------+
|  BKT PROFILE               N  WIN  AVG%   MED%   BEST%  REAL$          |
+------------------------------------------------------------------------+
|  b51  c051_s165_w4_1120_  1 100% +263.6 +263.6 +263.6 $   +174         |
|  b91  c091_s165_w4_1120_  3  67% +142.7 +197.0 +247.0 $   +282         |
|  b31  c031_s165_w4_1120_  2 100% +145.5 +145.5 +175.8 $   +192         |
|  b28  c028_s165_w1_0928_ 17  76% +49.5 +80.0 +102.0 $   +448           |
|  b92  c092_s166_w1_0928_  1 100% +70.8 +70.8 +70.8 $    +71            |
|  b93  c093_s166_w2_1005_  1 100% +70.8 +70.8 +70.8 $    +71            |
|  b95  c095_s166_w4_1120_  1 100% +70.8 +70.8 +70.8 $    +71            |
|  b96  c096_s163_w1_0928_  1 100% +70.8 +70.8 +70.8 $    +71            |
|  ... 41 more bucket(s) with exits                                      |
+------------------------------------------------------------------------+
|  Low  b21  c021_s173_w2_1005_ 22   0% -64.0 -72.1 -98.5 $   -942       |
+========================================================================+
+========================================================================+
|  PENDING EXITS (1)                                                     |
+------------------------------------------------------------------------+
|  b0   S173 CRM260724C00185000 x1 take_profit (+94.2%)                  |
+========================================================================+
+========================================================================+
|  OPEN OPTIONS (2)                                                      |
+------------------------------------------------------------------------+
|  SYMBOL                      QTY    RET%        OPEN P&L               |
|------------------------------------------------------------------------|
|  CRM260724C00185000           10    +94.2%   $   +596.67               |
|  CRM260724C00187500            5    +33.9%   $   +105.00               |
+========================================================================+
Full detail: logs/options_trial/runs/2026-07-20.log
elapsed=4.6s reconcile=2.01s cancel=0.23s manage=1.76s
STATUS: options_morning_bot run complete (PAPER) elapsed=4.6s. run=#4438 https://github.com/28twagg-ops/TradingBot/actions/runs/29759856499
Wrote /home/runner/work/TradingBot/TradingBot/logs/options_trial/reports/2026-07-20_buckets.md
Wrote /home/runner/work/TradingBot/TradingBot/logs/options_trial/reports/2026-07-20_buckets.csv
Summary: 5 buckets closed trades, $+224.00 realized
Wrote /home/runner/work/TradingBot/TradingBot/logs/options_trial/reports/2026-07-20_strategy_selection.md
Wrote /home/runner/work/TradingBot/TradingBot/logs/options_trial/reports/2026-07-20_strategy_selection.csv
Summary: keep=0 watch=2 drop=3
Orphan rate: 3.6% (22/616)
  File "/home/runner/work/TradingBot/TradingBot/scripts/options_signal_frequency.py", line 80
    return f"{day}|{sid}|{re.sub(r'\s+', ' ', line.strip())[:160]}"
                                                                   ^
SyntaxError: f-string expression part cannot include a backslash
signal_frequency report failed (non-fatal)
## Ledger health — 2026-07-20
| Check                       | Count | Status |
|-----------------------------|------:|--------|
| Current stuck (state)       |     0 | OK |
| Orphaned lots (post-stable) |    27 | WARN | <<<
| Missing exit records (post) |    27 | WARN | <<<
| State/ledger mismatches     |    10 | WARN | <<<
| Total open lots             |    15 | INFO |
| Total closed lots           |   272 | INFO |
| Pre-cutoff audit debt       |     0 | INFO |
| Transition audit debt       |   589 | INFO |

Wrote /home/runner/work/TradingBot/TradingBot/logs/options_trial/reports/ledger_health.md
