options_reconcile: state=/home/runner/work/TradingBot/TradingBot/logs/options_trial/_state/lab_state.json
  open_lots=69 paper_keys=yes dry_run=False
  alpaca positions=16
options_reconcile: done
Layout: controlled:1024:lab0000_s200_w1_0928_1005_r1 (layout changed controlled:100:c000_s173_w1_0928_1005_r1 -> controlled:1024:lab0000_s200_w1_0928_1005_r1)
Trial layout: /home/runner/work/TradingBot/TradingBot/logs/options_trial
Docs:         skipped (local docs unavailable on this runner)
Buckets:      1024
=== options_morning_bot (PAPER) 2026-07-31T15:50:03.306350-04:00 ===

[Run context]
Paper auth OK — equity $135567.64, account PA36KS87UPRS

[Setup]
Active buckets: 1024 | Strategies: S165, S164, S168, S167, S166, S163, S169, S170, S171, S172, S175, S200, S201, S202, S203, S204, S205, S206, S207, S208, S209, S210, S211, S212, S213, S214, S215, S216, S217, S218, S219, S220, S221, S400, S401, S402, S403, S350, S351, S352, S353, S354, S355, S356, S357, S358, S359, S360, S361, S362, S363, S364, S365, S366, S367, S368, S369, S370, S371, S372, S373, S374, S375, S376, S377, S378, S379, S380, S381, S382, S383, S384, S385, S386, S387, S388, S389, S390, S391, S392, S393, S394, S413, S414, S415, S416, S417, S418, S395, S396, S397, S398, S399, S404, S405, S406, S407, S408, S409, S410, S411, S412, S413, S414, S415, S416, S417, S418, S419
Dropped (no new entries; ex-reflected P&L): S173, S174
  EXIT [b27|lab0027_s203_w2_1005_1045_r2|S203] stop_loss (-51.2%) MARKET SELL 1 SMCI260807P00025000 return=-51.2%
  EXIT [b321|lab0321_s356_w1_0928_1005_r2|S356] take_profit (+54.0%) MARKET SELL 1 AAPL260814C00330000 return=+54.0%
  EXIT [b29|lab0029_s203_w3_1045_1120_r2|S203] stop_loss (-52.7%) MARKET SELL 1 SMCI260807P00025500 return=-52.7%
  EXIT [b291|lab0291_s352_w2_1005_1045_r2|S352] take_profit (+134.6%) MARKET SELL 1 AAPL260803C00315000 return=+134.6%
  EXIT [b329|lab0329_s357_w1_0928_1005_r2|S357] take_profit (+54.7%) MARKET SELL 1 AAPL260821C00335000 return=+54.7%
  EXIT [b410|lab0410_s364_w4_1120_1135_r1|S364] take_profit (+61.5%) MARKET SELL 1 AAPL260807C00322500 return=+61.5%

[Manage only]
Past entry window; manage/exit only.

[Portfolio snapshot]
+========================================================================+
|  OPTIONS BOT SUMMARY                                                   |
+------------------------------------------------------------------------+
|  Mode                          manage-only                             |
|  Equity                        $135,515.64                             |
|  Signals this run              0                                       |
|  Orders submitted (session)    164                                     |
|  Orders filled today (ledger)  156                                     |
|  Entries placed this run       0                                       |
|  Open virtual lots             67                                      |
|  Broker option positions       14                                      |
|  Pending orders                0                                       |
+========================================================================+
+========================================================================+
|  BUCKET LEADERBOARD (reflected ex-S173,S174)                           |
+------------------------------------------------------------------------+
|  Reflected trades=353  buckets=107  win=39%                            |
|  Returns   avg=+11.2%  med=-23.1%  p10=-66.1%  p90=+129.7%             |
|  Realized  $+7,259.13                                                  |
|  Raw incl dropped  trades=887  real=$+5,663.58                         |
|  Today     trades=76  avg=+73.1%  med=+58.6%  real=$+2,842.00          |
+------------------------------------------------------------------------+
|  BKT PROFILE               N  WIN  AVG%   MED%   BEST%  REAL$          |
+------------------------------------------------------------------------+
|  b791 lab0791_s398_w4_11  1 100% +338.1 +338.1 +338.1 $   +142         |
|  b319 lab0319_s355_w4_11  1 100% +328.6 +328.6 +328.6 $   +138         |
|  b790 lab0790_s398_w4_11  1 100% +311.9 +311.9 +311.9 $   +131         |
|  b318 lab0318_s355_w4_11  1 100% +292.9 +292.9 +292.9 $   +123         |
|  b311 lab0311_s354_w4_11  1 100% +290.5 +290.5 +290.5 $   +122         |
|  b51  lab0051_s206_w2_10  1 100% +263.6 +263.6 +263.6 $   +174         |
|  b820 lab0820_s405_w4_11  1 100% +254.8 +254.8 +254.8 $   +107         |
|  b821 lab0821_s405_w4_11  1 100% +242.9 +242.9 +242.9 $   +102         |
|  ... 99 more bucket(s) with exits                                      |
+------------------------------------------------------------------------+
|  Low  b20  lab0020_s202_w3_10  1   0% -88.9 -88.9 -88.9 $     -8       |
+========================================================================+
+========================================================================+
|  PENDING EXITS (7)                                                     |
+------------------------------------------------------------------------+
|  b284 S351 MSTR260731C00099000 x1 stop_loss (-66.7%)                   |
|  b27  S203 SMCI260807P00025000 x1 stop_loss (-51.2%)                   |
|  b321 S356 AAPL260814C00330000 x1 take_profit (+54.0%)                 |
|  b29  S203 SMCI260807P00025500 x1 stop_loss (-52.7%)                   |
|  b291 S352 AAPL260803C00315000 x1 take_profit (+134.6%                 |
|  ... 2 more pending exit(s)                                            |
+========================================================================+
+========================================================================+
|  OPEN OPTIONS (14)                                                     |
+------------------------------------------------------------------------+
|  SYMBOL                      QTY    RET%        OPEN P&L               |
|------------------------------------------------------------------------|
|  AAPL260803C00315000          21   +154.1%   $ +1,324.50               |
|  AAPL260814C00330000           7    +54.0%   $   +225.75               |
|  AAPL260821C00335000           5    +56.2%   $   +180.00               |
|  T260807C00023000              6    -27.0%   $   -102.00               |
|  OXY260807C00059000            4    +22.6%   $    +56.00               |
|  AAPL260807C00322500           1    +84.6%   $    +55.00               |
|  SMCI260807P00025000           3    -37.2%   $    -48.00               |
|  SMCI260807P00025500           1    -52.7%   $    -29.00               |
|  ... 6 more position(s)                                                |
+========================================================================+
Full detail: logs/options_trial/runs/2026-07-31.log
elapsed=9.7s reconcile=0.31s cancel=0.11s manage=8.81s
STATUS: options_morning_bot run complete (PAPER) elapsed=9.7s. run=#5762 https://github.com/28twagg-ops/TradingBot/actions/runs/30660278586
Evaluation complete: 100 strategies evaluated, 0 killed, 0 promote candidates.
Wrote /home/runner/work/TradingBot/TradingBot/logs/options_trial/reports/2026-07-31_buckets.md
Wrote /home/runner/work/TradingBot/TradingBot/logs/options_trial/reports/2026-07-31_buckets.csv
Summary: 76 buckets closed trades, $+2,842.00 realized
Wrote /home/runner/work/TradingBot/TradingBot/logs/options_trial/reports/2026-07-31_strategy_selection.md
Wrote /home/runner/work/TradingBot/TradingBot/logs/options_trial/reports/2026-07-31_strategy_selection.csv
Summary: keep=0 watch=102 drop=3
Orphan rate: 2.5% (22/887)
