=== options_live_micro LIVE 2026-08-21T12:35:55.325777-04:00 share=25% ===
2026-08-21 12:35:55,325 INFO === options_live_micro LIVE 2026-08-21T12:35:55.325777-04:00 share=25% ===
Live account equity $317.23 cash $201.38 #225458845 options_level=3
2026-08-21 12:35:55,578 INFO Live account equity $317.23 cash $201.38 #225458845 options_level=3
Live micro cancel-scan WMT260821C00110000: symbol-scoped n=1
2026-08-21 12:35:55,716 INFO Live micro cancel-scan WMT260821C00110000: symbol-scoped n=1
Live micro cancel stale sell WMT260821C00110000 id=530e4157-b3a6-4f7d-9e93-90e57300c899 cid=OLX|1415109bc427 broker_sym='WMT260821C00110000'
2026-08-21 12:35:55,785 INFO Live micro cancel stale sell WMT260821C00110000 id=530e4157-b3a6-4f7d-9e93-90e57300c899 cid=OLX|1415109bc427 broker_sym='WMT260821C00110000'
Live micro orphan_adopt WMT260821C00110000 x1 entry=0.09
2026-08-21 12:35:55,786 INFO Live micro orphan_adopt WMT260821C00110000 x1 entry=0.09
Live micro hold ORPHAN COST260828C01000000 -28.6% (tp +50% / sl -40%)
2026-08-21 12:35:55,857 INFO Live micro hold ORPHAN COST260828C01000000 -28.6% (tp +50% / sl -40%)
Live micro cancel-scan WMT260821C00110000: symbol-scoped empty; open_book n=1
2026-08-21 12:35:56,068 INFO Live micro cancel-scan WMT260821C00110000: symbol-scoped empty; open_book n=1
  open_order id=ab9b8a23-2f03-4a3a-b25a-799118f49712 sym='COST260828C01000000' side=OrderSide.SELL status=OrderStatus.NEW cid='OLS|1f926a83750f' type=OrderType.STOP
2026-08-21 12:35:56,068 INFO   open_order id=ab9b8a23-2f03-4a3a-b25a-799118f49712 sym='COST260828C01000000' side=OrderSide.SELL status=OrderStatus.NEW cid='OLS|1f926a83750f' type=OrderType.STOP
Live micro cancel-scan WMT260821C00110000: matched n=0
2026-08-21 12:35:56,068 INFO Live micro cancel-scan WMT260821C00110000: matched n=0
Live micro cancel-scan WMT260821C00110000: no non-OLS sell to cancel
2026-08-21 12:35:56,068 INFO Live micro cancel-scan WMT260821C00110000: no non-OLS sell to cancel
LIVE EXIT stop_loss (-100.0%) WMT260821C00110000 x1 limit=0.01 id=6329be1e-fba2-4b40-9c40-c1c9ab3d30f5
2026-08-21 12:35:56,761 INFO LIVE EXIT stop_loss (-100.0%) WMT260821C00110000 x1 limit=0.01 id=6329be1e-fba2-4b40-9c40-c1c9ab3d30f5
Live micro cancel-scan COST260828C01000000: symbol-scoped n=1
2026-08-21 12:35:56,831 INFO Live micro cancel-scan COST260828C01000000: symbol-scoped n=1
Live micro cancel-scan COST260828C01000000: no non-OLS sell to cancel
2026-08-21 12:35:56,831 INFO Live micro cancel-scan COST260828C01000000: no non-OLS sell to cancel
LIVE PROT check COST260828C01000000: have_ols=True open_matched=1 ols_id=ab9b8a23-2f03-4a3a-b25a-799118f49712 ols_type=stop
2026-08-21 12:35:56,971 INFO LIVE PROT check COST260828C01000000: have_ols=True open_matched=1 ols_id=ab9b8a23-2f03-4a3a-b25a-799118f49712 ols_type=stop
Live micro: manage/exits only
2026-08-21 12:35:56,971 INFO Live micro: manage/exits only
Live micro done. open_options=2 lots=1
2026-08-21 12:35:57,053 INFO Live micro done. open_options=2 lots=1
