Layout: controlled:100:c000_s173_w1_0928_1005_r1
Trial layout: /home/runner/work/TradingBot/TradingBot/logs/options_trial
Docs:         skipped (local docs unavailable on this runner)
Buckets:      100
=== options_morning_bot (PAPER) 2026-07-16T10:50:42.434759-04:00 ===

[Run context]
Paper auth OK — equity $128278.65, account PA36KS87UPRS

[Setup]
Active buckets: 100 | Strategies: S173, S165, S166, S163
Dropped (no new entries; ex-reflected P&L): S174
2026-07-16 10:50:46,214 INFO   EXIT [b80|c080_s173_w1_0928_1005_r5|S173] take_profit (+53.8%) SELL 1 UAL260717C00122000 @<= 1.01
2026-07-16 10:50:47,433 INFO   EXIT [b20|c020_s173_w1_0928_1005_r2|S173] take_profit (+62.5%) SELL 1 AAL260717C00015000 @<= 0.88

[Scan + entries]
Scanning 903 symbols for [S173, S165, S166, S163] …
Fetched daily bars for 903/903 symbols
Found 95 signal(s); top: ['S173:AMD', 'S173:APH', 'S173:ADI', 'S173:AMAT', 'S173:BLDR', 'S173:CAT', 'S173:FIX', 'S173:DELL']
Paper lab: $128086 broker equity -> 100 bucket(s) ($500 virtual each, unlimited paper)
  Skipped: 56 pending order
Placed 1 new entry order(s).

[Portfolio snapshot]
+========================================================================+
|  OPTIONS BOT SUMMARY                                                   |
+------------------------------------------------------------------------+
|  Mode                          entry+manage                            |
|  Equity                        $128,278.65                             |
|  Signals this run              95                                      |
|  Orders submitted (session)    19                                      |
|  Orders filled today (ledger)  27                                      |
|  Entries placed this run       1                                       |
|  Open virtual lots             26                                      |
|  Broker option positions       6                                       |
|  Pending orders                1                                       |
+========================================================================+
+========================================================================+
|  BUCKET LEADERBOARD (reflected ex-S174)                                |
+------------------------------------------------------------------------+
|  Reflected trades=225  buckets=44  win=42%                             |
|  Returns   avg=+27.0%  med=-9.2%  p10=-77.0%  p90=+100.0%              |
|  Realized  $+5,649.77                                                  |
|  Raw incl dropped  trades=328  real=$+4,526.58                         |
|  Today     trades=15  avg=-5.4%  med=-50.0%  real=$-236.00             |
+------------------------------------------------------------------------+
|  BKT PROFILE               N  WIN  AVG%   MED%   BEST%  REAL$          |
+------------------------------------------------------------------------+
|  b62  c062_s173_w3_1045_  8  50% +511.3 +520.8 +1100.0 $    +97        |
|  b89  c089_s165_w2_1005_  2 100% +425.9 +425.9 +790.0 $   +113         |
|  b69  c069_s165_w2_1005_  3  67% +122.1 +200.0 +210.0 $    +17         |
|  b29  c029_s165_w2_1005_  2  50% +100.0 +100.0 +250.0 $    +20         |
|  b28  c028_s165_w1_0928_  5 100% +85.7 +94.1 +102.0 $   +221           |
|  b92  c092_s166_w1_0928_  1 100% +70.8 +70.8 +70.8 $    +71            |
|  b93  c093_s166_w2_1005_  1 100% +70.8 +70.8 +70.8 $    +71            |
|  b95  c095_s166_w4_1120_  1 100% +70.8 +70.8 +70.8 $    +71            |
|  ... 36 more bucket(s) with exits                                      |
+------------------------------------------------------------------------+
|  Low  b21  c021_s173_w2_1005_ 10   0% -61.7 -75.5 -98.5 $   -408       |
+========================================================================+
+========================================================================+
|  PENDING ORDERS (1)                                                    |
+------------------------------------------------------------------------+
|  Top groups                    S173:AMD(1)                             |
+------------------------------------------------------------------------+
|  b2   S173 AMD      limit=0.70                                         |
+========================================================================+
+========================================================================+
|  PENDING EXITS (3)                                                     |
+------------------------------------------------------------------------+
|  b3   S173 ADBE260717C00240000 x1 stop_loss (-61.4%)                   |
|  b21  S173 AMD260717C00567500 x1 stop_loss (-57.4%)                    |
|  b80  S173 UAL260717C00122000 x1 take_profit (+53.8%)                  |
+========================================================================+
+========================================================================+
|  OPEN OPTIONS (6)                                                      |
+------------------------------------------------------------------------+
|  SYMBOL                      QTY    RET%        OPEN P&L               |
|------------------------------------------------------------------------|
|  ADBE260717C00240000           7    -79.5%   $   -245.00               |
|  AVGO260717C00405000           8    -52.1%   $   -217.78               |
|  AVGO260717C00400000           6    -19.6%   $    -73.00               |
|  UAL260717C00122000            3    +36.9%   $    +72.00               |
|  AMD260717C00567500            1    -64.7%   $    -44.00               |
|  AMD260717C00557500            1    -35.8%   $    -24.00               |
+========================================================================+
Full detail: logs/options_trial/runs/2026-07-16.log
elapsed=33.7s reconcile=3.52s cancel=0.02s manage=1.82s scan=25.4s entries=0.21s
STATUS: options_morning_bot run complete (PAPER) elapsed=33.7s. run=#4128 https://github.com/28twagg-ops/TradingBot/actions/runs/29508391242
Wrote /home/runner/work/TradingBot/TradingBot/logs/options_trial/reports/2026-07-16_buckets.md
Wrote /home/runner/work/TradingBot/TradingBot/logs/options_trial/reports/2026-07-16_buckets.csv
Summary: 13 buckets closed trades, $-236.00 realized
Wrote /home/runner/work/TradingBot/TradingBot/logs/options_trial/reports/2026-07-16_strategy_selection.md
Wrote /home/runner/work/TradingBot/TradingBot/logs/options_trial/reports/2026-07-16_strategy_selection.csv
Summary: keep=0 watch=2 drop=3
Orphan rate: 6.7% (22/328)
