options_reconcile: state=/home/runner/work/TradingBot/TradingBot/logs/options_trial/_state/lab_state.json
  open_lots=77 paper_keys=yes dry_run=False
  alpaca positions=26
options_reconcile: done
Layout: controlled:1164:live_1to1+variations (layout changed controlled:100:c000_s173_w1_0928_1005_r1 -> controlled:1164:live_1to1+variations)
Trial layout: /home/runner/work/TradingBot/TradingBot/logs/options_trial
Docs:         skipped (local docs unavailable on this runner)
Buckets:      1164
PROBE OK: paper account status=AccountStatus.ACTIVE equity=$1,005,093.62
  buying_power=$3,997,926.24 cash=$1,000,548.62
  open option orders: 20
    META260904C00645000 OrderSide.SELL qty=2 status=OrderStatus.NEW limit=None
    AVGO260904C00367500 OrderSide.SELL qty=2 status=OrderStatus.NEW limit=None
    QQQ260904C00723000 OrderSide.SELL qty=2 status=OrderStatus.NEW limit=None
    MARA260904C00010500 OrderSide.SELL qty=2 status=OrderStatus.NEW limit=None
    AVGO260909C00385000 OrderSide.BUY qty=1 status=OrderStatus.NEW limit=0.32
  open option positions: 26
    AVGO260904C00357500 qty=2 mkt=$238.00
    AVGO260904C00360000 qty=5 mkt=$435.00
    AVGO260904C00362500 qty=12 mkt=$684.00
    AVGO260904C00365000 qty=2 mkt=$84.00
    AVGO260904C00367500 qty=2 mkt=$58.00
PROBE: check-only pass (use --smoke-entry to place a test order)
=== options_morning_bot (PAPER) 2026-09-03T11:26:13.057352-04:00 ===

[Run context]
Paper auth OK — equity $1005093.62, account PA33P8KT02IL

[Setup]
LIVE 1:1 bucket b90 live_1to1 — S218, S404, S406 | TP+50%/SL-40% | stop-mkt | min $20
Variation study: 1163 lab/promising bucket(s) | cohort: all paper strategies | max 400 new entries/run
Dropped (no new entries; ex-reflected P&L): S203, S207, S212, S360, S405, S407
2026-09-03 11:26:20,806 INFO   EXIT [b779|lab0779_s397_w2_1005_1045_r2|S397] take_profit (+63.0%) SELL 1 AVGO260904C00357500 @<= 1.16
2026-09-03 11:26:24,325 INFO   EXIT [b1055|lab1055_s165_w2_1005_1045_r2|S165] take_profit (+531.0%) SELL 1 MARA260904C00010500 @<= 1.19
  EXIT [b439|lab0439_s366_w4_1120_1135_r2|S366] take_profit (+158.3%) SELL failed MARA260925C00011000: {"code":40310000,"message":"account not eligible to trade uncovered option contracts"}
  EXIT [b438|lab0438_s366_w4_1120_1135_r1|S366] take_profit (+158.3%) SELL failed MARA260925C00011000: {"code":40310000,"message":"account not eligible to trade uncovered option contracts"}
  EXIT [b901|lab0901_s411_w2_1005_1045_r2|S411] take_profit (+51.3%) SELL failed RBLX260904C00042000: {"code":40310000,"message":"account not eligible to trade uncovered option contracts"}
  EXIT [b900|lab0900_s411_w2_1005_1045_r1|S411] take_profit (+51.3%) SELL failed RBLX260904C00042000: {"code":40310000,"message":"account not eligible to trade uncovered option contracts"}
2026-09-03 11:26:26,293 INFO   EXIT [b796|lab0796_s399_w3_1045_1120_r1|S399] take_profit (+957.1%) SELL 1 MARA260904C00011000 @<= 0.71
Protective stops: placed=0 upgraded=0 already=17 failed=6 (market-first)

[Scan + entries]
Scanning 117 symbols for [S165, S164, S168, S167, S166, S163, S169, S170, S171, S172, S175, S200, S201, S202, S204, S205, S206, S208, S209, S210, S211, S213, S214, S215, S216, S217, S218, S219, S220, S221, S400, S401, S402, S403, S350, S351, S352, S353, S354, S355, S356, S357, S358, S359, S361, S362, S363, S364, S365, S366, S367, S368, S369, S370, S371, S372, S373, S374, S375, S376, S377, S378, S379, S380, S381, S382, S383, S384, S385, S386, S387, S388, S389, S390, S391, S392, S393, S394, S413, S414, S415, S416, S417, S418, S395, S396, S397, S398, S399, S404, S406, S408, S409, S410, S411, S412, S413, S414, S415, S416, S417, S418, S419] …
Fetched daily bars for 113/117 symbols
Found 67 signal(s); top: ['S210:NVDA', 'S210:META', 'S165:AVGO', 'S164:AVGO', 'S168:AVGO', 'S167:AVGO', 'S166:AVGO', 'S163:AVGO']
Paper lab: $1005094 broker equity -> 1164 bucket(s) ($500 virtual each, unlimited paper)
  [b1058 AVGO] ENTRY failed: {"code":40310000,"existing_order_id":"134d8c30-5434-4727-aa0b-a4144695df16","message":"potential wash trade detected. use complex orders","reject_reason":"opposite side market/stop order exists"}
  [b1059 AVGO] ENTRY failed: {"code":40310000,"existing_order_id":"134d8c30-5434-4727-aa0b-a4144695df16","message":"potential wash trade detected. use complex orders","reject_reason":"opposite side market/stop order exists"}
  [b1156 AVGO] ENTRY failed: {"code":40310000,"existing_order_id":"134d8c30-5434-4727-aa0b-a4144695df16","message":"potential wash trade detected. use complex orders","reject_reason":"opposite side market/stop order exists"}
  [b1157 AVGO] ENTRY failed: {"code":40310000,"existing_order_id":"134d8c30-5434-4727-aa0b-a4144695df16","message":"potential wash trade detected. use complex orders","reject_reason":"opposite side market/stop order exists"}
  [b1100 AVGO] ENTRY failed: {"code":40310000,"existing_order_id":"134d8c30-5434-4727-aa0b-a4144695df16","message":"potential wash trade detected. use complex orders","reject_reason":"opposite side market/stop order exists"}
  [b1101 AVGO] ENTRY failed: {"code":40310000,"existing_order_id":"134d8c30-5434-4727-aa0b-a4144695df16","message":"potential wash trade detected. use complex orders","reject_reason":"opposite side market/stop order exists"}
  [b286 AVGO] ENTRY failed: {"code":40310000,"existing_order_id":"134d8c30-5434-4727-aa0b-a4144695df16","message":"potential wash trade detected. use complex orders","reject_reason":"opposite side market/stop order exists"}
  [b287 AVGO] ENTRY failed: {"code":40310000,"existing_order_id":"134d8c30-5434-4727-aa0b-a4144695df16","message":"potential wash trade detected. use complex orders","reject_reason":"opposite side market/stop order exists"}
  [b294 AVGO] ENTRY failed: {"code":40310000,"existing_order_id":"134d8c30-5434-4727-aa0b-a4144695df16","message":"potential wash trade detected. use complex orders","reject_reason":"opposite side market/stop order exists"}
  [b295 AVGO] ENTRY failed: {"code":40310000,"existing_order_id":"134d8c30-5434-4727-aa0b-a4144695df16","message":"potential wash trade detected. use complex orders","reject_reason":"opposite side market/stop order exists"}
  [b782 AVGO] ENTRY failed: {"code":40310000,"existing_order_id":"a4f3fa67-0cd0-4654-b052-81c0802ffed8","message":"potential wash trade detected. use complex orders","reject_reason":"opposite side market/stop order exists"}
  [b783 AVGO] ENTRY failed: {"code":40310000,"existing_order_id":"a4f3fa67-0cd0-4654-b052-81c0802ffed8","message":"potential wash trade detected. use complex orders","reject_reason":"opposite side market/stop order exists"}
  [b790 AVGO] ENTRY failed: {"code":40310000,"existing_order_id":"134d8c30-5434-4727-aa0b-a4144695df16","message":"potential wash trade detected. use complex orders","reject_reason":"opposite side market/stop order exists"}
  [b791 AVGO] ENTRY failed: {"code":40310000,"existing_order_id":"134d8c30-5434-4727-aa0b-a4144695df16","message":"potential wash trade detected. use complex orders","reject_reason":"opposite side market/stop order exists"}
  [b806 AVGO] ENTRY failed: {"code":40310000,"existing_order_id":"a4f3fa67-0cd0-4654-b052-81c0802ffed8","message":"potential wash trade detected. use complex orders","reject_reason":"opposite side market/stop order exists"}
  [b807 AVGO] ENTRY failed: {"code":40310000,"existing_order_id":"a4f3fa67-0cd0-4654-b052-81c0802ffed8","message":"potential wash trade detected. use complex orders","reject_reason":"opposite side market/stop order exists"}
  [b100 DKNG] ENTRY failed: {"code":40310000,"existing_order_id":"ea8926e3-e4e1-44d0-a20e-3921aaf837ce","message":"potential wash trade detected. use complex orders","reject_reason":"opposite side market/stop order exists"}
  [b101 DKNG] ENTRY failed: {"code":40310000,"existing_order_id":"ea8926e3-e4e1-44d0-a20e-3921aaf837ce","message":"potential wash trade detected. use complex orders","reject_reason":"opposite side market/stop order exists"}
  [b184 BA] ENTRY failed: {"code":40310000,"existing_order_id":"873ae5cb-3d9d-4033-aa8a-019094af6e30","message":"potential wash trade detected. use complex orders","reject_reason":"opposite side market/stop order exists"}
  [b185 BA] ENTRY failed: {"code":40310000,"existing_order_id":"873ae5cb-3d9d-4033-aa8a-019094af6e30","message":"potential wash trade detected. use complex orders","reject_reason":"opposite side market/stop order exists"}
  Skipped: 80 no tradeable call, 2 already attempted today, 11 pending order
Placed 0 new entry order(s).
Protective stops: placed=1 upgraded=0 already=16 failed=6 (market-first)

[Portfolio snapshot]
+========================================================================+
|[OPTIONS BOT DAILY VITALS (MATRIX EXPERIMENT)]                          |
+========================================================================+
|-- ACCOUNT STATUS (entry+manage) --                                     |
|Equity       : $1,005,093.62                                            |
|Open Risk    : 77 lots (26 broker pos)                                  |
|Today's Run  : 67 signals -> 0 orders submitted                         |
|                                                                        |
|-- SYSTEM HEALTH --                                                     |
|Zombies      : 0 (Ledger is clean)                                      |
|Lab Status   : 77 Active Lots | 6 Pending Orders                        |
|Auto-Matrix  : (Pending EOD report generation)                          |
+========================================================================+
+========================================================================+
|[DATA QUALITY: CLEAN vs ERRORS vs KEEP-ONLY]                            |
+========================================================================+
|  CLEAN              n=964   win= 47.6%  med= -25.0%  $+13,082          |
|  TAINTED            n=1772  win= 33.2%  med= -39.0%  $-9,135           |
|  KEEP-only          n=474   win= 63.5%  med= +49.6%  $+8,289           |
|  KEEP recent        n=281   win= 61.2%  med= +53.3%  $+4,114           |
|  KEEP(20): S173,S174,S210,S218,S350,S352,S357,S359...                  |
|  KILL(18): ORPHAN,S165,S203,S207,S211,S212,S216,S217...                |
+========================================================================+
+========================================================================+
|[+++ OVERPERFORMING STRATEGIES (n>=10)]                                 |
+========================================================================+
|  BKT  PROFILE                   WIN%   MED%   TOTAL TRADES             |
|  ---------------------------------------------------------             |
|  b832 lab0832_s406_w3_1045..  83%  +138.5%    12                       |
|  b238 lab0238_s401_w3_1045..  81%  +115.2%    16                       |
|  b861 lab0861_s408_w3_1045..  73%  +100.0%    11                       |
|  b833 lab0833_s406_w3_1045..  86%  +98.1%    14                        |
+========================================================================+
|[--- UNDERPERFORMING STRATEGIES (n>=10)]                                |
+========================================================================+
|  BKT  PROFILE                   WIN%   MED%   TOTAL TRADES             |
|  ---------------------------------------------------------             |
|  b47  lab0047_s205_w4_1120..   4%  -78.0%    28                        |
|  b307 lab0307_s354_w2_1005..  30%  -69.9%    10                        |
|  b84  lab0084_s210_w3_1045..  42%  -67.4%    12                        |
|  b1   lab0001_s200_w1_0928..   0%  -65.8%    10                        |
+========================================================================+
+========================================================================+
|[PENDING ORDERS (6)]                                                    |
+========================================================================+
|  Top groups: S168:AVGO(2), S163:AVGO(2), S355:AVGO(1)                  |
|  ---------------------------------------------------------             |
|  b317 S355 AVGO     limit=0.67                                         |
|  b90  S218 MDB      limit=0.72                                         |
|  b1128 S168 AVGO     limit=0.32                                        |
|  b1129 S168 AVGO     limit=0.32                                        |
|  b1142 S163 AVGO     limit=0.32                                        |
|  ... 1 more pending order(s)                                           |
+========================================================================+
+========================================================================+
|[PENDING EXITS (2)]                                                     |
+========================================================================+
|  b96  S211 DKNG260904C00026500 x1 stop_loss (-66.7%)                   |
|  b1055 S165 MARA260904C00010500 x1 take_profit (+531.0%                |
+========================================================================+
+========================================================================+
|[OPEN OPTIONS (26)]                                                     |
+========================================================================+
|  SYMBOL                      QTY    RET%        OPEN P&L               |
|  ---------------------------------------------------------             |
|  MARA260904C00011000           8   +971.4%   $   +544.00               |
|  AVGO260904C00362500          12    +43.9%   $   +260.00               |
|  MARA260904C00010500           2   +531.0%   $   +198.60               |
|  AVGO260904C00360000           5    +54.4%   $   +178.00               |
|  MARA260925C00011000           2   +158.3%   $   +163.00               |
|  AVGO260909C00372500           8    +27.6%   $   +128.00               |
|  RBLX260904C00041000          -1   -383.9%   $   -119.00               |
|  AVGO260909C00370000           3    +59.3%   $   +105.00               |
|  ... 18 more position(s)                                               |
+========================================================================+
Full detail: logs/options_trial/runs/2026-09-03.log
elapsed=91.2s reconcile=0.57s cancel=0.14s manage=12.39s scan=53.85s entries=16.57s
STATUS: options_morning_bot run complete (PAPER) elapsed=91.2s. run=#8949 https://github.com/28twagg-ops/TradingBot/actions/runs/33772473210
Evaluation complete: 100 strategies evaluated, 0 killed, 0 promote candidates.
Wrote /home/runner/work/TradingBot/TradingBot/logs/options_trial/reports/2026-09-03_buckets.md
Wrote /home/runner/work/TradingBot/TradingBot/logs/options_trial/reports/2026-09-03_buckets.csv
Summary: 98 buckets closed trades, $+4,697.60 realized
STALE WARNING: 1 bucket(s) with open lots and last_entry >5d
Wrote /home/runner/work/TradingBot/TradingBot/logs/options_trial/reports/2026-09-03_strategy_selection.md
Wrote /home/runner/work/TradingBot/TradingBot/logs/options_trial/reports/2026-09-03_strategy_selection.csv
Summary: keep=0 watch=82 drop=23
Orphan rate: 12.7% (348/2736) ALERT
# Options signal frequency

_Generated 2026-09-03T11:27:50.342983_

Headline counts are **unique (strategy, underlying, date)** from `ENTRY` lines in `logs/options_trial/runs/*.log`.
Raw log-line counts (multi-bucket duplicates) are shown below for debug.

### Unique underlying symbols per day (headline)

| Date       | S163 | S164 | S165 | S166 | S167 | S168 | S169 | S170 | S171 | S172 | S175 | S173 | S174 | Total |
|------------|-----:|-----:|-----:|-----:|-----:|-----:|-----:|-----:|-----:|-----:|-----:|-----:|-----:|------:|
| 2026-07-07 |    0 |    0 |    0 |    0 |    0 |    0 |    0 |    0 |    0 |    0 |    0 |    1 |    0 |     1 |
| 2026-07-08 |    0 |    0 |    3 |    0 |    0 |    0 |    0 |    0 |    0 |    0 |    0 |    2 |    1 |     6 |
| 2026-07-09 |    0 |    0 |    1 |    0 |    0 |    0 |    0 |    0 |    0 |    0 |    0 |    2 |    3 |     6 |
| 2026-07-10 |    0 |    0 |    1 |    0 |    0 |    0 |    0 |    0 |    0 |    0 |    0 |    1 |    1 |     3 |
| 2026-07-13 |    0 |    0 |    2 |    0 |    0 |    0 |    0 |    0 |    0 |    0 |    0 |    3 |    2 |     7 |
| 2026-07-14 |    0 |    0 |    3 |    0 |    0 |    0 |    0 |    0 |    0 |    0 |    0 |    2 |    0 |     5 |
| 2026-07-16 |    0 |    0 |    2 |    0 |    0 |    0 |    0 |    0 |    0 |    0 |    0 |    3 |    0 |     5 |
| 2026-07-17 |    0 |    0 |    2 |    0 |    0 |    0 |    0 |    0 |    0 |    0 |    0 |    2 |    0 |     4 |
| 2026-07-20 |    0 |    0 |    0 |    0 |    0 |    0 |    0 |    0 |    0 |    0 |    0 |    1 |    0 |     1 |
| 2026-07-21 |    1 |    2 |    1 |    1 |    2 |    2 |    0 |    0 |    0 |    0 |    0 |    0 |    0 |     9 |
| 2026-07-22 |    1 |    1 |    1 |    0 |    1 |    0 |    0 |    0 |    0 |    0 |    0 |    0 |    0 |     4 |
| 2026-07-24 |    1 |    1 |    1 |    0 |    1 |    1 |    0 |    0 |    0 |    0 |    0 |    0 |    0 |     5 |
| 2026-07-27 |    1 |    0 |    1 |    1 |    1 |    1 |    0 |    0 |    0 |    0 |    0 |    0 |    0 |     5 |
| 2026-07-28 |    1 |    1 |    1 |    1 |    1 |    1 |    0 |    0 |    0 |    0 |    0 |    0 |    0 |     6 |
| 2026-07-29 |    1 |    2 |    1 |    1 |    1 |    0 |    0 |    0 |    0 |    0 |    0 |    0 |    0 |     6 |
| 2026-09-01 |    2 |    2 |    2 |    1 |    2 |    2 |    0 |    0 |    0 |    0 |    0 |    0 |    0 |    11 |
| 2026-09-02 |    1 |    1 |    1 |    1 |    1 |    1 |    0 |    0 |    0 |    0 |    0 |    0 |    0 |     6 |
| 2026-09-03 |    1 |    1 |    1 |    1 |    1 |    1 |    0 |    0 |    0 |    0 |    0 |    0 |    0 |     6 |

## Per-strategy summary (unique underlyings)

| Strategy | Unique entries | Active days | Avg unique / active day | Est. active days to n=30 exits* |
|----------|---------------:|------------:|------------------------:|--------------------------------|
| S163 | 10 | 9 | 1.1 | ~34 active signal-days |
| S164 | 11 | 8 | 1.4 | ~28 active signal-days |
| S165 | 24 | 16 | 1.5 | ~25 active signal-days |
| S166 | 7 | 7 | 1.0 | ~38 active signal-days |
| S167 | 11 | 9 | 1.2 | ~31 active signal-days |
| S168 | 9 | 7 | 1.3 | ~30 active signal-days |
| S169 | 0 | 0 | 0.0 | inf (no unique entries yet) |
| S170 | 0 | 0 | 0.0 | inf (no unique entries yet) |
| S171 | 0 | 0 | 0.0 | inf (no unique entries yet) |
| S172 | 0 | 0 | 0.0 | inf (no unique entries yet) |
| S175 | 0 | 0 | 0.0 | inf (no unique entries yet) |
| S173 | 17 | 9 | 1.9 | ~20 active signal-days |
| S174 | 7 | 4 | 1.8 | ~22 active signal-days |

\* Formula: `ceil(30 / (avg_unique_per_active_day * 80%))`. Update when real exit rates are known.

## Signal frequency by window (all time, unique strategy×symbol×date×window)

| Window | S163 | S164 | S165 | S166 | S167 | S168 | S169 | S170 | S171 | S172 | S175 | S173 | S174 | Total |
|--------|-----:|-----:|-----:|-----:|-----:|-----:|-----:|-----:|-----:|-----:|-----:|-----:|-----:|------:|
| w1     |    4 |    3 |    8 |    2 |    4 |    3 |    0 |    0 |    0 |    0 |    0 |    7 |    1 |    32 |
| w2     |    6 |    5 |   11 |    6 |    6 |    5 |    0 |    0 |    0 |    0 |    0 |    6 |    3 |    48 |
| w3     |    8 |    6 |   13 |    5 |    7 |    6 |    0 |    0 |    0 |    0 |    0 |    7 |    4 |    56 |
| w4     |    6 |    4 |   10 |    3 |    5 |    6 |    0 |    0 |    0 |    0 |    0 |    6 |    3 |    43 |

Windows (ET): w1 09:28–10:05 · w2 10:05–10:45 · w3 10:45–11:20 · w4 11:20–11:35. Parsed from controlled-layout profile names in ENTRY log lines.

## Raw vs unique totals

| Strategy | Raw log lines (includes multi-bucket duplicates) | Unique underlying symbols |
|----------|-------------------------------------------------:|--------------------------:|
| S163 | 233 | 10 |
| S164 | 249 | 11 |
| S165 | 1695 | 24 |
| S166 | 125 | 7 |
| S167 | 249 | 11 |
| S168 | 180 | 9 |
| S169 | 0 | 0 |
| S170 | 0 | 0 |
| S171 | 0 | 0 |
| S172 | 0 | 0 |
| S175 | 0 | 0 |
| S173 | 1911 | 17 |
| S174 | 891 | 7 |

### Raw log lines per day (debug / multi-bucket)

| Date       | S163 | S164 | S165 | S166 | S167 | S168 | S169 | S170 | S171 | S172 | S175 | S173 | S174 | Total |
|------------|-----:|-----:|-----:|-----:|-----:|-----:|-----:|-----:|-----:|-----:|-----:|-----:|-----:|------:|
| 2026-07-07 |    0 |    0 |    0 |    0 |    0 |    0 |    0 |    0 |    0 |    0 |    0 |  100 |    0 |   100 |
| 2026-07-08 |    0 |    0 |  100 |    0 |    0 |    0 |    0 |    0 |    0 |    0 |    0 |  100 |  100 |   300 |
| 2026-07-09 |    0 |    0 |   24 |    0 |    0 |    0 |    0 |    0 |    0 |    0 |    0 |  100 |   15 |   139 |
| 2026-07-10 |    0 |    0 |  242 |    0 |    0 |    0 |    0 |    0 |    0 |    0 |    0 |  230 |  202 |   674 |
| 2026-07-13 |    0 |    0 |  190 |    0 |    0 |    0 |    0 |    0 |    0 |    0 |    0 |  212 |  188 |   590 |
| 2026-07-14 |    0 |    0 |  194 |    0 |    0 |    0 |    0 |    0 |    0 |    0 |    0 |  185 |  106 |   485 |
| 2026-07-15 |    0 |    0 |  146 |    0 |    0 |    0 |    0 |    0 |    0 |    0 |    0 |  154 |   58 |   358 |
| 2026-07-16 |    0 |    0 |  179 |    0 |    0 |    0 |    0 |    0 |    0 |    0 |    0 |  205 |   58 |   442 |
| 2026-07-17 |    0 |    0 |  127 |    0 |    0 |    0 |    0 |    0 |    0 |    0 |    0 |  207 |   58 |   392 |
| 2026-07-20 |    0 |    0 |  107 |    0 |    0 |    0 |    0 |    0 |    0 |    0 |    0 |  143 |   58 |   308 |
| 2026-07-21 |   30 |   35 |  113 |   30 |   35 |   35 |    0 |    0 |    0 |    0 |    0 |  118 |   48 |   444 |
| 2026-07-22 |   40 |   47 |   86 |   15 |   45 |   20 |    0 |    0 |    0 |    0 |    0 |   77 |    0 |   330 |
| 2026-07-23 |   30 |   42 |   50 |   15 |   40 |   20 |    0 |    0 |    0 |    0 |    0 |   40 |    0 |   237 |
| 2026-07-24 |   75 |   87 |   85 |   15 |   77 |   55 |    0 |    0 |    0 |    0 |    0 |   40 |    0 |   434 |
| 2026-07-27 |   14 |    0 |   14 |   14 |   14 |   14 |    0 |    0 |    0 |    0 |    0 |    0 |    0 |    70 |
| 2026-07-28 |    6 |    8 |    8 |    8 |    8 |    6 |    0 |    0 |    0 |    0 |    0 |    0 |    0 |    44 |
| 2026-07-29 |   10 |   10 |   10 |    8 |   10 |    0 |    0 |    0 |    0 |    0 |    0 |    0 |    0 |    48 |
| 2026-09-01 |    8 |    6 |    6 |    2 |    6 |    6 |    0 |    0 |    0 |    0 |    0 |    0 |    0 |    34 |
| 2026-09-02 |   10 |   10 |   10 |    2 |   10 |   14 |    0 |    0 |    0 |    0 |    0 |    0 |    0 |    56 |
| 2026-09-03 |   10 |    4 |    4 |   16 |    4 |   10 |    0 |    0 |    0 |    0 |    0 |    0 |    0 |    48 |

## Notes

- Pre-router-fix (before 2026-07-17 commit `56660c9e`): S163/S166 were starved — expect zeros until a post-fix entry-window gap-down day.
- Controlled layout places one ENTRY per matching bucket×strategy; raw counts inflate, unique underlyings do not.


Wrote /home/runner/work/TradingBot/TradingBot/logs/options_trial/reports/signal_frequency.md
## Ledger health — 2026-09-03
| Check                       | Count | Status |
|-----------------------------|------:|--------|
| Current stuck (state)       |     0 | OK |
| Orphaned lots (post-stable) |   981 | WARN | <<<
| Missing exit records (post) |   981 | WARN | <<<
| State/ledger mismatches     |     2 | WARN | <<<
| Total open lots             |    77 | INFO |
| Total closed lots           |  1921 | INFO |
| Pre-cutoff audit debt       |     0 | INFO |
| Transition audit debt       |   744 | INFO |

Wrote /home/runner/work/TradingBot/TradingBot/logs/options_trial/reports/ledger_health.md
Wrote /home/runner/work/TradingBot/TradingBot/logs/options_trial/reports/2026-09-03_data_quality.md
Wrote /home/runner/work/TradingBot/TradingBot/logs/options_trial/reports/2026-09-03_data_quality.csv
Wrote /home/runner/work/TradingBot/TradingBot/logs/options_trial/reports/latest_data_quality.json
Wrote /home/runner/work/TradingBot/TradingBot/logs/options_trial/reports/latest_data_quality_snippet.md
CLEAN n=964 med=-25.0% | TAINTED n=1772 med=-39.0% | KEEP-only n=474 med=+49.6% | KILL=18 KEEP=20
Wrote /home/runner/work/TradingBot/TradingBot/logs/dashboard.html
equity=230.37 router=CONFIRMED leaderboard_rows=105
Wrote /home/runner/work/TradingBot/TradingBot/logs/rubber_band_report.md
| 1 | MA_Squeeze | 2 | 100% | +0.56% | +0.56% | +0.17% | 999.00 | 0.0d | $+0.80 | WATCH |
| 2 | unknown | 32 | 19% | -0.03% | -0.59% | -1.27% | 1.44 | 0.0d | $+0.29 | ACTIVE |
