13:26:12  INFO      Mode: summary

+========================================================================+
|  RUBBER BAND BOT  v8                                                   |
+------------------------------------------------------------------------+
|  Mode                                                           SUMMARY|
|  Time                                                         13:26 UTC|
|  Regime                                                            BULL|
|  Universe                                                          both|
|  Equity                                                         $476.39|
+========================================================================+

+========================================================================+
|                             ACCOUNT STATUS                             |
+========================================================================+
|  Equity                                                         $476.39|
|  Cash                                                           $283.49|
|  Regime                                                            BULL|
|  Universe                                                          both|
|  Total invested                                                 $192.90|
|  Open P&L                                                        $+1.13|
+========================================================================+

+========================================================================+
|                        HOLDINGS  (2 positions)                         |
+========================================================================+
|  TICKER   STRATEGY        INVESTED   ENTRY    NOW      P&L%    P&L$    |
+------------------------------------------------------------------------+
|  AES      Pullback50      $96.50     $14.64   $14.64   +0.0%   $+0.03  |
|  CSCO     Pullback50      $96.40     $113.43  $114.74  +1.2%   $+1.10  |
|                                                                        |
|  Total invested                                                 $192.90|
|  Total open P&L                                                  $+1.13|
+========================================================================+

+========================================================================+
|                        EXIT LOGIC ACTIVE  (v8)                         |
+========================================================================+
|  Profit target                              price > 20-day MA (midline)|
|  Stop loss                                             -0.5% from entry|
|  Time stop                                          max 3 calendar days|
+========================================================================+

+========================================================================+
|                          RECENT TRANSACTIONS                           |
+========================================================================+
|  2026-07-08  SELL  ATO  Pullback50  $96.20  P&L $-0.35                 |
|  2026-07-08  SELL  MAR  Pullback50  $96.50  P&L $-0.52                 |
|  2026-07-08  SELL  DECK  Pullback50  $87.47  P&L $-2.12                |
|  2026-07-07  SELL  CF  Pullback50  $96.37  P&L $-0.08                  |
|  2026-07-07  SELL  TRGP  Pullback50  $93.03  P&L $+3.55                |
|  2026-07-07  SELL  F  Pullback50  $6.61  P&L $-0.08                    |
+========================================================================+
