options_reconcile: state=/home/runner/work/TradingBot/TradingBot/logs/options_trial/_state/lab_state.json
  open_lots=43 paper_keys=yes dry_run=False
  alpaca positions=16
options_reconcile: done
Layout: controlled:1024:lab0000_s200_w1_0928_1005_r1 (layout changed controlled:100:c000_s173_w1_0928_1005_r1 -> controlled:1024:lab0000_s200_w1_0928_1005_r1)
Trial layout: /home/runner/work/TradingBot/TradingBot/logs/options_trial
Docs:         skipped (local docs unavailable on this runner)
Buckets:      1024
=== options_morning_bot (PAPER) 2026-08-18T09:26:49.038220-04:00 ===

[Run context]
After hours (09:26 ET) — exit summary only.
2026-08-18 09:26:49,324 WARNING paper get_account failed attempt 1/6 (transient): {"code":50010000,"message":"internal server error occurred"}; sleep 8s
2026-08-18 09:26:57,402 WARNING paper get_account failed attempt 2/6 (transient): {"code":50010000,"message":"internal server error occurred"}; sleep 16s
2026-08-18 09:27:13,479 WARNING paper get_account failed attempt 3/6 (transient): {"code":50010000,"message":"internal server error occurred"}; sleep 24s
2026-08-18 09:27:37,572 WARNING paper get_account failed attempt 4/6 (transient): {"code":50010000,"message":"internal server error occurred"}; sleep 32s
2026-08-18 09:28:09,650 WARNING paper get_account failed attempt 5/6 (transient): {"code":50010000,"message":"internal server error occurred"}; sleep 40s
2026-08-18 09:28:49,750 ERROR paper get_account failed after 6 attempts: {"code":50010000,"message":"internal server error occurred"}
WARN: get_account failed ({"code":50010000,"message":"internal server error occurred"}) but positions OK (n=16). Keys are fine; Alpaca account endpoint is flaky. Continuing manage/exits; skipping new entries until equity is readable.
2026-08-18 09:28:49,904 WARNING paper get_account failed attempt 1/6 (transient): {"code":50010000,"message":"internal server error occurred"}; sleep 8s
2026-08-18 09:28:57,981 WARNING paper get_account failed attempt 2/6 (transient): {"code":50010000,"message":"internal server error occurred"}; sleep 16s
2026-08-18 09:29:14,080 WARNING paper get_account failed attempt 3/6 (transient): {"code":50010000,"message":"internal server error occurred"}; sleep 24s
2026-08-18 09:29:38,160 WARNING paper get_account failed attempt 4/6 (transient): {"code":50010000,"message":"internal server error occurred"}; sleep 32s
2026-08-18 09:30:10,258 WARNING paper get_account failed attempt 5/6 (transient): {"code":50010000,"message":"internal server error occurred"}; sleep 40s
2026-08-18 09:30:50,339 ERROR paper get_account failed after 6 attempts: {"code":50010000,"message":"internal server error occurred"}
2026-08-18 09:30:50,526 WARNING lab get_account failed attempt 1/3: {"code":50010000,"message":"internal server error occurred"}
