19:31:53  INFO      Mode: evening_prep
19:31:53  INFO        Universe cache hit: 903 tickers (tickers_2026-09-25.json)
19:31:55  INFO        [prep_universe] 40/903 (40 valid)
19:31:56  INFO        [prep_universe] 80/903 (80 valid)
19:31:57  INFO        [prep_universe] 120/903 (120 valid)
19:31:59  INFO        [prep_universe] 160/903 (160 valid)
19:32:00  INFO        [prep_universe] 200/903 (199 valid)
19:32:07  INFO        [prep_universe] 240/903 (238 valid)
19:32:21  INFO        [prep_universe] 280/903 (278 valid)
19:32:31  INFO        [prep_universe] 320/903 (318 valid)
19:32:44  INFO        [prep_universe] 360/903 (358 valid)
19:32:54  INFO        [prep_universe] 400/903 (398 valid)
19:33:07  INFO        [prep_universe] 440/903 (438 valid)
19:33:20  INFO        [prep_universe] 480/903 (478 valid)
19:33:31  INFO        [prep_universe] 520/903 (518 valid)
19:33:44  INFO        [prep_universe] 560/903 (558 valid)
19:33:54  INFO        [prep_universe] 600/903 (598 valid)
19:34:07  INFO        [prep_universe] 640/903 (638 valid)
19:34:21  INFO        [prep_universe] 680/903 (678 valid)
19:34:31  INFO        [prep_universe] 720/903 (718 valid)
19:34:44  INFO        [prep_universe] 760/903 (758 valid)
19:34:54  INFO        [prep_universe] 800/903 (798 valid)
19:35:08  INFO        [prep_universe] 840/903 (838 valid)
19:35:18  INFO        [prep_universe] 880/903 (878 valid)
19:35:25  INFO        [prep_universe] 903/903 (901 valid)

+========================================================================+
|  RUBBER BAND BOT  v8                                                   |
+------------------------------------------------------------------------+
|  Mode                                                      EVENING_PREP|
|  Time                                                         19:31 UTC|
|  Regime                                                            BULL|
|  Universe                                                          both|
|  Equity                                                         $223.86|
+========================================================================+

+========================================================================+
|                              EVENING PREP                              |
+========================================================================+
|  Goal                   Precompute exits/signals for next execution run|
|  Plan file                                 logs/plans/evening_plan.json|
|  Regime                                                            BULL|
+========================================================================+

+========================================================================+
|                       OPEN POSITION P&L SNAPSHOT                       |
+========================================================================+
|  Open positions                                                       0|
|  Invested                                                         $0.00|
|  Open P&L                                                        $+0.00|
|                                                                        |
|  No open positions.                                                    |
|                                                                        |
+========================================================================+

+========================================================================+
|                            OPEN SELL ORDERS                            |
+========================================================================+
|  Count                                                                0|
|                                                                        |
|  No open sell orders.                                                  |
|                                                                        |
+========================================================================+

+========================================================================+
|                              PREP SUMMARY                              |
+========================================================================+
|  Saved                                                              yes|
|  Exit candidates                                                      0|
|  Signal candidates                                                   36|
|  Universe scanned                                                   903|
+========================================================================+
