13:47:37  INFO      Mode: morning_scan
13:47:38  INFO        [positions] 1/1 (1 valid)
13:47:38  INFO        SELL LIMIT MO  qty=0.492025189  limit=$69.14  id=bfb5a6f9-e925-417f-84c6-64edfb86ed2a
13:48:09  INFO        SELL LIMIT filled MO (confirmed by position check)
13:48:09  INFO        TX logged: SELL MO  P&L 1.75%
13:48:09  INFO        Universe cache hit: 903 tickers (tickers_2026-10-07.json)
13:48:10  INFO        [universe] 40/903 (40 valid)
13:48:11  INFO        [universe] 80/903 (80 valid)
13:48:13  INFO        [universe] 120/903 (120 valid)
13:48:14  INFO        [universe] 160/903 (160 valid)
13:48:15  INFO        [universe] 200/903 (199 valid)
13:48:23  INFO        [universe] 240/903 (238 valid)
13:48:33  INFO        [universe] 280/903 (278 valid)
13:48:47  INFO        [universe] 320/903 (318 valid)
13:48:57  INFO        [universe] 360/903 (358 valid)
13:49:11  INFO        [universe] 400/903 (398 valid)
13:49:24  INFO        [universe] 440/903 (438 valid)
13:49:34  INFO        [universe] 480/903 (478 valid)
13:49:48  INFO        [universe] 520/903 (518 valid)
13:49:58  INFO        [universe] 560/903 (558 valid)
13:50:12  INFO        [universe] 600/903 (598 valid)
13:50:22  INFO        [universe] 640/903 (638 valid)
13:50:35  INFO        [universe] 680/903 (678 valid)
13:50:46  INFO        [universe] 720/903 (718 valid)
13:50:59  INFO        [universe] 760/903 (758 valid)
13:51:10  INFO        [universe] 800/903 (798 valid)
13:51:23  INFO        [universe] 840/903 (838 valid)
