13:26:16  INFO      Mode: summary

+========================================================================+
|  RUBBER BAND BOT  v8                                                   |
+------------------------------------------------------------------------+
|  Mode                                                           SUMMARY|
|  Time                                                         13:26 UTC|
|  Regime                                                            BULL|
|  Universe                                                          both|
|  Equity                                                         $224.22|
+========================================================================+

+========================================================================+
|                             ACCOUNT STATUS                             |
+========================================================================+
|  Equity                                                         $224.22|
|  Cash                                                           $157.20|
|  Regime                                                            BULL|
|  Universe                                                          both|
|  Total invested                                                  $67.02|
|  Open P&L                                                        $-0.44|
+========================================================================+

+========================================================================+
|                     STOCK HOLDINGS  (2 positions)                      |
+========================================================================+
|  TICKER   STRATEGY        INVESTED   ENTRY    NOW      P&L%    P&L$    |
+------------------------------------------------------------------------+
|  COP      Pullback50      $33.51     $127.75  $127.00  -0.6%   $-0.20  |
|  KNF      MomReversal     $33.51     $53.69   $53.31   -0.7%   $-0.24  |
|                                                                        |
|  Total invested                                                  $67.02|
|  Total open P&L                                                  $-0.44|
+========================================================================+

+========================================================================+
|                     OPTION HOLDINGS  (0 contracts)                     |
+========================================================================+
|                                                                        |
|  No open option positions.                                             |
|                                                                        |
+========================================================================+

+========================================================================+
|                        EXIT LOGIC ACTIVE  (v8)                         |
+========================================================================+
|  Profit target                              price > 20-day MA (midline)|
|  Stop loss                                             -0.5% from entry|
|  Time stop                                          max 3 calendar days|
+========================================================================+

+========================================================================+
|                          RECENT TRANSACTIONS                           |
+========================================================================+
|  2026-09-24  SELL  AES  Pullback50  $33.74  P&L $-0.02                 |
|  2026-09-24  SELL  AES  Pullback50  $33.87  P&L $+0.06                 |
|  2026-09-24  SELL  COHR  Pullback50  $33.50  P&L $-0.31                |
|  2026-09-24  SELL  MO  Pullback50  $34.33  P&L $+0.65                  |
|  2026-09-24  SELL  MLM  MomReversal  $33.41  P&L $-0.27                |
|  2026-09-23  SELL  ADM  Pullback50  $33.46  P&L $-0.25                 |
+========================================================================+
