options_reconcile: state=/home/runner/work/TradingBot/TradingBot/logs/options_trial/_state/lab_state.json
  open_lots=121 paper_keys=yes dry_run=False
  alpaca positions=31
options_reconcile: done
Layout: controlled:1164:live_1to1+variations (layout changed controlled:100:c000_s173_w1_0928_1005_r1 -> controlled:1164:live_1to1+variations)
Trial layout: /home/runner/work/TradingBot/TradingBot/logs/options_trial
Docs:         skipped (local docs unavailable on this runner)
Buckets:      1164
PROBE FAIL: {"code":50010000,"message":"internal server error occurred"}
paper probe failed (non-fatal)
=== options_morning_bot (PAPER) 2026-09-07T09:34:39.775672-04:00 ===

[Run context]
2026-09-07 09:34:40,001 WARNING paper get_account failed attempt 1/3 (transient): {"code":50010000,"message":"internal server error occurred"}; sleep 2s
2026-09-07 09:34:42,121 WARNING paper get_account failed attempt 2/3 (transient): {"code":50010000,"message":"internal server error occurred"}; sleep 4s
2026-09-07 09:34:46,208 ERROR paper get_account failed after 3 attempts: {"code":50010000,"message":"internal server error occurred"}
WARN: get_account failed ({"code":50010000,"message":"internal server error occurred"}) but positions OK (n=31). Keys are fine; Alpaca account endpoint is flaky. Using cached equity $1005125.39.
2026-09-07 09:34:46,355 WARNING paper get_account failed attempt 1/2 (transient): {"code":50010000,"message":"internal server error occurred"}; sleep 2s
2026-09-07 09:34:48,429 ERROR paper get_account failed after 2 attempts: {"code":50010000,"message":"internal server error occurred"}
WARN: using cached paper equity $1005125.39 (get_account: {"code":50010000,"message":"internal server error occurred"})
2026-09-07 09:34:48,536 WARNING lab get_account failed attempt 1/2: {"code":50010000,"message":"internal server error occurred"}
2026-09-07 09:34:50,607 ERROR lab get_account failed after 2 attempts: {"code":50010000,"message":"internal server error occurred"}

[Setup]
LIVE 1:1 bucket b90 live_1to1 — S218, S404, S406 | TP+50%/SL-40% | stop-mkt | min $20
Variation study: 1163 lab/promising bucket(s) | cohort: all paper strategies | max 400 new entries/run
Dropped (no new entries; ex-reflected P&L): S203, S207, S212, S360, S405, S407
  EXIT [b20|lab0020_s202_w3_1045_1120_r1|S202] stop_loss (-68.8%) SELL failed PATH260911C00016500: {"code":40310000,"message":"account not eligible to trade uncovered option contracts"}
Protective stops: placed=0 upgraded=0 already=23 failed=6 (market-first)

[Scan + entries]
Scanning 117 symbols for [S165, S164, S168, S167, S166, S163, S169, S170, S171, S172, S175, S200, S201, S202, S204, S205, S206, S208, S209, S210, S211, S213, S214, S215, S216, S217, S218, S219, S220, S221, S400, S401, S402, S403, S350, S351, S352, S353, S354, S355, S356, S357, S358, S359, S361, S362, S363, S364, S365, S366, S367, S368, S369, S370, S371, S372, S373, S374, S375, S376, S377, S378, S379, S380, S381, S382, S383, S384, S385, S386, S387, S388, S389, S390, S391, S392, S393, S394, S413, S414, S415, S416, S417, S418, S395, S396, S397, S398, S399, S404, S406, S408, S409, S410, S411, S412, S413, S414, S415, S416, S417, S418, S419] …
Fetched daily bars for 113/117 symbols
