Layout: controlled:100:c000_s173_w1_0928_1005_r1
Trial layout: /home/runner/work/TradingBot/TradingBot/logs/options_trial
Docs:         skipped (local docs unavailable on this runner)
Buckets:      100
=== options_morning_bot (PAPER) 2026-07-13T12:55:47.260486-04:00 ===

[Run context]
Paper auth OK — equity $130743.53, account PA36KS87UPRS

[Setup]
Active buckets: 100 | Strategies: S173, S174, S165, S166, S163

[Manage only]
Past entry window; manage/exit only.

[Portfolio snapshot]
+========================================================================+
|  OPTIONS BOT SUMMARY                                                   |
+------------------------------------------------------------------------+
|  Mode                          manage-only                             |
|  Equity                        $130,743.53                             |
|  Signals this run              0                                       |
|  Orders submitted (session)    44                                      |
|  Orders filled today (ledger)  67                                      |
|  Entries placed this run       0                                       |
|  Open virtual lots             66                                      |
|  Broker option positions       7                                       |
|  Pending orders                0                                       |
+========================================================================+
+========================================================================+
|  BUCKET LEADERBOARD                                                    |
+------------------------------------------------------------------------+
|  All-time  trades=180  buckets=55  win=54%                             |
|  Returns   avg=+9.1%  med=+11.6%  p10=-84.6%  p90=+68.6%               |
|  Realized  $+6,219.58                                                  |
|  Today     trades=41  avg=+9.7%  med=-52.1%  real=$-684.00             |
+------------------------------------------------------------------------+
|  BKT PROFILE               N  WIN  AVG%   MED%   BEST%  REAL$          |
+------------------------------------------------------------------------+
|  b62  c062_s173_w3_1045_  2  50% +520.0 +520.0 +1100.0 $    +52        |
|  b60  c060_s173_w1_0928_  2 100% +87.7 +87.7 +96.7 $    +55            |
|  b40  c040_s173_w1_0928_  2 100% +68.8 +68.8 +83.3 $    +44            |
|  b70  c070_s165_w3_1045_  1 100% +59.1 +59.1 +59.1 $    +28            |
|  b58  c058_s163_w3_1045_  1 100% +59.1 +59.1 +59.1 $    +25            |
|  b73  c073_s166_w2_1005_  1 100% +55.6 +55.6 +55.6 $    +36            |
|  b20  c020_s173_w1_0928_  1 100% +54.3 +54.3 +54.3 $    +19            |
|  b92  c092_s166_w1_0928_  2 100% +53.6 +53.6 +70.8 $    +95            |
|  ... 47 more bucket(s) with exits                                      |
+------------------------------------------------------------------------+
|  Low  b64  c064_s174_w1_0928_  4  25% -61.4 -93.3 -93.3 $   -141       |
+========================================================================+
+========================================================================+
|  PENDING EXITS (3)                                                     |
+------------------------------------------------------------------------+
|  b85  S174 INTC260713C00114000 x1 stop_loss (-91.7%)                   |
|  b70  S165 INTC260713C00115000 x1 stop_loss (-98.3%)                   |
|  b42  S173 AMD260713C00560000 x1 stop_loss (-69.8%)                    |
+========================================================================+
+========================================================================+
|  OPEN OPTIONS (7)                                                      |
+------------------------------------------------------------------------+
|  SYMBOL                      QTY    RET%        OPEN P&L               |
|------------------------------------------------------------------------|
|  INTC260713C00115000          29   -100.0%   $ -1,720.06               |
|  INTC260713C00114000           8   -100.0%   $   -575.47               |
|  AMD260713C00560000            7    -96.8%   $   -426.13               |
|  INTC260715C00113000          10    -43.5%   $   -246.00               |
|  SMCI260717C00029000           8    -22.5%   $   -114.00               |
|  HL260717C00015000             3    -27.6%   $    -55.00               |
|  NEM260717C00100000            1    -42.4%   $    -14.00               |
+========================================================================+
Full detail: logs/options_trial/runs/2026-07-13.log
elapsed=6.3s reconcile=3.79s cancel=0.15s manage=1.95s
STATUS: options_morning_bot run complete (PAPER) elapsed=6.3s. run=#3751 https://github.com/28twagg-ops/TradingBot/actions/runs/29268355773
Wrote /home/runner/work/TradingBot/TradingBot/logs/options_trial/reports/2026-07-13_buckets.md
Wrote /home/runner/work/TradingBot/TradingBot/logs/options_trial/reports/2026-07-13_buckets.csv
Summary: 14 buckets closed trades, $-684.00 realized
Wrote /home/runner/work/TradingBot/TradingBot/logs/options_trial/reports/2026-07-13_strategy_selection.md
Wrote /home/runner/work/TradingBot/TradingBot/logs/options_trial/reports/2026-07-13_strategy_selection.csv
Summary: keep=0 watch=4 drop=1
