20:05:43  INFO      Mode: ext_exits
20:05:44  INFO        Daily log -> logs/daily/2026-07-10.md
20:05:44  INFO        Daily log reconciled -> logs/daily/2026-07-10.md (3 ledger rows)
20:05:44  INFO        Daily log -> logs/daily/2026-07-10.md

+========================================================================+
|  RUBBER BAND BOT  v8                                                   |
+------------------------------------------------------------------------+
|  Mode                                                         EXT_EXITS|
|  Time                                                         20:05 UTC|
|  Regime                                                            BULL|
|  Universe                                                          both|
|  Equity                                                         $483.87|
+========================================================================+

+========================================================================+
|                       EXIT CHECK [EXTENDED HRS]                        |
+========================================================================+
|  Exit log~  stop-0.5% / 3d max  (midline skipped — close already final)|
+------------------------------------------------------------------------+
|  CHD  P&L -0.1%  $-0.08          HOLDING until 9:35am scan (Pullback50)|
|  CMI  P&L +0.2%  $+0.18          HOLDING until 9:35am scan (Pullback50)|
|  HST  P&L +0.7%  $+0.11          HOLDING until 9:35am scan (Pullback50)|
|  CARR  P&L +2.1%  $+2.02         HOLDING until 9:35am scan (Pullback50)|
+========================================================================+

+========================================================================+
|                          EXTENDED HOURS SELLS                          |
+========================================================================+
|                                                                        |
|  No extended-hours sells this run.                                     |
|                                                                        |
+========================================================================+

+========================================================================+
|                            EXIT RUN SUMMARY                            |
+========================================================================+
|  Mode                                                         ext_exits|
|  Candidates                                                           4|
|  Deferred/Skipped                                      already logged 0|
|  Data skips                                             no price data 0|
|  Se~  0 attempted  |  0 filled  |  0 partial  |  0 pending  |  0 failed|
|  Holds                                                                4|
|  Logged exits                                                         0|
+========================================================================+

+========================================================================+
|                      STOP-LOSS BREACHES THIS RUN                       |
+========================================================================+
|  None                                                                  |
+========================================================================+
|  Stop-loss look file                  logs/stop_losses_to_look_into.txt|
|  New investigations added                                             0|
+========================================================================+
