13:31:21  INFO      Mode: morning_prep
13:31:22  INFO        [prep_positions] 2/2 (2 valid)
13:31:22  INFO      Fetching tickers (universe=both)...
13:31:22  INFO        S&P 500: 503
13:31:22  INFO        MidCap 400: 400
13:31:22  INFO        Total: 903 tickers
13:31:23  INFO        [prep_universe] 40/901 (40 valid)
13:31:25  INFO        [prep_universe] 80/901 (80 valid)
13:31:26  INFO        [prep_universe] 120/901 (120 valid)
13:31:28  INFO        [prep_universe] 160/901 (160 valid)
13:31:29  INFO        [prep_universe] 200/901 (199 valid)
13:31:37  INFO        [prep_universe] 240/901 (238 valid)
13:31:46  INFO        [prep_universe] 280/901 (278 valid)
13:31:59  INFO        [prep_universe] 320/901 (318 valid)
13:32:13  INFO        [prep_universe] 360/901 (358 valid)
13:32:23  INFO        [prep_universe] 400/901 (398 valid)
13:32:36  INFO        [prep_universe] 440/901 (438 valid)
13:32:47  INFO        [prep_universe] 480/901 (477 valid)
13:33:00  INFO        [prep_universe] 520/901 (517 valid)
13:33:13  INFO        [prep_universe] 560/901 (557 valid)
13:33:23  INFO        [prep_universe] 600/901 (597 valid)
13:33:36  INFO        [prep_universe] 640/901 (637 valid)
13:33:47  INFO        [prep_universe] 680/901 (677 valid)
13:34:00  INFO        [prep_universe] 720/901 (717 valid)
13:34:13  INFO        [prep_universe] 760/901 (757 valid)
13:34:23  INFO        [prep_universe] 800/901 (797 valid)
13:34:36  INFO        [prep_universe] 840/901 (837 valid)
13:34:49  INFO        [prep_universe] 880/901 (877 valid)
13:34:55  INFO        [prep_universe] 901/901 (898 valid)

+========================================================================+
|  RUBBER BAND BOT  v8                                                   |
+------------------------------------------------------------------------+
|  Mode                                                      MORNING_PREP|
|  Time                                                         13:31 UTC|
|  Regime                                                            BULL|
|  Universe                                                          both|
|  Equity                                                         $225.48|
+========================================================================+

+========================================================================+
|                              MORNING PREP                              |
+========================================================================+
|  Goal                   Precompute exits/signals for next execution run|
|  Plan file                                 logs/plans/morning_plan.json|
|  Regime                                                            BULL|
+========================================================================+

+========================================================================+
|                       OPEN POSITION P&L SNAPSHOT                       |
+========================================================================+
|  Open positions                                                       2|
|  Invested                                                        $68.84|
|  Open P&L                                                        $+1.36|
|  TICKER   STRATEGY        INVESTED   ENTRY    NOW      P&L%    P&L$    |
+------------------------------------------------------------------------+
|  BAC      MomReversal     $33.94     $53.41   $53.58   +0.3%   $+0.11  |
|  OC       MomReversal     $34.90     $113.39  $117.59  +3.7%   $+1.25  |
+========================================================================+

+========================================================================+
|                            OPEN SELL ORDERS                            |
+========================================================================+
|  Count                                                                0|
|                                                                        |
|  No open sell orders.                                                  |
|                                                                        |
+========================================================================+

+========================================================================+
|                              PREP SUMMARY                              |
+========================================================================+
|  Saved                                                              yes|
|  Exit candidates                                                      0|
|  Signal candidates                                                   51|
|  Universe scanned                                                   901|
+========================================================================+
