Trial layout: /home/runner/work/TradingBot/TradingBot/logs/options_trial
Docs:         /home/runner/work/TradingBot/TradingBot/docs/options_trial
Buckets:      100
=== options_morning_bot (PAPER) 2026-07-09T12:25:38.625545-04:00 ===

[Run context]
Paper auth OK — equity $161733.01, account PA36KS87UPRS

[Setup]
Active buckets: 100 | Strategies: S173, S174, S165, S166, S163

[Manage only]
Past entry window; manage/exit only.

[Portfolio snapshot]
+========================================================================+
|  OPTIONS BOT SUMMARY                                                   |
+------------------------------------------------------------------------+
|  Mode                          manage-only                             |
|  Equity                        $161,733.01                             |
|  Signals this run              0                                       |
|  Entries placed                0                                       |
|  Open option positions         19                                      |
|  Pending orders                0                                       |
+========================================================================+
+========================================================================+
|  OPEN OPTIONS (19)                                                     |
+------------------------------------------------------------------------+
|  SYMBOL                      QTY    RET%        OPEN P&L               |
|------------------------------------------------------------------------|
|  AVGO260710C00400000          49   +946.2%   $+25,925.00               |
|  ANET260710C00185000          22   +945.0%   $ +5,670.00               |
|  CCL260717C00026000           93    +70.5%   $ +4,923.00               |
|  GOOGL260710C00365000         75    -64.6%   $ -3,968.99               |
|  MRNA260710C00085000          54    -83.8%   $ -1,397.00               |
|  PLTR260710C00136000          24    -81.5%   $   -636.00               |
|  GOOGL260710C00367500         24    -60.5%   $   -624.00               |
|  BA260710C00237500            22    -90.6%   $   -422.00               |
|  ... 11 more position(s)                                               |
+========================================================================+
Full detail: logs/options_trial/runs/2026-07-09.log
elapsed=0.4s reconcile=0.15s cancel=0.05s manage=0.04s
STATUS: options_morning_bot run complete (PAPER) elapsed=0.4s.
Wrote /home/runner/work/TradingBot/TradingBot/logs/options_trial/reports/2026-07-09_buckets.md
Wrote /home/runner/work/TradingBot/TradingBot/logs/options_trial/reports/2026-07-09_buckets.csv
Summary: 0 buckets closed trades, $+0.00 realized
Wrote /home/runner/work/TradingBot/TradingBot/logs/options_trial/reports/2026-07-09_strategy_selection.md
Wrote /home/runner/work/TradingBot/TradingBot/logs/options_trial/reports/2026-07-09_strategy_selection.csv
Summary: keep=0 watch=5 drop=0
