13:35:57  INFO      Mode: morning_prep
13:35:57  INFO        [prep_positions] 5/5 (5 valid)
13:35:57  INFO      Fetching tickers (universe=both)...
13:35:57  INFO        S&P 500: 503
13:35:58  INFO        MidCap 400: 400
13:35:58  INFO        Total: 903 tickers
13:35:58  INFO        [prep_universe] 40/898 (40 valid)
13:36:00  INFO        [prep_universe] 80/898 (80 valid)
13:36:01  INFO        [prep_universe] 120/898 (120 valid)
13:36:02  INFO        [prep_universe] 160/898 (160 valid)
13:36:03  INFO        [prep_universe] 200/898 (199 valid)
13:36:13  INFO        [prep_universe] 240/898 (238 valid)
13:36:23  INFO        [prep_universe] 280/898 (278 valid)
13:36:36  INFO        [prep_universe] 320/898 (318 valid)
13:36:49  INFO        [prep_universe] 360/898 (358 valid)
13:36:59  INFO        [prep_universe] 400/898 (397 valid)
13:37:12  INFO        [prep_universe] 440/898 (437 valid)
13:37:25  INFO        [prep_universe] 480/898 (477 valid)
13:37:38  INFO        [prep_universe] 520/898 (517 valid)
13:37:48  INFO        [prep_universe] 560/898 (557 valid)
13:38:01  INFO        [prep_universe] 600/898 (597 valid)
13:38:13  INFO        [prep_universe] 640/898 (637 valid)
13:38:23  INFO        [prep_universe] 680/898 (677 valid)
13:38:36  INFO        [prep_universe] 720/898 (717 valid)
13:38:49  INFO        [prep_universe] 760/898 (757 valid)
13:38:59  INFO        [prep_universe] 800/898 (797 valid)
13:39:12  INFO        [prep_universe] 840/898 (836 valid)
13:39:25  INFO        [prep_universe] 880/898 (876 valid)
13:39:28  INFO        [prep_universe] 898/898 (894 valid)

+========================================================================+
|  RUBBER BAND BOT  v8                                                   |
+------------------------------------------------------------------------+
|  Mode                                                      MORNING_PREP|
|  Time                                                         13:35 UTC|
|  Regime                                                            BULL|
|  Universe                                                          both|
|  Equity                                                         $482.41|
+========================================================================+

+========================================================================+
|                              MORNING PREP                              |
+========================================================================+
|  Goal                   Precompute exits/signals for next execution run|
|  Plan file                                 logs/plans/morning_plan.json|
|  Regime                                                            BULL|
+========================================================================+

+========================================================================+
|                       OPEN POSITION P&L SNAPSHOT                       |
+========================================================================+
|  Open positions                                                       5|
|  Invested                                                       $411.19|
|  Open P&L                                                        $+3.65|
|  TICKER   STRATEGY        INVESTED   ENTRY    NOW      P&L%    P&L$    |
+------------------------------------------------------------------------+
|  AEP      Pullback50      $98.94     $131.94  $135.43  +2.6%   $+2.55  |
|  CARR     Pullback50      $96.10     $67.80   $67.90   +0.1%   $+0.14  |
|  CI       Pullback50      $96.73     $285.49  $286.07  +0.2%   $+0.20  |
|  DTE      Pullback50      $96.71     $147.63  $148.43  +0.5%   $+0.52  |
|  LNT      Pullback50      $22.71     $73.97   $74.74   +1.0%   $+0.24  |
+========================================================================+

+========================================================================+
|                            OPEN SELL ORDERS                            |
+========================================================================+
|  Count                                                                0|
|                                                                        |
|  No open sell orders.                                                  |
|                                                                        |
+========================================================================+

+========================================================================+
|                              PREP SUMMARY                              |
+========================================================================+
|  Saved                                                              yes|
|  Exit candidates                                                      1|
|  Signal candidates                                                   32|
|  Universe scanned                                                   898|
+========================================================================+
