13:46:41  INFO      Mode: morning_scan
13:46:41  INFO        [positions] 2/2 (2 valid)
13:46:41  INFO        SELL order cancelled AAL  type=OrderType.STOP  id=14acd1d7-c302-4c4a-831e-5e02c78c0db7
13:46:41  WARNING     SELL MARKET [urgent] failed AAL: {"available":"0.641206423","code":40310000,"existing_qty":"2.641206423","held_for_orders":"2","message":"insufficient qty available for order (requested: 2.641206423, available: 0.641206423)","symbol":"AAL"}
13:46:41  INFO        SELL LIMIT AAL  qty=2.641206423  limit=$12.83  id=207a66a3-9639-46e1-80fb-b1b2bfffeb8c
13:46:46  INFO        SELL LIMIT filled AAL (confirmed by position check)
13:46:46  INFO        TX logged: SELL AAL  P&L -0.63%
13:46:46  INFO        Universe cache hit: 903 tickers (tickers_2026-09-16.json)
13:46:47  INFO        [universe] 40/902 (40 valid)
13:46:48  INFO        [universe] 80/902 (80 valid)
13:46:50  INFO        [universe] 120/902 (120 valid)
13:46:51  INFO        [universe] 160/902 (160 valid)
13:46:52  INFO        [universe] 200/902 (199 valid)
13:46:59  INFO        [universe] 240/902 (238 valid)
13:47:12  INFO        [universe] 280/902 (278 valid)
13:47:25  INFO        [universe] 320/902 (318 valid)
13:47:35  INFO        [universe] 360/902 (358 valid)
13:47:48  INFO        [universe] 400/902 (398 valid)
13:48:01  INFO        [universe] 440/902 (438 valid)
13:48:11  INFO        [universe] 480/902 (478 valid)
13:48:24  INFO        [universe] 520/902 (518 valid)
13:48:37  INFO        [universe] 560/902 (558 valid)
13:48:47  INFO        [universe] 600/902 (598 valid)
13:49:00  INFO        [universe] 640/902 (638 valid)
13:49:13  INFO        [universe] 680/902 (678 valid)
13:49:23  INFO        [universe] 720/902 (718 valid)
13:49:36  INFO        [universe] 760/902 (758 valid)
13:49:49  INFO        [universe] 800/902 (798 valid)
13:49:59  INFO        [universe] 840/902 (838 valid)
13:50:12  INFO        [universe] 880/902 (878 valid)
13:50:19  INFO        [universe] 902/902 (900 valid)

+========================================================================+
|  RUBBER BAND BOT  v8                                                   |
+------------------------------------------------------------------------+
|  Mode                                                      MORNING_SCAN|
|  Time                                                         13:46 UTC|
|  Regime                                                            BULL|
|  Universe                                                          both|
|  Equity                                                         $225.20|
+========================================================================+

+========================================================================+
|                   RUBBER BAND BOT v8  --  DAILY SCAN                   |
+========================================================================+
|  Mode                                                      *** LIVE ***|
|  Date                                                        2026-09-16|
|  Universe                                                          both|
|  Mo~  Sep: GapDown + VolumeSpike (display only — schedule not enforced)|
|  Disabled  GapDown, GoldenPocket, VolumeSpike (see DISABLED_STRATEGIES)|
|  Regime                                                            BULL|
|  Exit                                      midline / stop-0.5% / 3d max|
+========================================================================+

+========================================================================+
|                                ACCOUNT                                 |
+========================================================================+
|  Equity (total)                                                 $225.20|
|  Cash                                                           $157.09|
|  Reserve                                          $11.26  (always kept)|
|  Stocks~  $68.11 / $168.90  (75% equity; 25% reserved for live options)|
|  Options MV                        $0.00  open P&L $+0.00  (0 contract)|
|  Available                                    $100.79  (new stock buys)|
|  Trade size             $33.78  (15% per signal — all strategies equal)|
+========================================================================+

+========================================================================+
|                        STOCK HOLDINGS  (2 open)                        |
+========================================================================+
|  TICKER   STRATEGY        INVESTED   ENTRY    NOW      P&L%    P&L$    |
+------------------------------------------------------------------------+
|  AAL      MomReversal     $33.89     $12.91   $12.83   -0.6%   $-0.21  |
|  ALLE     Pullback50      $34.23     $153.74  $155.13  +0.9%   $+0.31  |
|                                                                        |
|  Total invested                                                  $68.11|
|  Total open P&L                                                  $+0.09|
|  Buys today: 0  |  entry cap: 1  |  max open: 3                        |
+========================================================================+

+========================================================================+
|                               PLAN CACHE                               |
+========================================================================+
|  Mode                                                           morning|
|  File                                      logs/plans/morning_plan.json|
|  Use cached plan                                  no (stale (30251.2m))|
+========================================================================+

+========================================================================+
|          EXIT EVALUATION  (EOD -- midline + stop + max-hold)           |
+========================================================================+
|  AAL  P&L -0.6%  $-0.21                         EXIT: stop_loss (-0.6%)|
|  ALLE  P&L +0.9%  $+0.31                                           HOLD|
+========================================================================+

+========================================================================+
|                           EXIT EVAL SUMMARY                            |
+========================================================================+
|  Exit eval    attempted 1 | filled 1 | partial 0 | pending 0 | failed 0|
|  Other skips     already logged today 0  |  no price data 0  |  holds 1|
|  Stop-loss breaches                                                   1|
|  AAL                                         -0.63%  (threshold -0.50%)|
|  Stop-loss look file                  logs/stop_losses_to_look_into.txt|
|  New investigations added                                             0|
+========================================================================+

+========================================================================+
|                             DATA DOWNLOAD                              |
+========================================================================+
|  Universe: both  |  Alpaca primary / yfinance fallback                 |
+========================================================================+

+========================================================================+
|                              SIGNAL SCAN                               |
+========================================================================+
|  Month: Sep  |  Regime: BULL                                           |
|  Primary: GapDown  |  Secondary: VolumeSpike (display only — schedule ~|
|  Source                                                       live scan|
+========================================================================+

+========================================================================+
|                         SIGNALS FOUND  --  32                          |
+========================================================================+
|  TICKER   STRATEGY        TIER   PRICE    RSI    VOL_Z   TRIGGER       |
+------------------------------------------------------------------------+
|  ABNB     Pullback50      eq     $167.76  25.7   -2.49   50MA bounce (+|
|  ALL      Pullback50      eq     $257.38  43.7   -2.34   50MA bounce (-|
|  BMY      Pullback50      eq     $64.15   29.1   -2.47   50MA bounce (+|
|  CAH      Pullback50      eq     $233.46  43.0   -3.22   50MA bounce (-|
|  CB       Pullback50      eq     $343.15  49.2   -2.65   50MA bounce (-|
|  CTAS     Pullback50      eq     $199.77  34.8   -3.14   50MA bounce (-|
|  CTVA     Pullback50      eq     $82.88   50.0   -2.31   50MA bounce (-|
|  ECL      Pullback50      eq     $277.01  27.3   -2.60   50MA bounce (-|
|  FDS      Pullback50      eq     $274.99  40.4   -1.91   50MA bounce (-|
|  GPC      Pullback50      eq     $131.87  30.8   -2.63   50MA bounce (+|
|  HAS      Pullback50      eq     $90.43   25.9   -2.81   50MA bounce (-|
|  INCY     Pullback50      eq     $122.39  37.5   -2.61   50MA bounce (+|
|  MTD      Pullback50      eq     $1360.~  42.3   -1.61   50MA bounce (-|
|  MDLZ     Pullback50      eq     $62.26   42.6   -3.23   50MA bounce (+|
|  NVDA     Pullback50      eq     $214.22  53.2   -2.05   50MA bounce (+|
|  OKE      Pullback50      eq     $93.52   43.9   -2.94   50MA bounce (+|
|  PAYX     Pullback50      eq     $117.99  34.0   -2.77   50MA bounce (-|
|  PRU      Pullback50      eq     $119.58  48.1   -2.73   50MA bounce (-|
|  STLD     Pullback50      eq     $242.84  57.6   -1.82   50MA bounce (-|
|  VTRS     Pullback50      eq     $16.75   48.1   -2.53   50MA bounce (-|
|  VLTO     Pullback50      eq     $96.68   41.7   -2.46   50MA bounce (+|
|  WRB      Pullback50      eq     $70.84   66.7   -1.96   50MA bounce (-|
|  WELL     Pullback50      eq     $235.94  39.8   -2.22   50MA bounce (-|
|  ARMK     Pullback50      eq     $58.46   43.8   -2.66   50MA bounce (+|
|  ASH      Pullback50      eq     $70.86   35.3   -2.86   50MA bounce (-|
|  DOCN     Pullback50      eq     $122.95  55.6   -2.23   50MA bounce (+|
|  ESNT     Pullback50      eq     $68.04   39.2   -2.49   50MA bounce (+|13:50:22  INFO        BUY  ABNB  $33.78  [Pullback50]  id=146a23e1-adf5-4007-8018-7cbb2d89adca
13:50:22  INFO        BUY  ALL  $33.78  [Pullback50]  id=af2a77f4-1048-4c8c-9170-f81e2b76fd0c
13:50:44  INFO        place_all_stops: checking 3 positions...
13:50:44  INFO        STOP skipped ABNB: fractional (0.2010 shares) — software exit will handle it
13:50:44  INFO        STOP skipped ALL: fractional (0.1311 shares) — software exit will handle it
13:50:44  INFO        STOP skipped ALLE: fractional (0.2206 shares) — software exit will handle it
13:50:44  INFO        Daily log -> logs/daily/2026-09-16.md
13:50:44  INFO        Dashboard written → logs/dashboard.md

|  GEF      Pullback50      eq     $82.99   38.8   -2.46   50MA bounce (+|
|  KRYS     Pullback50      eq     $343.33  38.7   -2.65   50MA bounce (-|
|  LIVN     Pullback50      eq     $80.04   50.3   -2.91   50MA bounce (-|
|  RS       Pullback50      eq     $398.07  55.5   -1.86   50MA bounce (-|
|  SIRI     Pullback50      eq     $29.55   59.7   -2.44   50MA bounce (-|
|                                                                        |
+========================================================================+

+========================================================================+
|                              ENTRY ORDERS                              |
+========================================================================+
|    ENTER [eq] ABNB  Pullback50                                   $33.78|
|    BUY SUBMITTED [e~  fill pending — batched confirmation after entries|
|    ENTER [eq] ALL  Pullback50                                    $33.78|
|    BUY SUBMITTED [e~  fill pending — batched confirmation after entries|
|    SKIP [eq] BMY  Pullback50                                      cap 3|
|    SKIP [eq] CAH  Pullback50                                      cap 3|
|    SKIP [eq] CB  Pullback50                                       cap 3|
|    SKIP [eq] CTAS  Pullback50                                     cap 3|
|    SKIP [eq] CTVA  Pullback50                                     cap 3|
|    SKIP [eq] ECL  Pullback50                                      cap 3|
|    SKIP [eq] FDS  Pullback50                                      cap 3|
|    SKIP [eq] GPC  Pullback50                                      cap 3|
|    SKIP [eq] HAS  Pullback50                                      cap 3|
|    SKIP [eq] INCY  Pullback50                                     cap 3|
|    SKIP [eq] MTD  Pullback50                                      cap 3|
|    SKIP [eq] MDLZ  Pullback50                                     cap 3|
|    SKIP [eq] NVDA  Pullback50                                     cap 3|
|    SKIP [eq] OKE  Pullback50                                      cap 3|
|    SKIP [eq] PAYX  Pullback50                                     cap 3|
|    SKIP [eq] PRU  Pullback50                                      cap 3|
|    SKIP [eq] STLD  Pullback50                                     cap 3|
|    SKIP [eq] VTRS  Pullback50                                     cap 3|
|    SKIP [eq] VLTO  Pullback50                                     cap 3|
|    SKIP [eq] WRB  Pullback50                                      cap 3|
|    SKIP [eq] WELL  Pullback50                                     cap 3|
|    SKIP [eq] ARMK  Pullback50                                     cap 3|
|    SKIP [eq] ASH  Pullback50                                      cap 3|
|    SKIP [eq] DOCN  Pullback50                                     cap 3|
|    SKIP [eq] ESNT  Pullback50                                     cap 3|
|    SKIP [eq] GEF  Pullback50                                      cap 3|
|    SKIP [eq] KRYS  Pullback50                                     cap 3|
|    SKIP [eq] LIVN  Pullback50                                     cap 3|
|    SKIP [eq] RS  Pullback50                                       cap 3|
|    SKIP [eq] SIRI  Pullback50                                     cap 3|

+========================================================================+
|                         BUY FILL CONFIRMATION                          |
+========================================================================+
|  Pending submits                                                      2|
+------------------------------------------------------------------------+
|  ABNB                                                 still unconfirmed|
|  ALL                                                  still unconfirmed|
+========================================================================+
+========================================================================+

+========================================================================+
|                           GTC STOP PLACEMENT                           |
+========================================================================+
|  Waiting 5s for 2 buy submit(s) to settle...                           |
+========================================================================+

+========================================================================+
|                            SESSION SUMMARY                             |
+========================================================================+
|  Regime                                                            BULL|
|  Universe                                                          both|
|  Strategy  GapDown + VolumeSpike (display only — schedule not enforced)|
|  Scanned                                                            900|
|  Signals                                                             32|
|  Entries                                                              0|
|  Buy submits                              0 confirmed  |  2 unconfirmed|
|  Exits                                                                1|
|  Open pos                                                             3|
|  Equity                                                         $225.12|
|  Cash                                                           $123.42|
+========================================================================+
