13:45:46  INFO      Mode: morning_scan
13:45:47  INFO        [positions] 3/3 (3 valid)
13:45:47  INFO        Universe cache hit: 903 tickers (tickers_2026-07-16.json)
13:45:48  INFO        [universe] 40/900 (40 valid)
13:45:49  INFO        [universe] 80/900 (80 valid)
13:45:50  INFO        [universe] 120/900 (120 valid)
13:45:51  INFO        [universe] 160/900 (160 valid)
13:45:53  INFO        [universe] 200/900 (199 valid)
13:46:03  INFO        [universe] 240/900 (238 valid)
13:46:13  INFO        [universe] 280/900 (278 valid)
13:46:27  INFO        [universe] 320/900 (318 valid)
13:46:37  INFO        [universe] 360/900 (358 valid)
13:46:50  INFO        [universe] 400/900 (397 valid)
13:47:03  INFO        [universe] 440/900 (437 valid)
13:47:13  INFO        [universe] 480/900 (477 valid)
13:47:26  INFO        [universe] 520/900 (517 valid)
13:47:39  INFO        [universe] 560/900 (556 valid)
13:47:49  INFO        [universe] 600/900 (596 valid)
13:48:02  INFO        [universe] 640/900 (636 valid)
13:48:15  INFO        [universe] 680/900 (676 valid)
13:48:24  INFO        [universe] 720/900 (716 valid)
13:48:37  INFO        [universe] 760/900 (756 valid)
13:48:50  INFO        [universe] 800/900 (796 valid)
13:49:01  INFO        [universe] 840/900 (835 valid)
13:49:13  INFO        [universe] 880/900 (875 valid)
13:49:20  INFO        [universe] 900/900 (895 valid)

+========================================================================+
|  RUBBER BAND BOT  v8                                                   |
+------------------------------------------------------------------------+
|  Mode                                                      MORNING_SCAN|
|  Time                                                         13:45 UTC|
|  Regime                                                            BULL|
|  Universe                                                          both|
|  Equity                                                         $480.95|
+========================================================================+

+========================================================================+
|                   RUBBER BAND BOT v8  --  DAILY SCAN                   |
+========================================================================+
|  Mode                                                      *** LIVE ***|
|  Date                                                        2026-07-16|
|  Universe                                                          both|
|  Month                                        Jul: 52wkLow + Pullback50|
|  Regime                                                            BULL|
|  Exit                                      midline / stop-0.5% / 3d max|
+========================================================================+

+========================================================================+
|                                ACCOUNT                                 |
+========================================================================+
|  Equity                                                         $480.95|
|  Cash                                                           $196.11|
|  Reserve                                          $24.05  (always kept)|
|  Available                                    $172.06  (for new trades)|
|  Seasonal trade                   $96.19  (20% -- scheduled strategies)|
|  Off-sched trade                      $96.19  (20% -- other strategies)|
+========================================================================+

+========================================================================+
|                           HOLDINGS  (3 open)                           |
+========================================================================+
|  TICKER   STRATEGY        INVESTED   ENTRY    NOW      P&L%    P&L$    |
+------------------------------------------------------------------------+
|  CHH      Pullback50      $97.20     $108.43  $110.20  +1.6%   $+1.56  |
|  EVR      Pullback50      $95.69     $346.97  $347.15  +0.1%   $+0.05  |
|  HST      Pullback50      $91.95     $23.37   $23.98   +2.6%   $+2.34  |
|                                                                        |
|  Total invested                                                 $284.84|
|  Total open P&L                                                  $+3.95|
|  Buys today: 0  |  entry cap: 2  |  max open: 5                        |
+========================================================================+

+========================================================================+
|                               PLAN CACHE                               |
+========================================================================+
|  Mode                                                           morning|
|  File                                      logs/plans/morning_plan.json|
|  Use cached plan                                  no (stale (10080.3m))|
+========================================================================+

+========================================================================+
|          EXIT EVALUATION  (EOD -- midline + stop + max-hold)           |
+========================================================================+
|  EVR  P&L +0.1%  $+0.05                                            HOLD|
|  CHH  P&L +1.6%  $+1.56                                            HOLD|
|  HST  P&L +2.6%  $+2.34                                            HOLD|
+========================================================================+

+========================================================================+
|                           EXIT EVAL SUMMARY                            |
+========================================================================+
|  Exit eval    attempted 0 | filled 0 | partial 0 | pending 0 | failed 0|
|  Other skips     already logged today 0  |  no price data 0  |  holds 3|
|  Stop-loss breaches                                                none|
|  Stop-loss look file                  logs/stop_losses_to_look_into.txt|
|  New investigations added                                             0|
+========================================================================+

+========================================================================+
|                             DATA DOWNLOAD                              |
+========================================================================+
|  Universe: both  |  Alpaca primary / yfinance fallback                 |
+========================================================================+

+========================================================================+
|                              SIGNAL SCAN                               |
+========================================================================+
|  Month: Jul  |  Regime: BULL                                           |
|  Primary: 52wkLow  |  Secondary: Pullback50                            |
|  Source                                                       live scan|
+========================================================================+

+========================================================================+
|                         SIGNALS FOUND  --  54                          |
+========================================================================+
|  TICKER   STRATEGY        TIER   PRICE    RSI    VOL_Z   TRIGGER       |
+------------------------------------------------------------------------+
|  AME      Pullback50      SEAS   $233.26  37.4   -2.07   50MA bounce (+|
|  CARR     Pullback50      SEAS   $68.28   24.7   -3.15   50MA bounce (+|
|  CASY     Pullback50      SEAS   $829.53  59.5   -1.90   50MA bounce (+|
|  CNP      Pullback50      SEAS   $43.19   43.5   -2.55   50MA bounce (+|
|  CVX      Pullback50      SEAS   $183.66  68.0   -2.10   50MA bounce (+|
|  DRI      Pullback50      SEAS   $200.29  33.5   -2.48   50MA bounce (-|
|  FANG     Pullback50      SEAS   $191.52  60.1   -2.35   50MA bounce (-|
|  DOV      Pullback50      SEAS   $214.62  24.2   -2.16   50MA bounce (-|
|  XOM      Pullback50      SEAS   $146.21  68.5   -1.76   50MA bounce (+|
|  GNRC     GapDown         off    $220.67  18.4   -2.21   gap -3.4% reco|
|  HLT      Pullback50      SEAS   $332.41  43.0   -0.92   50MA bounce (+|
|  HON      Pullback50      SEAS   $224.71  42.6   -1.43   50MA bounce (+|
|  IFF      Pullback50      SEAS   $75.90   52.1   -2.61   50MA bounce (-|
|  KMI      Pullback50      SEAS   $32.50   44.4   -2.06   50MA bounce (+|
|  KLAC     GapDown         off    $219.30  39.7   -2.19   gap -3.0% reco|
|  LIN      Pullback50      SEAS   $515.75  46.3   -2.23   50MA bounce (+|
|  MAR      Pullback50      SEAS   $374.43  46.4   -2.76   50MA bounce (-|
|  MAA      Pullback50      SEAS   $133.47  40.0   -3.10   50MA bounce (-|
|  MDLZ     Pullback50      SEAS   $60.53   47.9   -2.02   50MA bounce (-|
|  NUE      Pullback50      SEAS   $236.63  39.5   -1.65   50MA bounce (-|
|  RL       Pullback50      SEAS   $378.88  32.7   -2.25   50MA bounce (+|
|  ROK      Pullback50      SEAS   $458.45  40.9   -1.05   50MA bounce (-|
|  TDY      Pullback50      SEAS   $619.87  46.6   -2.56   50MA bounce (-|
|  TT       Pullback50      SEAS   $471.17  33.9   -1.92   50MA bounce (+|
|  UAL      GapDown         off    $116.84  19.7   -2.36   gap -3.6% reco|
|  WEC      Pullback50      SEAS   $114.46  42.9   -2.33   50MA bounce (+|
|  WMB      Pullback50      SEAS   $74.86   40.1   -2.12   50MA bounce (+|
|  AGCO     Pullback50      SEAS   $115.62  40.4   -3.09   50MA bounce (+|13:49:21  INFO        BUY  AME  $86.03  [Pullback50]  id=e7e8634e-d24e-46e2-b86d-7b59732cbeed
13:49:21  INFO        BUY  CARR  $86.03  [Pullback50]  id=ad79324b-ce99-4184-9e4a-d87ebb52ecba
13:49:43  INFO        place_all_stops: checking 5 positions...
13:49:43  INFO        STOP skipped AME: fractional (0.3685 shares) — software exit will handle it
13:49:43  INFO        STOP-MARKET placed CARR  qty=1 (pos=1.2670)  stop=$67.55  id=71e7744f-78e6-4897-a08d-bc2d9f0f7de2
13:49:43  INFO        STOP skipped CHH: fractional (0.8820 shares) — software exit will handle it
13:49:43  INFO        STOP skipped EVR: fractional (0.2756 shares) — software exit will handle it
13:49:43  INFO        STOP already live HST @ $23.25

|  AEIS     GapDown         off    $293.63  28.3   -0.79   gap -3.5% reco|
|  BC       Pullback50      SEAS   $81.52   34.9   -2.67   50MA bounce (+|
|  CGNX     GapDown         off    $61.52   41.0   -2.16   gap -3.1% reco|
|  CNH      Pullback50      SEAS   $10.66   44.3   -2.27   50MA bounce (+|
|  COKE     Pullback50      SEAS   $179.21  50.0   -1.91   50MA bounce (-|
|  CSL      Pullback50      SEAS   $346.67  26.2   -2.40   50MA bounce (-|
|  FHN      Pullback50      SEAS   $24.76   37.7   -1.51   50MA bounce (+|
|  FIVE     Pullback50      SEAS   $200.45  64.7   -2.95   50MA bounce (-|
|  IPGP     GapDown         off    $104.58  44.9   -1.94   gap -3.4% reco|
|  IRT      Pullback50      SEAS   $16.68   48.6   -1.75   50MA bounce (+|
|  KEX      Pullback50      SEAS   $142.12  55.8   -2.76   50MA bounce (+|
|  LSCC     GapDown         off    $128.07  38.5   -1.89   gap -3.4% reco|
|  MKSI     GapDown         off    $339.00  35.2   -2.46   gap -5.0% reco|
|  OVV      Pullback50      SEAS   $56.67   65.9   -1.92   50MA bounce (+|
|  PEN      Pullback50      SEAS   $319.30  56.8   -1.94   50MA bounce (-|
|  RMBS     GapDown         off    $99.01   35.0   -0.99   gap -3.9% reco|
|  RRX      Pullback50      SEAS   $211.29  39.6   -2.07   50MA bounce (-|
|  SBRA     Pullback50      SEAS   $19.78   58.5   -1.78   50MA bounce (+|
|  SITM     GapDown         off    $587.76  39.4   -0.85   gap -4.7% reco|
|  SLAB     Pullback50      SEAS   $218.22  52.8   -1.08   50MA bounce (+|
|  STRL     GapDown         off    $645.79  24.9   -0.84   gap -4.3% reco|
|  SSD      Pullback50      SEAS   $193.11  27.1   -2.28   50MA bounce (+|
|  TREX     Pullback50      SEAS   $43.76   18.4   -1.89   50MA bounce (+|
|  VMI      Pullback50      SEAS   $541.52  29.2   -1.66   50MA bounce (+|
|  WPC      Pullback50      SEAS   $73.22   49.4   -2.58   50MA bounce (-|
|  WSO      Pullback50      SEAS   $390.18  35.4   -2.82   50MA bounce (-|
|                                                                        |
+========================================================================+

+========================================================================+
|                              ENTRY ORDERS                              |
+========================================================================+
|  Signal scaling: 54 signals / 2 slots → sea=$86 off=$86  (max sea=$96 ~|
|    ENTER [S] AME  Pullback50                                     $86.03|
|    BUY SUBMITTED [S~  fill pending — batched confirmation after entries|
|    ENTER [S] CARR  Pullback50                                    $86.03|
|    BUY SUBMITTED [S~  fill pending — batched confirmation after entries|
|    SKIP [S] CASY  Pullback50                                      cap 5|
|    SKIP [S] CNP  Pullback50                                       cap 5|
|    SKIP [S] CVX  Pullback50                                       cap 5|
|    SKIP [S] DRI  Pullback50                                       cap 5|
|    SKIP [S] FANG  Pullback50                                      cap 5|
|    SKIP [S] DOV  Pullback50                                       cap 5|
|    SKIP [S] XOM  Pullback50                                       cap 5|
|    SKIP [S] HLT  Pullback50                                       cap 5|
|    SKIP [S] HON  Pullback50                                       cap 5|
|    SKIP [S] IFF  Pullback50                                       cap 5|
|    SKIP [S] KMI  Pullback50                                       cap 5|
|    SKIP [S] LIN  Pullback50                                       cap 5|
|    SKIP [S] MAR  Pullback50                                       cap 5|
|    SKIP [S] MAA  Pullback50                                       cap 5|
|    SKIP [S] MDLZ  Pullback50                                      cap 5|
|    SKIP [S] NUE  Pullback50                                       cap 5|
|    SKIP [S] RL  Pullback50                                        cap 5|
|    SKIP [S] ROK  Pullback50                                       cap 5|
|    SKIP [S] TDY  Pullback50                                       cap 5|
|    SKIP [S] TT  Pullback50                                        cap 5|
|    SKIP [S] WEC  Pullback50                                       cap 5|
|    SKIP [S] WMB  Pullback50                                       cap 5|
|    SKIP [S] AGCO  Pullback50                                      cap 5|
|    SKIP [S] BC  Pullback50                                        cap 5|
|    SKIP [S] CNH  Pullback50                                       cap 5|
|    SKIP [S] COKE  Pullback50                                      cap 5|
|    SKIP [S] CSL  Pullback50                                       cap 5|
|    SKIP [S] FHN  Pullback50                                       cap 5|
|    SKIP [S] FIVE  Pullback50                                      cap 5|
|    SKIP [S] IRT  Pullback50                                       cap 5|
|    SKIP [S] KEX  Pullback50                                       cap 5|
|    SKIP [S] OVV  Pullback50                                       cap 5|
|    SKIP [S] PEN  Pullback50                                       cap 5|
|    SKIP [S] RRX  Pullback50                                       cap 5|
|    SKIP [S] SBRA  Pullback50                                      cap 5|
|    SKIP [S] SLAB  Pullback50                                      cap 5|
|    SKIP [S] SSD  Pullback50                                       cap 5|
|    SKIP [S] TREX  Pullback50                                      cap 5|
|    SKIP [S] VMI  Pullback50                                       cap 5|
|    SKIP [S] WPC  Pullback50                                       cap 5|
|    SKIP [S] WSO  Pullback50                                       cap 5|
|    SKIP [o] GNRC  GapDown                                         cap 5|
|    SKIP [o] KLAC  GapDown                                         cap 5|
|    SKIP [o] UAL  GapDown                                          cap 5|
|    SKIP [o] AEIS  GapDown                                         cap 5|
|    SKIP [o] CGNX  GapDown                                         cap 5|
|    SKIP [o] IPGP  GapDown                                         cap 5|
|    SKIP [o] LSCC  GapDown                                         cap 5|
|    SKIP [o] MKSI  GapDown                                         cap 5|
|    SKIP [o] RMBS  GapDown                                         cap 5|
|    SKIP [o] SITM  GapDown                                         cap 5|
|    SKIP [o] STRL  GapDown                                         cap 5|

+========================================================================+
|                         BUY FILL CONFIRMATION                          |
+========================================================================+
|  Pending submits                                                      2|
+------------------------------------------------------------------------+
|  AME                                                  still unconfirmed|
|  CARR                                                 still unconfirmed|
+========================================================================+
+========================================================================+

+========================================================================+
|                           GTC STOP PLACEMENT                           |
+========================================================================+
|  Waiting 5s for 2 buy submit(s) to settle...                           |
+========================================================================+

+========================================================================+
|                            SESSION SUMMARY                             |
+========================================================================+
|  Regime                                                            BULL|
|  Universe                                                          both|
|  Strategy                                          52wkLow + Pullback50|
|  Scanned                                                            895|
|  Signals                                                             54|13:49:43  INFO        Daily log -> logs/daily/2026-07-16.md
13:49:43  INFO        Dashboard written → logs/dashboard.md

|  Entries                                                              0|
|  Buy submits                              0 confirmed  |  2 unconfirmed|
|  Exits                                                                0|
|  Open pos                                                             5|
|  Equity                                                         $481.89|
|  Cash                                                            $24.06|
+========================================================================+
