15:35:40  INFO      Mode: exits
15:35:41  INFO        Daily log -> logs/daily/2026-07-14.md
15:35:41  INFO        Daily log reconciled -> logs/daily/2026-07-14.md (5 ledger rows)
15:35:41  INFO        place_all_stops: checking 1 positions...
15:35:41  INFO        STOP skipped CDNS: fractional (0.2548 shares) — software exit will handle it
15:35:41  INFO        [positions] 1/1 (1 valid)
15:35:42  INFO        Daily log -> logs/daily/2026-07-14.md

+========================================================================+
|  RUBBER BAND BOT  v8                                                   |
+------------------------------------------------------------------------+
|  Mode                                                             EXITS|
|  Time                                                         15:35 UTC|
|  Regime                                                            BULL|
|  Universe                                                          both|
|  Equity                                                         $479.58|
+========================================================================+

+========================================================================+
|                               EXIT CHECK                               |
+========================================================================+
|  Exit logic                   stop-0.5% / 3d max  (midline at EOD only)|
+------------------------------------------------------------------------+
|  CDNS  P&L +1.2%  $+1.17                                           HOLD|
+========================================================================+

+========================================================================+
|                            EXIT RUN SUMMARY                            |
+========================================================================+
|  Mode                                                             exits|
|  Candidates                                                           1|
|  Deferred/Skipped                                      already logged 0|
|  Data skips                                             no price data 0|
|  Se~  0 attempted  |  0 filled  |  0 partial  |  0 pending  |  0 failed|
|  Holds                                                                1|
|  Logged exits                                                         0|
+========================================================================+

+========================================================================+
|                      STOP-LOSS BREACHES THIS RUN                       |
+========================================================================+
|  None                                                                  |
+========================================================================+
|  Stop-loss look file                  logs/stop_losses_to_look_into.txt|
|  New investigations added                                             0|
+========================================================================+
