19:35:37  INFO      Mode: evening_prep
19:35:38  INFO        [prep_positions] 4/4 (4 valid)
19:35:38  INFO        Universe cache hit: 903 tickers (tickers_2026-07-23.json)
19:35:39  INFO        [prep_universe] 40/899 (40 valid)
19:35:41  INFO        [prep_universe] 80/899 (80 valid)
19:35:42  INFO        [prep_universe] 120/899 (120 valid)
19:35:43  INFO        [prep_universe] 160/899 (160 valid)
19:35:45  INFO        [prep_universe] 200/899 (199 valid)
19:35:52  INFO        [prep_universe] 240/899 (238 valid)
19:36:05  INFO        [prep_universe] 280/899 (278 valid)
19:36:16  INFO        [prep_universe] 320/899 (318 valid)
19:36:29  INFO        [prep_universe] 360/899 (358 valid)
19:36:40  INFO        [prep_universe] 400/899 (397 valid)
19:36:53  INFO        [prep_universe] 440/899 (437 valid)
19:37:03  INFO        [prep_universe] 480/899 (477 valid)
19:37:17  INFO        [prep_universe] 520/899 (517 valid)
19:37:30  INFO        [prep_universe] 560/899 (557 valid)
19:37:40  INFO        [prep_universe] 600/899 (597 valid)
19:37:53  INFO        [prep_universe] 640/899 (637 valid)
19:38:03  INFO        [prep_universe] 680/899 (677 valid)
19:38:17  INFO        [prep_universe] 720/899 (717 valid)
19:38:30  INFO        [prep_universe] 760/899 (757 valid)
19:38:40  INFO        [prep_universe] 800/899 (797 valid)
19:38:53  INFO        [prep_universe] 840/899 (836 valid)
19:39:03  INFO        [prep_universe] 880/899 (876 valid)
19:39:10  INFO        [prep_universe] 899/899 (895 valid)

+========================================================================+
|  RUBBER BAND BOT  v8                                                   |
+------------------------------------------------------------------------+
|  Mode                                                      EVENING_PREP|
|  Time                                                         19:35 UTC|
|  Regime                                                            BULL|
|  Universe                                                          both|
|  Equity                                                         $482.98|
+========================================================================+

+========================================================================+
|                              EVENING PREP                              |
+========================================================================+
|  Goal                   Precompute exits/signals for next execution run|
|  Plan file                                 logs/plans/evening_plan.json|
|  Regime                                                            BULL|
+========================================================================+

+========================================================================+
|                       OPEN POSITION P&L SNAPSHOT                       |
+========================================================================+
|  Open positions                                                       4|
|  Invested                                                       $315.26|
|  Open P&L                                                        $+4.25|
|  TICKER   STRATEGY        INVESTED   ENTRY    NOW      P&L%    P&L$    |
+------------------------------------------------------------------------+
|  AEP      Pullback50      $98.43     $131.94  $134.74  +2.1%   $+2.04  |
|  CARR     Pullback50      $97.68     $67.80   $69.01   +1.8%   $+1.72  |
|  DTE      Pullback50      $96.54     $147.63  $148.16  +0.4%   $+0.35  |
|  LNT      Pullback50      $22.61     $73.97   $74.43   +0.6%   $+0.14  |
+========================================================================+

+========================================================================+
|                            OPEN SELL ORDERS                            |
+========================================================================+
|  Count                                                                1|
|  TICKER    TYPE              QTY       LIMIT       STOP                |
+------------------------------------------------------------------------+
|  CARR      OrderType.STOP    1         None        67.75               |
+========================================================================+

+========================================================================+
|                              PREP SUMMARY                              |
+========================================================================+
|  Saved                                                              yes|
|  Exit candidates                                                      0|
|  Signal candidates                                                   37|
|  Universe scanned                                                   899|
+========================================================================+
