19:51:00  INFO      Mode: scan
19:51:00  INFO        [positions] 5/5 (5 valid)
19:51:00  INFO        SELL order cancelled MO  type=OrderType.STOP  id=23045a5d-ea21-48a7-9f56-bc1b92a2820f
19:51:00  INFO        SELL LIMIT MO  qty=1.267977122  limit=$71.97  id=e805e58e-d705-4402-8736-049baf0cde6c
19:51:30  INFO        SELL LIMIT filled MO (confirmed by position check)
19:51:30  INFO        TX logged: SELL MO  P&L -0.09%
19:51:30  INFO        SELL LIMIT FANG  qty=0.476269931  limit=$191.36  id=2657b335-9361-441b-a2cb-e33415ac1c70
19:52:00  INFO        SELL LIMIT filled FANG (confirmed by position check)
19:52:00  INFO        TX logged: SELL FANG  P&L 0.02%
19:52:00  INFO        SELL LIMIT JCI  qty=0.636169886  limit=$143.53  id=cc18a53b-73e1-469e-81e1-af2d97f8c7df
19:52:31  INFO        SELL LIMIT filled JCI (confirmed by position check)
19:52:31  INFO        TX logged: SELL JCI  P&L 0.1%
19:52:31  INFO        Universe cache hit: 903 tickers (tickers_2026-07-13.json)
19:52:32  INFO        [universe] 40/901 (40 valid)
19:52:33  INFO        [universe] 80/901 (80 valid)
19:52:34  INFO        [universe] 120/901 (120 valid)
19:52:36  INFO        [universe] 160/901 (160 valid)
19:52:37  INFO        [universe] 200/901 (199 valid)
19:52:44  INFO        [universe] 240/901 (238 valid)
19:52:57  INFO        [universe] 280/901 (278 valid)
19:53:07  INFO        [universe] 320/901 (318 valid)
19:53:20  INFO        [universe] 360/901 (358 valid)
19:53:33  INFO        [universe] 400/901 (397 valid)
19:53:43  INFO        [universe] 440/901 (437 valid)
19:53:56  INFO        [universe] 480/901 (477 valid)
19:54:09  INFO        [universe] 520/901 (517 valid)
19:54:19  INFO        [universe] 560/901 (557 valid)
19:54:32  INFO        [universe] 600/901 (597 valid)
19:54:45  INFO        [universe] 640/901 (637 valid)
19:54:55  INFO        [universe] 680/901 (677 valid)
19:55:08  INFO        [universe] 720/901 (717 valid)
19:55:21  INFO        [universe] 760/901 (757 valid)
19:55:31  INFO        [universe] 800/901 (797 valid)
19:55:44  INFO        [universe] 840/901 (836 valid)
19:55:57  INFO        [universe] 880/901 (876 valid)
19:56:04  INFO        [universe] 901/901 (897 valid)

+========================================================================+
|  RUBBER BAND BOT  v8                                                   |
+------------------------------------------------------------------------+
|  Mode                                                              SCAN|
|  Time                                                         19:51 UTC|
|  Regime                                                            BULL|
|  Universe                                                          both|
|  Equity                                                         $480.76|
+========================================================================+

+========================================================================+
|                   RUBBER BAND BOT v8  --  DAILY SCAN                   |
+========================================================================+
|  Mode                                                      *** LIVE ***|
|  Date                                                        2026-07-13|
|  Universe                                                          both|
|  Month                                        Jul: 52wkLow + Pullback50|
|  Regime                                                            BULL|
|  Exit                                      midline / stop-0.5% / 3d max|
+========================================================================+

+========================================================================+
|                                ACCOUNT                                 |
+========================================================================+
|  Equity                                                         $480.76|
|  Cash                                                            $24.10|
|  Reserve                                          $24.04  (always kept)|
|  Available                                      $0.06  (for new trades)|
|  Seasonal trade                   $96.15  (20% -- scheduled strategies)|
|  Off-sched trade                      $96.15  (20% -- other strategies)|
+========================================================================+

+========================================================================+
|                           HOLDINGS  (5 open)                           |
+========================================================================+
|  TICKER   STRATEGY        INVESTED   ENTRY    NOW      P&L%    P&L$    |
+------------------------------------------------------------------------+
|  DE       Pullback50      $91.33     $586.34  $586.26  -0.0%   $-0.01  |
|  FANG     Pullback50      $91.36     $191.78  $191.82  +0.0%   $+0.02  |
|  JCI      Pullback50      $91.43     $143.58  $143.72  +0.1%   $+0.09  |
|  MO       Pullback50      $91.26     $72.04   $71.97   -0.1%   $-0.08  |
|  NI       Pullback50      $91.28     $47.07   $47.03   -0.1%   $-0.06  |
|                                                                        |
|  Total invested                                                 $456.66|
|  Total open P&L                                                  $-0.04|
|  Buys today: 0  |  entry cap: 0  |  max open: 5                        |
+========================================================================+

+========================================================================+
|                               PLAN CACHE                               |
+========================================================================+
|  Mode                                                           evening|
|  File                                      logs/plans/evening_plan.json|
|  Use cached plan                                  no (stale (37456.8m))|
+========================================================================+

+========================================================================+
|          EXIT EVALUATION  (EOD -- midline + stop + max-hold)           |
+========================================================================+
|  MO  P&L -0.1%  $-0.08                            EXIT: midline (-0.1%)|
|  NI  P&L -0.1%  $-0.06                                             HOLD|
|  DE  P&L -0.0%  $-0.01                                             HOLD|
|  FANG  P&L +0.0%  $+0.02                          EXIT: midline (+0.0%)|
|  JCI  P&L +0.1%  $+0.09                           EXIT: midline (+0.1%)|
+========================================================================+

+========================================================================+
|                           EXIT EVAL SUMMARY                            |
+========================================================================+
|  Exit eval    attempted 3 | filled 3 | partial 0 | pending 0 | failed 0|
|  Other skips     already logged today 0  |  no price data 0  |  holds 2|
|  Stop-loss breaches                                                none|
|  Stop-loss look file                  logs/stop_losses_to_look_into.txt|
|  New investigations added                                             0|
+========================================================================+

+========================================================================+
|                             DATA DOWNLOAD                              |
+========================================================================+
|  Universe: both  |  Alpaca primary / yfinance fallback                 |
+========================================================================+

+========================================================================+
|                              SIGNAL SCAN                               |
+========================================================================+
|  Month: Jul  |  Regime: BULL                                           |
|  Primary: 52wkLow  |  Secondary: Pullback50                            |
|  Source                                                       live scan|
+========================================================================+

+========================================================================+
|                         SIGNALS FOUND  --  25                          |
+========================================================================+
|  TICKER   STRATEGY        TIER   PRICE    RSI    VOL_Z   TRIGGER       |
+------------------------------------------------------------------------+
|  MO       Pullback50      SEAS   $71.94   60.3   -1.42   50MA bounce (+|
|  CVX      Pullback50      SEAS   $182.11  60.0   -1.13   50MA bounce (-|
|  FANG     Pullback50      SEAS   $191.94  54.5   -0.96   50MA bounce (-|
|  EXR      Pullback50      SEAS   $145.16  48.3   -1.28   50MA bounce (+|
|  KLAC     GapDown         off    $223.46  39.5   -1.75   gap -4.3% reco|
|  MU       GapDown         off    $936.98  32.3   -1.47   gap -5.1% reco|
|  NEE      Pullback50      SEAS   $88.31   59.8   -2.51   50MA bounce (-|
|  OXY      Pullback50      SEAS   $54.76   59.6   0.16    50MA bounce (-|
|  PLD      Pullback50      SEAS   $141.83  45.8   -1.68   50MA bounce (-|
|  RMD      GapDown         off    $198.56  57.4   -0.34   gap -5.0% reco|
|  WBD      Pullback50      SEAS   $27.07   51.7   1.90    50MA bounce (+|
|  WDC      GapDown         off    $554.62  33.8   -1.47   gap -5.3% reco|
|  ALV      Pullback50      SEAS   $121.45  55.8   -1.29   50MA bounce (+|
|  AVT      Pullback50      SEAS   $85.75   38.3   -1.03   50MA bounce (-|
|  CUBE     Pullback50      SEAS   $40.59   50.7   -2.35   50MA bounce (+|
|  MKSI     GapDown         off    $353.17  38.0   -1.62   gap -4.4% reco|
|  NSA      VolumeSpike     off    $45.07   52.2   3.35    vol z=3.4 5d=-|
|  OVV      Pullback50      SEAS   $56.62   58.3   -0.29   50MA bounce (-|
|  PEN      Pullback50      SEAS   $318.10  58.6   -0.50   50MA bounce (-|
|  PR       Pullback50      SEAS   $19.59   57.3   -1.15   50MA bounce (-|
|  SITM     GapDown         off    $609.25  33.3   -0.66   gap -3.5% reco|
|  SLAB     Pullback50      SEAS   $218.99  43.3   -0.86   50MA bounce (+|
|  SMTC     GapDown         off    $132.04  29.5   -0.68   gap -4.4% reco|
|  WSO      Pullback50      SEAS   $392.55  47.6   -1.04   50MA bounce (-|19:56:05  INFO        place_all_stops: checking 2 positions...
19:56:05  INFO        STOP skipped DE: fractional (0.1558 shares) — software exit will handle it
19:56:05  INFO        STOP already live NI @ $46.83
19:56:05  INFO        place_eod_stops: updating 2 stops to current price...
19:56:05  INFO        EOD stop skip DE: 0.1558 shares (fractional) — ext_exits will cover
19:56:05  INFO        EOD stop: cancelled old stop NI
19:56:05  WARNING     EOD stop failed NI: {"available":"0.940679046","code":40310000,"existing_qty":"1.940679046","held_for_orders":"1","message":"insufficient qty available for order (requested: 1, available: 0.940679046)","related_orders":["8dde14e1-b23c-418d-a02e-af771dc3199f"],"symbol":"NI"}
19:56:05  INFO        Daily log -> logs/daily/2026-07-13.md
19:56:05  INFO        Dashboard written → logs/dashboard.md

|  XPO      Pullback50      SEAS   $209.56  63.2   -1.24   50MA bounce (+|
|                                                                        |
+========================================================================+

+========================================================================+
|                              ENTRY ORDERS                              |
+========================================================================+
|  Skipped                                  no entry slots (max_trades=0)|
+========================================================================+

+========================================================================+
|                            SESSION SUMMARY                             |
+========================================================================+
|  Regime                                                            BULL|
|  Universe                                                          both|
|  Strategy                                          52wkLow + Pullback50|
|  Scanned                                                            897|
|  Signals                                                             25|
|  Entries                                                              0|
|  Buy submits                              0 confirmed  |  0 unconfirmed|
|  Exits                                                                3|
|  Open pos                                                             2|
|  Equity                                                         $480.69|
|  Cash                                                           $298.00|
+========================================================================+
