20:02:17  INFO      Mode: ext_exits
20:02:18  INFO        Daily log -> logs/daily/2026-09-11.md
20:02:18  INFO        Daily log reconciled -> logs/daily/2026-09-11.md (3 ledger rows)
20:02:19  INFO        SELL LIMIT [EXT HRS] AVAV  qty=0.233871189  limit=$144.68  id=5b8d562a-785f-4b9b-92da-c22cba50e168
20:02:24  INFO        SELL LIMIT[EXT] pending for AVAV — 9:35am will follow up
20:02:24  INFO        Daily log -> logs/daily/2026-09-11.md

+========================================================================+
|  RUBBER BAND BOT  v8                                                   |
+------------------------------------------------------------------------+
|  Mode                                                         EXT_EXITS|
|  Time                                                         20:02 UTC|
|  Regime                                                            BULL|
|  Universe                                                          both|
|  Equity                                                         $227.18|
+========================================================================+

+========================================================================+
|                           STOCKS EXIT CHECK                            |
+========================================================================+
|  Exit log~  stop-0.5% / 3d max  (midline skipped — close already final)|
+------------------------------------------------------------------------+
|  AVAV  P&L -0.6%  $-0.20         EXIT [EXTENDED HRS]: stop_loss (-0.6%)|
|  AVAV                             SELL pending (after-hours limit open)|
|  TKR  P&L +0.2%  $+0.08         HOLDING until 9:35am scan (MomReversal)|
|  AMZN  P&L +0.3%  $+0.09         HOLDING until 9:35am scan (Pullback50)|
+========================================================================+

+========================================================================+
|                          EXTENDED HOURS SELLS                          |
+========================================================================+
|                                                                        |
|  No extended-hours sells this run.                                     |
|                                                                        |
+========================================================================+

+========================================================================+
|                            EXIT RUN SUMMARY                            |
+========================================================================+
|  Mode                                                         ext_exits|
|  Candidates                                                           3|
|  Deferred/Skipped                                      already logged 0|
|  Data skips                                             no price data 0|
|  Se~  1 attempted  |  0 filled  |  0 partial  |  1 pending  |  0 failed|
|  Holds                                                                2|
|  Logged exits                                                         0|
+========================================================================+

+========================================================================+
|            OPTIONS SLEEVE  (managed by options_live_micro)             |
+========================================================================+
|                                                                        |
|  No open option positions.                                             |
|                                                                        |
+========================================================================+

+========================================================================+
|                      STOP-LOSS BREACHES THIS RUN                       |
+========================================================================+
|  AVAV                                        -0.59%  (threshold -0.50%)|
|  Count                                                                1|
+========================================================================+
|  Stop-loss look file                  logs/stop_losses_to_look_into.txt|
|  New investigations added                                             1|
+========================================================================+
