14:31:24  INFO      Mode: exits
14:31:25  INFO        place_all_stops: checking 3 positions...
14:31:25  INFO        STOP already live AES @ $14.84
14:31:25  INFO        STOP skipped BBY: fractional (0.3827 shares) — software exit will handle it
14:31:25  INFO        STOP skipped FCN: fractional (0.2495 shares) — software exit will handle it
14:31:25  INFO        [positions] 3/3 (3 valid)
14:31:26  INFO        Daily log -> logs/daily/2026-10-01.md

+========================================================================+
|  RUBBER BAND BOT  v8                                                   |
+------------------------------------------------------------------------+
|  Mode                                                             EXITS|
|  Time                                                         14:31 UTC|
|  Regime                                                            BULL|
|  Universe                                                          both|
|  Equity                                                         $223.47|
+========================================================================+

+========================================================================+
|                           STOCKS EXIT CHECK                            |
+========================================================================+
|  Exit logic                   stop-0.5% / 3d max  (midline at EOD only)|
+------------------------------------------------------------------------+
|  AES  P&L -0.0%  $-0.01                                            HOLD|
|  BBY  P&L +0.6%  $+0.19                                            HOLD|
|  FCN  P&L +3.7%  $+1.24                                            HOLD|
+========================================================================+

+========================================================================+
|                            EXIT RUN SUMMARY                            |
+========================================================================+
|  Mode                                                             exits|
|  Candidates                                                           3|
|  Deferred/Skipped                                      already logged 0|
|  Data skips                                             no price data 0|
|  Se~  0 attempted  |  0 filled  |  0 partial  |  0 pending  |  0 failed|
|  Holds                                                                3|
|  Logged exits                                                         0|
+========================================================================+

+========================================================================+
|            OPTIONS SLEEVE  (managed by options_live_micro)             |
+========================================================================+
|                                                                        |
|  No open option positions.                                             |
|                                                                        |
+========================================================================+

+========================================================================+
|                      STOP-LOSS BREACHES THIS RUN                       |
+========================================================================+
|  None                                                                  |
+========================================================================+
|  Stop-loss look file                  logs/stop_losses_to_look_into.txt|
|  New investigations added                                             0|
+========================================================================+
