13:20:41  INFO      Mode: summary
13:20:41  INFO        Daily log -> logs/daily/2026-08-07.md
13:20:41  INFO        Daily log reconciled -> logs/daily/2026-08-07.md (0 ledger rows)

+========================================================================+
|  RUBBER BAND BOT  v8                                                   |
+------------------------------------------------------------------------+
|  Mode                                                           SUMMARY|
|  Time                                                         13:20 UTC|
|  Regime                                                            BULL|
|  Universe                                                          both|
|  Equity                                                         $472.49|
+========================================================================+

+========================================================================+
|                             ACCOUNT STATUS                             |
+========================================================================+
|  Equity                                                         $472.49|
|  Cash                                                           $375.98|
|  Regime                                                            BULL|
|  Universe                                                          both|
|  Total invested                                                  $96.51|
|  Open P&L                                                        $+2.33|
+========================================================================+

+========================================================================+
|                        HOLDINGS  (1 positions)                         |
+========================================================================+
|  TICKER   STRATEGY        INVESTED   ENTRY    NOW      P&L%    P&L$    |
+------------------------------------------------------------------------+
|  JBL      Pullback50      $96.51     $342.57  $351.03  +2.5%   $+2.33  |
|                                                                        |
|  Total invested                                                  $96.51|
|  Total open P&L                                                  $+2.33|
+========================================================================+

+========================================================================+
|                        EXIT LOGIC ACTIVE  (v8)                         |
+========================================================================+
|  Profit target                              price > 20-day MA (midline)|
|  Stop loss                                             -0.5% from entry|
|  Time stop                                          max 3 calendar days|
+========================================================================+

+========================================================================+
|                          RECENT TRANSACTIONS                           |
+========================================================================+
|  2026-08-06  SELL  GEV  Pullback50  $93.51  P&L $-0.67                 |
|  2026-08-06  SELL  GS  Pullback50  $94.20  P&L $+0.13                  |
|  2026-08-06  SELL  DOV  Pullback50  $93.98  P&L $-0.11                 |
|  2026-08-06  SELL  AVB  Pullback50  $94.61  P&L $+1.05                 |
|  2026-08-06  SELL  AES  Pullback50  $93.56  P&L $-0.10                 |
|  2026-08-05  SELL  NVST  EarningsDrift  $94.33  P&L $-0.22             |
+========================================================================+
