13:50:43  INFO      Mode: morning_scan
13:50:45  INFO        [positions] 5/5 (5 valid)
13:50:45  INFO        Universe cache hit: 903 tickers (tickers_2026-07-09.json)
13:50:46  INFO        [universe] 40/898 (40 valid)
13:50:48  INFO        [universe] 80/898 (80 valid)
13:50:49  INFO        [universe] 120/898 (120 valid)
13:50:51  INFO        [universe] 160/898 (160 valid)
13:50:52  INFO        [universe] 200/898 (199 valid)
13:50:59  INFO        [universe] 240/898 (238 valid)
13:51:13  INFO        [universe] 280/898 (278 valid)
13:51:23  INFO        [universe] 320/898 (318 valid)
13:51:37  INFO        [universe] 360/898 (358 valid)
13:51:47  INFO        [universe] 400/898 (397 valid)
13:52:01  INFO        [universe] 440/898 (437 valid)
13:52:11  INFO        [universe] 480/898 (477 valid)
13:52:25  INFO        [universe] 520/898 (517 valid)
13:52:35  INFO        [universe] 560/898 (557 valid)
13:52:49  INFO        [universe] 600/898 (597 valid)
13:52:59  INFO        [universe] 640/898 (637 valid)
13:53:12  INFO        [universe] 680/898 (677 valid)
13:53:23  INFO        [universe] 720/898 (717 valid)
13:53:36  INFO        [universe] 760/898 (757 valid)
13:53:47  INFO        [universe] 800/898 (797 valid)
13:54:00  INFO        [universe] 840/898 (836 valid)
13:54:11  INFO        [universe] 880/898 (876 valid)
13:54:17  INFO        [universe] 898/898 (894 valid)

+========================================================================+
|  RUBBER BAND BOT  v8                                                   |
+------------------------------------------------------------------------+
|  Mode                                                      MORNING_SCAN|
|  Time                                                         13:50 UTC|
|  Regime                                                            BULL|
|  Universe                                                          both|
|  Equity                                                         $478.40|
+========================================================================+

+========================================================================+
|                   RUBBER BAND BOT v8  --  DAILY SCAN                   |
+========================================================================+
|  Mode                                                      *** LIVE ***|
|  Date                                                        2026-07-09|
|  Universe                                                          both|
|  Month                                        Jul: 52wkLow + Pullback50|
|  Regime                                                            BULL|
|  Exit                                      midline / stop-0.5% / 3d max|
+========================================================================+

+========================================================================+
|                                ACCOUNT                                 |
+========================================================================+
|  Equity                                                         $478.40|
|  Cash                                                            $23.92|
|  Reserve                                          $23.92  (always kept)|
|  Available                                      $0.00  (for new trades)|
|  Seasonal trade                   $95.68  (20% -- scheduled strategies)|
|  Off-sched trade                      $95.68  (20% -- other strategies)|
+========================================================================+

+========================================================================+
|                           HOLDINGS  (5 open)                           |
+========================================================================+
|  TICKER   STRATEGY        INVESTED   ENTRY    NOW      P&L%    P&L$    |
+------------------------------------------------------------------------+
|  AES      Pullback50      $96.37     $14.64   $14.62   -0.1%   $-0.10  |
|  AME      Pullback50      $86.51     $233.44  $233.40  -0.0%   $-0.01  |
|  CDNS     Pullback50      $86.71     $377.86  $378.68  +0.2%   $+0.19  |
|  CSCO     Pullback50      $98.36     $113.43  $117.07  +3.2%   $+3.06  |
|  HST      Pullback50      $86.54     $23.03   $23.04   +0.0%   $+0.02  |
|                                                                        |
|  Total invested                                                 $454.48|
|  Total open P&L                                                  $+3.16|
|  Buys today: 0  |  entry cap: 0  |  max open: 5                        |
+========================================================================+

+========================================================================+
|                               PLAN CACHE                               |
+========================================================================+
|  Mode                                                           morning|
|  File                                      logs/plans/morning_plan.json|
|  Use cached plan                                 no (positions changed)|
+========================================================================+

+========================================================================+
|          EXIT EVALUATION  (EOD -- midline + stop + max-hold)           |
+========================================================================+
|  AES  P&L -0.1%  $-0.10                                            HOLD|
|  AME  P&L -0.0%  $-0.01                                            HOLD|
|  HST  P&L +0.0%  $+0.02                                            HOLD|
|  CDNS  P&L +0.2%  $+0.19                                           HOLD|
|  CSCO  P&L +3.2%  $+3.06                                           HOLD|
+========================================================================+

+========================================================================+
|                           EXIT EVAL SUMMARY                            |
+========================================================================+
|  Exit eval    attempted 0 | filled 0 | partial 0 | pending 0 | failed 0|
|  Other skips     already logged today 0  |  no price data 0  |  holds 5|
|  Stop-loss breaches                                                none|
|  Stop-loss look file                  logs/stop_losses_to_look_into.txt|
|  New investigations added                                             0|
+========================================================================+

+========================================================================+
|                             DATA DOWNLOAD                              |
+========================================================================+
|  Universe: both  |  Alpaca primary / yfinance fallback                 |
+========================================================================+

+========================================================================+
|                              SIGNAL SCAN                               |
+========================================================================+
|  Month: Jul  |  Regime: BULL                                           |
|  Primary: 52wkLow  |  Secondary: Pullback50                            |
|  Source                                                       live scan|
+========================================================================+

+========================================================================+
|                         SIGNALS FOUND  --  35                          |
+========================================================================+
|  TICKER   STRATEGY        TIER   PRICE    RSI    VOL_Z   TRIGGER       |
+------------------------------------------------------------------------+
|  ACN      GapDown         off    $134.50  35.2   -1.18   gap -4.6% reco|
|  ADBE     GapDown         off    $220.20  77.5   -1.53   gap -3.1% reco|
|  APP      GapDown         off    $522.21  59.4   -2.77   gap -3.3% reco|
|  CHD      Pullback50      SEAS   $95.73   46.0   -1.91   50MA bounce (-|
|  EXR      Pullback50      SEAS   $144.51  51.1   -2.20   50MA bounce (-|
|  IT       GapDown         off    $132.42  48.9   -1.78   gap -3.0% reco|
|  IBM      GapDown         off    $294.78  67.1   -1.87   gap -5.4% reco|
|  INTC     Pullback50      SEAS   $115.58  46.7   -2.56   50MA bounce (-|
|  IVZ      Pullback50      SEAS   $27.60   42.1   -1.76   50MA bounce (+|
|  INTU     GapDown         off    $268.36  49.6   -2.44   gap -4.2% reco|
|  KMI      Pullback50      SEAS   $32.49   61.9   -2.16   50MA bounce (+|
|  META     GapDown         off    $587.11  54.8   -1.74   gap -3.2% reco|
|  PKG      Pullback50      SEAS   $225.15  44.1   -2.24   50MA bounce (+|
|  PLD      Pullback50      SEAS   $142.16  52.3   -2.45   50MA bounce (-|
|  CRM      GapDown         off    $162.26  58.5   -1.27   gap -5.0% reco|
|  NOW      GapDown         off    $106.70  64.6   -2.65   gap -5.3% reco|
|  SOLV     Pullback50      SEAS   $75.62   53.3   -2.34   50MA bounce (+|
|  TYL      GapDown         off    $308.56  61.8   -2.20   gap -3.1% reco|
|  WDAY     GapDown         off    $135.84  61.8   -1.80   gap -4.7% reco|
|  AGCO     Pullback50      SEAS   $115.03  55.6   -3.10   50MA bounce (-|
|  AIT      Pullback50      SEAS   $318.99  42.0   -2.42   50MA bounce (+|
|  AVT      Pullback50      SEAS   $86.17   43.7   -2.15   50MA bounce (+|
|  BKH      Pullback50      SEAS   $73.70   57.6   -1.68   50MA bounce (+|
|  BURL     Pullback50      SEAS   $318.78  40.0   -2.66   50MA bounce (+|13:54:19  INFO        place_all_stops: checking 5 positions...
13:54:19  INFO        STOP already live AES @ $14.56
13:54:19  INFO        STOP skipped AME: fractional (0.3706 shares) — software exit will handle it
13:54:19  INFO        STOP skipped CDNS: fractional (0.2290 shares) — software exit will handle it
13:54:19  INFO        STOP skipped CSCO: fractional (0.8402 shares) — software exit will handle it
13:54:19  INFO        STOP already live HST @ $22.91
13:54:19  INFO        Daily log -> logs/daily/2026-07-09.md
13:54:19  INFO        Dashboard written → logs/dashboard.md

|  BWA      Pullback50      SEAS   $66.22   39.5   -2.97   50MA bounce (-|
|  COLM     Pullback50      SEAS   $62.64   45.3   -2.45   50MA bounce (-|
|  CUBE     Pullback50      SEAS   $40.12   50.1   -3.25   50MA bounce (-|
|  EVR      Pullback50      SEAS   $342.04  37.9   -3.15   50MA bounce (-|
|  GWRE     GapDown         off    $134.28  73.9   -1.54   gap -3.5% reco|
|  KEX      Pullback50      SEAS   $143.32  55.1   -2.43   50MA bounce (+|
|  NWE      Pullback50      SEAS   $71.22   59.1   -1.52   50MA bounce (+|
|  PEN      Pullback50      SEAS   $317.73  56.2   -2.40   50MA bounce (-|
|  PEGA     GapDown         off    $31.60   58.1   -2.48   gap -3.3% reco|
|  RS       Pullback50      SEAS   $382.30  35.4   -1.69   50MA bounce (+|
|  XPO      Pullback50      SEAS   $208.99  60.4   -1.98   50MA bounce (-|
|                                                                        |
+========================================================================+

+========================================================================+
|                              ENTRY ORDERS                              |
+========================================================================+
|  Skipped                                  no entry slots (max_trades=0)|
+========================================================================+

+========================================================================+
|                            SESSION SUMMARY                             |
+========================================================================+
|  Regime                                                            BULL|
|  Universe                                                          both|
|  Strategy                                          52wkLow + Pullback50|
|  Scanned                                                            894|
|  Signals                                                             35|
|  Entries                                                              0|
|  Buy submits                              0 confirmed  |  0 unconfirmed|
|  Exits                                                                0|
|  Open pos                                                             5|
|  Equity                                                         $478.99|
|  Cash                                                            $23.92|
+========================================================================+
