13:47:41  INFO      Mode: morning_scan
13:47:41  INFO        [positions] 3/3 (3 valid)
13:47:41  INFO        SELL LIMIT AES  qty=2.328609986  limit=$14.81  id=57398f4e-72e6-4bda-a87a-71cb6ab6b56a
13:48:11  INFO        SELL LIMIT filled AES (confirmed by position check)
13:48:11  INFO        TX logged: SELL AES  P&L 0.0%
13:48:11  INFO        Universe cache hit: 903 tickers (tickers_2026-09-03.json)
13:48:12  INFO        [universe] 40/901 (40 valid)
13:48:13  INFO        [universe] 80/901 (80 valid)
13:48:14  INFO        [universe] 120/901 (120 valid)
13:48:15  INFO        [universe] 160/901 (160 valid)
13:48:16  INFO        [universe] 200/901 (199 valid)
13:48:26  INFO        [universe] 240/901 (238 valid)
13:48:36  INFO        [universe] 280/901 (278 valid)
13:48:49  INFO        [universe] 320/901 (318 valid)
13:49:02  INFO        [universe] 360/901 (358 valid)
13:49:15  INFO        [universe] 400/901 (397 valid)
13:49:24  INFO        [universe] 440/901 (437 valid)
13:49:37  INFO        [universe] 480/901 (477 valid)
13:49:50  INFO        [universe] 520/901 (517 valid)
13:50:00  INFO        [universe] 560/901 (557 valid)
13:50:13  INFO        [universe] 600/901 (597 valid)
13:50:26  INFO        [universe] 640/901 (637 valid)
13:50:38  INFO        [universe] 680/901 (677 valid)
13:50:48  INFO        [universe] 720/901 (717 valid)
