13:05:47  INFO      Mode: summary
13:05:48  INFO        Daily log -> logs/daily/2026-07-30.md
13:05:48  INFO        Daily log reconciled -> logs/daily/2026-07-30.md (0 ledger rows)

+========================================================================+
|  RUBBER BAND BOT  v8                                                   |
+------------------------------------------------------------------------+
|  Mode                                                           SUMMARY|
|  Time                                                         13:05 UTC|
|  Regime                                                            BULL|
|  Universe                                                          both|
|  Equity                                                         $484.93|
+========================================================================+

+========================================================================+
|                             ACCOUNT STATUS                             |
+========================================================================+
|  Equity                                                         $484.93|
|  Cash                                                            $79.90|
|  Regime                                                            BULL|
|  Universe                                                          both|
|  Total invested                                                 $405.03|
|  Open P&L                                                       $+11.97|
+========================================================================+

+========================================================================+
|                        HOLDINGS  (5 positions)                         |
+========================================================================+
|  TICKER   STRATEGY        INVESTED   ENTRY    NOW      P&L%    P&L$    |
+------------------------------------------------------------------------+
|  APG      MomReversal     $15.56     $38.56   $41.21   +6.9%   $+1.00  |
|  DVN      Pullback50      $93.48     $44.48   $43.91   -1.3%   $-1.21  |
|  FTNT     GoldenPocket    $105.86    $152.97  $171.25  +11.9%  $+11.30 |
|  ODFL     GoldenPocket    $94.78     $222.48  $223.00  +0.2%   $+0.22  |
|  WING     MomReversal     $95.35     $139.51  $140.49  +0.7%   $+0.66  |
|                                                                        |
|  Total invested                                                 $405.03|
|  Total open P&L                                                 $+11.97|
+========================================================================+

+========================================================================+
|                        EXIT LOGIC ACTIVE  (v8)                         |
+========================================================================+
|  Profit target                              price > 20-day MA (midline)|
|  Stop loss                                             -0.5% from entry|
|  Time stop                                          max 3 calendar days|
+========================================================================+

+========================================================================+
|                          RECENT TRANSACTIONS                           |
+========================================================================+
|  2026-07-29  SELL  EQR  Pullback50  $74.02  P&L $+1.17                 |
|  2026-07-29  SELL  NOW  EarningsDrift  $94.71  P&L $+0.16              |
|  2026-07-29  SELL  FFIV  Pullback50  $96.54  P&L $-0.70                |
|  2026-07-29  SELL  CMS  Pullback50  $20.15  P&L $-0.14                 |
|  2026-07-29  SELL  COST  Pullback50  $95.25  P&L $+0.19                |
|  2026-07-29  SELL  DHI  Pullback50  $88.76  P&L $-0.01                 |
+========================================================================+
