13:51:02  INFO      Mode: morning_scan
13:51:03  INFO        [positions] 1/1 (1 valid)
13:51:03  INFO        Universe cache hit: 903 tickers (tickers_2026-07-30.json)
13:51:04  INFO        [universe] 40/902 (40 valid)
13:51:05  INFO        [universe] 80/902 (80 valid)
13:51:06  INFO        [universe] 120/902 (120 valid)
13:51:11  INFO        [universe] 160/902 (160 valid)
13:51:24  INFO        [universe] 200/902 (199 valid)
13:51:34  INFO        [universe] 240/902 (238 valid)
13:51:47  INFO        [universe] 280/902 (278 valid)
13:52:00  INFO        [universe] 320/902 (318 valid)
13:52:10  INFO        [universe] 360/902 (358 valid)
13:52:23  INFO        [universe] 400/902 (397 valid)
13:52:36  INFO        [universe] 440/902 (437 valid)
13:52:46  INFO        [universe] 480/902 (477 valid)
13:52:59  INFO        [universe] 520/902 (517 valid)
13:53:12  INFO        [universe] 560/902 (557 valid)
13:53:22  INFO        [universe] 600/902 (597 valid)
13:53:35  INFO        [universe] 640/902 (637 valid)
13:53:48  INFO        [universe] 680/902 (677 valid)
13:53:58  INFO        [universe] 720/902 (717 valid)
13:54:11  INFO        [universe] 760/902 (757 valid)
13:54:24  INFO        [universe] 800/902 (797 valid)
13:54:35  INFO        [universe] 840/902 (836 valid)
13:54:47  INFO        [universe] 880/902 (876 valid)
13:54:54  INFO        [universe] 902/902 (898 valid)
13:54:56  INFO        BUY  BKR  $95.28  [Pullback50]  id=d7e1f32d-8ff7-4c01-afdc-016ec6628581

+========================================================================+
|  RUBBER BAND BOT  v8                                                   |
+------------------------------------------------------------------------+
|  Mode                                                      MORNING_SCAN|
|  Time                                                         13:51 UTC|
|  Regime                                                            BULL|
|  Universe                                                          both|
|  Equity                                                         $476.40|
+========================================================================+

+========================================================================+
|                   RUBBER BAND BOT v8  --  DAILY SCAN                   |
+========================================================================+
|  Mode                                                      *** LIVE ***|
|  Date                                                        2026-07-30|
|  Universe                                                          both|
|  Mon~  Jul: 52wkLow + Pullback50 (display only — schedule not enforced)|
|  Disabled                GapDown, VolumeSpike (see DISABLED_STRATEGIES)|
|  Regime                                                            BULL|
|  Exit                                      midline / stop-0.5% / 3d max|
+========================================================================+

+========================================================================+
|                                ACCOUNT                                 |
+========================================================================+
|  Equity                                                         $476.40|
|  Cash                                                           $379.11|
|  Reserve                                          $23.82  (always kept)|
|  Available                                    $355.29  (for new trades)|
|  Trade size             $95.28  (20% per signal — all strategies equal)|
+========================================================================+

+========================================================================+
|                           HOLDINGS  (1 open)                           |
+========================================================================+
|  TICKER   STRATEGY        INVESTED   ENTRY    NOW      P&L%    P&L$    |
+------------------------------------------------------------------------+
|  WING     MomReversal     $97.29     $139.51  $143.35  +2.8%   $+2.60  |
|                                                                        |
|  Total invested                                                  $97.29|
|  Total open P&L                                                  $+2.60|
|  Buys today: 0  |  entry cap: 4  |  max open: 5                        |
+========================================================================+

+========================================================================+
|                               PLAN CACHE                               |
+========================================================================+
|  Mode                                                           morning|
|  File                                      logs/plans/morning_plan.json|
|  Use cached plan                                  no (stale (30245.6m))|
+========================================================================+

+========================================================================+
|          EXIT EVALUATION  (EOD -- midline + stop + max-hold)           |
+========================================================================+
|  WING  P&L +2.8%  $+2.60                                           HOLD|
+========================================================================+

+========================================================================+
|                           EXIT EVAL SUMMARY                            |
+========================================================================+
|  Exit eval    attempted 0 | filled 0 | partial 0 | pending 0 | failed 0|
|  Other skips     already logged today 0  |  no price data 0  |  holds 1|
|  Stop-loss breaches                                                none|
|  Stop-loss look file                  logs/stop_losses_to_look_into.txt|
|  New investigations added                                             0|
+========================================================================+

+========================================================================+
|                             DATA DOWNLOAD                              |
+========================================================================+
|  Universe: both  |  Alpaca primary / yfinance fallback                 |
+========================================================================+

+========================================================================+
|                              SIGNAL SCAN                               |
+========================================================================+
|  Month: Jul  |  Regime: BULL                                           |
|  Primary: 52wkLow  |  Secondary: Pullback50 (display only — schedule n~|
|  Source                                                       live scan|
+========================================================================+

+========================================================================+
|                         SIGNALS FOUND  --  23                          |
+========================================================================+
|  TICKER   STRATEGY        TIER   PRICE    RSI    VOL_Z   TRIGGER       |
+------------------------------------------------------------------------+
|  BKR      Pullback50      eq     $59.47   57.7   -2.06   50MA bounce (-|
|  DVN      Pullback50      eq     $43.92   58.7   -2.44   50MA bounce (-|
|  EME      Pullback50      eq     $801.15  53.0   -1.27   50MA bounce (-|
|  EQIX     Pullback50      eq     $1062.~  52.2   -2.68   50MA bounce (+|
|  BEN      Pullback50      eq     $32.65   42.7   -2.91   50MA bounce (+|
|  FCX      Pullback50      eq     $63.45   54.3   -2.66   50MA bounce (-|
|  HUM      Pullback50      eq     $369.71  40.4   -1.52   50MA bounce (+|
|  IBKR     Pullback50      eq     $89.55   41.8   -2.33   50MA bounce (-|
|  IRM      Pullback50      eq     $125.96  58.8   -2.63   50MA bounce (+|
|  OXY      Pullback50      eq     $55.07   57.9   -2.22   50MA bounce (+|
|  OKE      Pullback50      eq     $89.16   47.6   -3.48   50MA bounce (-|
|  REG      Pullback50      eq     $80.07   52.4   -3.20   50MA bounce (+|
|  RL       Pullback50      eq     $380.43  42.8   -2.82   50MA bounce (-|
|  WST      Pullback50      eq     $336.95  38.1   -1.87   50MA bounce (-|
|  AVT      Pullback50      eq     $86.68   48.9   -2.47   50MA bounce (-|
|  BHF      Pullback50      eq     $63.55   35.0   -2.08   50MA bounce (-|
|  BKH      Pullback50      eq     $73.22   39.2   -2.92   50MA bounce (-|
|  COLB     Pullback50      eq     $31.22   42.9   -2.31   50MA bounce (+|
|  CYTK     Pullback50      eq     $78.73   28.7   -3.00   50MA bounce (+|
|  LFUS     Pullback50      eq     $442.83  60.7   -1.60   50MA bounce (+|
|  NWE      Pullback50      eq     $71.01   40.4   -2.66   50MA bounce (-|
|  OGE      Pullback50      eq     $47.95   45.1   -2.84   50MA bounce (-|
|  SLAB     Pullback50      eq     $217.49  39.4   -2.27   50MA bounce (-|
|                                                                        |
+========================================================================+

+========================================================================+
|                              ENTRY ORDERS                              |
+========================================================================+
|    ENTER [eq] BKR  Pullback50                                    $95.28|
|    BUY SUBMITTED [e~  fill pending — batched confirmation after entries|
|    ENTER [eq] DVN  Pullback50                                    $95.28|13:54:56  INFO        BUY  DVN  $95.28  [Pullback50]  id=afe3ce83-f04f-43b4-825d-7cf9fbb85c55
13:54:57  INFO        BUY  EME  $95.28  [Pullback50]  id=1e67cefa-7486-4427-969c-0e0b328463c6
13:54:57  INFO        BUY  EQIX  $69.45  [Pullback50]  id=da053d73-875d-42f5-be46-88f3e5d9d5ec
