13:10:45  INFO      Mode: summary
13:10:45  INFO        Daily log -> logs/daily/2026-07-29.md
13:10:45  INFO        Daily log reconciled -> logs/daily/2026-07-29.md (0 ledger rows)

+========================================================================+
|  RUBBER BAND BOT  v8                                                   |
+------------------------------------------------------------------------+
|  Mode                                                           SUMMARY|
|  Time                                                         13:10 UTC|
|  Regime                                                            BULL|
|  Universe                                                          both|
|  Equity                                                         $479.91|
+========================================================================+

+========================================================================+
|                             ACCOUNT STATUS                             |
+========================================================================+
|  Equity                                                         $479.91|
|  Cash                                                            $24.41|
|  Regime                                                            BULL|
|  Universe                                                          both|
|  Total invested                                                 $455.50|
|  Open P&L                                                        $-4.47|
+========================================================================+

+========================================================================+
|                        HOLDINGS  (5 positions)                         |
+========================================================================+
|  TICKER   STRATEGY        INVESTED   ENTRY    NOW      P&L%    P&L$    |
+------------------------------------------------------------------------+
|  ALGN     Pullback50      $99.66     $171.32  $175.60  +2.5%   $+2.43  |
|  EQR      Pullback50      $73.04     $67.78   $67.90   +0.2%   $+0.12  |
|  FFIV     Pullback50      $99.29     $400.57  $409.00  +2.1%   $+2.05  |
|  HLT      GoldenPocket    $96.74     $322.61  $320.00  -0.8%   $-0.79  |
|  LII      GoldenPocket    $86.76     $544.48  $497.00  -8.7%   $-8.29  |
|                                                                        |
|  Total invested                                                 $455.50|
|  Total open P&L                                                  $-4.47|
+========================================================================+

+========================================================================+
|                        EXIT LOGIC ACTIVE  (v8)                         |
+========================================================================+
|  Profit target                              price > 20-day MA (midline)|
|  Stop loss                                             -0.5% from entry|
|  Time stop                                          max 3 calendar days|
+========================================================================+

+========================================================================+
|                          RECENT TRANSACTIONS                           |
+========================================================================+
|  2026-07-28  SELL  DTE  Pullback50  $96.65  P&L $-0.58                 |
|  2026-07-28  SELL  HUBB  Pullback50  $96.49  P&L $-0.57                |
|  2026-07-28  SELL  DHI  Pullback50  $97.18  P&L $-0.02                 |
|  2026-07-28  SELL  BG  Pullback50  $97.15  P&L $-0.06                  |
|  2026-07-27  SELL  EQR  Pullback50  $96.97  P&L $-0.51                 |
|  2026-07-27  SELL  AVB  Pullback50  $96.72  P&L $-0.76                 |
+========================================================================+
