=== options_live_micro LIVE 2026-08-21T10:45:59.629160-04:00 share=50% ===
2026-08-21 10:45:59,629 INFO === options_live_micro LIVE 2026-08-21T10:45:59.629160-04:00 share=50% ===
Live account equity $326.48 cash $129.42 #225458845 options_level=3
2026-08-21 10:45:59,831 INFO Live account equity $326.48 cash $129.42 #225458845 options_level=3
Live micro sleeve $163 (50% of $326) deployed $68 open_strategies=1/4 (paper baseline $75 / tp=+50% sl=-40% / 1 contract per strategy)
2026-08-21 10:46:00,100 INFO Live micro sleeve $163 (50% of $326) deployed $68 open_strategies=1/4 (paper baseline $75 / tp=+50% sl=-40% / 1 contract per strategy)
Live micro entry order (CLEAN win): S404 100%win, S406 56%win, S218 56%win, S210 55%win
2026-08-21 10:46:00,100 INFO Live micro entry order (CLEAN win): S404 100%win, S406 56%win, S218 56%win, S210 55%win
Live micro signals: 4
2026-08-21 10:46:01,956 INFO Live micro signals: 4
  try S218 56%win/+49%med COST
2026-08-21 10:46:01,956 INFO   try S218 56%win/+49%med COST
LIVE BUY failed S218 COST: {"buy_limit_price":"0.6","code":40310000,"existing_order_id":"622ffbfc-8e23-41cb-900c-8ad08e486bd6","message":"potential wash trade detected. use complex orders","reject_reason":"sell order exists, buy limit price should be less than existing sell limit price","sell_limit_price":"0.35"}
2026-08-21 10:46:02,720 INFO LIVE BUY failed S218 COST: {"buy_limit_price":"0.6","code":40310000,"existing_order_id":"622ffbfc-8e23-41cb-900c-8ad08e486bd6","message":"potential wash trade detected. use complex orders","reject_reason":"sell order exists, buy limit price should be less than existing sell limit price","sell_limit_price":"0.35"}
  try S218 56%win/+49%med SYK
2026-08-21 10:46:02,720 INFO   try S218 56%win/+49%med SYK
  skip S218 SYK: no contract under $75
2026-08-21 10:46:02,976 INFO   skip S218 SYK: no contract under $75
  skip S210 AMD: strategy already open (paper bucket rule)
2026-08-21 10:46:02,976 INFO   skip S210 AMD: strategy already open (paper bucket rule)
  skip S210 COIN: strategy already open (paper bucket rule)
2026-08-21 10:46:02,977 INFO   skip S210 COIN: strategy already open (paper bucket rule)
Live micro done. open_options=3 lots=0
2026-08-21 10:46:03,140 INFO Live micro done. open_options=3 lots=0
