options_reconcile: state=/home/runner/work/TradingBot/TradingBot/logs/options_trial/_state/lab_state.json
  open_lots=150 paper_keys=yes dry_run=False
  alpaca positions=31
options_reconcile: done
Layout: controlled:1164:live_1to1+variations (layout changed controlled:100:c000_s173_w1_0928_1005_r1 -> controlled:1164:live_1to1+variations)
Trial layout: /home/runner/work/TradingBot/TradingBot/logs/options_trial
Docs:         skipped (local docs unavailable on this runner)
Buckets:      1164
PROBE OK: paper account status=AccountStatus.ACTIVE equity=$1,000,918.07
  buying_power=$3,939,727.00 cash=$1,029,919.07
  open option orders: 20
    BAC260918C00060000 OrderSide.SELL qty=2 status=OrderStatus.NEW limit=None
    MS260918C00215000 OrderSide.SELL qty=2 status=OrderStatus.NEW limit=None
    META260918C00727500 OrderSide.SELL qty=1 status=OrderStatus.NEW limit=None
    MSTR260918C00157500 OrderSide.SELL qty=2 status=OrderStatus.NEW limit=None
    COIN260918C00200000 OrderSide.SELL qty=4 status=OrderStatus.NEW limit=None
  open option positions: 30
    BAC260918C00060000 qty=2 mkt=$76.00
    COIN260918C00200000 qty=4 mkt=$420.00
    COIN260918C00205000 qty=2 mkt=$128.00
    COIN260918C00210000 qty=2 mkt=$90.00
    MARA260918C00011500 qty=9 mkt=$324.00
PROBE: check-only pass (use --smoke-entry to place a test order)
=== options_morning_bot (PAPER) 2026-09-15T11:21:14.113891-04:00 ===

[Run context]
Paper auth OK — equity $1000918.07, account PA33P8KT02IL

[Setup]
LIVE 1:1 bucket b90 live_1to1 — S218, S404, S406 | TP+50%/SL-40% | stop-mkt | min $20
Variation study: 1163 lab/promising bucket(s) | cohort: all paper strategies | max 400 new entries/run
Dropped (no new entries; ex-reflected P&L): S203, S207, S212, S360, S405, S407
2026-09-15 11:21:20,422 INFO   EXIT [b239|lab0239_s401_w3_1045_1120_r2|S401] take_profit (+69.1%) SELL 1 META260918C00720000 @<= 0.91
Protective stops: placed=0 upgraded=0 already=27 failed=2 (market-first)

[Scan + entries]
Scanning 117 symbols for [S165, S164, S168, S167, S166, S163, S169, S170, S171, S172, S175, S200, S201, S202, S204, S205, S206, S208, S209, S210, S211, S213, S214, S215, S216, S217, S218, S219, S220, S221, S400, S401, S402, S403, S350, S351, S352, S353, S354, S355, S356, S357, S358, S359, S361, S362, S363, S364, S365, S366, S367, S368, S369, S370, S371, S372, S373, S374, S375, S376, S377, S378, S379, S380, S381, S382, S383, S384, S385, S386, S387, S388, S389, S390, S391, S392, S393, S394, S413, S414, S415, S416, S417, S418, S395, S396, S397, S398, S399, S404, S406, S408, S409, S410, S411, S412, S413, S414, S415, S416, S417, S418, S419] …
Fetched daily bars for 113/117 symbols
Found 304 signal(s); top: ['S403:AMD', 'S165:COIN', 'S164:COIN', 'S168:COIN', 'S167:COIN', 'S166:COIN', 'S163:COIN', 'S350:COIN']
Paper lab: $1000918 broker equity -> 1164 bucket(s) ($500 virtual each, unlimited paper)
  [b798 COIN] ENTRY failed: {"code":40310000,"existing_order_id":"60090c49-40fd-4629-bdcb-a32c3c5fb6d0","message":"potential wash trade detected. use complex orders","reject_reason":"opposite side market/stop order exists"}
  [b799 COIN] ENTRY failed: {"code":40310000,"existing_order_id":"60090c49-40fd-4629-bdcb-a32c3c5fb6d0","message":"potential wash trade detected. use complex orders","reject_reason":"opposite side market/stop order exists"}
  [b240 META] ENTRY failed: {"code":40310000,"existing_order_id":"67fe6c86-2494-4212-9e98-81e1ad0d928e","message":"potential wash trade detected. use complex orders","reject_reason":"opposite side market/stop order exists"}
  [b241 META] ENTRY failed: {"code":40310000,"existing_order_id":"67fe6c86-2494-4212-9e98-81e1ad0d928e","message":"potential wash trade detected. use complex orders","reject_reason":"opposite side market/stop order exists"}
  [b774 MARA] ENTRY failed: {"code":40310000,"existing_order_id":"c103b7e0-eb01-43b5-93c6-18dabb5a34cc","message":"potential wash trade detected. use complex orders","reject_reason":"opposite side market/stop order exists"}
  [b775 MARA] ENTRY failed: {"code":40310000,"existing_order_id":"c103b7e0-eb01-43b5-93c6-18dabb5a34cc","message":"potential wash trade detected. use complex orders","reject_reason":"opposite side market/stop order exists"}
  [b798 MARA] ENTRY failed: {"code":40310000,"existing_order_id":"e1af64bf-cfbf-4bfc-b46f-3b77cd891495","message":"potential wash trade detected. use complex orders","reject_reason":"opposite side market/stop order exists"}
  [b799 MARA] ENTRY failed: {"code":40310000,"existing_order_id":"e1af64bf-cfbf-4bfc-b46f-3b77cd891495","message":"potential wash trade detected. use complex orders","reject_reason":"opposite side market/stop order exists"}
  [b834 MARA] ENTRY failed: {"code":40310000,"existing_order_id":"e1af64bf-cfbf-4bfc-b46f-3b77cd891495","message":"potential wash trade detected. use complex orders","reject_reason":"opposite side market/stop order exists"}
  [b835 MARA] ENTRY failed: {"code":40310000,"existing_order_id":"e1af64bf-cfbf-4bfc-b46f-3b77cd891495","message":"potential wash trade detected. use complex orders","reject_reason":"opposite side market/stop order exists"}
  [b890 MARA] ENTRY failed: {"code":40310000,"existing_order_id":"c103b7e0-eb01-43b5-93c6-18dabb5a34cc","message":"potential wash trade detected. use complex orders","reject_reason":"opposite side market/stop order exists"}
  [b891 MARA] ENTRY failed: {"code":40310000,"existing_order_id":"c103b7e0-eb01-43b5-93c6-18dabb5a34cc","message":"potential wash trade detected. use complex orders","reject_reason":"opposite side market/stop order exists"}
  [b904 MARA] ENTRY failed: {"code":40310000,"existing_order_id":"774a36c2-4b70-4b6f-8260-df4bc2089b1e","message":"potential wash trade detected. use complex orders","reject_reason":"opposite side market/stop order exists"}
  [b905 MARA] ENTRY failed: {"code":40310000,"existing_order_id":"774a36c2-4b70-4b6f-8260-df4bc2089b1e","message":"potential wash trade detected. use complex orders","reject_reason":"opposite side market/stop order exists"}
  [b798 MSTR] ENTRY failed: {"code":40310000,"existing_order_id":"40cd6376-8517-4aa6-a0b6-27c653037504","message":"potential wash trade detected. use complex orders","reject_reason":"opposite side market/stop order exists"}
  [b799 MSTR] ENTRY failed: {"code":40310000,"existing_order_id":"40cd6376-8517-4aa6-a0b6-27c653037504","message":"potential wash trade detected. use complex orders","reject_reason":"opposite side market/stop order exists"}
  [b834 MSTR] ENTRY failed: {"code":40310000,"existing_order_id":"40cd6376-8517-4aa6-a0b6-27c653037504","message":"potential wash trade detected. use complex orders","reject_reason":"opposite side market/stop order exists"}
  [b835 MSTR] ENTRY failed: {"code":40310000,"existing_order_id":"40cd6376-8517-4aa6-a0b6-27c653037504","message":"potential wash trade detected. use complex orders","reject_reason":"opposite side market/stop order exists"}
  [b326 PATH] ENTRY failed: {"code":40310000,"existing_order_id":"fb64b2e8-3589-4dd0-885c-52f002161dca","message":"potential wash trade detected. use complex orders","reject_reason":"opposite side market/stop order exists"}
  [b327 PATH] ENTRY failed: {"code":40310000,"existing_order_id":"fb64b2e8-3589-4dd0-885c-52f002161dca","message":"potential wash trade detected. use complex orders","reject_reason":"opposite side market/stop order exists"}
  [b424 PATH] ENTRY failed: {"code":40310000,"existing_order_id":"fb64b2e8-3589-4dd0-885c-52f002161dca","message":"potential wash trade detected. use complex orders","reject_reason":"opposite side market/stop order exists"}
  [b425 PATH] ENTRY failed: {"code":40310000,"existing_order_id":"fb64b2e8-3589-4dd0-885c-52f002161dca","message":"potential wash trade detected. use complex orders","reject_reason":"opposite side market/stop order exists"}
  [b774 PATH] ENTRY failed: {"code":40310000,"existing_order_id":"d2b0e934-d47f-4bef-abaf-8e3f3b172781","message":"potential wash trade detected. use complex orders","reject_reason":"opposite side market/stop order exists"}
  [b775 PATH] ENTRY failed: {"code":40310000,"existing_order_id":"d2b0e934-d47f-4bef-abaf-8e3f3b172781","message":"potential wash trade detected. use complex orders","reject_reason":"opposite side market/stop order exists"}
  [b890 PATH] ENTRY failed: {"code":40310000,"existing_order_id":"d2b0e934-d47f-4bef-abaf-8e3f3b172781","message":"potential wash trade detected. use complex orders","reject_reason":"opposite side market/stop order exists"}
  [b891 PATH] ENTRY failed: {"code":40310000,"existing_order_id":"d2b0e934-d47f-4bef-abaf-8e3f3b172781","message":"potential wash trade detected. use complex orders","reject_reason":"opposite side market/stop order exists"}
  [b904 PATH] ENTRY failed: {"code":40310000,"existing_order_id":"fbb6ecb6-20da-473d-a44b-8adb4e95f89f","message":"potential wash trade detected. use complex orders","reject_reason":"opposite side market/stop order exists"}
  [b905 PATH] ENTRY failed: {"code":40310000,"existing_order_id":"fbb6ecb6-20da-473d-a44b-8adb4e95f89f","message":"potential wash trade detected. use complex orders","reject_reason":"opposite side market/stop order exists"}
  [b240 MSFT] ENTRY failed: {"code":40310000,"existing_order_id":"65884350-8f29-43ad-8597-45260af505cc","message":"potential wash trade detected. use complex orders","reject_reason":"opposite side market/stop order exists"}
  [b241 MSFT] ENTRY failed: {"code":40310000,"existing_order_id":"65884350-8f29-43ad-8597-45260af505cc","message":"potential wash trade detected. use complex orders","reject_reason":"opposite side market/stop order exists"}
  [b170 NKE] ENTRY failed: {"code":40310000,"existing_order_id":"7be68e97-5fe6-47dc-a306-2a710a030e25","message":"potential wash trade detected. use complex orders","reject_reason":"opposite side market/stop order exists"}
  [b171 NKE] ENTRY failed: {"code":40310000,"existing_order_id":"7be68e97-5fe6-47dc-a306-2a710a030e25","message":"potential wash trade detected. use complex orders","reject_reason":"opposite side market/stop order exists"}
  [b198 BAC] ENTRY failed: {"code":40310000,"existing_order_id":"d3bbdb53-693a-476b-91f0-fa2dd579a2d3","message":"potential wash trade detected. use complex orders","reject_reason":"opposite side market/stop order exists"}
  [b199 BAC] ENTRY failed: {"code":40310000,"existing_order_id":"d3bbdb53-693a-476b-91f0-fa2dd579a2d3","message":"potential wash trade detected. use complex orders","reject_reason":"opposite side market/stop order exists"}
  Skipped: 242 no tradeable call, 19 already attempted today, 170 pending order
Placed 30 new entry order(s).
Protective stops: placed=3 upgraded=0 already=27 failed=1 (market-first)

[Portfolio snapshot]
+========================================================================+
|[OPTIONS BOT DAILY VITALS (MATRIX EXPERIMENT)]                          |
+========================================================================+
|-- ACCOUNT STATUS (entry+manage) --                                     |
|Equity       : $1,000,918.07                                            |
|Open Risk    : 174 lots (32 broker pos)                                 |
|Today's Run  : 304 signals -> 30 orders submitted                       |
|                                                                        |
|-- SYSTEM HEALTH --                                                     |
|Zombies      : 0 (Ledger is clean)                                      |
|Lab Status   : 174 Active Lots | 26 Pending Orders                      |
|Auto-Matrix  : (Pending EOD report generation)                          |
+========================================================================+
+========================================================================+
|[DATA QUALITY: CLEAN vs ERRORS vs KEEP-ONLY]                            |
+========================================================================+
|  CLEAN              n=1215  win= 48.8%  med= -17.2%  $+15,702          |
|  TAINTED            n=1844  win= 33.5%  med= -38.8%  $-9,169           |
|  KEEP-only          n=632   win= 62.8%  med= +51.0%  $+10,713          |
|  KEEP recent        n=435   win= 60.7%  med= +53.3%  $+6,068           |
|  KEEP(23): S163,S168,S173,S174,S210,S218,S350,S353...                  |
|  KILL(20): ORPHAN,S164,S202,S203,S207,S211,S212,S216...                |
+========================================================================+
+========================================================================+
|[+++ OVERPERFORMING STRATEGIES (n>=10)]                                 |
+========================================================================+
|  BKT  PROFILE                   WIN%   MED%   TOTAL TRADES             |
|  ---------------------------------------------------------             |
|  b832 lab0832_s406_w3_1045..  85%  +126.9%    13                       |
|  b238 lab0238_s401_w3_1045..  82%  +109.5%    17                       |
|  b861 lab0861_s408_w3_1045..  67%  +83.3%    12                        |
|  b365 lab0365_s361_w2_1005..  91%  +82.8%    11                        |
+========================================================================+
|[--- UNDERPERFORMING STRATEGIES (n>=10)]                                |
+========================================================================+
|  BKT  PROFILE                   WIN%   MED%   TOTAL TRADES             |
|  ---------------------------------------------------------             |
|  b47  lab0047_s205_w4_1120..   4%  -78.0%    28                        |
|  b167 lab0167_s216_w2_1005..  20%  -71.8%    10                        |
|  b307 lab0307_s354_w2_1005..  30%  -69.9%    10                        |
|  b1   lab0001_s200_w1_0928..   0%  -65.8%    10                        |
+========================================================================+
+========================================================================+
|[PENDING ORDERS (26)]                                                   |
+========================================================================+
|  Top groups: S216:MCD(4), S165:MARA(2), S164:MARA(2)                   |
|  ---------------------------------------------------------             |
|  b164 S216 MCD      limit=0.11                                         |
|  b165 S216 MCD      limit=0.11                                         |
|  b1056 S165 MARA     limit=0.14                                        |
|  b1057 S165 MARA     limit=0.14                                        |
|  b1154 S164 MARA     limit=0.14                                        |
|  ... 21 more pending order(s)                                          |
+========================================================================+
+========================================================================+
|[PENDING EXITS (1)]                                                     |
+========================================================================+
|  b195 S218 MS260918C00212500 x1 stop_loss (-50.9%)                     |
+========================================================================+
+========================================================================+
|[OPEN OPTIONS (32)]                                                     |
+========================================================================+
|  SYMBOL                      QTY    RET%        OPEN P&L               |
|  ---------------------------------------------------------             |
|  MARA260918C00012000          80    -33.3%   $   -800.26               |
|  SNOW260918C00350000          20    -17.4%   $   -160.00               |
|  COIN260918C00200000           4    +40.3%   $   +116.00               |
|  PATH260918C00014000           4    -26.5%   $    -72.00               |
|  MS260918C00212500             2    -63.6%   $    -70.00               |
|  MARA260925C00012500           3    -45.6%   $    -68.00               |
|  MARA260918C00011500           9    +18.2%   $    +50.00               |
|  SNOW260918C00347500           4    -19.0%   $    -48.00               |
|  ... 24 more position(s)                                               |
+========================================================================+
Full detail: logs/options_trial/runs/2026-09-15.log
elapsed=138.8s reconcile=0.37s cancel=0.08s manage=7.78s scan=28.43s entries=88.48s
STATUS: options_morning_bot run complete (PAPER) elapsed=138.8s. run=#10004 https://github.com/28twagg-ops/TradingBot/actions/runs/34987727230
Evaluation complete: 100 strategies evaluated, 0 killed, 0 promote candidates.
Wrote /home/runner/work/TradingBot/TradingBot/logs/options_trial/reports/2026-09-15_buckets.md
Wrote /home/runner/work/TradingBot/TradingBot/logs/options_trial/reports/2026-09-15_buckets.csv
Summary: 8 buckets closed trades, $-110.27 realized
STALE WARNING: 4 bucket(s) with open lots and last_entry >5d
Wrote /home/runner/work/TradingBot/TradingBot/logs/options_trial/reports/2026-09-15_strategy_selection.md
Wrote /home/runner/work/TradingBot/TradingBot/logs/options_trial/reports/2026-09-15_strategy_selection.csv
Summary: keep=0 watch=81 drop=24
Orphan rate: 12.3% (377/3059) ALERT
# Options signal frequency

_Generated 2026-09-15T11:23:37.047656_

Headline counts are **unique (strategy, underlying, date)** from `ENTRY` lines in `logs/options_trial/runs/*.log`.
Raw log-line counts (multi-bucket duplicates) are shown below for debug.

### Unique underlying symbols per day (headline)

| Date       | S163 | S164 | S165 | S166 | S167 | S168 | S169 | S170 | S171 | S172 | S175 | S173 | S174 | Total |
|------------|-----:|-----:|-----:|-----:|-----:|-----:|-----:|-----:|-----:|-----:|-----:|-----:|-----:|------:|
| 2026-07-07 |    0 |    0 |    0 |    0 |    0 |    0 |    0 |    0 |    0 |    0 |    0 |    1 |    0 |     1 |
| 2026-07-08 |    0 |    0 |    3 |    0 |    0 |    0 |    0 |    0 |    0 |    0 |    0 |    2 |    1 |     6 |
| 2026-07-09 |    0 |    0 |    1 |    0 |    0 |    0 |    0 |    0 |    0 |    0 |    0 |    2 |    3 |     6 |
| 2026-07-10 |    0 |    0 |    1 |    0 |    0 |    0 |    0 |    0 |    0 |    0 |    0 |    1 |    1 |     3 |
| 2026-07-13 |    0 |    0 |    2 |    0 |    0 |    0 |    0 |    0 |    0 |    0 |    0 |    3 |    2 |     7 |
| 2026-07-14 |    0 |    0 |    3 |    0 |    0 |    0 |    0 |    0 |    0 |    0 |    0 |    2 |    0 |     5 |
| 2026-07-16 |    0 |    0 |    2 |    0 |    0 |    0 |    0 |    0 |    0 |    0 |    0 |    3 |    0 |     5 |
| 2026-07-17 |    0 |    0 |    2 |    0 |    0 |    0 |    0 |    0 |    0 |    0 |    0 |    2 |    0 |     4 |
| 2026-07-20 |    0 |    0 |    0 |    0 |    0 |    0 |    0 |    0 |    0 |    0 |    0 |    1 |    0 |     1 |
| 2026-07-21 |    1 |    2 |    1 |    1 |    2 |    2 |    0 |    0 |    0 |    0 |    0 |    0 |    0 |     9 |
| 2026-07-22 |    1 |    1 |    1 |    0 |    1 |    0 |    0 |    0 |    0 |    0 |    0 |    0 |    0 |     4 |
| 2026-07-24 |    1 |    1 |    1 |    0 |    1 |    1 |    0 |    0 |    0 |    0 |    0 |    0 |    0 |     5 |
| 2026-07-27 |    1 |    0 |    1 |    1 |    1 |    1 |    0 |    0 |    0 |    0 |    0 |    0 |    0 |     5 |
| 2026-07-28 |    1 |    1 |    1 |    1 |    1 |    1 |    0 |    0 |    0 |    0 |    0 |    0 |    0 |     6 |
| 2026-07-29 |    1 |    2 |    1 |    1 |    1 |    0 |    0 |    0 |    0 |    0 |    0 |    0 |    0 |     6 |
| 2026-09-01 |    2 |    2 |    2 |    1 |    2 |    2 |    0 |    0 |    0 |    0 |    0 |    0 |    0 |    11 |
| 2026-09-02 |    1 |    1 |    1 |    1 |    1 |    1 |    0 |    0 |    0 |    0 |    0 |    0 |    0 |     6 |
| 2026-09-03 |    1 |    1 |    1 |    1 |    1 |    1 |    0 |    0 |    0 |    0 |    0 |    0 |    0 |     6 |
| 2026-09-04 |    2 |    2 |    2 |    2 |    2 |    2 |    0 |    0 |    0 |    0 |    0 |    0 |    0 |    12 |
| 2026-09-08 |    1 |    2 |    2 |    0 |    2 |    2 |    0 |    0 |    0 |    0 |    0 |    0 |    0 |     9 |
| 2026-09-10 |    1 |    3 |    2 |    0 |    2 |    1 |    0 |    0 |    0 |    0 |    0 |    0 |    0 |     9 |
| 2026-09-15 |    1 |    2 |    2 |    0 |    2 |    2 |    0 |    0 |    0 |    0 |    0 |    0 |    0 |     9 |

## Per-strategy summary (unique underlyings)

| Strategy | Unique entries | Active days | Avg unique / active day | Est. active days to n=30 exits* |
|----------|---------------:|------------:|------------------------:|--------------------------------|
| S163 | 15 | 13 | 1.2 | ~33 active signal-days |
| S164 | 20 | 12 | 1.7 | ~23 active signal-days |
| S165 | 32 | 20 | 1.6 | ~24 active signal-days |
| S166 | 9 | 8 | 1.1 | ~34 active signal-days |
| S167 | 19 | 13 | 1.5 | ~26 active signal-days |
| S168 | 16 | 11 | 1.5 | ~26 active signal-days |
| S169 | 0 | 0 | 0.0 | inf (no unique entries yet) |
| S170 | 0 | 0 | 0.0 | inf (no unique entries yet) |
| S171 | 0 | 0 | 0.0 | inf (no unique entries yet) |
| S172 | 0 | 0 | 0.0 | inf (no unique entries yet) |
| S175 | 0 | 0 | 0.0 | inf (no unique entries yet) |
| S173 | 17 | 9 | 1.9 | ~20 active signal-days |
| S174 | 7 | 4 | 1.8 | ~22 active signal-days |

\* Formula: `ceil(30 / (avg_unique_per_active_day * 80%))`. Update when real exit rates are known.

## Signal frequency by window (all time, unique strategy×symbol×date×window)

| Window | S163 | S164 | S165 | S166 | S167 | S168 | S169 | S170 | S171 | S172 | S175 | S173 | S174 | Total |
|--------|-----:|-----:|-----:|-----:|-----:|-----:|-----:|-----:|-----:|-----:|-----:|-----:|-----:|------:|
| w1     |    6 |    6 |   10 |    3 |    6 |    6 |    0 |    0 |    0 |    0 |    0 |    7 |    1 |    45 |
| w2     |    9 |    9 |   14 |    7 |   10 |    9 |    0 |    0 |    0 |    0 |    0 |    6 |    3 |    67 |
| w3     |   10 |   10 |   17 |    6 |   10 |    7 |    0 |    0 |    0 |    0 |    0 |    7 |    4 |    71 |
| w4     |    6 |    5 |   11 |    3 |    6 |    7 |    0 |    0 |    0 |    0 |    0 |    6 |    3 |    47 |

Windows (ET): w1 09:28–10:05 · w2 10:05–10:45 · w3 10:45–11:20 · w4 11:20–11:35. Parsed from controlled-layout profile names in ENTRY log lines.

## Raw vs unique totals

| Strategy | Raw log lines (includes multi-bucket duplicates) | Unique underlying symbols |
|----------|-------------------------------------------------:|--------------------------:|
| S163 | 263 | 15 |
| S164 | 295 | 20 |
| S165 | 1731 | 32 |
| S166 | 135 | 9 |
| S167 | 289 | 19 |
| S168 | 214 | 16 |
| S169 | 0 | 0 |
| S170 | 0 | 0 |
| S171 | 0 | 0 |
| S172 | 0 | 0 |
| S175 | 0 | 0 |
| S173 | 1911 | 17 |
| S174 | 891 | 7 |

### Raw log lines per day (debug / multi-bucket)

| Date       | S163 | S164 | S165 | S166 | S167 | S168 | S169 | S170 | S171 | S172 | S175 | S173 | S174 | Total |
|------------|-----:|-----:|-----:|-----:|-----:|-----:|-----:|-----:|-----:|-----:|-----:|-----:|-----:|------:|
| 2026-07-07 |    0 |    0 |    0 |    0 |    0 |    0 |    0 |    0 |    0 |    0 |    0 |  100 |    0 |   100 |
| 2026-07-08 |    0 |    0 |  100 |    0 |    0 |    0 |    0 |    0 |    0 |    0 |    0 |  100 |  100 |   300 |
| 2026-07-09 |    0 |    0 |   24 |    0 |    0 |    0 |    0 |    0 |    0 |    0 |    0 |  100 |   15 |   139 |
| 2026-07-10 |    0 |    0 |  242 |    0 |    0 |    0 |    0 |    0 |    0 |    0 |    0 |  230 |  202 |   674 |
| 2026-07-13 |    0 |    0 |  190 |    0 |    0 |    0 |    0 |    0 |    0 |    0 |    0 |  212 |  188 |   590 |
| 2026-07-14 |    0 |    0 |  194 |    0 |    0 |    0 |    0 |    0 |    0 |    0 |    0 |  185 |  106 |   485 |
| 2026-07-15 |    0 |    0 |  146 |    0 |    0 |    0 |    0 |    0 |    0 |    0 |    0 |  154 |   58 |   358 |
| 2026-07-16 |    0 |    0 |  179 |    0 |    0 |    0 |    0 |    0 |    0 |    0 |    0 |  205 |   58 |   442 |
| 2026-07-17 |    0 |    0 |  127 |    0 |    0 |    0 |    0 |    0 |    0 |    0 |    0 |  207 |   58 |   392 |
| 2026-07-20 |    0 |    0 |  107 |    0 |    0 |    0 |    0 |    0 |    0 |    0 |    0 |  143 |   58 |   308 |
| 2026-07-21 |   30 |   35 |  113 |   30 |   35 |   35 |    0 |    0 |    0 |    0 |    0 |  118 |   48 |   444 |
| 2026-07-22 |   40 |   47 |   86 |   15 |   45 |   20 |    0 |    0 |    0 |    0 |    0 |   77 |    0 |   330 |
| 2026-07-23 |   30 |   42 |   50 |   15 |   40 |   20 |    0 |    0 |    0 |    0 |    0 |   40 |    0 |   237 |
| 2026-07-24 |   75 |   87 |   85 |   15 |   77 |   55 |    0 |    0 |    0 |    0 |    0 |   40 |    0 |   434 |
| 2026-07-27 |   14 |    0 |   14 |   14 |   14 |   14 |    0 |    0 |    0 |    0 |    0 |    0 |    0 |    70 |
| 2026-07-28 |    6 |    8 |    8 |    8 |    8 |    6 |    0 |    0 |    0 |    0 |    0 |    0 |    0 |    44 |
| 2026-07-29 |   10 |   10 |   10 |    8 |   10 |    0 |    0 |    0 |    0 |    0 |    0 |    0 |    0 |    48 |
| 2026-09-01 |    8 |    6 |    6 |    2 |    6 |    6 |    0 |    0 |    0 |    0 |    0 |    0 |    0 |    34 |
| 2026-09-02 |   10 |   10 |   10 |    2 |   10 |   14 |    0 |    0 |    0 |    0 |    0 |    0 |    0 |    56 |
| 2026-09-03 |   10 |    4 |    4 |   16 |    4 |   10 |    0 |    0 |    0 |    0 |    0 |    0 |    0 |    48 |
| 2026-09-04 |   12 |   14 |    8 |   10 |    8 |   10 |    0 |    0 |    0 |    0 |    0 |    0 |    0 |    62 |
| 2026-09-08 |    4 |    8 |    8 |    0 |    8 |    8 |    0 |    0 |    0 |    0 |    0 |    0 |    0 |    36 |
| 2026-09-10 |   10 |   10 |    6 |    0 |   10 |    8 |    0 |    0 |    0 |    0 |    0 |    0 |    0 |    44 |
| 2026-09-15 |    4 |   14 |   14 |    0 |   14 |    8 |    0 |    0 |    0 |    0 |    0 |    0 |    0 |    54 |

## Notes

- Pre-router-fix (before 2026-07-17 commit `56660c9e`): S163/S166 were starved — expect zeros until a post-fix entry-window gap-down day.
- Controlled layout places one ENTRY per matching bucket×strategy; raw counts inflate, unique underlyings do not.


Wrote /home/runner/work/TradingBot/TradingBot/logs/options_trial/reports/signal_frequency.md
## Ledger health — 2026-09-15
| Check                       | Count | Status |
|-----------------------------|------:|--------|
| Current stuck (state)       |     3 | WARN | <<<
| Orphaned lots (post-stable) |  1249 | WARN | <<<
| Missing exit records (post) |  1246 | WARN | <<<
| State/ledger mismatches     |    10 | WARN | <<<
| Total open lots             |   174 | INFO |
| Total closed lots           |  2215 | INFO |
| Pre-cutoff audit debt       |     0 | INFO |
| Transition audit debt       |   744 | INFO |

Wrote /home/runner/work/TradingBot/TradingBot/logs/options_trial/reports/ledger_health.md
Wrote /home/runner/work/TradingBot/TradingBot/logs/options_trial/reports/2026-09-15_data_quality.md
Wrote /home/runner/work/TradingBot/TradingBot/logs/options_trial/reports/2026-09-15_data_quality.csv
Wrote /home/runner/work/TradingBot/TradingBot/logs/options_trial/reports/latest_data_quality.json
Wrote /home/runner/work/TradingBot/TradingBot/logs/options_trial/reports/latest_data_quality_snippet.md
CLEAN n=1215 med=-17.2% | TAINTED n=1844 med=-38.8% | KEEP-only n=632 med=+51.0% | KILL=20 KEEP=23
Wrote /home/runner/work/TradingBot/TradingBot/logs/dashboard.html
equity=224.91 router=CONFIRMED leaderboard_rows=105
Wrote /home/runner/work/TradingBot/TradingBot/logs/rubber_band_report.md
| 1 | MA_Squeeze | 2 | 100% | +0.56% | +0.56% | +0.17% | 999.00 | 0.0d | $+0.80 | WATCH |
| 2 | unknown | 32 | 19% | -0.03% | -0.59% | -1.27% | 1.44 | 0.0d | $+0.29 | ACTIVE |
