13:41:52  INFO      Mode: morning_prep
13:41:53  INFO        [prep_positions] 2/2 (2 valid)
13:41:53  INFO        Universe cache hit: 903 tickers (tickers_2026-09-28.json)
13:41:54  INFO        [prep_universe] 40/901 (40 valid)
13:41:55  INFO        [prep_universe] 80/901 (80 valid)
13:41:56  INFO        [prep_universe] 120/901 (120 valid)
13:41:58  INFO        [prep_universe] 160/901 (160 valid)
13:41:59  INFO        [prep_universe] 200/901 (199 valid)
13:42:06  INFO        [prep_universe] 240/901 (238 valid)
13:42:19  INFO        [prep_universe] 280/901 (278 valid)
13:42:32  INFO        [prep_universe] 320/901 (318 valid)
13:42:42  INFO        [prep_universe] 360/901 (358 valid)
13:42:55  INFO        [prep_universe] 400/901 (398 valid)
13:43:06  INFO        [prep_universe] 440/901 (438 valid)
13:43:19  INFO        [prep_universe] 480/901 (478 valid)
13:43:32  INFO        [prep_universe] 520/901 (518 valid)
13:43:42  INFO        [prep_universe] 560/901 (558 valid)
13:43:55  INFO        [prep_universe] 600/901 (598 valid)
13:44:08  INFO        [prep_universe] 640/901 (638 valid)
13:44:19  INFO        [prep_universe] 680/901 (678 valid)
13:44:32  INFO        [prep_universe] 720/901 (718 valid)
13:44:42  INFO        [prep_universe] 760/901 (758 valid)
13:44:55  INFO        [prep_universe] 800/901 (798 valid)
13:45:08  INFO        [prep_universe] 840/901 (838 valid)
13:45:18  INFO        [prep_universe] 880/901 (878 valid)
13:45:26  INFO        [prep_universe] 901/901 (899 valid)

+========================================================================+
|  RUBBER BAND BOT  v8                                                   |
+------------------------------------------------------------------------+
|  Mode                                                      MORNING_PREP|
|  Time                                                         13:41 UTC|
|  Regime                                                            BULL|
|  Universe                                                          both|
|  Equity                                                         $223.20|
+========================================================================+

+========================================================================+
|                              MORNING PREP                              |
+========================================================================+
|  Goal                   Precompute exits/signals for next execution run|
|  Plan file                                 logs/plans/morning_plan.json|
|  Regime                                                            BULL|
+========================================================================+

+========================================================================+
|                       OPEN POSITION P&L SNAPSHOT                       |
+========================================================================+
|  Open positions                                                       2|
|  Invested                                                        $66.47|
|  Open P&L                                                        $-0.67|
|  TICKER   STRATEGY        INVESTED   ENTRY    NOW      P&L%    P&L$    |
+------------------------------------------------------------------------+
|  CVS      MomReversal     $33.53     $89.14   $89.03   -0.1%   $-0.04  |
|  EVR      MomReversal     $32.95     $262.43  $257.55  -1.9%   $-0.62  |
+========================================================================+

+========================================================================+
|                            OPEN SELL ORDERS                            |
+========================================================================+
|  Count                                                                0|
|                                                                        |
|  No open sell orders.                                                  |
|                                                                        |
+========================================================================+

+========================================================================+
|                              PREP SUMMARY                              |
+========================================================================+
|  Saved                                                              yes|
|  Exit candidates                                                      2|
|  Signal candidates                                                   34|
|  Universe scanned                                                   901|
+========================================================================+
