options_reconcile: state=/home/runner/work/TradingBot/TradingBot/logs/options_trial/_state/lab_state.json
  open_lots=35 paper_keys=yes dry_run=False
  alpaca positions=12
options_reconcile: done
Layout: grid:100:baseline (layout changed controlled:100:c000_s173_w1_0928_1005_r1 -> grid:100:baseline)
Trial layout: /home/runner/work/TradingBot/TradingBot/logs/options_trial
Docs:         skipped (local docs unavailable on this runner)
Buckets:      100
=== options_morning_bot (PAPER) 2026-08-20T12:12:22.485862-04:00 ===

[Run context]
2026-08-20 12:12:22,560 WARNING paper get_account failed attempt 1/6 (transient): {"code":50010000,"message":"internal server error occurred"}; sleep 8s
2026-08-20 12:12:30,582 WARNING paper get_account failed attempt 2/6 (transient): {"code":50010000,"message":"internal server error occurred"}; sleep 16s
2026-08-20 12:12:46,596 WARNING paper get_account failed attempt 3/6 (transient): {"code":50010000,"message":"internal server error occurred"}; sleep 24s
2026-08-20 12:13:10,616 WARNING paper get_account failed attempt 4/6 (transient): {"code":50010000,"message":"internal server error occurred"}; sleep 32s
2026-08-20 12:13:42,631 WARNING paper get_account failed attempt 5/6 (transient): {"code":50010000,"message":"internal server error occurred"}; sleep 40s
2026-08-20 12:14:22,651 ERROR paper get_account failed after 6 attempts: {"code":50010000,"message":"internal server error occurred"}
WARN: get_account failed ({"code":50010000,"message":"internal server error occurred"}) but positions OK (n=12). Keys are fine; Alpaca account endpoint is flaky. Continuing manage/exits; skipping new entries until equity is readable.
2026-08-20 12:14:22,684 WARNING paper get_account failed attempt 1/6 (transient): {"code":50010000,"message":"internal server error occurred"}; sleep 8s
2026-08-20 12:14:30,696 WARNING paper get_account failed attempt 2/6 (transient): {"code":50010000,"message":"internal server error occurred"}; sleep 16s
2026-08-20 12:14:46,718 WARNING paper get_account failed attempt 3/6 (transient): {"code":50010000,"message":"internal server error occurred"}; sleep 24s
2026-08-20 12:15:10,734 WARNING paper get_account failed attempt 4/6 (transient): {"code":50010000,"message":"internal server error occurred"}; sleep 32s
