=== options_live_micro LIVE 2026-08-21T14:30:53.936707-04:00 share=25% ===
2026-08-21 14:30:53,936 INFO === options_live_micro LIVE 2026-08-21T14:30:53.936707-04:00 share=25% ===
Live account equity $306.71 cash $236.35 #225458845 options_level=3
2026-08-21 14:30:54,142 INFO Live account equity $306.71 cash $236.35 #225458845 options_level=3
Live micro cancel-scan WMT260821C00110000: symbol-scoped n=1
2026-08-21 14:30:54,163 INFO Live micro cancel-scan WMT260821C00110000: symbol-scoped n=1
Live micro cancel stale sell WMT260821C00110000 id=5cdbb30b-c8ba-416c-a9e9-6bf8611aff39 cid=OLX|8c1b26fd335e broker_sym='WMT260821C00110000'
2026-08-21 14:30:54,171 INFO Live micro cancel stale sell WMT260821C00110000 id=5cdbb30b-c8ba-416c-a9e9-6bf8611aff39 cid=OLX|8c1b26fd335e broker_sym='WMT260821C00110000'
Live micro orphan_adopt WMT260821C00110000 x1 entry=0.09
2026-08-21 14:30:54,171 INFO Live micro orphan_adopt WMT260821C00110000 x1 entry=0.09
Live micro cancel-scan WMT260821C00110000: symbol-scoped n=1
2026-08-21 14:30:54,217 INFO Live micro cancel-scan WMT260821C00110000: symbol-scoped n=1
Live micro cancel stale sell WMT260821C00110000 id=5cdbb30b-c8ba-416c-a9e9-6bf8611aff39 cid=OLX|8c1b26fd335e broker_sym='WMT260821C00110000'
2026-08-21 14:30:54,224 INFO Live micro cancel stale sell WMT260821C00110000 id=5cdbb30b-c8ba-416c-a9e9-6bf8611aff39 cid=OLX|8c1b26fd335e broker_sym='WMT260821C00110000'
LIVE EXIT stop_loss (-100.0%) WMT260821C00110000 x1 limit=0.01 id=86408a1b-2afa-44ca-a4ef-993c1a1c407d
2026-08-21 14:30:54,651 INFO LIVE EXIT stop_loss (-100.0%) WMT260821C00110000 x1 limit=0.01 id=86408a1b-2afa-44ca-a4ef-993c1a1c407d
Live micro: manage/exits only
2026-08-21 14:30:54,679 INFO Live micro: manage/exits only
Live micro done. open_options=1 lots=0
2026-08-21 14:30:54,696 INFO Live micro done. open_options=1 lots=0
