Layout: controlled:100:c000_s173_w1_0928_1005_r1
Trial layout: /home/runner/work/TradingBot/TradingBot/logs/options_trial
Docs:         skipped (local docs unavailable on this runner)
Buckets:      100
=== options_morning_bot (PAPER) 2026-07-17T12:22:42.412088-04:00 ===

[Run context]
Paper auth OK — equity $126493.11, account PA36KS87UPRS

[Setup]
Active buckets: 100 | Strategies: S173, S165, S166, S163
Dropped (no new entries; ex-reflected P&L): S174
2026-07-17 12:22:45,699 INFO   EXIT [b51|c051_s165_w4_1120_1135_r3|S165] take_profit (+260.6%) SELL 1 META260720C00667500 @<= 2.39
2026-07-17 12:22:46,763 INFO   EXIT [b70|c070_s165_w3_1045_1120_r4|S165] take_profit (+185.1%) SELL 1 META260720C00670000 @<= 2.06

[Manage only]
Past entry window; manage/exit only.

[Portfolio snapshot]
+========================================================================+
|  OPTIONS BOT SUMMARY                                                   |
+------------------------------------------------------------------------+
|  Mode                          manage-only                             |
|  Equity                        $126,493.11                             |
|  Signals this run              0                                       |
|  Orders submitted (session)    40                                      |
|  Orders filled today (ledger)  40                                      |
|  Entries placed this run       0                                       |
|  Open virtual lots             8                                       |
|  Broker option positions       2                                       |
|  Pending orders                0                                       |
+========================================================================+
+========================================================================+
|  BUCKET LEADERBOARD (reflected ex-S174)                                |
+------------------------------------------------------------------------+
|  Reflected trades=394  buckets=47  win=35%                             |
|  Returns   avg=+12.2%  med=-33.3%  p10=-73.1%  p90=+94.2%              |
|  Realized  $+4,363.77                                                  |
|  Raw incl dropped  trades=503  real=$+3,026.58                         |
|  Today     trades=35  avg=+75.6%  med=+49.2%  real=$+1,465.00          |
+------------------------------------------------------------------------+
|  BKT PROFILE               N  WIN  AVG%   MED%   BEST%  REAL$          |
+------------------------------------------------------------------------+
|  b91  c091_s165_w4_1120_  2  50% +115.5 +115.5 +247.0 $   +152         |
|  b28  c028_s165_w1_0928_ 12  75% +48.6 +77.3 +102.0 $   +306           |
|  b92  c092_s166_w1_0928_  1 100% +70.8 +70.8 +70.8 $    +71            |
|  b93  c093_s166_w2_1005_  1 100% +70.8 +70.8 +70.8 $    +71            |
|  b95  c095_s166_w4_1120_  1 100% +70.8 +70.8 +70.8 $    +71            |
|  b96  c096_s163_w1_0928_  1 100% +70.8 +70.8 +70.8 $    +71            |
|  b98  c098_s163_w3_1045_  1 100% +70.8 +70.8 +70.8 $    +71            |
|  b99  c099_s163_w4_1120_  1 100% +70.8 +70.8 +70.8 $    +71            |
|  ... 39 more bucket(s) with exits                                      |
+------------------------------------------------------------------------+
|  Low  b83  c083_s173_w4_1120_ 15  20% -12.8 -68.2 -87.7 $   -147       |
+========================================================================+
+========================================================================+
|  PENDING EXITS (2)                                                     |
+------------------------------------------------------------------------+
|  b51  S165 META260720C00667500 x1 take_profit (+260.6%                 |
|  b70  S165 META260720C00670000 x1 take_profit (+185.1%                 |
+========================================================================+
+========================================================================+
|  OPEN OPTIONS (2)                                                      |
+------------------------------------------------------------------------+
|  SYMBOL                      QTY    RET%        OPEN P&L               |
|------------------------------------------------------------------------|
|  META260720C00670000           4   +185.1%   $   +548.00               |
|  META260720C00667500           3   +263.6%   $   +522.00               |
+========================================================================+
Full detail: logs/options_trial/runs/2026-07-17.log
elapsed=4.6s reconcile=1.82s cancel=0.11s manage=2.27s
STATUS: options_morning_bot run complete (PAPER) elapsed=4.6s. run=#4292 https://github.com/28twagg-ops/TradingBot/actions/runs/29595878988
Wrote /home/runner/work/TradingBot/TradingBot/logs/options_trial/reports/2026-07-17_buckets.md
Wrote /home/runner/work/TradingBot/TradingBot/logs/options_trial/reports/2026-07-17_buckets.csv
Summary: 23 buckets closed trades, $+1,465.00 realized
Wrote /home/runner/work/TradingBot/TradingBot/logs/options_trial/reports/2026-07-17_strategy_selection.md
Wrote /home/runner/work/TradingBot/TradingBot/logs/options_trial/reports/2026-07-17_strategy_selection.csv
Summary: keep=0 watch=2 drop=3
Orphan rate: 4.4% (22/503)
