=== options_live_micro LIVE 2026-08-21T12:20:57.084421-04:00 share=25% ===
2026-08-21 12:20:57,084 INFO === options_live_micro LIVE 2026-08-21T12:20:57.084421-04:00 share=25% ===
Live account equity $317.22 cash $201.38 #225458845 options_level=3
2026-08-21 12:20:57,231 INFO Live account equity $317.22 cash $201.38 #225458845 options_level=3
Live micro cancel-scan WMT260821C00110000: symbol-scoped n=1
2026-08-21 12:20:57,314 INFO Live micro cancel-scan WMT260821C00110000: symbol-scoped n=1
Live micro cancel stale sell WMT260821C00110000 id=78436089-d7eb-4269-a6d5-cd013380080e cid=OLX|97dff7395141 broker_sym='WMT260821C00110000'
2026-08-21 12:20:57,355 INFO Live micro cancel stale sell WMT260821C00110000 id=78436089-d7eb-4269-a6d5-cd013380080e cid=OLX|97dff7395141 broker_sym='WMT260821C00110000'
Live micro orphan_adopt WMT260821C00110000 x1 entry=0.09
2026-08-21 12:20:57,355 INFO Live micro orphan_adopt WMT260821C00110000 x1 entry=0.09
Live micro hold ORPHAN COST260828C01000000 -28.6% (tp +50% / sl -40%)
2026-08-21 12:20:57,398 INFO Live micro hold ORPHAN COST260828C01000000 -28.6% (tp +50% / sl -40%)
Live micro cancel-scan WMT260821C00110000: symbol-scoped n=1
2026-08-21 12:20:57,482 INFO Live micro cancel-scan WMT260821C00110000: symbol-scoped n=1
Live micro cancel stale sell WMT260821C00110000 id=78436089-d7eb-4269-a6d5-cd013380080e cid=OLX|97dff7395141 broker_sym='WMT260821C00110000'
2026-08-21 12:20:57,523 INFO Live micro cancel stale sell WMT260821C00110000 id=78436089-d7eb-4269-a6d5-cd013380080e cid=OLX|97dff7395141 broker_sym='WMT260821C00110000'
LIVE EXIT stop_loss (-100.0%) WMT260821C00110000 x1 limit=0.01 id=f2368d24-d726-4ac2-8aee-8f51e6d1a1f7
2026-08-21 12:20:57,934 INFO LIVE EXIT stop_loss (-100.0%) WMT260821C00110000 x1 limit=0.01 id=f2368d24-d726-4ac2-8aee-8f51e6d1a1f7
Live micro cancel-scan COST260828C01000000: symbol-scoped n=1
2026-08-21 12:20:57,976 INFO Live micro cancel-scan COST260828C01000000: symbol-scoped n=1
Live micro cancel-scan COST260828C01000000: no non-OLS sell to cancel
2026-08-21 12:20:57,977 INFO Live micro cancel-scan COST260828C01000000: no non-OLS sell to cancel
LIVE PROT check COST260828C01000000: have_ols=True open_matched=1 ols_id=ab9b8a23-2f03-4a3a-b25a-799118f49712 ols_type=stop
2026-08-21 12:20:58,060 INFO LIVE PROT check COST260828C01000000: have_ols=True open_matched=1 ols_id=ab9b8a23-2f03-4a3a-b25a-799118f49712 ols_type=stop
Live micro: manage/exits only
2026-08-21 12:20:58,060 INFO Live micro: manage/exits only
Live micro done. open_options=2 lots=1
2026-08-21 12:20:58,106 INFO Live micro done. open_options=2 lots=1
