17:11:23  INFO      Mode: exits
17:11:24  INFO        Daily log -> logs/daily/2026-10-09.md
17:11:24  INFO        Daily log reconciled -> logs/daily/2026-10-09.md (1 ledger rows)
17:11:24  INFO        place_all_stops: checking 3 positions...
17:11:24  INFO        STOP already live AES @ $14.86
17:11:24  INFO        STOP skipped BAC: fractional (0.6334 shares) — software exit will handle it
17:11:24  INFO        STOP skipped OC: fractional (0.2968 shares) — software exit will handle it
17:11:25  INFO        [positions] 3/3 (3 valid)
17:11:25  INFO        SELL MARKET [urgent] OC closed
17:11:27  INFO        TX logged: SELL OC  P&L -0.51%
17:11:28  INFO        Daily log -> logs/daily/2026-10-09.md

+========================================================================+
|  RUBBER BAND BOT  v8                                                   |
+------------------------------------------------------------------------+
|  Mode                                                             EXITS|
|  Time                                                         17:11 UTC|
|  Regime                                                            BULL|
|  Universe                                                          both|
|  Equity                                                         $224.32|
+========================================================================+

+========================================================================+
|                           STOCKS EXIT CHECK                            |
+========================================================================+
|  Exit logic                   stop-0.5% / 3d max  (midline at EOD only)|
+------------------------------------------------------------------------+
|  OC  P&L -0.5%  $-0.17                          EXIT: stop_loss (-0.5%)|
|  AES  P&L -0.1%  $-0.02                                            HOLD|
|  BAC  P&L +1.3%  $+0.43                                            HOLD|
+========================================================================+

+========================================================================+
|                            EXIT RUN SUMMARY                            |
+========================================================================+
|  Mode                                                             exits|
|  Candidates                                                           3|
|  Deferred/Skipped                                      already logged 0|
|  Data skips                                             no price data 0|
|  Se~  1 attempted  |  1 filled  |  0 partial  |  0 pending  |  0 failed|
|  Holds                                                                2|
|  Logged exits                                                         1|
+========================================================================+

+========================================================================+
|            OPTIONS SLEEVE  (managed by options_live_micro)             |
+========================================================================+
|                                                                        |
|  No open option positions.                                             |
|                                                                        |
+========================================================================+

+========================================================================+
|                      STOP-LOSS BREACHES THIS RUN                       |
+========================================================================+
|  OC                                          -0.51%  (threshold -0.50%)|
|  Count                                                                1|
+========================================================================+
|  Stop-loss look file                  logs/stop_losses_to_look_into.txt|
|  New investigations added                                             0|
+========================================================================+
