14:20:44  INFO      Mode: exits
14:20:44  INFO        Daily log -> logs/daily/2026-07-14.md
14:20:44  INFO        Daily log reconciled -> logs/daily/2026-07-14.md (3 ledger rows)
14:20:44  INFO        place_all_stops: checking 3 positions...
14:20:44  INFO        STOP skipped CDNS: fractional (0.2548 shares) — software exit will handle it
14:20:44  INFO        STOP skipped HON: fractional (0.4281 shares) — software exit will handle it
14:20:44  INFO        STOP already live NI @ $46.83
14:20:44  INFO        [positions] 3/3 (3 valid)
14:20:45  INFO        Daily log -> logs/daily/2026-07-14.md

+========================================================================+
|  RUBBER BAND BOT  v8                                                   |
+------------------------------------------------------------------------+
|  Mode                                                             EXITS|
|  Time                                                         14:20 UTC|
|  Regime                                                            BULL|
|  Universe                                                          both|
|  Equity                                                         $479.24|
+========================================================================+

+========================================================================+
|                               EXIT CHECK                               |
+========================================================================+
|  Exit logic                   stop-0.5% / 3d max  (midline at EOD only)|
+------------------------------------------------------------------------+
|  HON  P&L -0.5%  $-0.45                                            HOLD|
|  CDNS  P&L -0.2%  $-0.18                                           HOLD|
|  NI  P&L +0.4%  $+0.40                                             HOLD|
+========================================================================+

+========================================================================+
|                            EXIT RUN SUMMARY                            |
+========================================================================+
|  Mode                                                             exits|
|  Candidates                                                           3|
|  Deferred/Skipped                                      already logged 0|
|  Data skips                                             no price data 0|
|  Se~  0 attempted  |  0 filled  |  0 partial  |  0 pending  |  0 failed|
|  Holds                                                                3|
|  Logged exits                                                         0|
+========================================================================+

+========================================================================+
|                      STOP-LOSS BREACHES THIS RUN                       |
+========================================================================+
|  None                                                                  |
+========================================================================+
|  Stop-loss look file                  logs/stop_losses_to_look_into.txt|
|  New investigations added                                             0|
+========================================================================+
