=== options_live_micro LIVE 2026-08-21T12:45:59.534442-04:00 share=25% ===
2026-08-21 12:45:59,534 INFO === options_live_micro LIVE 2026-08-21T12:45:59.534442-04:00 share=25% ===
Live account equity $317.10 cash $201.38 #225458845 options_level=3
2026-08-21 12:45:59,700 INFO Live account equity $317.10 cash $201.38 #225458845 options_level=3
Live micro cancel-scan WMT260821C00110000: symbol-scoped n=1
2026-08-21 12:45:59,782 INFO Live micro cancel-scan WMT260821C00110000: symbol-scoped n=1
Live micro cancel stale sell WMT260821C00110000 id=af13ef39-d311-496b-a682-fd3b623f6411 cid=OLX|cbc178cb368a broker_sym='WMT260821C00110000'
2026-08-21 12:45:59,822 INFO Live micro cancel stale sell WMT260821C00110000 id=af13ef39-d311-496b-a682-fd3b623f6411 cid=OLX|cbc178cb368a broker_sym='WMT260821C00110000'
Live micro orphan_adopt WMT260821C00110000 x1 entry=0.09
2026-08-21 12:45:59,822 INFO Live micro orphan_adopt WMT260821C00110000 x1 entry=0.09
Live micro hold ORPHAN COST260828C01000000 -28.6% (tp +50% / sl -40%)
2026-08-21 12:45:59,863 INFO Live micro hold ORPHAN COST260828C01000000 -28.6% (tp +50% / sl -40%)
Live micro cancel-scan WMT260821C00110000: symbol-scoped n=1
2026-08-21 12:45:59,943 INFO Live micro cancel-scan WMT260821C00110000: symbol-scoped n=1
Live micro cancel stale sell WMT260821C00110000 id=af13ef39-d311-496b-a682-fd3b623f6411 cid=OLX|cbc178cb368a broker_sym='WMT260821C00110000'
2026-08-21 12:45:59,982 INFO Live micro cancel stale sell WMT260821C00110000 id=af13ef39-d311-496b-a682-fd3b623f6411 cid=OLX|cbc178cb368a broker_sym='WMT260821C00110000'
LIVE EXIT stop_loss (-100.0%) WMT260821C00110000 x1 limit=0.01 id=54560199-e3c6-4592-9308-3e05cb2868de
2026-08-21 12:46:00,377 INFO LIVE EXIT stop_loss (-100.0%) WMT260821C00110000 x1 limit=0.01 id=54560199-e3c6-4592-9308-3e05cb2868de
Live micro cancel-scan COST260828C01000000: symbol-scoped n=1
2026-08-21 12:46:00,416 INFO Live micro cancel-scan COST260828C01000000: symbol-scoped n=1
Live micro cancel-scan COST260828C01000000: no non-OLS sell to cancel
2026-08-21 12:46:00,416 INFO Live micro cancel-scan COST260828C01000000: no non-OLS sell to cancel
LIVE PROT check COST260828C01000000: have_ols=True open_matched=1 ols_id=ab9b8a23-2f03-4a3a-b25a-799118f49712 ols_type=stop
2026-08-21 12:46:00,502 INFO LIVE PROT check COST260828C01000000: have_ols=True open_matched=1 ols_id=ab9b8a23-2f03-4a3a-b25a-799118f49712 ols_type=stop
Live micro: manage/exits only
2026-08-21 12:46:00,502 INFO Live micro: manage/exits only
Live micro done. open_options=2 lots=1
2026-08-21 12:46:00,552 INFO Live micro done. open_options=2 lots=1
