13:20:50  INFO      Mode: summary
13:20:51  INFO        Daily log -> logs/daily/2026-08-11.md
13:20:51  INFO        Daily log reconciled -> logs/daily/2026-08-11.md (0 ledger rows)

+========================================================================+
|  RUBBER BAND BOT  v8                                                   |
+------------------------------------------------------------------------+
|  Mode                                                           SUMMARY|
|  Time                                                         13:20 UTC|
|  Regime                                                            BULL|
|  Universe                                                          both|
|  Equity                                                         $470.71|
+========================================================================+

+========================================================================+
|                             ACCOUNT STATUS                             |
+========================================================================+
|  Equity                                                         $470.71|
|  Cash                                                           $211.88|
|  Regime                                                            BULL|
|  Universe                                                          both|
|  Total invested                                                 $258.83|
|  Open P&L                                                        $-0.08|
+========================================================================+

+========================================================================+
|                        HOLDINGS  (3 positions)                         |
+========================================================================+
|  TICKER   STRATEGY        INVESTED   ENTRY    NOW      P&L%    P&L$    |
+------------------------------------------------------------------------+
|  AAPL     Pullback50      $94.24     $307.55  $307.85  +0.1%   $+0.09  |
|  ADM      Pullback50      $94.28     $80.48   $80.59   +0.1%   $+0.13  |
|  CDW      Pullback50      $70.30     $136.69  $136.10  -0.4%   $-0.31  |
|                                                                        |
|  Total invested                                                 $258.83|
|  Total open P&L                                                  $-0.08|
+========================================================================+

+========================================================================+
|                        EXIT LOGIC ACTIVE  (v8)                         |
+========================================================================+
|  Profit target                              price > 20-day MA (midline)|
|  Stop loss                                             -0.5% from entry|
|  Time stop                                          max 3 calendar days|
+========================================================================+

+========================================================================+
|                          RECENT TRANSACTIONS                           |
+========================================================================+
|  2026-08-10  SELL  ALGN  Pullback50  $94.20  P&L $+0.11                |
|  2026-08-10  SELL  GOOGL  Pullback50  $94.10  P&L $-0.05               |
|  2026-08-10  SELL  BBY  Pullback50  $96.71  P&L $+2.25                 |
|  2026-08-10  SELL  AES  Pullback50  $94.56  P&L $+0.13                 |
|  2026-08-10  SELL  ESS  Pullback50  $69.46  P&L $-0.50                 |
|  2026-08-10  SELL  AAPL  Pullback50  $92.77  P&L $-1.69                |
+========================================================================+
