19:30:36  INFO      Mode: evening_prep
19:30:37  INFO        [prep_positions] 3/3 (3 valid)
19:30:37  INFO        Universe cache hit: 903 tickers (tickers_2026-07-21.json)
19:30:38  INFO        [prep_universe] 40/900 (40 valid)
19:30:39  INFO        [prep_universe] 80/900 (80 valid)
19:30:40  INFO        [prep_universe] 120/900 (120 valid)
19:30:41  INFO        [prep_universe] 160/900 (160 valid)
19:30:43  INFO        [prep_universe] 200/900 (199 valid)
19:30:50  INFO        [prep_universe] 240/900 (238 valid)
19:31:03  INFO        [prep_universe] 280/900 (278 valid)
19:31:16  INFO        [prep_universe] 320/900 (318 valid)
19:31:26  INFO        [prep_universe] 360/900 (358 valid)
19:31:40  INFO        [prep_universe] 400/900 (397 valid)
19:31:50  INFO        [prep_universe] 440/900 (437 valid)
19:32:03  INFO        [prep_universe] 480/900 (477 valid)
19:32:16  INFO        [prep_universe] 520/900 (517 valid)
19:32:27  INFO        [prep_universe] 560/900 (556 valid)
19:32:40  INFO        [prep_universe] 600/900 (596 valid)
19:32:50  INFO        [prep_universe] 640/900 (636 valid)
19:33:03  INFO        [prep_universe] 680/900 (676 valid)
19:33:16  INFO        [prep_universe] 720/900 (715 valid)
19:33:26  INFO        [prep_universe] 760/900 (755 valid)
19:33:39  INFO        [prep_universe] 800/900 (795 valid)
19:33:52  INFO        [prep_universe] 840/900 (834 valid)
19:34:02  INFO        [prep_universe] 880/900 (874 valid)
19:34:09  INFO        [prep_universe] 900/900 (894 valid)

+========================================================================+
|  RUBBER BAND BOT  v8                                                   |
+------------------------------------------------------------------------+
|  Mode                                                      EVENING_PREP|
|  Time                                                         19:30 UTC|
|  Regime                                                            BULL|
|  Universe                                                          both|
|  Equity                                                         $480.48|
+========================================================================+

+========================================================================+
|                              EVENING PREP                              |
+========================================================================+
|  Goal                   Precompute exits/signals for next execution run|
|  Plan file                                 logs/plans/evening_plan.json|
|  Regime                                                            BULL|
+========================================================================+

+========================================================================+
|                       OPEN POSITION P&L SNAPSHOT                       |
+========================================================================+
|  Open positions                                                       3|
|  Invested                                                       $290.55|
|  Open P&L                                                        $+1.75|
|  TICKER   STRATEGY        INVESTED   ENTRY    NOW      P&L%    P&L$    |
+------------------------------------------------------------------------+
|  BIIB     Pullback50      $96.80     $201.84  $203.11  +0.6%   $+0.60  |
|  DUK      Pullback50      $96.82     $125.11  $125.85  +0.6%   $+0.57  |
|  TPR      Pullback50      $96.93     $140.84  $141.68  +0.6%   $+0.58  |
+========================================================================+

+========================================================================+
|                            OPEN SELL ORDERS                            |
+========================================================================+
|  Count                                                                0|
|                                                                        |
|  No open sell orders.                                                  |
|                                                                        |
+========================================================================+

+========================================================================+
|                              PREP SUMMARY                              |
+========================================================================+
|  Saved                                                              yes|
|  Exit candidates                                                      0|
|  Signal candidates                                                   28|
|  Universe scanned                                                   900|
+========================================================================+
