13:30:54  INFO      Mode: morning_prep
13:30:55  INFO        [prep_positions] 3/3 (3 valid)
13:30:55  INFO      Fetching tickers (universe=both)...
13:30:55  INFO        S&P 500: 503
13:30:55  INFO        MidCap 400: 400
13:30:55  INFO        Total: 903 tickers
13:30:58  INFO        [prep_universe] 40/900 (40 valid)
13:31:00  INFO        [prep_universe] 80/900 (80 valid)
13:31:02  INFO        [prep_universe] 120/900 (120 valid)
13:31:04  INFO        [prep_universe] 160/900 (160 valid)
13:31:07  INFO        [prep_universe] 200/900 (199 valid)
13:31:09  INFO        [prep_universe] 240/900 (238 valid)
13:31:21  INFO        [prep_universe] 280/900 (278 valid)
13:31:35  INFO        [prep_universe] 320/900 (318 valid)
13:31:46  INFO        [prep_universe] 360/900 (358 valid)
13:31:57  INFO        [prep_universe] 400/900 (397 valid)
13:32:10  INFO        [prep_universe] 440/900 (437 valid)
13:32:22  INFO        [prep_universe] 480/900 (477 valid)
13:32:33  INFO        [prep_universe] 520/900 (517 valid)
13:32:46  INFO        [prep_universe] 560/900 (557 valid)
13:32:57  INFO        [prep_universe] 600/900 (597 valid)
13:33:11  INFO        [prep_universe] 640/900 (637 valid)
13:33:22  INFO        [prep_universe] 680/900 (677 valid)
13:33:33  INFO        [prep_universe] 720/900 (717 valid)
13:33:46  INFO        [prep_universe] 760/900 (757 valid)
13:33:57  INFO        [prep_universe] 800/900 (797 valid)
13:34:10  INFO        [prep_universe] 840/900 (836 valid)
13:34:21  INFO        [prep_universe] 880/900 (876 valid)
13:34:28  INFO        [prep_universe] 900/900 (896 valid)

+========================================================================+
|  RUBBER BAND BOT  v8                                                   |
+------------------------------------------------------------------------+
|  Mode                                                      MORNING_PREP|
|  Time                                                         13:30 UTC|
|  Regime                                                            BULL|
|  Universe                                                          both|
|  Equity                                                         $466.55|
+========================================================================+

+========================================================================+
|                              MORNING PREP                              |
+========================================================================+
|  Goal                   Precompute exits/signals for next execution run|
|  Plan file                                 logs/plans/morning_plan.json|
|  Regime                                                            BULL|
+========================================================================+

+========================================================================+
|                       OPEN POSITION P&L SNAPSHOT                       |
+========================================================================+
|  Open positions                                                       3|
|  Invested                                                       $256.98|
|  Open P&L                                                        $+0.89|
|  TICKER   STRATEGY        INVESTED   ENTRY    NOW      P&L%    P&L$    |
+------------------------------------------------------------------------+
|  ACGL     Pullback50      $69.21     $97.48   $97.85   +0.4%   $+0.26  |
|  AES      Pullback50      $94.20     $14.72   $14.74   +0.1%   $+0.11  |
|  AFL      Pullback50      $93.58     $120.39  $121.07  +0.6%   $+0.53  |
+========================================================================+

+========================================================================+
|                            OPEN SELL ORDERS                            |
+========================================================================+
|  Count                                                                1|
|  TICKER    TYPE              QTY       LIMIT       STOP                |
+------------------------------------------------------------------------+
|  AES       OrderType.STOP    6         None        14.67               |
+========================================================================+

+========================================================================+
|                              PREP SUMMARY                              |
+========================================================================+
|  Saved                                                              yes|
|  Exit candidates                                                      1|
|  Signal candidates                                                   33|
|  Universe scanned                                                   900|
+========================================================================+
