options_reconcile: state=/home/runner/work/TradingBot/TradingBot/logs/options_trial/_state/lab_state.json
  open_lots=99 paper_keys=yes dry_run=False
  alpaca positions=20
  FLAG b83|S210|e05393a8 missing from Alpaca
  FLAG b87|S210|4bc8292d missing from Alpaca
  FLAG b86|S210|5e11f0f2 missing from Alpaca
  FLAG b82|S210|0e97b37a missing from Alpaca
  FLAG b0|ORPHAN|f58e0388 missing from Alpaca
  FLAG b0|ORPHAN|7eff478f missing from Alpaca
  State updated with reconciled lots.
options_reconcile: done
Layout: controlled:1024:lab0000_s200_w1_0928_1005_r1 (layout changed controlled:100:c000_s173_w1_0928_1005_r1 -> controlled:1024:lab0000_s200_w1_0928_1005_r1)
Trial layout: /home/runner/work/TradingBot/TradingBot/logs/options_trial
Docs:         skipped (local docs unavailable on this runner)
Buckets:      1024
=== options_morning_bot (PAPER) 2026-08-12T09:45:06.460289-04:00 ===

[Run context]
Paper auth OK — equity $133311.64, account PA36KS87UPRS

[Setup]
Active buckets: 1024 | Strategies: S165, S164, S168, S167, S166, S163, S169, S170, S171, S172, S175, S200, S201, S202, S203, S204, S205, S206, S207, S208, S209, S210, S211, S212, S213, S214, S215, S216, S217, S218, S219, S220, S221, S400, S401, S402, S403, S350, S351, S352, S353, S354, S355, S356, S357, S358, S359, S360, S361, S362, S363, S364, S365, S366, S367, S368, S369, S370, S371, S372, S373, S374, S375, S376, S377, S378, S379, S380, S381, S382, S383, S384, S385, S386, S387, S388, S389, S390, S391, S392, S393, S394, S413, S414, S415, S416, S417, S418, S395, S396, S397, S398, S399, S404, S405, S406, S407, S408, S409, S410, S411, S412, S413, S414, S415, S416, S417, S418, S419
  EXIT [b821|lab0821_s405_w4_1120_1135_r2|S405] stop_loss (-98.5%) SELL failed AAPL260812C00312500: {"code":40010001,"message":"client_order_id must be unique"}
2026-08-12 09:45:11,404 INFO   EXIT [b294|lab0294_s352_w4_1120_1135_r1|S352] stop_loss (-98.5%) SELL 1 AAPL260812C00312500 @<= 0.01
2026-08-12 09:45:14,154 INFO   EXIT [b405|lab0405_s364_w1_0928_1005_r2|S364] stop_loss (-84.0%) SELL 1 AAPL260817C00320000 @<= 0.07
  EXIT [b391|lab0391_s363_w1_0928_1005_r2|S363] stop_loss (-86.9%) SELL failed AAPL260814C00317500: {"code":40010001,"message":"client_order_id must be unique"}
2026-08-12 09:45:16,854 INFO   EXIT [b847|lab0847_s407_w3_1045_1120_r2|S407] stop_loss (-86.9%) SELL 1 AAPL260814C00317500 @<= 0.09
2026-08-12 09:45:31,857 INFO   EXIT [b0|orphan_reconcile|ORPHAN] stop_loss (-82.8%) SELL 1 QQQ260813C00740000 @<= 0.07
  EXIT [b262|lab0262_s403_w1_0928_1005_r1|S403] stop_loss (-81.5%) SELL failed NFLX260814C00079000: {"code":40010001,"message":"client_order_id must be unique"}
2026-08-12 09:45:36,581 INFO   EXIT [b24|lab0024_s203_w1_0928_1005_r1|S203] stop_loss (-67.9%) SELL 1 MARA260814P00009000 @<= 0.04
2026-08-12 09:45:38,893 INFO   EXIT [b240|lab0240_s401_w4_1120_1135_r1|S401] stop_loss (-57.1%) SELL 1 PLTR260814C00187500 @<= 0.07
2026-08-12 09:45:39,759 INFO   EXIT [b0|orphan_reconcile|ORPHAN] stop_loss (-66.7%) SELL 1 UBER260814C00081000 @<= 0.11
2026-08-12 09:45:41,615 INFO   EXIT [b182|lab0182_s217_w3_1045_1120_r1|S217] stop_loss (-70.9%) SELL 1 RBLX260814C00038000 @<= 0.13
Protective stops: placed=1 already=12 failed=5

[Scan + entries]
Scanning 117 symbols for [S165, S164, S168, S167, S166, S163, S169, S170, S171, S172, S175, S200, S201, S202, S203, S204, S205, S206, S207, S208, S209, S210, S211, S212, S213, S214, S215, S216, S217, S218, S219, S220, S221, S400, S401, S402, S403, S350, S351, S352, S353, S354, S355, S356, S357, S358, S359, S360, S361, S362, S363, S364, S365, S366, S367, S368, S369, S370, S371, S372, S373, S374, S375, S376, S377, S378, S379, S380, S381, S382, S383, S384, S385, S386, S387, S388, S389, S390, S391, S392, S393, S394, S413, S414, S415, S416, S417, S418, S395, S396, S397, S398, S399, S404, S405, S406, S407, S408, S409, S410, S411, S412, S413, S414, S415, S416, S417, S418, S419] …
