13:57:31  INFO      Mode: morning_scan
13:57:32  INFO        [positions] 2/2 (2 valid)
13:57:32  INFO        Universe cache hit: 903 tickers (tickers_2026-09-30.json)
13:57:33  INFO        [universe] 40/901 (40 valid)
13:57:34  INFO        [universe] 80/901 (80 valid)
13:57:35  INFO        [universe] 120/901 (120 valid)
13:57:36  INFO        [universe] 160/901 (160 valid)
13:57:37  INFO        [universe] 200/901 (199 valid)
13:57:47  INFO        [universe] 240/901 (238 valid)
13:57:57  INFO        [universe] 280/901 (278 valid)
13:58:10  INFO        [universe] 320/901 (318 valid)
13:58:21  INFO        [universe] 360/901 (358 valid)
13:58:34  INFO        [universe] 400/901 (398 valid)
13:58:47  INFO        [universe] 440/901 (438 valid)
13:58:57  INFO        [universe] 480/901 (478 valid)
13:59:10  INFO        [universe] 520/901 (518 valid)
13:59:23  INFO        [universe] 560/901 (558 valid)
13:59:33  INFO        [universe] 600/901 (598 valid)
13:59:46  INFO        [universe] 640/901 (638 valid)
13:59:56  INFO        [universe] 680/901 (678 valid)
14:00:10  INFO        [universe] 720/901 (718 valid)
14:00:20  INFO        [universe] 760/901 (758 valid)
14:00:34  INFO        [universe] 800/901 (798 valid)
14:00:44  INFO        [universe] 840/901 (838 valid)
14:00:58  INFO        [universe] 880/901 (878 valid)
14:01:04  INFO        [universe] 901/901 (899 valid)
14:01:06  INFO        BUY  AES  $33.51  [Pullback50]  id=acb5cb15-7cc0-469a-904d-605593fff830

+========================================================================+
|  RUBBER BAND BOT  v8                                                   |
+------------------------------------------------------------------------+
|  Mode                                                      MORNING_SCAN|
|  Time                                                         13:57 UTC|
|  Regime                                                            BULL|
|  Universe                                                          both|
|  Equity                                                         $223.40|
+========================================================================+

+========================================================================+
|                   RUBBER BAND BOT v8  --  DAILY SCAN                   |
+========================================================================+
|  Mode                                                      *** LIVE ***|
|  Date                                                        2026-09-30|
|  Universe                                                          both|
|  Mo~  Sep: GapDown + VolumeSpike (display only — schedule not enforced)|
|  Disabled  GapDown, GoldenPocket, VolumeSpike (see DISABLED_STRATEGIES)|
|  Regime                                                            BULL|
|  Exit                                      midline / stop-0.5% / 3d max|
+========================================================================+

+========================================================================+
|                                ACCOUNT                                 |
+========================================================================+
|  Equity (total)                                                 $223.40|
|  Cash                                                           $122.77|
|  Reserve                                          $11.17  (always kept)|
|  Stock~  $100.63 / $167.55  (75% equity; 25% reserved for live options)|
|  Options MV                        $0.00  open P&L $+0.00  (0 contract)|
|  Available                                     $66.92  (new stock buys)|
|  Trade size             $33.51  (15% per signal — all strategies equal)|
+========================================================================+

+========================================================================+
|                        STOCK HOLDINGS  (2 open)                        |
+========================================================================+
|  TICKER   STRATEGY        INVESTED   ENTRY    NOW      P&L%    P&L$    |
+------------------------------------------------------------------------+
|  CMS      MomReversal     $67.07     $63.48   $63.62   +0.2%   $+0.15  |
|  EBAY     Pullback50      $33.56     $107.04  $107.23  +0.2%   $+0.06  |
|                                                                        |
|  Total invested                                                 $100.63|
|  Total open P&L                                                  $+0.21|
|  Buys today: 0  |  entry cap: 1  |  max open: 3                        |
+========================================================================+

+========================================================================+
|                               PLAN CACHE                               |
+========================================================================+
|  Mode                                                           morning|
|  File                                      logs/plans/morning_plan.json|
|  Use cached plan                                   no (stale (2897.0m))|
+========================================================================+

+========================================================================+
|          EXIT EVALUATION  (EOD -- midline + stop + max-hold)           |
+========================================================================+
|  EBAY  P&L +0.2%  $+0.06                                           HOLD|
|  CMS  P&L +0.2%  $+0.15                                            HOLD|
+========================================================================+

+========================================================================+
|                           EXIT EVAL SUMMARY                            |
+========================================================================+
|  Exit eval    attempted 0 | filled 0 | partial 0 | pending 0 | failed 0|
|  Other skips     already logged today 0  |  no price data 0  |  holds 2|
|  Stop-loss breaches                                                none|
|  Stop-loss look file                  logs/stop_losses_to_look_into.txt|
|  New investigations added                                             0|
+========================================================================+

+========================================================================+
|                             DATA DOWNLOAD                              |
+========================================================================+
|  Universe: both  |  Alpaca primary / yfinance fallback                 |
+========================================================================+

+========================================================================+
|                              SIGNAL SCAN                               |
+========================================================================+
|  Month: Sep  |  Regime: BULL                                           |
|  Primary: GapDown  |  Secondary: VolumeSpike (display only — schedule ~|
|  Source                                                       live scan|
+========================================================================+

+========================================================================+
|                         SIGNALS FOUND  --  11                          |
+========================================================================+
|  TICKER   STRATEGY        TIER   PRICE    RSI    VOL_Z   TRIGGER       |
+------------------------------------------------------------------------+
|  AES      Pullback50      eq     $14.88   69.2   -1.76   50MA bounce (+|
|  KDP      Pullback50      eq     $31.23   48.1   -2.42   50MA bounce (-|
|  LLY      Pullback50      eq     $1188.~  76.6   -2.58   50MA bounce (+|
|  WAB      Pullback50      eq     $292.45  66.6   -2.44   50MA bounce (+|
|  AIT      Pullback50      eq     $337.12  71.0   -1.42   50MA bounce (-|
|  FCFS     Pullback50      eq     $213.40  31.2   -2.48   50MA bounce (-|
|  ITT      Pullback50      eq     $204.71  58.7   -1.94   50MA bounce (-|
|  MANH     Pullback50      eq     $200.75  44.3   -2.09   50MA bounce (+|
|  ROKU     Pullback50      eq     $153.16  45.7   -1.86   50MA bounce (+|
|  THC      Pullback50      eq     $257.85  43.1   -1.23   50MA bounce (-|
|  SYNA     Pullback50      eq     $101.78  59.5   -2.58   50MA bounce (+|
|                                                                        |
+========================================================================+

+========================================================================+
|                              ENTRY ORDERS                              |
+========================================================================+
|    ENTER [eq] AES  Pullback50                                    $33.51|
|    BUY SUBMITTED [e~  fill pending — batched confirmation after entries|
|    SKIP [eq] KDP  Pullback50                                      cap 3|
|    SKIP [eq] LLY  Pullback50                                      cap 3|
|    SKIP [eq] WAB  Pullback50                                      cap 3|
|    SKIP [eq] AIT  Pullback50                                      cap 3|
|    SKIP [eq] FCFS  Pullback50                                     cap 3|
|    SKIP [eq] ITT  Pullback50                                      cap 3|
|    SKIP [eq] MANH  Pullback50                                     cap 3|
|    SKIP [eq] ROKU  Pullback50                                     cap 3|
|    SKIP [eq] THC  Pullback50                                      cap 3|14:01:20  INFO        place_all_stops: checking 3 positions...
14:01:20  INFO        STOP-MARKET placed AES  qty=2 (pos=2.2516)  stop=$14.80  id=1219a8f6-a9b0-4a78-950e-6d4d9d42b784
14:01:20  INFO        STOP-MARKET placed CMS  qty=1 (pos=1.0542)  stop=$63.16  id=d87bd75f-5c51-44e5-9619-33368937627b
14:01:20  INFO        STOP skipped EBAY: fractional (0.3130 shares) — software exit will handle it
14:01:20  INFO        Daily log -> logs/daily/2026-09-30.md
14:01:20  INFO        Dashboard written → logs/dashboard.md

|    SKIP [eq] SYNA  Pullback50                                     cap 3|

+========================================================================+
|                         BUY FILL CONFIRMATION                          |
+========================================================================+
|  Pending submits                                                      1|
+------------------------------------------------------------------------+
|  AES                                                  still unconfirmed|
+========================================================================+
+========================================================================+

+========================================================================+
|                           GTC STOP PLACEMENT                           |
+========================================================================+
|  Waiting 5s for 1 buy submit(s) to settle...                           |
+========================================================================+

+========================================================================+
|                            SESSION SUMMARY                             |
+========================================================================+
|  Regime                                                            BULL|
|  Universe                                                          both|
|  Strategy  GapDown + VolumeSpike (display only — schedule not enforced)|
|  Scanned                                                            899|
|  Signals                                                             11|
|  Entries                                                              0|
|  Buy submits                              0 confirmed  |  1 unconfirmed|
|  Exits                                                                0|
|  Open pos                                                             3|
|  Equity                                                         $223.19|
|  Cash                                                            $89.27|
+========================================================================+
