14:26:04  INFO      Mode: exits
14:26:04  INFO        Daily log -> logs/daily/2026-07-22.md
14:26:04  INFO        Daily log reconciled -> logs/daily/2026-07-22.md (1 ledger rows)
14:26:04  INFO        place_all_stops: checking 5 positions...
14:26:04  INFO        STOP skipped AEP: fractional (0.7305 shares) — software exit will handle it
14:26:04  INFO        STOP skipped BIIB: fractional (0.4766 shares) — software exit will handle it
14:26:04  INFO        STOP skipped C: fractional (0.5268 shares) — software exit will handle it
14:26:04  INFO        STOP already live CARR @ $67.46
14:26:04  INFO        STOP skipped TPR: fractional (0.6841 shares) — software exit will handle it
14:26:05  INFO        [positions] 5/5 (5 valid)
14:26:05  INFO        Daily log -> logs/daily/2026-07-22.md

+========================================================================+
|  RUBBER BAND BOT  v8                                                   |
+------------------------------------------------------------------------+
|  Mode                                                             EXITS|
|  Time                                                         14:26 UTC|
|  Regime                                                            BULL|
|  Universe                                                          both|
|  Equity                                                         $482.11|
+========================================================================+

+========================================================================+
|                               EXIT CHECK                               |
+========================================================================+
|  Exit logic                   stop-0.5% / 3d max  (midline at EOD only)|
+------------------------------------------------------------------------+
|  C  P&L -0.0%  $-0.01                                              HOLD|
|  BIIB  P&L +0.1%  $+0.06                                           HOLD|
|  CARR  P&L +0.1%  $+0.07                                           HOLD|
|  AEP  P&L +0.6%  $+0.56                                            HOLD|
|  TPR  P&L +1.4%  $+1.34                                            HOLD|
+========================================================================+

+========================================================================+
|                            EXIT RUN SUMMARY                            |
+========================================================================+
|  Mode                                                             exits|
|  Candidates                                                           5|
|  Deferred/Skipped                                      already logged 0|
|  Data skips                                             no price data 0|
|  Se~  0 attempted  |  0 filled  |  0 partial  |  0 pending  |  0 failed|
|  Holds                                                                5|
|  Logged exits                                                         0|
+========================================================================+

+========================================================================+
|                      STOP-LOSS BREACHES THIS RUN                       |
+========================================================================+
|  None                                                                  |
+========================================================================+
|  Stop-loss look file                  logs/stop_losses_to_look_into.txt|
|  New investigations added                                             0|
+========================================================================+
