13:36:01  INFO      Mode: morning_prep
13:36:01  INFO        [prep_positions] 3/3 (3 valid)
13:36:01  INFO        Universe cache hit: 903 tickers (tickers_2026-09-01.json)
13:36:02  INFO        [prep_universe] 40/900 (40 valid)
13:36:04  INFO        [prep_universe] 80/900 (80 valid)
13:36:05  INFO        [prep_universe] 120/900 (120 valid)
13:36:06  INFO        [prep_universe] 160/900 (160 valid)
13:36:07  INFO        [prep_universe] 200/900 (199 valid)
13:36:17  INFO        [prep_universe] 240/900 (238 valid)
13:36:28  INFO        [prep_universe] 280/900 (278 valid)
13:36:41  INFO        [prep_universe] 320/900 (318 valid)
13:36:51  INFO        [prep_universe] 360/900 (358 valid)
13:37:04  INFO        [prep_universe] 400/900 (397 valid)
13:37:17  INFO        [prep_universe] 440/900 (437 valid)
13:37:27  INFO        [prep_universe] 480/900 (477 valid)
13:37:40  INFO        [prep_universe] 520/900 (517 valid)
13:37:53  INFO        [prep_universe] 560/900 (557 valid)
13:38:03  INFO        [prep_universe] 600/900 (597 valid)
13:38:16  INFO        [prep_universe] 640/900 (637 valid)
13:38:29  INFO        [prep_universe] 680/900 (677 valid)
13:38:39  INFO        [prep_universe] 720/900 (717 valid)
13:38:52  INFO        [prep_universe] 760/900 (757 valid)
13:39:05  INFO        [prep_universe] 800/900 (797 valid)
13:39:16  INFO        [prep_universe] 840/900 (836 valid)
13:39:29  INFO        [prep_universe] 880/900 (876 valid)
13:39:35  INFO        [prep_universe] 900/900 (896 valid)

+========================================================================+
|  RUBBER BAND BOT  v8                                                   |
+------------------------------------------------------------------------+
|  Mode                                                      MORNING_PREP|
|  Time                                                         13:36 UTC|
|  Regime                                                            BULL|
|  Universe                                                          both|
|  Equity                                                         $233.08|
+========================================================================+

+========================================================================+
|                              MORNING PREP                              |
+========================================================================+
|  Goal                   Precompute exits/signals for next execution run|
|  Plan file                                 logs/plans/morning_plan.json|
|  Regime                                                            BULL|
+========================================================================+

+========================================================================+
|                       OPEN POSITION P&L SNAPSHOT                       |
+========================================================================+
|  Open positions                                                       3|
|  Invested                                                       $105.30|
|  Open P&L                                                        $+0.72|
|  TICKER   STRATEGY        INVESTED   ENTRY    NOW      P&L%    P&L$    |
+------------------------------------------------------------------------+
|  DLR      Pullback50      $34.98     $185.67  $186.19  +0.3%   $+0.10  |
|  EQIX     Pullback50      $35.14     $1040.~  $1049.~  +0.9%   $+0.32  |
|  NVT      MomReversal     $35.19     $149.50  $150.81  +0.9%   $+0.31  |
+========================================================================+

+========================================================================+
|                            OPEN SELL ORDERS                            |
+========================================================================+
|  Count                                                                0|
|                                                                        |
|  No open sell orders.                                                  |
|                                                                        |
+========================================================================+

+========================================================================+
|                              PREP SUMMARY                              |
+========================================================================+
|  Saved                                                              yes|
|  Exit candidates                                                      0|
|  Signal candidates                                                   30|
|  Universe scanned                                                   900|
+========================================================================+
