Layout: controlled:100:c000_s173_w1_0928_1005_r1
Trial layout: /home/runner/work/TradingBot/TradingBot/logs/options_trial
Docs:         skipped (local docs unavailable on this runner)
Buckets:      100
=== options_morning_bot (PAPER) 2026-07-13T15:50:12.227851-04:00 ===

[Run context]
Paper auth OK — equity $130604.33, account PA36KS87UPRS

[Setup]
Active buckets: 100 | Strategies: S173, S174, S165, S166, S163
  EXIT [b69|c069_s165_w2_1005_1045_r4|S165] EOD MARKET SELL 1 INTC260715C00113000 return=-47.0%
  EXIT [b40|c040_s173_w1_0928_1005_r3|S173] EOD MARKET SELL 1 SMCI260717C00029000 return=-25.7%
  EXIT [b70|c070_s165_w3_1045_1120_r4|S165] EOD MARKET SELL 1 HL260717C00015000 return=-20.1%

[Manage only]
Past entry window; manage/exit only.

[Portfolio snapshot]
+========================================================================+
|  OPTIONS BOT SUMMARY                                                   |
+------------------------------------------------------------------------+
|  Mode                          manage-only                             |
|  Equity                        $130,604.33                             |
|  Signals this run              0                                       |
|  Orders submitted (session)    44                                      |
|  Orders filled today (ledger)  68                                      |
|  Entries placed this run       0                                       |
|  Open virtual lots             56                                      |
|  Broker option positions       6                                       |
|  Pending orders                0                                       |
+========================================================================+
+========================================================================+
|  BUCKET LEADERBOARD                                                    |
+------------------------------------------------------------------------+
|  All-time  trades=192  buckets=58  win=52%                             |
|  Returns   avg=+12.2%  med=+5.6%  p10=-84.4%  p90=+68.2%               |
|  Realized  $+6,049.58                                                  |
|  Today     trades=52  avg=+22.1%  med=-44.8%  real=$-826.00            |
+------------------------------------------------------------------------+
|  BKT PROFILE               N  WIN  AVG%   MED%   BEST%  REAL$          |
+------------------------------------------------------------------------+
|  b62  c062_s173_w3_1045_  3  67% +713.3 +1100.0 +1100.0 $   +107       |
|  b60  c060_s173_w1_0928_  3  67% +44.3 +78.8 +96.7 $    +41            |
|  b58  c058_s163_w3_1045_  1 100% +59.1 +59.1 +59.1 $    +25            |
|  b73  c073_s166_w2_1005_  1 100% +55.6 +55.6 +55.6 $    +36            |
|  b40  c040_s173_w1_0928_  3  67% +37.8 +54.3 +83.3 $    +30            |
|  b20  c020_s173_w1_0928_  1 100% +54.3 +54.3 +54.3 $    +19            |
|  b92  c092_s166_w1_0928_  2 100% +53.6 +53.6 +70.8 $    +95            |
|  b93  c093_s166_w2_1005_  2 100% +53.6 +53.6 +70.8 $    +95            |
|  ... 50 more bucket(s) with exits                                      |
+------------------------------------------------------------------------+
|  Low  b64  c064_s174_w1_0928_  4  25% -61.4 -93.3 -93.3 $   -141       |
+========================================================================+
+========================================================================+
|  PENDING EXITS (6)                                                     |
+------------------------------------------------------------------------+
|  b85  S174 INTC260713C00114000 x1 stop_loss (-91.7%)                   |
|  b70  S165 INTC260713C00115000 x1 stop_loss (-98.3%)                   |
|  b42  S173 AMD260713C00560000 x1 stop_loss (-69.8%)                    |
|  b69  S165 INTC260715C00113000 x1 EOD                                  |
|  b40  S173 SMCI260717C00029000 x1 EOD                                  |
|  ... 1 more pending exit(s)                                            |
+========================================================================+
+========================================================================+
|  OPEN OPTIONS (6)                                                      |
+------------------------------------------------------------------------+
|  SYMBOL                      QTY    RET%        OPEN P&L               |
|------------------------------------------------------------------------|
|  INTC260713C00115000          29   -100.0%   $ -1,720.06               |
|  INTC260713C00114000           8   -100.0%   $   -575.47               |
|  AMD260713C00560000            7   -100.0%   $   -440.13               |
|  INTC260715C00113000           5    -45.2%   $   -128.00               |
|  SMCI260717C00029000           4    -25.7%   $    -65.00               |
|  HL260717C00015000             1    -18.6%   $    -12.33               |
+========================================================================+
Full detail: logs/options_trial/runs/2026-07-13.log
elapsed=5.6s reconcile=3.06s cancel=0.12s manage=2.04s
STATUS: options_morning_bot run complete (PAPER) elapsed=5.6s. run=#3785 https://github.com/28twagg-ops/TradingBot/actions/runs/29279653404
Wrote /home/runner/work/TradingBot/TradingBot/logs/options_trial/reports/2026-07-13_buckets.md
Wrote /home/runner/work/TradingBot/TradingBot/logs/options_trial/reports/2026-07-13_buckets.csv
Summary: 21 buckets closed trades, $-826.00 realized
Wrote /home/runner/work/TradingBot/TradingBot/logs/options_trial/reports/2026-07-13_strategy_selection.md
Wrote /home/runner/work/TradingBot/TradingBot/logs/options_trial/reports/2026-07-13_strategy_selection.csv
Summary: keep=0 watch=4 drop=1
