options_reconcile: state=/home/runner/work/TradingBot/TradingBot/logs/options_trial/_state/lab_state.json
  open_lots=16 pending_exits=0 paper_keys=yes dry_run=False
  alpaca open sell orders=0 positions=4
  zombies_flagged=16
  FLAG b221|S216|8a139b48 zombie age_min=906 notional=$50.00 occ=BA260731C00232500 action=no_broker_position
  FLAG b220|S216|5da5c165 zombie age_min=906 notional=$50.00 occ=BA260731C00232500 action=no_broker_position
  FLAG b189|S212|40497adf zombie age_min=906 notional=$67.00 occ=COST260731C01030000 action=no_broker_position
  FLAG b188|S212|93d3ab4a zombie age_min=906 notional=$67.00 occ=COST260731C01030000 action=no_broker_position
  FLAG b173|S210|9ad7b9ca zombie age_min=906 notional=$55.00 occ=KO260731C00091000 action=no_broker_position
  FLAG b172|S210|3de7e16e zombie age_min=906 notional=$55.00 occ=KO260731C00091000 action=no_broker_position
  FLAG b109|S202|a3842cb0 zombie age_min=906 notional=$32.00 occ=INTC260729C00093000 action=no_broker_position
  FLAG b108|S202|5336e9d8 zombie age_min=906 notional=$32.00 occ=INTC260729C00093000 action=no_broker_position
  FLAG b37|S167|1b4df5c9 zombie age_min=906 notional=$46.00 occ=AVGO260729C00400000 action=submitted:fd8b133c-9291-4300-90e7-82f29ca0a7bf
  FLAG b36|S167|e9b9ae58 zombie age_min=906 notional=$46.00 occ=AVGO260729C00400000 action=submitted:a46681c0-7085-4c8a-b123-5cac140dd65e
  FLAG b45|S168|b142f0b2 zombie age_min=906 notional=$62.00 occ=HPE260731C00047000 action=no_broker_position
  FLAG b44|S168|fc9e7309 zombie age_min=906 notional=$62.00 occ=HPE260731C00047000 action=no_broker_position
  FLAG b13|S164|464e8af6 zombie age_min=906 notional=$46.00 occ=AVGO260729C00400000 action=submitted:e2767fd6-7805-498d-ba0e-9b9649414b9b
  FLAG b12|S164|af04ce8f zombie age_min=906 notional=$46.00 occ=AVGO260729C00400000 action=submitted:9c4232be-8752-42eb-9063-fff7d337b0c4
  FLAG b21|S165|539eae61 zombie age_min=906 notional=$46.00 occ=AVGO260729C00400000 action=submitted:ed458b21-2673-4eec-8afa-1edbf648339b
  FLAG b20|S165|dd3ab16a zombie age_min=906 notional=$46.00 occ=AVGO260729C00400000 action=submitted:27b6617b-701f-4bb0-94c2-cd3d0f586569
options_reconcile: done
Layout: controlled:248:c000_s163_w1_0928_1005_r1 (layout changed controlled:100:c000_s173_w1_0928_1005_r1 -> controlled:248:c000_s163_w1_0928_1005_r1)
Trial layout: /home/runner/work/TradingBot/TradingBot/logs/options_trial
Docs:         skipped (local docs unavailable on this runner)
Buckets:      248
=== options_morning_bot (PAPER) 2026-07-28T11:06:24.183253-04:00 ===

[Run context]
Paper auth OK — equity $128117.21, account PA36KS87UPRS

[Setup]
Active buckets: 248 | Strategies: S165, S164, S168, S167, S166, S163, S169, S170, S171, S172, S175, S200, S201, S202, S203, S204, S205, S206, S207, S208, S209, S210, S211, S212, S213, S214, S215, S216, S217, S218, S219
Dropped (no new entries; ex-reflected P&L): S173, S174

[Scan + entries]
Scanning 903 symbols for [S165, S164, S168, S167, S166, S163, S169, S170, S171, S172, S175, S200, S201, S202, S203, S204, S205, S206, S207, S208, S209, S210, S211, S212, S213, S214, S215, S216, S217, S218, S219] …
Fetched daily bars for 903/903 symbols
Found 721 signal(s); top: ['S165:AMD', 'S165:APH', 'S165:AMAT', 'S165:ANET', 'S165:AVGO', 'S165:CARR', 'S165:CAT', 'S165:CNC']
Paper lab: $127761 broker equity -> 248 bucket(s) ($500 virtual each, unlimited paper)
